Java HotSpot(TM) 64-Bit Server VM (25.131-b11) for bsd-amd64 JRE (1.8.0_131-b11), built on Mar 15 2017 01:32:22 by "java_re" with gcc 4.2.1 (Based on Apple Inc. build 5658) (LLVM build 2336.11.00)
Memory: 4k page, physical 8388608k(113272k free)

/proc/meminfo:

CommandLine flags: -XX:InitialHeapSize=104857600 -XX:MaxHeapSize=104857600 -XX:MaxNewSize=34955264 -XX:MaxTenuringThreshold=6 -XX:NewSize=34955264 -XX:OldPLABSize=16 -XX:OldSize=69902336 -XX:+PrintGC -XX:+PrintGCDetails -XX:+PrintGCTimeStamps -XX:+UseCompressedClassPointers -XX:+UseCompressedOops -XX:+UseConcMarkSweepGC -XX:+UseParNewGC 
0.373: [GC (Allocation Failure) 0.373: [ParNew: 27328K->2562K(30720K), 0.0044525 secs] 27328K->2562K(99008K), 0.0045409 secs] [Times: user=0.01 sys=0.00, real=0.00 secs] 
0.516: [GC (Allocation Failure) 0.516: [ParNew: 29890K->2176K(30720K), 0.0076018 secs] 29890K->3894K(99008K), 0.0076812 secs] [Times: user=0.02 sys=0.00, real=0.01 secs] 
0.602: [GC (Allocation Failure) 0.602: [ParNew: 29504K->1554K(30720K), 0.0017511 secs] 31222K->3272K(99008K), 0.0018183 secs] [Times: user=0.00 sys=0.00, real=0.01 secs] 
0.673: [GC (Allocation Failure) 0.673: [ParNew: 28882K->2286K(30720K), 0.0020566 secs] 30600K->4004K(99008K), 0.0021247 secs] [Times: user=0.01 sys=0.00, real=0.00 secs] 
0.750: [GC (Allocation Failure) 0.751: [ParNew: 29614K->2127K(30720K), 0.0026275 secs] 31332K->4220K(99008K), 0.0026927 secs] [Times: user=0.01 sys=0.00, real=0.01 secs] 
0.829: [GC (Allocation Failure) 0.829: [ParNew: 29455K->2538K(30720K), 0.0031418 secs] 31548K->4632K(99008K), 0.0032062 secs] [Times: user=0.01 sys=0.00, real=0.00 secs] 
0.923: [GC (Allocation Failure) 0.923: [ParNew: 29866K->2344K(30720K), 0.0055468 secs] 31960K->5144K(99008K), 0.0056257 secs] [Times: user=0.01 sys=0.00, real=0.01 secs] 
1.020: [GC (Allocation Failure) 1.020: [ParNew: 29672K->2701K(30720K), 0.0031253 secs] 32472K->5871K(99008K), 0.0031934 secs] [Times: user=0.01 sys=0.00, real=0.01 secs] 
1.125: [GC (Allocation Failure) 1.125: [ParNew: 30029K->2448K(30720K), 0.0032760 secs] 33199K->6400K(99008K), 0.0033549 secs] [Times: user=0.01 sys=0.00, real=0.00 secs] 
1.214: [GC (Allocation Failure) 1.214: [ParNew: 29776K->2113K(30720K), 0.0027918 secs] 33728K->6628K(99008K), 0.0028624 secs] [Times: user=0.01 sys=0.00, real=0.00 secs] 
1.290: [GC (Allocation Failure) 1.290: [ParNew: 29441K->1401K(30720K), 0.0026375 secs] 33956K->6225K(99008K), 0.0027164 secs] [Times: user=0.01 sys=0.00, real=0.01 secs] 
1.295: [GC (CMS Initial Mark) [1 CMS-initial-mark: 4824K(68288K)] 8986K(99008K), 0.0014311 secs] [Times: user=0.00 sys=0.00, real=0.00 secs] 
1.296: [CMS-concurrent-mark-start]
1.306: [CMS-concurrent-mark: 0.010/0.010 secs] [Times: user=0.03 sys=0.00, real=0.01 secs] 
1.306: [CMS-concurrent-preclean-start]
1.307: [CMS-concurrent-preclean: 0.001/0.001 secs] [Times: user=0.01 sys=0.00, real=0.00 secs] 
1.307: [CMS-concurrent-abortable-preclean-start]
1.376: [GC (Allocation Failure) 1.376: [ParNew: 28729K->1599K(30720K), 0.0019291 secs] 33553K->6424K(99008K), 0.0019970 secs] [Times: user=0.01 sys=0.00, real=0.00 secs] 
1.515: [CMS-concurrent-abortable-preclean: 0.062/0.208 secs] [Times: user=0.74 sys=0.02, real=0.21 secs] 
1.515: [GC (CMS Final Remark) [YG occupancy: 23436 K (30720 K)]1.515: [Rescan (parallel) , 0.0038839 secs]1.519: [weak refs processing, 0.0000305 secs]1.519: [class unloading, 0.0032035 secs]1.522: [scrub symbol table, 0.0020962 secs]1.524: [scrub string table, 0.0001990 secs][1 CMS-remark: 4824K(68288K)] 28261K(99008K), 0.0098821 secs] [Times: user=0.02 sys=0.00, real=0.01 secs] 
1.525: [CMS-concurrent-sweep-start]
1.528: [CMS-concurrent-sweep: 0.003/0.003 secs] [Times: user=0.01 sys=0.00, real=0.00 secs] 
1.528: [CMS-concurrent-reset-start]
1.528: [CMS-concurrent-reset: 0.000/0.000 secs] [Times: user=0.00 sys=0.00, real=0.00 secs] 
1.568: [GC (Allocation Failure) 1.568: [ParNew: 28927K->3390K(30720K), 0.0029791 secs] 33575K->8051K(99008K), 0.0030482 secs] [Times: user=0.01 sys=0.00, real=0.00 secs] 
1.729: [GC (Allocation Failure) 1.729: [ParNew: 30718K->2880K(30720K), 0.0071355 secs] 35379K->9799K(99008K), 0.0072212 secs] [Times: user=0.02 sys=0.00, real=0.01 secs] 
1.891: [GC (Allocation Failure) 1.892: [ParNew: 30208K->1376K(30720K), 0.0026783 secs] 37127K->9076K(99008K), 0.0027486 secs] [Times: user=0.01 sys=0.00, real=0.01 secs] 
1.986: [GC (Allocation Failure) 1.986: [ParNew: 28704K->1515K(30720K), 0.0019174 secs] 36404K->9215K(99008K), 0.0019762 secs] [Times: user=0.00 sys=0.00, real=0.00 secs] 
2.141: [GC (Allocation Failure) 2.141: [ParNew: 28843K->2724K(30720K), 0.0028358 secs] 36543K->10424K(99008K), 0.0029038 secs] [Times: user=0.01 sys=0.00, real=0.01 secs] 
2.248: [GC (Allocation Failure) 2.248: [ParNew: 30052K->2879K(30720K), 0.0053152 secs] 37752K->11593K(99008K), 0.0053863 secs] [Times: user=0.01 sys=0.00, real=0.01 secs] 
2.427: [GC (Allocation Failure) 2.427: [ParNew: 30207K->3392K(30720K), 0.0054586 secs] 38921K->15502K(99008K), 0.0055298 secs] [Times: user=0.02 sys=0.00, real=0.01 secs] 
2.553: [GC (Allocation Failure) 2.554: [ParNew: 30720K->3239K(30720K), 0.0059614 secs] 42830K->18743K(99008K), 0.0060314 secs] [Times: user=0.02 sys=0.00, real=0.00 secs] 
2.653: [GC (Allocation Failure) 2.653: [ParNew: 30567K->1726K(30720K), 0.0027861 secs] 46071K->17231K(99008K), 0.0028599 secs] [Times: user=0.00 sys=0.00, real=0.00 secs] 
2.736: [GC (Allocation Failure) 2.736: [ParNew: 29054K->2386K(30720K), 0.0029665 secs] 44559K->17891K(99008K), 0.0030928 secs] [Times: user=0.01 sys=0.00, real=0.00 secs] 
2.832: [GC (Allocation Failure) 2.832: [ParNew: 29714K->2661K(30720K), 0.0044561 secs] 45219K->18944K(99008K), 0.0045287 secs] [Times: user=0.02 sys=0.00, real=0.01 secs] 
2.919: [GC (Allocation Failure) 2.919: [ParNew: 29989K->3391K(30720K), 0.0052655 secs] 46272K->20301K(99008K), 0.0053390 secs] [Times: user=0.01 sys=0.00, real=0.01 secs] 
3.017: [GC (Allocation Failure) 3.017: [ParNew: 30719K->3170K(30720K), 0.0062937 secs] 47629K->21295K(99008K), 0.0063580 secs] [Times: user=0.02 sys=0.00, real=0.01 secs] 
3.097: [GC (Allocation Failure) 3.097: [ParNew: 30498K->1590K(30720K), 0.0037266 secs] 48623K->20853K(99008K), 0.0037866 secs] [Times: user=0.02 sys=0.00, real=0.00 secs] 
3.221: [GC (Allocation Failure) 3.221: [ParNew: 28918K->1837K(30720K), 0.0026146 secs] 48181K->21100K(99008K), 0.0026752 secs] [Times: user=0.01 sys=0.00, real=0.01 secs] 
14.217: [GC (Allocation Failure) 14.218: [ParNew: 29159K->3391K(30720K), 0.0043199 secs] 48422K->22785K(99008K), 0.0055353 secs] [Times: user=0.01 sys=0.00, real=0.00 secs] 
14.494: [GC (Allocation Failure) 14.496: [ParNew: 30719K->3392K(30720K), 0.0124745 secs] 50113K->28837K(99008K), 0.0143927 secs] [Times: user=0.04 sys=0.01, real=0.01 secs] 
14.695: [GC (Allocation Failure) 14.695: [ParNew: 30720K->3392K(30720K), 0.0087849 secs] 56165K->32318K(99008K), 0.0088991 secs] [Times: user=0.03 sys=0.00, real=0.01 secs] 
14.900: [GC (Allocation Failure) 14.900: [ParNew: 30720K->2890K(30720K), 0.0045083 secs] 59646K->34371K(99008K), 0.0046265 secs] [Times: user=0.02 sys=0.00, real=0.01 secs] 
15.131: [GC (Allocation Failure) 15.131: [ParNew: 30218K->1901K(30720K), 0.0051523 secs] 61699K->33381K(99008K), 0.0052516 secs] [Times: user=0.01 sys=0.00, real=0.01 secs] 
15.342: [GC (Allocation Failure) 15.342: [ParNew: 29229K->1903K(30720K), 0.0040413 secs] 60709K->33383K(99008K), 0.0041640 secs] [Times: user=0.01 sys=0.00, real=0.01 secs] 
15.541: [GC (Allocation Failure) 15.541: [ParNew: 29231K->1762K(30720K), 0.0054763 secs] 60711K->33242K(99008K), 0.0056353 secs] [Times: user=0.01 sys=0.00, real=0.01 secs] 
15.746: [GC (Allocation Failure) 15.746: [ParNew: 29090K->2527K(30720K), 0.0069545 secs] 60570K->34007K(99008K), 0.0070523 secs] [Times: user=0.02 sys=0.00, real=0.01 secs] 
15.956: [GC (Allocation Failure) 15.956: [ParNew: 29855K->2061K(30720K), 0.0033793 secs] 61335K->33541K(99008K), 0.0034818 secs] [Times: user=0.01 sys=0.00, real=0.00 secs] 
16.159: [GC (Allocation Failure) 16.159: [ParNew: 29384K->1764K(30720K), 0.0044267 secs] 60865K->33958K(99008K), 0.0045412 secs] [Times: user=0.01 sys=0.00, real=0.01 secs] 
16.375: [GC (Allocation Failure) 16.375: [ParNew: 29092K->659K(30720K), 0.0033430 secs] 61286K->33216K(99008K), 0.0034883 secs] [Times: user=0.02 sys=0.01, real=0.00 secs] 
16.659: [GC (Allocation Failure) 16.659: [ParNew: 27987K->611K(30720K), 0.0037488 secs] 60544K->33178K(99008K), 0.0038530 secs] [Times: user=0.01 sys=0.00, real=0.01 secs] 
16.856: [GC (Allocation Failure) 16.856: [ParNew: 27938K->489K(30720K), 0.0031925 secs] 60505K->33080K(99008K), 0.0033186 secs] [Times: user=0.01 sys=0.00, real=0.00 secs] 
17.039: [GC (Allocation Failure) 17.039: [ParNew: 27817K->678K(30720K), 0.0051088 secs] 60408K->33278K(99008K), 0.0052004 secs] [Times: user=0.02 sys=0.00, real=0.01 secs] 
17.222: [GC (Allocation Failure) 17.222: [ParNew: 28006K->840K(30720K), 0.0061827 secs] 60606K->33456K(99008K), 0.0062874 secs] [Times: user=0.02 sys=0.00, real=0.01 secs] 
17.411: [GC (Allocation Failure) 17.411: [ParNew: 28168K->743K(30720K), 0.0031486 secs] 60784K->33363K(99008K), 0.0032400 secs] [Times: user=0.01 sys=0.00, real=0.01 secs] 
17.597: [GC (Allocation Failure) 17.597: [ParNew: 28067K->627K(30720K), 0.0043648 secs] 60687K->33357K(99008K), 0.0044890 secs] [Times: user=0.01 sys=0.00, real=0.00 secs] 
17.765: [GC (Allocation Failure) 17.765: [ParNew: 27949K->517K(30720K), 0.0054997 secs] 60678K->33262K(99008K), 0.0056022 secs] [Times: user=0.01 sys=0.00, real=0.00 secs] 
17.954: [GC (Allocation Failure) 17.954: [ParNew: 27845K->858K(30720K), 0.0054900 secs] 60590K->33611K(99008K), 0.0055910 secs] [Times: user=0.02 sys=0.00, real=0.00 secs] 
18.138: [GC (Allocation Failure) 18.138: [ParNew: 28186K->991K(30720K), 0.0030169 secs] 60939K->33755K(99008K), 0.0031238 secs] [Times: user=0.02 sys=0.00, real=0.00 secs] 
18.309: [GC (Allocation Failure) 18.309: [ParNew: 28319K->1012K(30720K), 0.0051582 secs] 61083K->33874K(99008K), 0.0052644 secs] [Times: user=0.02 sys=0.00, real=0.01 secs] 
18.548: [GC (Allocation Failure) 18.548: [ParNew: 28340K->1096K(30720K), 0.0053905 secs] 61202K->33971K(99008K), 0.0056901 secs] [Times: user=0.02 sys=0.00, real=0.01 secs] 
18.723: [GC (Allocation Failure) 18.723: [ParNew: 28424K->1211K(30720K), 0.0058869 secs] 61299K->34100K(99008K), 0.0060287 secs] [Times: user=0.02 sys=0.00, real=0.00 secs] 
18.907: [GC (Allocation Failure) 18.907: [ParNew: 28539K->1257K(30720K), 0.0049382 secs] 61428K->34155K(99008K), 0.0050775 secs] [Times: user=0.02 sys=0.00, real=0.00 secs] 
19.085: [GC (Allocation Failure) 19.085: [ParNew: 28585K->1364K(30720K), 0.0050275 secs] 61483K->34273K(99008K), 0.0051570 secs] [Times: user=0.01 sys=0.00, real=0.00 secs] 
19.303: [GC (Allocation Failure) 19.303: [ParNew: 28692K->929K(30720K), 0.0036822 secs] 61601K->33852K(99008K), 0.0037703 secs] [Times: user=0.01 sys=0.00, real=0.00 secs] 
19.480: [GC (Allocation Failure) 19.480: [ParNew: 28257K->959K(30720K), 0.0040451 secs] 61180K->33891K(99008K), 0.0041250 secs] [Times: user=0.01 sys=0.00, real=0.01 secs] 
19.654: [GC (Allocation Failure) 19.654: [ParNew: 28283K->1201K(30720K), 0.0027421 secs] 61215K->34141K(99008K), 0.0028243 secs] [Times: user=0.01 sys=0.00, real=0.00 secs] 
19.822: [GC (Allocation Failure) 19.822: [ParNew: 28529K->1039K(30720K), 0.0038725 secs] 61469K->33993K(99008K), 0.0039650 secs] [Times: user=0.01 sys=0.00, real=0.01 secs] 
20.004: [GC (Allocation Failure) 20.004: [ParNew: 28367K->1198K(30720K), 0.0040471 secs] 61321K->34163K(99008K), 0.0041355 secs] [Times: user=0.01 sys=0.00, real=0.00 secs] 
20.178: [GC (Allocation Failure) 20.178: [ParNew: 28526K->1195K(30720K), 0.0029642 secs] 61491K->34174K(99008K), 0.0030497 secs] [Times: user=0.01 sys=0.00, real=0.00 secs] 
20.344: [GC (Allocation Failure) 20.344: [ParNew: 28523K->888K(30720K), 0.0085535 secs] 61502K->33878K(99008K), 0.0087627 secs] [Times: user=0.02 sys=0.00, real=0.01 secs] 
20.518: [GC (Allocation Failure) 20.518: [ParNew: 28216K->1198K(30720K), 0.0053571 secs] 61206K->34199K(99008K), 0.0054517 secs] [Times: user=0.02 sys=0.01, real=0.01 secs] 
20.673: [GC (Allocation Failure) 20.673: [ParNew: 28526K->756K(30720K), 0.0035614 secs] 61527K->33765K(99008K), 0.0036637 secs] [Times: user=0.02 sys=0.01, real=0.01 secs] 
20.817: [GC (Allocation Failure) 20.817: [ParNew: 28084K->1037K(30720K), 0.0032410 secs] 61093K->34059K(99008K), 0.0033237 secs] [Times: user=0.01 sys=0.00, real=0.00 secs] 
21.007: [GC (Allocation Failure) 21.007: [ParNew: 28365K->1311K(30720K), 0.0027213 secs] 61387K->34341K(99008K), 0.0028086 secs] [Times: user=0.01 sys=0.00, real=0.00 secs] 
21.148: [GC (Allocation Failure) 21.148: [ParNew: 28636K->982K(30720K), 0.0046033 secs] 61667K->34024K(99008K), 0.0047107 secs] [Times: user=0.01 sys=0.00, real=0.01 secs] 
21.291: [GC (Allocation Failure) 21.291: [ParNew: 28303K->1040K(30720K), 0.0116552 secs] 61345K->34093K(99008K), 0.0117748 secs] [Times: user=0.02 sys=0.00, real=0.01 secs] 
21.440: [GC (Allocation Failure) 21.440: [ParNew: 28368K->1008K(30720K), 0.0040831 secs] 61421K->34075K(99008K), 0.0042073 secs] [Times: user=0.02 sys=0.00, real=0.01 secs] 
21.589: [GC (Allocation Failure) 21.589: [ParNew: 28336K->2572K(30720K), 0.0045253 secs] 61403K->35647K(99008K), 0.0046663 secs] [Times: user=0.02 sys=0.00, real=0.01 secs] 
21.722: [GC (Allocation Failure) 21.722: [ParNew: 29900K->1646K(30720K), 0.0091400 secs] 62975K->36291K(99008K), 0.0092407 secs] [Times: user=0.02 sys=0.00, real=0.01 secs] 
21.871: [GC (Allocation Failure) 21.871: [ParNew: 28974K->1157K(30720K), 0.0077205 secs] 63619K->35801K(99008K), 0.0078293 secs] [Times: user=0.02 sys=0.00, real=0.01 secs] 
22.022: [GC (Allocation Failure) 22.022: [ParNew: 28485K->1216K(30720K), 0.0053351 secs] 63129K->35860K(99008K), 0.0054298 secs] [Times: user=0.02 sys=0.00, real=0.01 secs] 
22.155: [GC (Allocation Failure) 22.155: [ParNew: 28544K->933K(30720K), 0.0044777 secs] 63188K->35577K(99008K), 0.0045728 secs] [Times: user=0.01 sys=0.00, real=0.00 secs] 
22.285: [GC (Allocation Failure) 22.285: [ParNew: 28260K->760K(30720K), 0.0032814 secs] 62904K->35404K(99008K), 0.0033781 secs] [Times: user=0.01 sys=0.00, real=0.00 secs] 
22.424: [GC (Allocation Failure) 22.424: [ParNew: 28088K->1024K(30720K), 0.0052155 secs] 62732K->35668K(99008K), 0.0053128 secs] [Times: user=0.01 sys=0.00, real=0.00 secs] 
22.552: [GC (Allocation Failure) 22.552: [ParNew: 28351K->912K(30720K), 0.0039378 secs] 62996K->35584K(99008K), 0.0040476 secs] [Times: user=0.01 sys=0.00, real=0.01 secs] 
22.688: [GC (Allocation Failure) 22.688: [ParNew: 28239K->862K(30720K), 0.0040803 secs] 62911K->35551K(99008K), 0.0042025 secs] [Times: user=0.01 sys=0.00, real=0.00 secs] 
22.808: [GC (Allocation Failure) 22.808: [ParNew: 28190K->1040K(30720K), 0.0028149 secs] 62879K->35743K(99008K), 0.0029033 secs] [Times: user=0.01 sys=0.00, real=0.00 secs] 
22.931: [GC (Allocation Failure) 22.931: [ParNew: 28368K->1182K(30720K), 0.0044664 secs] 63071K->35990K(99008K), 0.0045699 secs] [Times: user=0.01 sys=0.00, real=0.01 secs] 
23.058: [GC (Allocation Failure) 23.058: [ParNew: 28510K->1047K(30720K), 0.0029475 secs] 63318K->35937K(99008K), 0.0030368 secs] [Times: user=0.01 sys=0.00, real=0.00 secs] 
23.181: [GC (Allocation Failure) 23.181: [ParNew: 28375K->749K(30720K), 0.0035726 secs] 63265K->35648K(99008K), 0.0036570 secs] [Times: user=0.01 sys=0.00, real=0.01 secs] 
23.305: [GC (Allocation Failure) 23.305: [ParNew: 28077K->513K(30720K), 0.0044652 secs] 62976K->35421K(99008K), 0.0045565 secs] [Times: user=0.01 sys=0.00, real=0.00 secs] 
23.420: [GC (Allocation Failure) 23.420: [ParNew: 27841K->711K(30720K), 0.0033232 secs] 62749K->35627K(99008K), 0.0034293 secs] [Times: user=0.01 sys=0.00, real=0.01 secs] 
23.544: [GC (Allocation Failure) 23.544: [ParNew: 28039K->814K(30720K), 0.0049230 secs] 62955K->35736K(99008K), 0.0050455 secs] [Times: user=0.02 sys=0.00, real=0.00 secs] 
23.663: [GC (Allocation Failure) 23.663: [ParNew: 28142K->392K(30720K), 0.0056418 secs] 63064K->35320K(99008K), 0.0057333 secs] [Times: user=0.01 sys=0.00, real=0.01 secs] 
23.790: [GC (Allocation Failure) 23.790: [ParNew: 27720K->217K(30720K), 0.0024910 secs] 62648K->35151K(99008K), 0.0026105 secs] [Times: user=0.01 sys=0.00, real=0.01 secs] 
23.896: [GC (Allocation Failure) 23.896: [ParNew: 27545K->228K(30720K), 0.0023930 secs] 62479K->35178K(99008K), 0.0025386 secs] [Times: user=0.01 sys=0.00, real=0.00 secs] 
24.004: [GC (Allocation Failure) 24.004: [ParNew: 27549K->413K(30720K), 0.0021755 secs] 62499K->35380K(99008K), 0.0022545 secs] [Times: user=0.00 sys=0.00, real=0.00 secs] 
24.106: [GC (Allocation Failure) 24.106: [ParNew: 27741K->503K(30720K), 0.0023238 secs] 62708K->35490K(99008K), 0.0024019 secs] [Times: user=0.01 sys=0.00, real=0.00 secs] 
24.212: [GC (Allocation Failure) 24.212: [ParNew: 27831K->568K(30720K), 0.0026732 secs] 62818K->35574K(99008K), 0.0027556 secs] [Times: user=0.01 sys=0.00, real=0.01 secs] 
24.321: [GC (Allocation Failure) 24.321: [ParNew: 27896K->779K(30720K), 0.0038280 secs] 62902K->35796K(99008K), 0.0039100 secs] [Times: user=0.01 sys=0.00, real=0.01 secs] 
24.441: [GC (Allocation Failure) 24.441: [ParNew: 28107K->759K(30720K), 0.0029514 secs] 63124K->35791K(99008K), 0.0030706 secs] [Times: user=0.01 sys=0.00, real=0.01 secs] 
24.571: [GC (Allocation Failure) 24.571: [ParNew: 28087K->632K(30720K), 0.0023068 secs] 63119K->35675K(99008K), 0.0023895 secs] [Times: user=0.01 sys=0.00, real=0.01 secs] 
24.670: [GC (Allocation Failure) 24.670: [ParNew: 27960K->719K(30720K), 0.0032421 secs] 63003K->35841K(99008K), 0.0033300 secs] [Times: user=0.01 sys=0.00, real=0.01 secs] 
24.768: [GC (Allocation Failure) 24.768: [ParNew: 28047K->750K(30720K), 0.0025753 secs] 63169K->35977K(99008K), 0.0026625 secs] [Times: user=0.01 sys=0.00, real=0.00 secs] 
24.860: [GC (Allocation Failure) 24.860: [ParNew: 28074K->478K(30720K), 0.0020360 secs] 63302K->35807K(99008K), 0.0021151 secs] [Times: user=0.01 sys=0.00, real=0.00 secs] 
24.948: [GC (Allocation Failure) 24.948: [ParNew: 27806K->308K(30720K), 0.0023727 secs] 63135K->35713K(99008K), 0.0024892 secs] [Times: user=0.00 sys=0.00, real=0.00 secs] 
25.058: [GC (Allocation Failure) 25.058: [ParNew: 27631K->383K(30720K), 0.0024897 secs] 63036K->35812K(99008K), 0.0025713 secs] [Times: user=0.00 sys=0.00, real=0.00 secs] 
25.162: [GC (Allocation Failure) 25.162: [ParNew: 27711K->263K(30720K), 0.0033280 secs] 63140K->35703K(99008K), 0.0034179 secs] [Times: user=0.01 sys=0.00, real=0.01 secs] 
25.253: [GC (Allocation Failure) 25.253: [ParNew: 27591K->144K(30720K), 0.0029872 secs] 63031K->35591K(99008K), 0.0030926 secs] [Times: user=0.01 sys=0.00, real=0.00 secs] 
25.339: [GC (Allocation Failure) 25.339: [ParNew: 27472K->172K(30720K), 0.0047029 secs] 62919K->35625K(99008K), 0.0048220 secs] [Times: user=0.02 sys=0.00, real=0.01 secs] 
25.433: [GC (Allocation Failure) 25.433: [ParNew: 27500K->159K(30720K), 0.0021122 secs] 62953K->35625K(99008K), 0.0021928 secs] [Times: user=0.01 sys=0.00, real=0.00 secs] 
25.536: [GC (Allocation Failure) 25.536: [ParNew: 27486K->201K(30720K), 0.0022005 secs] 62952K->35674K(99008K), 0.0023110 secs] [Times: user=0.01 sys=0.00, real=0.00 secs] 
25.622: [GC (Allocation Failure) 25.622: [ParNew: 27529K->156K(30720K), 0.0021445 secs] 63002K->35645K(99008K), 0.0022409 secs] [Times: user=0.00 sys=0.00, real=0.01 secs] 
25.713: [GC (Allocation Failure) 25.713: [ParNew: 27484K->180K(30720K), 0.0020872 secs] 62973K->35680K(99008K), 0.0021636 secs] [Times: user=0.00 sys=0.00, real=0.00 secs] 
25.793: [GC (Allocation Failure) 25.793: [ParNew: 27508K->195K(30720K), 0.0098666 secs] 63008K->35708K(99008K), 0.0099868 secs] [Times: user=0.02 sys=0.00, real=0.01 secs] 
25.890: [GC (Allocation Failure) 25.890: [ParNew: 27523K->237K(30720K), 0.0025134 secs] 63036K->35755K(99008K), 0.0026360 secs] [Times: user=0.01 sys=0.00, real=0.00 secs] 
25.980: [GC (Allocation Failure) 25.980: [ParNew: 27565K->209K(30720K), 0.0028289 secs] 63083K->35739K(99008K), 0.0029500 secs] [Times: user=0.02 sys=0.00, real=0.01 secs] 
26.069: [GC (Allocation Failure) 26.069: [ParNew: 27537K->191K(30720K), 0.0020889 secs] 63067K->35737K(99008K), 0.0021683 secs] [Times: user=0.01 sys=0.00, real=0.00 secs] 
26.148: [GC (Allocation Failure) 26.148: [ParNew: 27519K->156K(30720K), 0.0021815 secs] 63065K->35715K(99008K), 0.0023286 secs] [Times: user=0.01 sys=0.00, real=0.00 secs] 
26.218: [GC (Allocation Failure) 26.218: [ParNew: 27484K->166K(30720K), 0.0025257 secs] 63043K->35732K(99008K), 0.0026441 secs] [Times: user=0.01 sys=0.00, real=0.00 secs] 
26.298: [GC (Allocation Failure) 26.299: [ParNew: 27494K->215K(30720K), 0.0022887 secs] 63060K->35796K(99008K), 0.0024947 secs] [Times: user=0.01 sys=0.00, real=0.00 secs] 
26.366: [GC (Allocation Failure) 26.366: [ParNew: 27543K->199K(30720K), 0.0020628 secs] 63124K->35786K(99008K), 0.0021410 secs] [Times: user=0.01 sys=0.00, real=0.00 secs] 
26.451: [GC (Allocation Failure) 26.451: [ParNew: 27527K->183K(30720K), 0.0024862 secs] 63114K->35799K(99008K), 0.0025795 secs] [Times: user=0.01 sys=0.00, real=0.01 secs] 
26.514: [GC (Allocation Failure) 26.514: [ParNew: 27508K->172K(30720K), 0.0048356 secs] 63124K->35807K(99008K), 0.0049779 secs] [Times: user=0.02 sys=0.00, real=0.00 secs] 
26.581: [GC (Allocation Failure) 26.581: [ParNew: 27500K->159K(30720K), 0.0033612 secs] 63135K->35800K(99008K), 0.0036602 secs] [Times: user=0.01 sys=0.00, real=0.01 secs] 
26.646: [GC (Allocation Failure) 26.646: [ParNew: 27487K->207K(30720K), 0.0048981 secs] 63128K->35865K(99008K), 0.0050284 secs] [Times: user=0.02 sys=0.00, real=0.00 secs] 
26.707: [GC (Allocation Failure) 26.707: [ParNew: 27535K->158K(30720K), 0.0024096 secs] 63193K->35827K(99008K), 0.0025189 secs] [Times: user=0.01 sys=0.00, real=0.00 secs] 
26.757: [GC (Allocation Failure) 26.757: [ParNew: 27486K->127K(30720K), 0.0035377 secs] 63155K->35807K(99008K), 0.0036274 secs] [Times: user=0.01 sys=0.00, real=0.00 secs] 
26.812: [GC (Allocation Failure) 26.812: [ParNew: 27455K->145K(30720K), 0.0020142 secs] 63135K->35838K(99008K), 0.0021058 secs] [Times: user=0.01 sys=0.00, real=0.01 secs] 
26.862: [GC (Allocation Failure) 26.862: [ParNew: 27473K->161K(30720K), 0.0019260 secs] 63166K->35863K(99008K), 0.0020031 secs] [Times: user=0.01 sys=0.00, real=0.01 secs] 
26.912: [GC (Allocation Failure) 26.912: [ParNew: 27489K->189K(30720K), 0.0030629 secs] 63191K->35905K(99008K), 0.0031625 secs] [Times: user=0.01 sys=0.00, real=0.01 secs] 
26.962: [GC (Allocation Failure) 26.962: [ParNew: 27517K->170K(30720K), 0.0024284 secs] 63233K->35896K(99008K), 0.0025060 secs] [Times: user=0.00 sys=0.00, real=0.01 secs] 
27.014: [GC (Allocation Failure) 27.014: [ParNew: 27498K->149K(30720K), 0.0030341 secs] 63224K->35888K(99008K), 0.0032178 secs] [Times: user=0.01 sys=0.00, real=0.00 secs] 
27.069: [GC (Allocation Failure) 27.069: [ParNew: 27477K->111K(30720K), 0.0028738 secs] 63216K->35861K(99008K), 0.0029578 secs] [Times: user=0.01 sys=0.00, real=0.00 secs] 
27.123: [GC (Allocation Failure) 27.123: [ParNew: 27439K->92K(30720K), 0.0042469 secs] 63189K->35860K(99008K), 0.0043372 secs] [Times: user=0.01 sys=0.00, real=0.00 secs] 
27.177: [GC (Allocation Failure) 27.177: [ParNew: 27420K->123K(30720K), 0.0022875 secs] 63188K->35900K(99008K), 0.0023878 secs] [Times: user=0.01 sys=0.00, real=0.00 secs] 
27.226: [GC (Allocation Failure) 27.226: [ParNew: 27451K->155K(30720K), 0.0024077 secs] 63228K->35940K(99008K), 0.0024940 secs] [Times: user=0.01 sys=0.00, real=0.00 secs] 
27.281: [GC (Allocation Failure) 27.282: [ParNew: 27483K->135K(30720K), 0.0032679 secs] 63268K->35929K(99008K), 0.0033697 secs] [Times: user=0.01 sys=0.00, real=0.01 secs] 
27.335: [GC (Allocation Failure) 27.335: [ParNew: 27463K->131K(30720K), 0.0111534 secs] 63257K->35936K(99008K), 0.0112656 secs] [Times: user=0.03 sys=0.00, real=0.01 secs] 
27.393: [GC (Allocation Failure) 27.393: [ParNew: 27459K->139K(30720K), 0.0032904 secs] 63264K->35957K(99008K), 0.0034015 secs] [Times: user=0.01 sys=0.00, real=0.00 secs] 
27.443: [GC (Allocation Failure) 27.443: [ParNew: 27467K->138K(30720K), 0.0029690 secs] 63285K->35968K(99008K), 0.0030870 secs] [Times: user=0.01 sys=0.00, real=0.00 secs] 
27.496: [GC (Allocation Failure) 27.496: [ParNew: 27466K->93K(30720K), 0.0056900 secs] 63296K->35932K(99008K), 0.0058109 secs] [Times: user=0.02 sys=0.00, real=0.00 secs] 
27.554: [GC (Allocation Failure) 27.554: [ParNew: 27421K->96K(30720K), 0.0038775 secs] 63260K->35950K(99008K), 0.0039847 secs] [Times: user=0.02 sys=0.00, real=0.00 secs] 
27.602: [GC (Allocation Failure) 27.602: [ParNew: 27424K->128K(30720K), 0.0029184 secs] 63278K->35996K(99008K), 0.0030236 secs] [Times: user=0.01 sys=0.00, real=0.01 secs] 
27.655: [GC (Allocation Failure) 27.655: [ParNew: 27456K->96K(30720K), 0.0031564 secs] 63324K->35979K(99008K), 0.0032515 secs] [Times: user=0.01 sys=0.00, real=0.00 secs] 
27.708: [GC (Allocation Failure) 27.708: [ParNew: 27424K->104K(30720K), 0.0023090 secs] 63307K->35998K(99008K), 0.0023896 secs] [Times: user=0.00 sys=0.00, real=0.00 secs] 
27.755: [GC (Allocation Failure) 27.755: [ParNew: 27432K->107K(30720K), 0.0032243 secs] 63326K->36008K(99008K), 0.0033076 secs] [Times: user=0.00 sys=0.00, real=0.00 secs] 
27.803: [GC (Allocation Failure) 27.803: [ParNew: 27435K->136K(30720K), 0.0026797 secs] 63336K->36048K(99008K), 0.0027844 secs] [Times: user=0.01 sys=0.00, real=0.00 secs] 
27.852: [GC (Allocation Failure) 27.852: [ParNew: 27464K->166K(30720K), 0.0033278 secs] 63376K->36086K(99008K), 0.0034202 secs] [Times: user=0.00 sys=0.00, real=0.01 secs] 
27.906: [GC (Allocation Failure) 27.906: [ParNew: 27494K->121K(30720K), 0.0035304 secs] 63414K->36049K(99008K), 0.0036208 secs] [Times: user=0.01 sys=0.00, real=0.00 secs] 
27.960: [GC (Allocation Failure) 27.960: [ParNew: 27449K->85K(30720K), 0.0043452 secs] 63377K->36029K(99008K), 0.0044323 secs] [Times: user=0.01 sys=0.00, real=0.01 secs] 
28.017: [GC (Allocation Failure) 28.017: [ParNew: 27413K->103K(30720K), 0.0051622 secs] 63357K->36055K(99008K), 0.0052608 secs] [Times: user=0.01 sys=0.00, real=0.00 secs] 
28.080: [GC (Allocation Failure) 28.080: [ParNew: 27431K->154K(30720K), 0.0029877 secs] 63383K->36121K(99008K), 0.0031015 secs] [Times: user=0.01 sys=0.00, real=0.01 secs] 
28.129: [GC (Allocation Failure) 28.129: [ParNew: 27482K->138K(30720K), 0.0026448 secs] 63449K->36119K(99008K), 0.0027280 secs] [Times: user=0.01 sys=0.00, real=0.00 secs] 
28.177: [GC (Allocation Failure) 28.177: [ParNew: 27466K->118K(30720K), 0.0025765 secs] 63447K->36112K(99008K), 0.0026780 secs] [Times: user=0.01 sys=0.00, real=0.00 secs] 
28.225: [GC (Allocation Failure) 28.225: [ParNew: 27446K->151K(30720K), 0.0036449 secs] 63440K->36160K(99008K), 0.0037499 secs] [Times: user=0.01 sys=0.00, real=0.00 secs] 
28.274: [GC (Allocation Failure) 28.274: [ParNew: 27479K->124K(30720K), 0.0031640 secs] 63488K->36141K(99008K), 0.0032585 secs] [Times: user=0.01 sys=0.00, real=0.00 secs] 
28.325: [GC (Allocation Failure) 28.325: [ParNew: 27452K->125K(30720K), 0.0027924 secs] 63469K->36149K(99008K), 0.0028937 secs] [Times: user=0.01 sys=0.00, real=0.00 secs] 
28.373: [GC (Allocation Failure) 28.373: [ParNew: 27453K->147K(30720K), 0.0040384 secs] 63477K->36184K(99008K), 0.0041519 secs] [Times: user=0.02 sys=0.00, real=0.00 secs] 
28.424: [GC (Allocation Failure) 28.424: [ParNew: 27475K->118K(30720K), 0.0035021 secs] 63512K->36164K(99008K), 0.0035870 secs] [Times: user=0.00 sys=0.00, real=0.00 secs] 
28.476: [GC (Allocation Failure) 28.476: [ParNew: 27446K->93K(30720K), 0.0037824 secs] 63492K->36153K(99008K), 0.0038966 secs] [Times: user=0.01 sys=0.00, real=0.00 secs] 
28.532: [GC (Allocation Failure) 28.532: [ParNew: 27416K->122K(30720K), 0.0027933 secs] 63476K->36190K(99008K), 0.0028809 secs] [Times: user=0.01 sys=0.00, real=0.01 secs] 
28.585: [GC (Allocation Failure) 28.585: [ParNew: 27450K->137K(30720K), 0.0026872 secs] 63518K->36219K(99008K), 0.0027949 secs] [Times: user=0.01 sys=0.00, real=0.00 secs] 
28.635: [GC (Allocation Failure) 28.635: [ParNew: 27465K->103K(30720K), 0.0020316 secs] 63547K->36201K(99008K), 0.0021344 secs] [Times: user=0.01 sys=0.00, real=0.00 secs] 
28.684: [GC (Allocation Failure) 28.684: [ParNew: 27431K->116K(30720K), 0.0021407 secs] 63529K->36225K(99008K), 0.0022474 secs] [Times: user=0.01 sys=0.00, real=0.00 secs] 
28.733: [GC (Allocation Failure) 28.733: [ParNew: 27444K->134K(30720K), 0.0038487 secs] 63553K->36255K(99008K), 0.0039527 secs] [Times: user=0.01 sys=0.00, real=0.00 secs] 
28.785: [GC (Allocation Failure) 28.785: [ParNew: 27462K->131K(30720K), 0.0036212 secs] 63583K->36263K(99008K), 0.0037540 secs] [Times: user=0.01 sys=0.00, real=0.00 secs] 
28.837: [GC (Allocation Failure) 28.838: [ParNew: 27458K->123K(30720K), 0.0024340 secs] 63589K->36264K(99008K), 0.0025625 secs] [Times: user=0.00 sys=0.00, real=0.00 secs] 
28.884: [GC (Allocation Failure) 28.884: [ParNew: 27451K->106K(30720K), 0.0034576 secs] 63592K->36254K(99008K), 0.0035597 secs] [Times: user=0.01 sys=0.00, real=0.00 secs] 
28.935: [GC (Allocation Failure) 28.935: [ParNew: 27434K->156K(30720K), 0.0032301 secs] 63582K->36317K(99008K), 0.0033480 secs] [Times: user=0.01 sys=0.00, real=0.00 secs] 
28.986: [GC (Allocation Failure) 28.986: [ParNew: 27484K->95K(30720K), 0.0037479 secs] 63645K->36268K(99008K), 0.0038662 secs] [Times: user=0.01 sys=0.00, real=0.00 secs] 
29.036: [GC (Allocation Failure) 29.036: [ParNew: 27423K->133K(30720K), 0.0099355 secs] 63596K->36320K(99008K), 0.0100675 secs] [Times: user=0.02 sys=0.00, real=0.01 secs] 
29.098: [GC (Allocation Failure) 29.098: [ParNew: 27461K->124K(30720K), 0.0029205 secs] 63648K->36321K(99008K), 0.0030327 secs] [Times: user=0.01 sys=0.00, real=0.00 secs] 
29.146: [GC (Allocation Failure) 29.147: [ParNew: 27452K->120K(30720K), 0.0033943 secs] 63649K->36335K(99008K), 0.0035079 secs] [Times: user=0.01 sys=0.00, real=0.00 secs] 
29.195: [GC (Allocation Failure) 29.195: [ParNew: 27448K->118K(30720K), 0.0044497 secs] 63663K->36347K(99008K), 0.0045628 secs] [Times: user=0.02 sys=0.00, real=0.00 secs] 
29.244: [GC (Allocation Failure) 29.244: [ParNew: 27446K->104K(30720K), 0.0049752 secs] 63675K->36341K(99008K), 0.0050949 secs] [Times: user=0.01 sys=0.00, real=0.00 secs] 
29.295: [GC (Allocation Failure) 29.295: [ParNew: 27432K->101K(30720K), 0.0036679 secs] 63669K->36350K(99008K), 0.0037819 secs] [Times: user=0.01 sys=0.00, real=0.00 secs] 
29.349: [GC (Allocation Failure) 29.349: [ParNew: 27429K->111K(30720K), 0.0023724 secs] 63678K->36368K(99008K), 0.0024467 secs] [Times: user=0.01 sys=0.00, real=0.00 secs] 
29.403: [GC (Allocation Failure) 29.403: [ParNew: 27439K->107K(30720K), 0.0042364 secs] 63696K->36375K(99008K), 0.0043320 secs] [Times: user=0.01 sys=0.00, real=0.01 secs] 
29.453: [GC (Allocation Failure) 29.453: [ParNew: 27435K->132K(30720K), 0.0030520 secs] 63703K->36410K(99008K), 0.0031388 secs] [Times: user=0.01 sys=0.00, real=0.00 secs] 
29.499: [GC (Allocation Failure) 29.499: [ParNew: 27460K->110K(30720K), 0.0034345 secs] 63738K->36400K(99008K), 0.0035423 secs] [Times: user=0.01 sys=0.00, real=0.00 secs] 
29.547: [GC (Allocation Failure) 29.547: [ParNew: 27438K->115K(30720K), 0.0041810 secs] 63728K->36421K(99008K), 0.0042970 secs] [Times: user=0.01 sys=0.00, real=0.00 secs] 
29.599: [GC (Allocation Failure) 29.600: [ParNew: 27443K->119K(30720K), 0.0033282 secs] 63749K->36437K(99008K), 0.0034464 secs] [Times: user=0.01 sys=0.00, real=0.01 secs] 
29.650: [GC (Allocation Failure) 29.650: [ParNew: 27447K->112K(30720K), 0.0036872 secs] 63765K->36442K(99008K), 0.0037985 secs] [Times: user=0.01 sys=0.00, real=0.01 secs] 
29.701: [GC (Allocation Failure) 29.701: [ParNew: 27440K->95K(30720K), 0.0036923 secs] 63770K->36440K(99008K), 0.0037987 secs] [Times: user=0.01 sys=0.01, real=0.01 secs] 
29.748: [GC (Allocation Failure) 29.748: [ParNew: 27423K->101K(30720K), 0.0036844 secs] 63768K->36457K(99008K), 0.0037636 secs] [Times: user=0.01 sys=0.00, real=0.00 secs] 
29.798: [GC (Allocation Failure) 29.798: [ParNew: 27429K->114K(30720K), 0.0027764 secs] 63785K->36479K(99008K), 0.0028557 secs] [Times: user=0.01 sys=0.00, real=0.00 secs] 
29.850: [GC (Allocation Failure) 29.850: [ParNew: 27442K->119K(30720K), 0.0028685 secs] 63807K->36490K(99008K), 0.0029607 secs] [Times: user=0.02 sys=0.00, real=0.00 secs] 
29.897: [GC (Allocation Failure) 29.897: [ParNew: 27447K->143K(30720K), 0.0018435 secs] 63818K->36524K(99008K), 0.0019176 secs] [Times: user=0.00 sys=0.00, real=0.00 secs] 
29.945: [GC (Allocation Failure) 29.945: [ParNew: 27471K->155K(30720K), 0.0025895 secs] 63852K->36551K(99008K), 0.0026813 secs] [Times: user=0.01 sys=0.00, real=0.00 secs] 
29.993: [GC (Allocation Failure) 29.993: [ParNew: 27483K->147K(30720K), 0.0043587 secs] 63879K->36552K(99008K), 0.0044842 secs] [Times: user=0.01 sys=0.00, real=0.00 secs] 
30.040: [GC (Allocation Failure) 30.040: [ParNew: 27475K->118K(30720K), 0.0051440 secs] 63880K->36536K(99008K), 0.0052352 secs] [Times: user=0.02 sys=0.00, real=0.01 secs] 
30.100: [GC (Allocation Failure) 30.101: [ParNew: 27446K->113K(30720K), 0.0025306 secs] 63864K->36542K(99008K), 0.0026226 secs] [Times: user=0.00 sys=0.00, real=0.01 secs] 
30.148: [GC (Allocation Failure) 30.148: [ParNew: 27441K->100K(30720K), 0.0043269 secs] 63870K->36543K(99008K), 0.0044074 secs] [Times: user=0.01 sys=0.00, real=0.00 secs] 
30.199: [GC (Allocation Failure) 30.199: [ParNew: 27428K->85K(30720K), 0.0040265 secs] 63871K->36544K(99008K), 0.0041225 secs] [Times: user=0.01 sys=0.00, real=0.01 secs] 
30.250: [GC (Allocation Failure) 30.250: [ParNew: 27413K->90K(30720K), 0.0023904 secs] 63872K->36559K(99008K), 0.0024688 secs] [Times: user=0.01 sys=0.00, real=0.01 secs] 
30.303: [GC (Allocation Failure) 30.303: [ParNew: 27418K->113K(30720K), 0.0032757 secs] 63887K->36592K(99008K), 0.0033720 secs] [Times: user=0.01 sys=0.00, real=0.00 secs] 
30.358: [GC (Allocation Failure) 30.358: [ParNew: 27441K->114K(30720K), 0.0025491 secs] 63920K->36605K(99008K), 0.0026454 secs] [Times: user=0.01 sys=0.00, real=0.00 secs] 
30.412: [GC (Allocation Failure) 30.412: [ParNew: 27442K->126K(30720K), 0.0032820 secs] 63933K->36624K(99008K), 0.0033596 secs] [Times: user=0.01 sys=0.00, real=0.01 secs] 
30.463: [GC (Allocation Failure) 30.463: [ParNew: 27454K->114K(30720K), 0.0048205 secs] 63952K->36625K(99008K), 0.0049070 secs] [Times: user=0.01 sys=0.00, real=0.00 secs] 
30.515: [GC (Allocation Failure) 30.515: [ParNew: 27442K->113K(30720K), 0.0029458 secs] 63953K->36631K(99008K), 0.0030251 secs] [Times: user=0.01 sys=0.00, real=0.00 secs] 
30.562: [GC (Allocation Failure) 30.562: [ParNew: 27441K->137K(30720K), 0.0027509 secs] 63959K->36672K(99008K), 0.0028320 secs] [Times: user=0.01 sys=0.00, real=0.01 secs] 
30.613: [GC (Allocation Failure) 30.613: [ParNew: 27465K->116K(30720K), 0.0031818 secs] 64000K->36665K(99008K), 0.0032857 secs] [Times: user=0.00 sys=0.00, real=0.00 secs] 
30.665: [GC (Allocation Failure) 30.665: [ParNew: 27444K->118K(30720K), 0.0028215 secs] 63993K->36677K(99008K), 0.0029198 secs] [Times: user=0.02 sys=0.00, real=0.00 secs] 
30.717: [GC (Allocation Failure) 30.717: [ParNew: 27446K->98K(30720K), 0.0031755 secs] 64005K->36670K(99008K), 0.0032613 secs] [Times: user=0.00 sys=0.01, real=0.00 secs] 
30.764: [GC (Allocation Failure) 30.764: [ParNew: 27426K->131K(30720K), 0.0019414 secs] 63998K->36716K(99008K), 0.0020354 secs] [Times: user=0.01 sys=0.00, real=0.00 secs] 
30.811: [GC (Allocation Failure) 30.811: [ParNew: 27459K->137K(30720K), 0.0025439 secs] 64044K->36731K(99008K), 0.0026291 secs] [Times: user=0.01 sys=0.00, real=0.01 secs] 
30.856: [GC (Allocation Failure) 30.856: [ParNew: 27465K->117K(30720K), 0.0027424 secs] 64059K->36719K(99008K), 0.0028218 secs] [Times: user=0.01 sys=0.00, real=0.00 secs] 
30.903: [GC (Allocation Failure) 30.903: [ParNew: 27445K->149K(30720K), 0.0025832 secs] 64047K->36763K(99008K), 0.0026644 secs] [Times: user=0.00 sys=0.00, real=0.01 secs] 
30.953: [GC (Allocation Failure) 30.953: [ParNew: 27477K->136K(30720K), 0.0030305 secs] 64091K->36761K(99008K), 0.0031096 secs] [Times: user=0.01 sys=0.00, real=0.00 secs] 
31.001: [GC (Allocation Failure) 31.001: [ParNew: 27464K->151K(30720K), 0.0030061 secs] 64089K->36784K(99008K), 0.0031172 secs] [Times: user=0.01 sys=0.00, real=0.01 secs] 
31.057: [GC (Allocation Failure) 31.057: [ParNew: 27479K->113K(30720K), 0.0047832 secs] 64112K->36756K(99008K), 0.0048633 secs] [Times: user=0.01 sys=0.00, real=0.00 secs] 
31.111: [GC (Allocation Failure) 31.111: [ParNew: 27441K->136K(30720K), 0.0029151 secs] 64084K->36798K(99008K), 0.0030010 secs] [Times: user=0.01 sys=0.00, real=0.01 secs] 
31.166: [GC (Allocation Failure) 31.166: [ParNew: 27464K->92K(30720K), 0.0040087 secs] 64126K->36767K(99008K), 0.0041106 secs] [Times: user=0.01 sys=0.00, real=0.00 secs] 
31.217: [GC (Allocation Failure) 31.217: [ParNew: 27420K->101K(30720K), 0.0040386 secs] 64095K->36783K(99008K), 0.0041284 secs] [Times: user=0.00 sys=0.00, real=0.00 secs] 
31.268: [GC (Allocation Failure) 31.268: [ParNew: 27429K->136K(30720K), 0.0019328 secs] 64111K->36832K(99008K), 0.0020345 secs] [Times: user=0.01 sys=0.00, real=0.00 secs] 
31.317: [GC (Allocation Failure) 31.317: [ParNew: 27464K->99K(30720K), 0.0020049 secs] 64160K->36805K(99008K), 0.0021004 secs] [Times: user=0.00 sys=0.00, real=0.00 secs] 
31.365: [GC (Allocation Failure) 31.365: [ParNew: 27427K->152K(30720K), 0.0045490 secs] 64133K->36870K(99008K), 0.0046457 secs] [Times: user=0.01 sys=0.00, real=0.00 secs] 
31.411: [GC (Allocation Failure) 31.411: [ParNew: 27480K->121K(30720K), 0.0035807 secs] 64198K->36849K(99008K), 0.0036668 secs] [Times: user=0.01 sys=0.00, real=0.01 secs] 
31.454: [GC (Allocation Failure) 31.454: [ParNew: 27449K->124K(30720K), 0.0042266 secs] 64177K->36859K(99008K), 0.0043199 secs] [Times: user=0.02 sys=0.00, real=0.00 secs] 
31.499: [GC (Allocation Failure) 31.499: [ParNew: 27447K->136K(30720K), 0.0035799 secs] 64182K->36879K(99008K), 0.0037052 secs] [Times: user=0.01 sys=0.00, real=0.01 secs] 
31.549: [GC (Allocation Failure) 31.549: [ParNew: 27464K->149K(30720K), 0.0025199 secs] 64207K->36905K(99008K), 0.0026307 secs] [Times: user=0.01 sys=0.00, real=0.00 secs] 
31.612: [GC (Allocation Failure) 31.612: [ParNew: 27477K->134K(30720K), 0.0043998 secs] 64233K->36911K(99008K), 0.0045225 secs] [Times: user=0.01 sys=0.00, real=0.01 secs] 
31.663: [GC (Allocation Failure) 31.664: [ParNew: 27462K->95K(30720K), 0.0052110 secs] 64239K->36883K(99008K), 0.0053108 secs] [Times: user=0.01 sys=0.00, real=0.00 secs] 
31.717: [GC (Allocation Failure) 31.717: [ParNew: 27423K->117K(30720K), 0.0035435 secs] 64211K->36917K(99008K), 0.0036279 secs] [Times: user=0.01 sys=0.00, real=0.00 secs] 
31.765: [GC (Allocation Failure) 31.765: [ParNew: 27445K->89K(30720K), 0.0037480 secs] 64245K->36898K(99008K), 0.0038449 secs] [Times: user=0.02 sys=0.00, real=0.00 secs] 
31.814: [GC (Allocation Failure) 31.814: [ParNew: 27417K->135K(30720K), 0.0030263 secs] 64226K->36960K(99008K), 0.0031310 secs] [Times: user=0.01 sys=0.00, real=0.00 secs] 
31.860: [GC (Allocation Failure) 31.860: [ParNew: 27463K->104K(30720K), 0.0034765 secs] 64288K->36943K(99008K), 0.0035583 secs] [Times: user=0.01 sys=0.00, real=0.01 secs] 
31.909: [GC (Allocation Failure) 31.909: [ParNew: 27432K->126K(30720K), 0.0022759 secs] 64271K->36975K(99008K), 0.0023580 secs] [Times: user=0.01 sys=0.00, real=0.00 secs] 
31.951: [GC (Allocation Failure) 31.951: [ParNew: 27454K->104K(30720K), 0.0047371 secs] 64303K->36960K(99008K), 0.0048203 secs] [Times: user=0.01 sys=0.00, real=0.01 secs] 
31.999: [GC (Allocation Failure) 31.999: [ParNew: 27432K->143K(30720K), 0.0038385 secs] 64288K->37010K(99008K), 0.0039166 secs] [Times: user=0.00 sys=0.00, real=0.01 secs] 
32.045: [GC (Allocation Failure) 32.045: [ParNew: 27471K->138K(30720K), 0.0031545 secs] 64338K->37015K(99008K), 0.0032548 secs] [Times: user=0.01 sys=0.00, real=0.00 secs] 
32.089: [GC (Allocation Failure) 32.089: [ParNew: 27466K->116K(30720K), 0.0031112 secs] 64343K->37009K(99008K), 0.0032073 secs] [Times: user=0.01 sys=0.00, real=0.00 secs] 
32.140: [GC (Allocation Failure) 32.140: [ParNew: 27444K->104K(30720K), 0.0038047 secs] 64337K->37013K(99008K), 0.0039180 secs] [Times: user=0.01 sys=0.00, real=0.01 secs] 
32.187: [GC (Allocation Failure) 32.187: [ParNew: 27432K->113K(30720K), 0.0035155 secs] 64341K->37035K(99008K), 0.0036119 secs] [Times: user=0.01 sys=0.00, real=0.00 secs] 
32.236: [GC (Allocation Failure) 32.236: [ParNew: 27440K->117K(30720K), 0.0042415 secs] 64362K->37047K(99008K), 0.0043253 secs] [Times: user=0.01 sys=0.00, real=0.00 secs] 
32.289: [GC (Allocation Failure) 32.289: [ParNew: 27445K->128K(30720K), 0.0035080 secs] 64375K->37067K(99008K), 0.0036135 secs] [Times: user=0.01 sys=0.00, real=0.01 secs] 
32.339: [GC (Allocation Failure) 32.339: [ParNew: 27456K->99K(30720K), 0.0043403 secs] 64395K->37054K(99008K), 0.0044764 secs] [Times: user=0.01 sys=0.00, real=0.01 secs] 
32.389: [GC (Allocation Failure) 32.389: [ParNew: 27427K->144K(30720K), 0.0031370 secs] 64382K->37107K(99008K), 0.0032339 secs] [Times: user=0.01 sys=0.00, real=0.00 secs] 
32.438: [GC (Allocation Failure) 32.439: [ParNew: 27472K->116K(30720K), 0.0046523 secs] 64435K->37090K(99008K), 0.0047618 secs] [Times: user=0.01 sys=0.00, real=0.01 secs] 
32.490: [GC (Allocation Failure) 32.490: [ParNew: 27442K->88K(30720K), 0.0047757 secs] 64416K->37069K(99008K), 0.0048610 secs] [Times: user=0.02 sys=0.00, real=0.01 secs] 
32.539: [GC (Allocation Failure) 32.539: [ParNew: 27416K->83K(30720K), 0.0054331 secs] 64397K->37076K(99008K), 0.0055296 secs] [Times: user=0.02 sys=0.00, real=0.01 secs] 
32.598: [GC (Allocation Failure) 32.598: [ParNew: 27411K->144K(30720K), 0.0033396 secs] 64404K->37153K(99008K), 0.0034256 secs] [Times: user=0.00 sys=0.00, real=0.00 secs] 
32.654: [GC (Allocation Failure) 32.654: [ParNew: 27472K->107K(30720K), 0.0023640 secs] 64481K->37134K(99008K), 0.0024611 secs] [Times: user=0.01 sys=0.00, real=0.00 secs] 
32.705: [GC (Allocation Failure) 32.705: [ParNew: 27435K->117K(30720K), 0.0031793 secs] 64462K->37152K(99008K), 0.0032670 secs] [Times: user=0.01 sys=0.00, real=0.00 secs] 
32.752: [GC (Allocation Failure) 32.752: [ParNew: 27445K->126K(30720K), 0.0044489 secs] 64480K->37171K(99008K), 0.0045348 secs] [Times: user=0.02 sys=0.00, real=0.01 secs] 
32.801: [GC (Allocation Failure) 32.801: [ParNew: 27454K->88K(30720K), 0.0044648 secs] 64499K->37146K(99008K), 0.0045615 secs] [Times: user=0.02 sys=0.00, real=0.01 secs] 
32.851: [GC (Allocation Failure) 32.851: [ParNew: 27416K->140K(30720K), 0.0040054 secs] 64474K->37207K(99008K), 0.0041075 secs] [Times: user=0.01 sys=0.00, real=0.01 secs] 
32.903: [GC (Allocation Failure) 32.903: [ParNew: 27468K->96K(30720K), 0.0044924 secs] 64535K->37176K(99008K), 0.0045733 secs] [Times: user=0.01 sys=0.00, real=0.00 secs] 
32.948: [GC (Allocation Failure) 32.948: [ParNew: 27424K->127K(30720K), 0.0028903 secs] 64504K->37219K(99008K), 0.0029876 secs] [Times: user=0.01 sys=0.00, real=0.00 secs] 
33.003: [GC (Allocation Failure) 33.003: [ParNew: 27455K->86K(30720K), 0.0046912 secs] 64547K->37187K(99008K), 0.0047692 secs] [Times: user=0.00 sys=0.00, real=0.00 secs] 
33.050: [GC (Allocation Failure) 33.050: [ParNew: 27414K->129K(30720K), 0.0027016 secs] 64515K->37240K(99008K), 0.0027950 secs] [Times: user=0.01 sys=0.00, real=0.01 secs] 
33.101: [GC (Allocation Failure) 33.101: [ParNew: 27457K->123K(30720K), 0.0054209 secs] 64568K->37251K(99008K), 0.0055247 secs] [Times: user=0.01 sys=0.00, real=0.01 secs] 
33.160: [GC (Allocation Failure) 33.160: [ParNew: 27451K->122K(30720K), 0.0026633 secs] 64579K->37263K(99008K), 0.0027674 secs] [Times: user=0.01 sys=0.00, real=0.01 secs] 
33.208: [GC (Allocation Failure) 33.208: [ParNew: 27450K->142K(30720K), 0.0020848 secs] 64591K->37297K(99008K), 0.0021814 secs] [Times: user=0.01 sys=0.01, real=0.00 secs] 
33.253: [GC (Allocation Failure) 33.253: [ParNew: 27470K->83K(30720K), 0.0032308 secs] 64625K->37247K(99008K), 0.0033116 secs] [Times: user=0.01 sys=0.00, real=0.00 secs] 
33.301: [GC (Allocation Failure) 33.301: [ParNew: 27411K->93K(30720K), 0.0027595 secs] 64575K->37270K(99008K), 0.0028570 secs] [Times: user=0.01 sys=0.00, real=0.01 secs] 
33.354: [GC (Allocation Failure) 33.354: [ParNew: 27421K->114K(30720K), 0.0034737 secs] 64598K->37299K(99008K), 0.0035821 secs] [Times: user=0.01 sys=0.00, real=0.00 secs] 
33.399: [GC (Allocation Failure) 33.399: [ParNew: 27442K->147K(30720K), 0.0035110 secs] 64627K->37345K(99008K), 0.0035957 secs] [Times: user=0.01 sys=0.00, real=0.01 secs] 
33.446: [GC (Allocation Failure) 33.446: [ParNew: 27475K->102K(30720K), 0.0032178 secs] 64673K->37308K(99008K), 0.0033126 secs] [Times: user=0.01 sys=0.00, real=0.00 secs] 
33.496: [GC (Allocation Failure) 33.496: [ParNew: 27430K->138K(30720K), 0.0035479 secs] 64636K->37352K(99008K), 0.0036557 secs] [Times: user=0.02 sys=0.00, real=0.00 secs] 
33.545: [GC (Allocation Failure) 33.545: [ParNew: 27466K->101K(30720K), 0.0025209 secs] 64680K->37329K(99008K), 0.0026013 secs] [Times: user=0.01 sys=0.00, real=0.00 secs] 
33.591: [GC (Allocation Failure) 33.591: [ParNew: 27429K->129K(30720K), 0.0035704 secs] 64657K->37373K(99008K), 0.0036804 secs] [Times: user=0.01 sys=0.00, real=0.01 secs] 
33.643: [GC (Allocation Failure) 33.643: [ParNew: 27457K->90K(30720K), 0.0046092 secs] 64701K->37350K(99008K), 0.0047297 secs] [Times: user=0.01 sys=0.00, real=0.00 secs] 
33.698: [GC (Allocation Failure) 33.698: [ParNew: 27418K->120K(30720K), 0.0036950 secs] 64678K->37391K(99008K), 0.0037954 secs] [Times: user=0.01 sys=0.00, real=0.00 secs] 
33.748: [GC (Allocation Failure) 33.748: [ParNew: 27448K->94K(30720K), 0.0034623 secs] 64719K->37373K(99008K), 0.0035581 secs] [Times: user=0.01 sys=0.00, real=0.00 secs] 
33.800: [GC (Allocation Failure) 33.800: [ParNew: 27422K->129K(30720K), 0.0030735 secs] 64701K->37416K(99008K), 0.0031568 secs] [Times: user=0.01 sys=0.00, real=0.01 secs] 
33.848: [GC (Allocation Failure) 33.848: [ParNew: 27457K->148K(30720K), 0.0024507 secs] 64744K->37448K(99008K), 0.0025454 secs] [Times: user=0.00 sys=0.00, real=0.00 secs] 
33.896: [GC (Allocation Failure) 33.896: [ParNew: 27476K->141K(30720K), 0.0035925 secs] 64776K->37449K(99008K), 0.0037011 secs] [Times: user=0.01 sys=0.00, real=0.00 secs] 
33.943: [GC (Allocation Failure) 33.943: [ParNew: 27469K->111K(30720K), 0.0037761 secs] 64777K->37432K(99008K), 0.0038853 secs] [Times: user=0.01 sys=0.00, real=0.00 secs] 
33.987: [GC (Allocation Failure) 33.987: [ParNew: 27439K->140K(30720K), 0.0031496 secs] 64760K->37471K(99008K), 0.0032561 secs] [Times: user=0.01 sys=0.00, real=0.00 secs] 
34.034: [GC (Allocation Failure) 34.034: [ParNew: 27468K->161K(30720K), 0.0026171 secs] 64799K->37510K(99008K), 0.0027146 secs] [Times: user=0.01 sys=0.00, real=0.00 secs] 
34.080: [GC (Allocation Failure) 34.080: [ParNew: 27489K->123K(30720K), 0.0043986 secs] 64838K->37483K(99008K), 0.0045077 secs] [Times: user=0.02 sys=0.00, real=0.01 secs] 
34.129: [GC (Allocation Failure) 34.129: [ParNew: 27451K->166K(30720K), 0.0029771 secs] 64811K->37539K(99008K), 0.0030808 secs] [Times: user=0.01 sys=0.00, real=0.00 secs] 
34.181: [GC (Allocation Failure) 34.181: [ParNew: 27494K->126K(30720K), 0.0036018 secs] 64867K->37509K(99008K), 0.0036927 secs] [Times: user=0.01 sys=0.00, real=0.01 secs] 
34.226: [GC (Allocation Failure) 34.226: [ParNew: 27454K->125K(30720K), 0.0026003 secs] 64837K->37530K(99008K), 0.0026976 secs] [Times: user=0.01 sys=0.00, real=0.00 secs] 
34.272: [GC (Allocation Failure) 34.272: [ParNew: 27453K->103K(30720K), 0.0024352 secs] 64858K->37515K(99008K), 0.0025164 secs] [Times: user=0.01 sys=0.00, real=0.01 secs] 
34.324: [GC (Allocation Failure) 34.324: [ParNew: 27431K->127K(30720K), 0.0028879 secs] 64843K->37553K(99008K), 0.0029848 secs] [Times: user=0.01 sys=0.00, real=0.00 secs] 
34.373: [GC (Allocation Failure) 34.373: [ParNew: 27455K->112K(30720K), 0.0049541 secs] 64881K->37548K(99008K), 0.0050392 secs] [Times: user=0.01 sys=0.00, real=0.00 secs] 
34.425: [GC (Allocation Failure) 34.425: [ParNew: 27440K->145K(30720K), 0.0023417 secs] 64876K->37592K(99008K), 0.0024392 secs] [Times: user=0.01 sys=0.00, real=0.00 secs] 
34.471: [GC (Allocation Failure) 34.471: [ParNew: 27473K->129K(30720K), 0.0026204 secs] 64920K->37586K(99008K), 0.0027143 secs] [Times: user=0.01 sys=0.00, real=0.01 secs] 
34.518: [GC (Allocation Failure) 34.518: [ParNew: 27457K->110K(30720K), 0.0032571 secs] 64914K->37586K(99008K), 0.0033771 secs] [Times: user=0.01 sys=0.00, real=0.00 secs] 
34.562: [GC (Allocation Failure) 34.563: [ParNew: 27438K->108K(30720K), 0.0037131 secs] 64914K->37596K(99008K), 0.0038312 secs] [Times: user=0.01 sys=0.00, real=0.01 secs] 
34.613: [GC (Allocation Failure) 34.613: [ParNew: 27436K->97K(30720K), 0.0026180 secs] 64924K->37603K(99008K), 0.0027141 secs] [Times: user=0.01 sys=0.00, real=0.00 secs] 
34.663: [GC (Allocation Failure) 34.663: [ParNew: 27422K->114K(30720K), 0.0025635 secs] 64928K->37626K(99008K), 0.0026571 secs] [Times: user=0.00 sys=0.00, real=0.00 secs] 
34.713: [GC (Allocation Failure) 34.713: [ParNew: 27442K->135K(30720K), 0.0018459 secs] 64954K->37658K(99008K), 0.0019305 secs] [Times: user=0.01 sys=0.00, real=0.00 secs] 
34.760: [GC (Allocation Failure) 34.760: [ParNew: 27463K->123K(30720K), 0.0026680 secs] 64986K->37654K(99008K), 0.0027572 secs] [Times: user=0.01 sys=0.00, real=0.01 secs] 
34.807: [GC (Allocation Failure) 34.807: [ParNew: 27451K->160K(30720K), 0.0021989 secs] 64982K->37706K(99008K), 0.0022836 secs] [Times: user=0.01 sys=0.00, real=0.00 secs] 
34.850: [GC (Allocation Failure) 34.850: [ParNew: 27488K->128K(30720K), 0.0025227 secs] 65034K->37682K(99008K), 0.0026238 secs] [Times: user=0.01 sys=0.00, real=0.00 secs] 
34.898: [GC (Allocation Failure) 34.898: [ParNew: 27456K->114K(30720K), 0.0027866 secs] 65010K->37678K(99008K), 0.0028751 secs] [Times: user=0.00 sys=0.00, real=0.00 secs] 
34.944: [GC (Allocation Failure) 34.944: [ParNew: 27442K->133K(30720K), 0.0028255 secs] 65006K->37714K(99008K), 0.0029235 secs] [Times: user=0.00 sys=0.00, real=0.00 secs] 
34.988: [GC (Allocation Failure) 34.988: [ParNew: 27461K->131K(30720K), 0.0027387 secs] 65042K->37727K(99008K), 0.0028480 secs] [Times: user=0.01 sys=0.00, real=0.00 secs] 
35.035: [GC (Allocation Failure) 35.036: [ParNew: 27459K->123K(30720K), 0.0024254 secs] 65055K->37732K(99008K), 0.0025526 secs] [Times: user=0.00 sys=0.00, real=0.00 secs] 
35.089: [GC (Allocation Failure) 35.089: [ParNew: 27448K->118K(30720K), 0.0023272 secs] 65058K->37735K(99008K), 0.0024456 secs] [Times: user=0.00 sys=0.00, real=0.00 secs] 
35.138: [GC (Allocation Failure) 35.138: [ParNew: 27446K->106K(30720K), 0.0036251 secs] 65063K->37735K(99008K), 0.0037342 secs] [Times: user=0.01 sys=0.00, real=0.00 secs] 
35.199: [GC (Allocation Failure) 35.200: [ParNew: 27434K->141K(30720K), 0.0030284 secs] 65063K->37783K(99008K), 0.0032600 secs] [Times: user=0.00 sys=0.00, real=0.01 secs] 
35.253: [GC (Allocation Failure) 35.253: [ParNew: 27469K->153K(30720K), 0.0032753 secs] 65111K->37806K(99008K), 0.0033754 secs] [Times: user=0.01 sys=0.00, real=0.00 secs] 
35.302: [GC (Allocation Failure) 35.302: [ParNew: 27481K->137K(30720K), 0.0030929 secs] 65134K->37797K(99008K), 0.0032002 secs] [Times: user=0.01 sys=0.00, real=0.01 secs] 
35.348: [GC (Allocation Failure) 35.348: [ParNew: 27465K->110K(30720K), 0.0040657 secs] 65125K->37782K(99008K), 0.0041654 secs] [Times: user=0.01 sys=0.00, real=0.01 secs] 
35.401: [GC (Allocation Failure) 35.401: [ParNew: 27438K->109K(30720K), 0.0022029 secs] 65110K->37793K(99008K), 0.0023040 secs] [Times: user=0.01 sys=0.00, real=0.01 secs] 
35.447: [GC (Allocation Failure) 35.447: [ParNew: 27437K->124K(30720K), 0.0025630 secs] 65121K->37824K(99008K), 0.0026861 secs] [Times: user=0.01 sys=0.00, real=0.00 secs] 
35.494: [GC (Allocation Failure) 35.494: [ParNew: 27452K->143K(30720K), 0.0047183 secs] 65152K->37858K(99008K), 0.0048265 secs] [Times: user=0.01 sys=0.00, real=0.00 secs] 
35.545: [GC (Allocation Failure) 35.545: [ParNew: 27471K->97K(30720K), 0.0037989 secs] 65186K->37820K(99008K), 0.0274485 secs] [Times: user=0.03 sys=0.01, real=0.03 secs] 
35.616: [GC (Allocation Failure) 35.616: [ParNew: 27425K->138K(30720K), 0.0020587 secs] 65148K->37878K(99008K), 0.0021415 secs] [Times: user=0.00 sys=0.00, real=0.00 secs] 
35.662: [GC (Allocation Failure) 35.662: [ParNew: 27466K->120K(30720K), 0.0021642 secs] 65206K->37867K(99008K), 0.0022499 secs] [Times: user=0.00 sys=0.00, real=0.01 secs] 
35.716: [GC (Allocation Failure) 35.716: [ParNew: 27448K->106K(30720K), 0.0023380 secs] 65195K->37865K(99008K), 0.0024191 secs] [Times: user=0.00 sys=0.00, real=0.00 secs] 
35.759: [GC (Allocation Failure) 35.759: [ParNew: 27434K->136K(30720K), 0.0030790 secs] 65193K->37907K(99008K), 0.0031596 secs] [Times: user=0.00 sys=0.00, real=0.00 secs] 
35.808: [GC (Allocation Failure) 35.808: [ParNew: 27464K->135K(30720K), 0.0019691 secs] 65235K->37919K(99008K), 0.0020494 secs] [Times: user=0.00 sys=0.00, real=0.00 secs] 
35.855: [GC (Allocation Failure) 35.855: [ParNew: 27463K->119K(30720K), 0.0018658 secs] 65247K->37912K(99008K), 0.0019397 secs] [Times: user=0.01 sys=0.00, real=0.00 secs] 
35.898: [GC (Allocation Failure) 35.899: [ParNew: 27447K->140K(30720K), 0.0024637 secs] 65240K->37945K(99008K), 0.0025443 secs] [Times: user=0.01 sys=0.00, real=0.00 secs] 
35.943: [GC (Allocation Failure) 35.943: [ParNew: 27468K->139K(30720K), 0.0021340 secs] 65273K->37958K(99008K), 0.0022103 secs] [Times: user=0.01 sys=0.00, real=0.00 secs] 
35.989: [GC (Allocation Failure) 35.989: [ParNew: 27467K->153K(30720K), 0.0021306 secs] 65286K->37985K(99008K), 0.0022190 secs] [Times: user=0.00 sys=0.00, real=0.00 secs] 
36.037: [GC (Allocation Failure) 36.037: [ParNew: 27481K->111K(30720K), 0.0027331 secs] 65313K->37958K(99008K), 0.0028269 secs] [Times: user=0.01 sys=0.00, real=0.00 secs] 
36.082: [GC (Allocation Failure) 36.083: [ParNew: 27439K->122K(30720K), 0.0024738 secs] 65286K->37977K(99008K), 0.0025624 secs] [Times: user=0.00 sys=0.00, real=0.01 secs] 
36.133: [GC (Allocation Failure) 36.133: [ParNew: 27450K->135K(30720K), 0.0024501 secs] 65305K->38001K(99008K), 0.0025645 secs] [Times: user=0.00 sys=0.00, real=0.00 secs] 
36.177: [GC (Allocation Failure) 36.177: [ParNew: 27463K->124K(30720K), 0.0027338 secs] 65329K->38003K(99008K), 0.0028079 secs] [Times: user=0.01 sys=0.00, real=0.00 secs] 
36.229: [GC (Allocation Failure) 36.229: [ParNew: 27452K->131K(30720K), 0.0026272 secs] 65331K->38025K(99008K), 0.0027328 secs] [Times: user=0.01 sys=0.00, real=0.00 secs] 
36.276: [GC (Allocation Failure) 36.276: [ParNew: 27459K->125K(30720K), 0.0018820 secs] 65353K->38030K(99008K), 0.0019736 secs] [Times: user=0.01 sys=0.00, real=0.00 secs] 
36.327: [GC (Allocation Failure) 36.327: [ParNew: 27453K->138K(30720K), 0.0027284 secs] 65358K->38049K(99008K), 0.0028244 secs] [Times: user=0.01 sys=0.00, real=0.00 secs] 
36.374: [GC (Allocation Failure) 36.374: [ParNew: 27466K->99K(30720K), 0.0022405 secs] 65377K->38026K(99008K), 0.0023361 secs] [Times: user=0.01 sys=0.00, real=0.00 secs] 
36.421: [GC (Allocation Failure) 36.421: [ParNew: 27427K->106K(30720K), 0.0027819 secs] 65354K->38045K(99008K), 0.0028793 secs] [Times: user=0.01 sys=0.00, real=0.01 secs] 
36.469: [GC (Allocation Failure) 36.469: [ParNew: 27434K->121K(30720K), 0.0026844 secs] 65373K->38072K(99008K), 0.0028161 secs] [Times: user=0.01 sys=0.00, real=0.00 secs] 
36.523: [GC (Allocation Failure) 36.523: [ParNew: 27449K->107K(30720K), 0.0061737 secs] 65400K->38075K(99008K), 0.0062854 secs] [Times: user=0.02 sys=0.00, real=0.00 secs] 
36.593: [GC (Allocation Failure) 36.593: [ParNew: 27435K->99K(30720K), 0.0025077 secs] 65403K->38075K(99008K), 0.0026194 secs] [Times: user=0.01 sys=0.00, real=0.00 secs] 
36.654: [GC (Allocation Failure) 36.654: [ParNew: 27426K->123K(30720K), 0.0057498 secs] 65402K->38111K(99008K), 0.0058770 secs] [Times: user=0.02 sys=0.01, real=0.00 secs] 
36.715: [GC (Allocation Failure) 36.715: [ParNew: 27451K->137K(30720K), 0.0021875 secs] 65439K->38139K(99008K), 0.0022787 secs] [Times: user=0.01 sys=0.00, real=0.00 secs] 
36.757: [GC (Allocation Failure) 36.757: [ParNew: 27465K->128K(30720K), 0.0030528 secs] 65467K->38141K(99008K), 0.0031313 secs] [Times: user=0.00 sys=0.00, real=0.00 secs] 
36.804: [GC (Allocation Failure) 36.804: [ParNew: 27456K->120K(30720K), 0.0020701 secs] 65469K->38146K(99008K), 0.0021566 secs] [Times: user=0.01 sys=0.00, real=0.00 secs] 
36.846: [GC (Allocation Failure) 36.846: [ParNew: 27448K->123K(30720K), 0.0031533 secs] 65474K->38160K(99008K), 0.0032707 secs] [Times: user=0.01 sys=0.00, real=0.00 secs] 
36.893: [GC (Allocation Failure) 36.893: [ParNew: 27451K->160K(30720K), 0.0029380 secs] 65488K->38209K(99008K), 0.0030442 secs] [Times: user=0.01 sys=0.00, real=0.00 secs] 
36.936: [GC (Allocation Failure) 36.936: [ParNew: 27488K->102K(30720K), 0.0029501 secs] 65537K->38160K(99008K), 0.0030582 secs] [Times: user=0.01 sys=0.00, real=0.00 secs] 
36.987: [GC (Allocation Failure) 36.987: [ParNew: 27430K->133K(30720K), 0.0032237 secs] 65488K->38210K(99008K), 0.0033292 secs] [Times: user=0.01 sys=0.01, real=0.00 secs] 
37.041: [GC (Allocation Failure) 37.041: [ParNew: 27461K->159K(30720K), 0.0022923 secs] 65538K->38245K(99008K), 0.0023892 secs] [Times: user=0.01 sys=0.00, real=0.01 secs] 
37.086: [GC (Allocation Failure) 37.086: [ParNew: 27487K->117K(30720K), 0.0040400 secs] 65573K->38215K(99008K), 0.0041464 secs] [Times: user=0.01 sys=0.00, real=0.00 secs] 
37.132: [GC (Allocation Failure) 37.132: [ParNew: 27445K->118K(30720K), 0.0036173 secs] 65543K->38227K(99008K), 0.0037032 secs] [Times: user=0.00 sys=0.00, real=0.01 secs] 
37.180: [GC (Allocation Failure) 37.180: [ParNew: 27446K->136K(30720K), 0.0027110 secs] 65555K->38262K(99008K), 0.0028126 secs] [Times: user=0.01 sys=0.00, real=0.00 secs] 
37.231: [GC (Allocation Failure) 37.231: [ParNew: 27464K->133K(30720K), 0.0026021 secs] 65590K->38267K(99008K), 0.0027209 secs] [Times: user=0.01 sys=0.00, real=0.01 secs] 
37.276: [GC (Allocation Failure) 37.276: [ParNew: 27461K->142K(30720K), 0.0033605 secs] 65595K->38288K(99008K), 0.0034618 secs] [Times: user=0.01 sys=0.00, real=0.00 secs] 
37.328: [GC (Allocation Failure) 37.328: [ParNew: 27470K->110K(30720K), 0.0029443 secs] 65616K->38270K(99008K), 0.0030340 secs] [Times: user=0.01 sys=0.00, real=0.00 secs] 
37.374: [GC (Allocation Failure) 37.374: [ParNew: 27438K->123K(30720K), 0.0038134 secs] 65598K->38294K(99008K), 0.0039256 secs] [Times: user=0.01 sys=0.00, real=0.00 secs] 
37.427: [GC (Allocation Failure) 37.427: [ParNew: 27451K->128K(30720K), 0.0034745 secs] 65622K->38309K(99008K), 0.0035655 secs] [Times: user=0.01 sys=0.00, real=0.00 secs] 
37.479: [GC (Allocation Failure) 37.479: [ParNew: 27456K->114K(30720K), 0.0034441 secs] 65637K->38310K(99008K), 0.0035349 secs] [Times: user=0.01 sys=0.00, real=0.00 secs] 
37.523: [GC (Allocation Failure) 37.523: [ParNew: 27442K->129K(30720K), 0.0026539 secs] 65638K->38334K(99008K), 0.0027389 secs] [Times: user=0.00 sys=0.00, real=0.00 secs] 
37.565: [GC (Allocation Failure) 37.565: [ParNew: 27457K->113K(30720K), 0.0053467 secs] 65662K->38334K(99008K), 0.0054314 secs] [Times: user=0.01 sys=0.00, real=0.00 secs] 
37.610: [GC (Allocation Failure) 37.610: [ParNew: 27441K->116K(30720K), 0.0024863 secs] 65662K->38350K(99008K), 0.0025647 secs] [Times: user=0.00 sys=0.00, real=0.00 secs] 
37.653: [GC (Allocation Failure) 37.653: [ParNew: 27444K->97K(30720K), 0.0027066 secs] 65678K->38344K(99008K), 0.0027854 secs] [Times: user=0.00 sys=0.00, real=0.00 secs] 
37.699: [GC (Allocation Failure) 37.699: [ParNew: 27425K->167K(30720K), 0.0030424 secs] 65672K->38426K(99008K), 0.0031405 secs] [Times: user=0.00 sys=0.00, real=0.00 secs] 
37.759: [GC (Allocation Failure) 37.759: [ParNew: 27495K->95K(30720K), 0.0033303 secs] 65754K->38362K(99008K), 0.0034206 secs] [Times: user=0.01 sys=0.00, real=0.00 secs] 
37.803: [GC (Allocation Failure) 37.803: [ParNew: 27423K->100K(30720K), 0.0032899 secs] 65690K->38381K(99008K), 0.0033908 secs] [Times: user=0.01 sys=0.01, real=0.00 secs] 
37.850: [GC (Allocation Failure) 37.850: [ParNew: 27428K->121K(30720K), 0.0018838 secs] 65709K->38412K(99008K), 0.0019817 secs] [Times: user=0.01 sys=0.00, real=0.00 secs] 
37.890: [GC (Allocation Failure) 37.890: [ParNew: 27449K->124K(30720K), 0.0031665 secs] 65740K->38429K(99008K), 0.0032507 secs] [Times: user=0.01 sys=0.00, real=0.01 secs] 
37.938: [GC (Allocation Failure) 37.938: [ParNew: 27452K->103K(30720K), 0.0026138 secs] 65757K->38419K(99008K), 0.0026973 secs] [Times: user=0.01 sys=0.00, real=0.00 secs] 
37.983: [GC (Allocation Failure) 37.984: [ParNew: 27431K->107K(30720K), 0.0031218 secs] 65747K->38434K(99008K), 0.0032028 secs] [Times: user=0.01 sys=0.00, real=0.00 secs] 
38.030: [GC (Allocation Failure) 38.030: [ParNew: 27435K->131K(30720K), 0.0022356 secs] 65762K->38475K(99008K), 0.0023397 secs] [Times: user=0.01 sys=0.00, real=0.01 secs] 
38.075: [GC (Allocation Failure) 38.075: [ParNew: 27459K->107K(30720K), 0.0025641 secs] 65803K->38460K(99008K), 0.0026405 secs] [Times: user=0.01 sys=0.00, real=0.00 secs] 
38.119: [GC (Allocation Failure) 38.119: [ParNew: 27435K->106K(30720K), 0.0025478 secs] 65788K->38472K(99008K), 0.0026437 secs] [Times: user=0.01 sys=0.00, real=0.00 secs] 
38.160: [GC (Allocation Failure) 38.160: [ParNew: 27434K->149K(30720K), 0.0021449 secs] 65800K->38527K(99008K), 0.0022255 secs] [Times: user=0.00 sys=0.00, real=0.00 secs] 
38.203: [GC (Allocation Failure) 38.203: [ParNew: 27474K->105K(30720K), 0.0023470 secs] 65852K->38492K(99008K), 0.0024260 secs] [Times: user=0.01 sys=0.00, real=0.00 secs] 
38.250: [GC (Allocation Failure) 38.250: [ParNew: 27433K->135K(30720K), 0.0018472 secs] 65820K->38536K(99008K), 0.0019299 secs] [Times: user=0.01 sys=0.01, real=0.00 secs] 
38.291: [GC (Allocation Failure) 38.291: [ParNew: 27463K->146K(30720K), 0.0019152 secs] 65864K->38560K(99008K), 0.0019920 secs] [Times: user=0.00 sys=0.00, real=0.01 secs] 
38.338: [GC (Allocation Failure) 38.338: [ParNew: 27474K->119K(30720K), 0.0018059 secs] 65888K->38545K(99008K), 0.0018873 secs] [Times: user=0.01 sys=0.00, real=0.00 secs] 
38.385: [GC (Allocation Failure) 38.385: [ParNew: 27447K->147K(30720K), 0.0025781 secs] 65873K->38584K(99008K), 0.0026631 secs] [Times: user=0.00 sys=0.00, real=0.00 secs] 
38.434: [GC (Allocation Failure) 38.434: [ParNew: 27475K->104K(30720K), 0.0031389 secs] 65912K->38553K(99008K), 0.0032409 secs] [Times: user=0.01 sys=0.00, real=0.00 secs] 
38.476: [GC (Allocation Failure) 38.476: [ParNew: 27432K->114K(30720K), 0.0034020 secs] 65881K->38577K(99008K), 0.0034919 secs] [Times: user=0.01 sys=0.00, real=0.00 secs] 
38.521: [GC (Allocation Failure) 38.522: [ParNew: 27442K->144K(30720K), 0.0034134 secs] 65905K->38620K(99008K), 0.0035156 secs] [Times: user=0.01 sys=0.00, real=0.01 secs] 
38.564: [GC (Allocation Failure) 38.564: [ParNew: 27472K->105K(30720K), 0.0030970 secs] 65948K->38594K(99008K), 0.0031943 secs] [Times: user=0.01 sys=0.00, real=0.00 secs] 
38.612: [GC (Allocation Failure) 38.612: [ParNew: 27433K->124K(30720K), 0.0025351 secs] 65922K->38622K(99008K), 0.0026275 secs] [Times: user=0.01 sys=0.00, real=0.01 secs] 
38.653: [GC (Allocation Failure) 38.653: [ParNew: 27452K->131K(30720K), 0.0027210 secs] 65950K->38644K(99008K), 0.0028088 secs] [Times: user=0.01 sys=0.00, real=0.00 secs] 
38.702: [GC (Allocation Failure) 38.702: [ParNew: 27459K->107K(30720K), 0.0047202 secs] 65972K->38631K(99008K), 0.0048163 secs] [Times: user=0.01 sys=0.00, real=0.01 secs] 
38.754: [GC (Allocation Failure) 38.754: [ParNew: 27435K->134K(30720K), 0.0022046 secs] 65959K->38670K(99008K), 0.0022881 secs] [Times: user=0.00 sys=0.00, real=0.00 secs] 
38.796: [GC (Allocation Failure) 38.796: [ParNew: 27462K->164K(30720K), 0.0030617 secs] 65998K->38712K(99008K), 0.0031768 secs] [Times: user=0.01 sys=0.00, real=0.00 secs] 
38.839: [GC (Allocation Failure) 38.839: [ParNew: 27492K->124K(30720K), 0.0031577 secs] 66040K->38683K(99008K), 0.0032551 secs] [Times: user=0.00 sys=0.00, real=0.00 secs] 
38.883: [GC (Allocation Failure) 38.883: [ParNew: 27452K->120K(30720K), 0.0028304 secs] 66011K->38692K(99008K), 0.0029122 secs] [Times: user=0.01 sys=0.00, real=0.00 secs] 
38.928: [GC (Allocation Failure) 38.929: [ParNew: 27448K->106K(30720K), 0.0029609 secs] 66020K->38692K(99008K), 0.0030422 secs] [Times: user=0.01 sys=0.00, real=0.00 secs] 
38.971: [GC (Allocation Failure) 38.971: [ParNew: 27434K->118K(30720K), 0.0035056 secs] 66020K->38718K(99008K), 0.0036016 secs] [Times: user=0.01 sys=0.00, real=0.01 secs] 
39.019: [GC (Allocation Failure) 39.019: [ParNew: 27446K->164K(30720K), 0.0020404 secs] 66046K->38770K(99008K), 0.0021316 secs] [Times: user=0.01 sys=0.00, real=0.00 secs] 
39.060: [GC (Allocation Failure) 39.060: [ParNew: 27492K->113K(30720K), 0.0018708 secs] 66098K->38734K(99008K), 0.0019674 secs] [Times: user=0.01 sys=0.00, real=0.00 secs] 
39.102: [GC (Allocation Failure) 39.102: [ParNew: 27441K->105K(30720K), 0.0022265 secs] 66062K->38740K(99008K), 0.0023312 secs] [Times: user=0.01 sys=0.00, real=0.01 secs] 
39.140: [GC (Allocation Failure) 39.140: [ParNew: 27433K->135K(30720K), 0.0036355 secs] 66068K->38783K(99008K), 0.0037503 secs] [Times: user=0.02 sys=0.00, real=0.01 secs] 
39.182: [GC (Allocation Failure) 39.182: [ParNew: 27463K->133K(30720K), 0.0017780 secs] 66111K->38789K(99008K), 0.0018561 secs] [Times: user=0.01 sys=0.00, real=0.01 secs] 
39.226: [GC (Allocation Failure) 39.226: [ParNew: 27461K->108K(30720K), 0.0048607 secs] 66117K->38776K(99008K), 0.0049408 secs] [Times: user=0.01 sys=0.00, real=0.00 secs] 
39.278: [GC (Allocation Failure) 39.278: [ParNew: 27436K->96K(30720K), 0.0043626 secs] 66104K->38777K(99008K), 0.0044641 secs] [Times: user=0.02 sys=0.00, real=0.00 secs] 
39.321: [GC (Allocation Failure) 39.321: [ParNew: 27424K->140K(30720K), 0.0036122 secs] 66105K->38837K(99008K), 0.0037097 secs] [Times: user=0.01 sys=0.00, real=0.01 secs] 
39.364: [GC (Allocation Failure) 39.364: [ParNew: 27467K->110K(30720K), 0.0029288 secs] 66165K->38822K(99008K), 0.0030072 secs] [Times: user=0.01 sys=0.00, real=0.00 secs] 
39.411: [GC (Allocation Failure) 39.411: [ParNew: 27438K->107K(30720K), 0.0025445 secs] 66150K->38826K(99008K), 0.0026295 secs] [Times: user=0.01 sys=0.00, real=0.01 secs] 
39.450: [GC (Allocation Failure) 39.451: [ParNew: 27435K->145K(30720K), 0.0021121 secs] 66154K->38877K(99008K), 0.0022219 secs] [Times: user=0.01 sys=0.00, real=0.01 secs] 
39.499: [GC (Allocation Failure) 39.499: [ParNew: 27473K->111K(30720K), 0.0029554 secs] 66205K->38854K(99008K), 0.0030650 secs] [Times: user=0.01 sys=0.00, real=0.00 secs] 
39.538: [GC (Allocation Failure) 39.538: [ParNew: 27439K->105K(30720K), 0.0029576 secs] 66182K->38863K(99008K), 0.0030524 secs] [Times: user=0.01 sys=0.00, real=0.00 secs] 
39.577: [GC (Allocation Failure) 39.577: [ParNew: 27433K->124K(30720K), 0.0028916 secs] 66191K->38897K(99008K), 0.0029716 secs] [Times: user=0.01 sys=0.00, real=0.00 secs] 
39.617: [GC (Allocation Failure) 39.617: [ParNew: 27452K->144K(30720K), 0.0025450 secs] 66225K->38925K(99008K), 0.0026510 secs] [Times: user=0.01 sys=0.00, real=0.00 secs] 
39.660: [GC (Allocation Failure) 39.660: [ParNew: 27472K->116K(30720K), 0.0023866 secs] 66253K->38908K(99008K), 0.0024847 secs] [Times: user=0.00 sys=0.00, real=0.00 secs] 
39.707: [GC (Allocation Failure) 39.707: [ParNew: 27444K->143K(30720K), 0.0038972 secs] 66236K->38952K(99008K), 0.0039849 secs] [Times: user=0.01 sys=0.00, real=0.00 secs] 
39.755: [GC (Allocation Failure) 39.755: [ParNew: 27471K->125K(30720K), 0.0031115 secs] 66280K->38946K(99008K), 0.0032086 secs] [Times: user=0.01 sys=0.00, real=0.00 secs] 
39.799: [GC (Allocation Failure) 39.799: [ParNew: 27453K->101K(30720K), 0.0028971 secs] 66274K->38934K(99008K), 0.0029984 secs] [Times: user=0.01 sys=0.00, real=0.00 secs] 
39.846: [GC (Allocation Failure) 39.846: [ParNew: 27429K->125K(30720K), 0.0035156 secs] 66262K->38969K(99008K), 0.0036324 secs] [Times: user=0.01 sys=0.00, real=0.00 secs] 
39.891: [GC (Allocation Failure) 39.891: [ParNew: 27453K->132K(30720K), 0.0051476 secs] 66297K->38986K(99008K), 0.0052494 secs] [Times: user=0.02 sys=0.00, real=0.01 secs] 
39.936: [GC (Allocation Failure) 39.936: [ParNew: 27460K->134K(30720K), 0.0026581 secs] 66314K->38998K(99008K), 0.0027546 secs] [Times: user=0.01 sys=0.00, real=0.00 secs] 
39.979: [GC (Allocation Failure) 39.979: [ParNew: 27462K->141K(30720K), 0.0031790 secs] 66326K->39021K(99008K), 0.0032837 secs] [Times: user=0.01 sys=0.00, real=0.00 secs] 
40.022: [GC (Allocation Failure) 40.022: [ParNew: 27469K->108K(30720K), 0.0036463 secs] 66349K->39000K(99008K), 0.0037405 secs] [Times: user=0.01 sys=0.00, real=0.01 secs] 
40.063: [GC (Allocation Failure) 40.063: [ParNew: 27436K->97K(30720K), 0.0028171 secs] 66328K->39003K(99008K), 0.0029056 secs] [Times: user=0.01 sys=0.00, real=0.00 secs] 
40.104: [GC (Allocation Failure) 40.104: [ParNew: 27425K->129K(30720K), 0.0027018 secs] 66331K->39048K(99008K), 0.0028023 secs] [Times: user=0.01 sys=0.00, real=0.00 secs] 
40.147: [GC (Allocation Failure) 40.147: [ParNew: 27457K->115K(30720K), 0.0044118 secs] 66376K->39046K(99008K), 0.0044981 secs] [Times: user=0.01 sys=0.00, real=0.00 secs] 
40.191: [GC (Allocation Failure) 40.191: [ParNew: 27443K->101K(30720K), 0.0037986 secs] 66374K->39045K(99008K), 0.0038963 secs] [Times: user=0.01 sys=0.00, real=0.01 secs] 
40.231: [GC (Allocation Failure) 40.231: [ParNew: 27429K->119K(30720K), 0.0034969 secs] 66373K->39071K(99008K), 0.0035973 secs] [Times: user=0.01 sys=0.00, real=0.01 secs] 
40.278: [GC (Allocation Failure) 40.278: [ParNew: 27447K->110K(30720K), 0.0029658 secs] 66399K->39075K(99008K), 0.0030773 secs] [Times: user=0.01 sys=0.00, real=0.00 secs] 
40.318: [GC (Allocation Failure) 40.318: [ParNew: 27438K->131K(30720K), 0.0035293 secs] 66403K->39104K(99008K), 0.0036104 secs] [Times: user=0.01 sys=0.00, real=0.00 secs] 
40.358: [GC (Allocation Failure) 40.358: [ParNew: 27459K->142K(30720K), 0.0031765 secs] 66432K->39135K(99008K), 0.0032766 secs] [Times: user=0.01 sys=0.00, real=0.00 secs] 
40.402: [GC (Allocation Failure) 40.402: [ParNew: 27470K->124K(30720K), 0.0018977 secs] 66463K->39126K(99008K), 0.0019756 secs] [Times: user=0.01 sys=0.00, real=0.01 secs] 
40.442: [GC (Allocation Failure) 40.442: [ParNew: 27452K->140K(30720K), 0.0023961 secs] 66454K->39156K(99008K), 0.0024782 secs] [Times: user=0.00 sys=0.00, real=0.01 secs] 
40.483: [GC (Allocation Failure) 40.483: [ParNew: 27468K->133K(30720K), 0.0018416 secs] 66484K->39160K(99008K), 0.0019200 secs] [Times: user=0.01 sys=0.00, real=0.00 secs] 
40.529: [GC (Allocation Failure) 40.529: [ParNew: 27461K->112K(30720K), 0.0040150 secs] 66488K->39153K(99008K), 0.0040969 secs] [Times: user=0.01 sys=0.00, real=0.01 secs] 
40.579: [GC (Allocation Failure) 40.579: [ParNew: 27440K->123K(30720K), 0.0029122 secs] 66481K->39178K(99008K), 0.0029986 secs] [Times: user=0.01 sys=0.00, real=0.00 secs] 
40.624: [GC (Allocation Failure) 40.624: [ParNew: 27451K->141K(30720K), 0.0027810 secs] 66506K->39206K(99008K), 0.0028662 secs] [Times: user=0.00 sys=0.00, real=0.00 secs] 
40.662: [GC (Allocation Failure) 40.662: [ParNew: 27469K->167K(30720K), 0.0017225 secs] 66534K->39245K(99008K), 0.0017948 secs] [Times: user=0.00 sys=0.00, real=0.01 secs] 
40.701: [GC (Allocation Failure) 40.701: [ParNew: 27495K->115K(30720K), 0.0024153 secs] 66573K->39205K(99008K), 0.0024904 secs] [Times: user=0.00 sys=0.00, real=0.01 secs] 
40.743: [GC (Allocation Failure) 40.743: [ParNew: 27443K->121K(30720K), 0.0029735 secs] 66533K->39221K(99008K), 0.0030682 secs] [Times: user=0.01 sys=0.00, real=0.01 secs] 
40.794: [GC (Allocation Failure) 40.794: [ParNew: 27449K->144K(30720K), 0.0021440 secs] 66549K->39255K(99008K), 0.0022491 secs] [Times: user=0.01 sys=0.01, real=0.00 secs] 
40.831: [GC (Allocation Failure) 40.831: [ParNew: 27472K->172K(30720K), 0.0024795 secs] 66583K->39298K(99008K), 0.0025617 secs] [Times: user=0.01 sys=0.00, real=0.01 secs] 
40.869: [GC (Allocation Failure) 40.869: [ParNew: 27500K->106K(30720K), 0.0027114 secs] 66626K->39245K(99008K), 0.0027990 secs] [Times: user=0.01 sys=0.00, real=0.00 secs] 
40.913: [GC (Allocation Failure) 40.913: [ParNew: 27434K->123K(30720K), 0.0029754 secs] 66573K->39277K(99008K), 0.0030630 secs] [Times: user=0.01 sys=0.00, real=0.00 secs] 
40.957: [GC (Allocation Failure) 40.957: [ParNew: 27451K->116K(30720K), 0.0029560 secs] 66605K->39282K(99008K), 0.0030569 secs] [Times: user=0.01 sys=0.00, real=0.00 secs] 
41.002: [GC (Allocation Failure) 41.002: [ParNew: 27439K->120K(30720K), 0.0019922 secs] 66605K->39297K(99008K), 0.0020928 secs] [Times: user=0.01 sys=0.00, real=0.01 secs] 
41.048: [GC (Allocation Failure) 41.048: [ParNew: 27448K->109K(30720K), 0.0024724 secs] 66625K->39297K(99008K), 0.0025565 secs] [Times: user=0.00 sys=0.00, real=0.00 secs] 
41.091: [GC (Allocation Failure) 41.091: [ParNew: 27437K->135K(30720K), 0.0030195 secs] 66625K->39336K(99008K), 0.0031177 secs] [Times: user=0.00 sys=0.00, real=0.01 secs] 
41.132: [GC (Allocation Failure) 41.132: [ParNew: 27463K->118K(30720K), 0.0021647 secs] 66664K->39332K(99008K), 0.0022466 secs] [Times: user=0.01 sys=0.00, real=0.01 secs] 
41.170: [GC (Allocation Failure) 41.170: [ParNew: 27446K->155K(30720K), 0.0022794 secs] 66660K->39378K(99008K), 0.0023769 secs] [Times: user=0.01 sys=0.00, real=0.00 secs] 
41.208: [GC (Allocation Failure) 41.208: [ParNew: 27483K->129K(30720K), 0.0033012 secs] 66706K->39364K(99008K), 0.0033824 secs] [Times: user=0.01 sys=0.00, real=0.00 secs] 
41.253: [GC (Allocation Failure) 41.253: [ParNew: 27457K->132K(30720K), 0.0022512 secs] 66692K->39382K(99008K), 0.0023526 secs] [Times: user=0.01 sys=0.00, real=0.00 secs] 
41.301: [GC (Allocation Failure) 41.301: [ParNew: 27460K->99K(30720K), 0.0022427 secs] 66710K->39365K(99008K), 0.0023279 secs] [Times: user=0.01 sys=0.00, real=0.01 secs] 
41.341: [GC (Allocation Failure) 41.341: [ParNew: 27427K->121K(30720K), 0.0019308 secs] 66693K->39397K(99008K), 0.0020105 secs] [Times: user=0.01 sys=0.00, real=0.01 secs] 
41.384: [GC (Allocation Failure) 41.384: [ParNew: 27449K->123K(30720K), 0.0020509 secs] 66725K->39411K(99008K), 0.0021354 secs] [Times: user=0.01 sys=0.00, real=0.00 secs] 
41.424: [GC (Allocation Failure) 41.424: [ParNew: 27451K->146K(30720K), 0.0018161 secs] 66739K->39446K(99008K), 0.0018979 secs] [Times: user=0.01 sys=0.00, real=0.00 secs] 
41.465: [GC (Allocation Failure) 41.465: [ParNew: 27474K->118K(30720K), 0.0027649 secs] 66774K->39428K(99008K), 0.0028521 secs] [Times: user=0.01 sys=0.00, real=0.00 secs] 
41.506: [GC (Allocation Failure) 41.506: [ParNew: 27446K->125K(30720K), 0.0039351 secs] 66756K->39447K(99008K), 0.0040333 secs] [Times: user=0.01 sys=0.00, real=0.00 secs] 
41.556: [GC (Allocation Failure) 41.556: [ParNew: 27453K->135K(30720K), 0.0032350 secs] 66775K->39470K(99008K), 0.0033277 secs] [Times: user=0.01 sys=0.00, real=0.00 secs] 
41.606: [GC (Allocation Failure) 41.606: [ParNew: 27463K->127K(30720K), 0.0019520 secs] 66798K->39477K(99008K), 0.0020373 secs] [Times: user=0.01 sys=0.00, real=0.00 secs] 
41.646: [GC (Allocation Failure) 41.646: [ParNew: 27455K->149K(30720K), 0.0023657 secs] 66805K->39513K(99008K), 0.0024691 secs] [Times: user=0.01 sys=0.00, real=0.00 secs] 
41.688: [GC (Allocation Failure) 41.688: [ParNew: 27477K->132K(30720K), 0.0022391 secs] 66841K->39507K(99008K), 0.0023444 secs] [Times: user=0.01 sys=0.00, real=0.00 secs] 
41.725: [GC (Allocation Failure) 41.725: [ParNew: 27460K->126K(30720K), 0.0029593 secs] 66835K->39513K(99008K), 0.0030439 secs] [Times: user=0.01 sys=0.00, real=0.00 secs] 
41.766: [GC (Allocation Failure) 41.766: [ParNew: 27454K->112K(30720K), 0.0025707 secs] 66841K->39511K(99008K), 0.0026552 secs] [Times: user=0.01 sys=0.00, real=0.00 secs] 
41.810: [GC (Allocation Failure) 41.810: [ParNew: 27440K->136K(30720K), 0.0023790 secs] 66839K->39545K(99008K), 0.0024638 secs] [Times: user=0.01 sys=0.00, real=0.01 secs] 
41.850: [GC (Allocation Failure) 41.850: [ParNew: 27464K->132K(30720K), 0.0022076 secs] 66873K->39557K(99008K), 0.0022896 secs] [Times: user=0.01 sys=0.00, real=0.00 secs] 
41.887: [GC (Allocation Failure) 41.887: [ParNew: 27460K->124K(30720K), 0.0018799 secs] 66885K->39563K(99008K), 0.0019590 secs] [Times: user=0.01 sys=0.00, real=0.00 secs] 
41.932: [GC (Allocation Failure) 41.932: [ParNew: 27452K->113K(30720K), 0.0033559 secs] 66891K->39561K(99008K), 0.0034582 secs] [Times: user=0.01 sys=0.00, real=0.01 secs] 
41.977: [GC (Allocation Failure) 41.977: [ParNew: 27441K->126K(30720K), 0.0032915 secs] 66889K->39586K(99008K), 0.0033730 secs] [Times: user=0.01 sys=0.00, real=0.00 secs] 
42.018: [GC (Allocation Failure) 42.018: [ParNew: 27454K->182K(30720K), 0.0027170 secs] 66914K->39659K(99008K), 0.0027969 secs] [Times: user=0.01 sys=0.00, real=0.00 secs] 
42.058: [GC (Allocation Failure) 42.058: [ParNew: 27510K->131K(30720K), 0.0020206 secs] 66987K->39616K(99008K), 0.0020974 secs] [Times: user=0.00 sys=0.00, real=0.00 secs] 
42.099: [GC (Allocation Failure) 42.099: [ParNew: 27459K->131K(30720K), 0.0027553 secs] 66944K->39631K(99008K), 0.0028420 secs] [Times: user=0.00 sys=0.00, real=0.00 secs] 
42.138: [GC (Allocation Failure) 42.138: [ParNew: 27459K->143K(30720K), 0.0017952 secs] 66959K->39656K(99008K), 0.0018741 secs] [Times: user=0.01 sys=0.00, real=0.00 secs] 
42.174: [GC (Allocation Failure) 42.174: [ParNew: 27471K->109K(30720K), 0.0023583 secs] 66984K->39631K(99008K), 0.0024407 secs] [Times: user=0.00 sys=0.00, real=0.00 secs] 
42.215: [GC (Allocation Failure) 42.215: [ParNew: 27437K->130K(30720K), 0.0038742 secs] 66959K->39665K(99008K), 0.0039619 secs] [Times: user=0.01 sys=0.00, real=0.00 secs] 
42.257: [GC (Allocation Failure) 42.257: [ParNew: 27458K->114K(30720K), 0.0028642 secs] 66993K->39668K(99008K), 0.0029512 secs] [Times: user=0.01 sys=0.00, real=0.00 secs] 
42.306: [GC (Allocation Failure) 42.306: [ParNew: 27442K->146K(30720K), 0.0019982 secs] 66996K->39708K(99008K), 0.0020873 secs] [Times: user=0.01 sys=0.00, real=0.00 secs] 
42.352: [GC (Allocation Failure) 42.352: [ParNew: 27474K->107K(30720K), 0.0023555 secs] 67036K->39680K(99008K), 0.0024438 secs] [Times: user=0.00 sys=0.00, real=0.01 secs] 
42.390: [GC (Allocation Failure) 42.391: [ParNew: 27435K->118K(30720K), 0.0032082 secs] 67008K->39708K(99008K), 0.0033090 secs] [Times: user=0.01 sys=0.00, real=0.01 secs] 
42.435: [GC (Allocation Failure) 42.435: [ParNew: 27446K->110K(30720K), 0.0024612 secs] 67036K->39713K(99008K), 0.0025483 secs] [Times: user=0.01 sys=0.00, real=0.00 secs] 
42.476: [GC (Allocation Failure) 42.476: [ParNew: 27438K->153K(30720K), 0.0025709 secs] 67041K->39769K(99008K), 0.0026566 secs] [Times: user=0.01 sys=0.00, real=0.00 secs] 
42.520: [GC (Allocation Failure) 42.520: [ParNew: 27481K->136K(30720K), 0.0018942 secs] 67097K->39762K(99008K), 0.0019761 secs] [Times: user=0.00 sys=0.00, real=0.00 secs] 
42.561: [GC (Allocation Failure) 42.561: [ParNew: 27464K->125K(30720K), 0.0027525 secs] 67090K->39761K(99008K), 0.0028322 secs] [Times: user=0.00 sys=0.00, real=0.01 secs] 
42.603: [GC (Allocation Failure) 42.603: [ParNew: 27453K->157K(30720K), 0.0033702 secs] 67089K->39808K(99008K), 0.0034588 secs] [Times: user=0.01 sys=0.00, real=0.00 secs] 
42.647: [GC (Allocation Failure) 42.647: [ParNew: 27485K->128K(30720K), 0.0024634 secs] 67136K->39794K(99008K), 0.0025474 secs] [Times: user=0.01 sys=0.00, real=0.00 secs] 
42.688: [GC (Allocation Failure) 42.688: [ParNew: 27456K->120K(30720K), 0.0026472 secs] 67122K->39797K(99008K), 0.0027455 secs] [Times: user=0.01 sys=0.00, real=0.00 secs] 
42.728: [GC (Allocation Failure) 42.728: [ParNew: 27448K->104K(30720K), 0.0040509 secs] 67125K->39795K(99008K), 0.0041619 secs] [Times: user=0.02 sys=0.00, real=0.00 secs] 
42.768: [GC (Allocation Failure) 42.768: [ParNew: 27432K->140K(30720K), 0.0028469 secs] 67123K->39840K(99008K), 0.0029585 secs] [Times: user=0.01 sys=0.00, real=0.00 secs] 
42.805: [GC (Allocation Failure) 42.806: [ParNew: 27468K->133K(30720K), 0.0019091 secs] 67168K->39846K(99008K), 0.0019884 secs] [Times: user=0.00 sys=0.00, real=0.00 secs] 
42.851: [GC (Allocation Failure) 42.851: [ParNew: 27461K->110K(30720K), 0.0028875 secs] 67174K->39834K(99008K), 0.0030127 secs] [Times: user=0.01 sys=0.00, real=0.01 secs] 
42.895: [GC (Allocation Failure) 42.895: [ParNew: 27438K->105K(30720K), 0.0045218 secs] 67162K->39841K(99008K), 0.0046069 secs] [Times: user=0.01 sys=0.00, real=0.00 secs] 
42.938: [GC (Allocation Failure) 42.938: [ParNew: 27433K->130K(30720K), 0.0018615 secs] 67169K->39876K(99008K), 0.0019426 secs] [Times: user=0.01 sys=0.00, real=0.00 secs] 
42.977: [GC (Allocation Failure) 42.977: [ParNew: 27458K->128K(30720K), 0.0025749 secs] 67204K->39888K(99008K), 0.0026501 secs] [Times: user=0.00 sys=0.00, real=0.00 secs] 
43.020: [GC (Allocation Failure) 43.020: [ParNew: 27456K->114K(30720K), 0.0034561 secs] 67216K->39890K(99008K), 0.0035571 secs] [Times: user=0.02 sys=0.00, real=0.01 secs] 
43.063: [GC (Allocation Failure) 43.063: [ParNew: 27442K->109K(30720K), 0.0033602 secs] 67218K->39898K(99008K), 0.0034436 secs] [Times: user=0.01 sys=0.00, real=0.00 secs] 
43.106: [GC (Allocation Failure) 43.106: [ParNew: 27437K->107K(30720K), 0.0031357 secs] 67226K->39907K(99008K), 0.0032447 secs] [Times: user=0.01 sys=0.00, real=0.00 secs] 
43.148: [GC (Allocation Failure) 43.148: [ParNew: 27435K->145K(30720K), 0.0022843 secs] 67235K->39957K(99008K), 0.0023840 secs] [Times: user=0.01 sys=0.00, real=0.00 secs] 
43.190: [GC (Allocation Failure) 43.190: [ParNew: 27473K->106K(30720K), 0.0026407 secs] 67285K->39930K(99008K), 0.0027256 secs] [Times: user=0.01 sys=0.00, real=0.01 secs] 
43.231: [GC (Allocation Failure) 43.231: [ParNew: 27434K->120K(30720K), 0.0033313 secs] 67258K->39959K(99008K), 0.0034197 secs] [Times: user=0.01 sys=0.00, real=0.01 secs] 
43.273: [GC (Allocation Failure) 43.274: [ParNew: 27448K->146K(30720K), 0.0018838 secs] 67287K->39997K(99008K), 0.0019636 secs] [Times: user=0.01 sys=0.00, real=0.00 secs] 
43.313: [GC (Allocation Failure) 43.313: [ParNew: 27474K->149K(30720K), 0.0018876 secs] 67325K->40009K(99008K), 0.0019692 secs] [Times: user=0.01 sys=0.00, real=0.00 secs] 
43.362: [GC (Allocation Failure) 43.362: [ParNew: 27477K->144K(30720K), 0.0028473 secs] 67337K->40018K(99008K), 0.0029513 secs] [Times: user=0.00 sys=0.00, real=0.01 secs] 
43.412: [GC (Allocation Failure) 43.412: [ParNew: 27472K->146K(30720K), 0.0029516 secs] 67346K->40034K(99008K), 0.0030297 secs] [Times: user=0.00 sys=0.00, real=0.01 secs] 
43.457: [GC (Allocation Failure) 43.457: [ParNew: 27474K->126K(30720K), 0.0023337 secs] 67362K->40028K(99008K), 0.0024195 secs] [Times: user=0.01 sys=0.00, real=0.00 secs] 
43.502: [GC (Allocation Failure) 43.502: [ParNew: 27454K->141K(30720K), 0.0019429 secs] 67356K->40052K(99008K), 0.0020250 secs] [Times: user=0.01 sys=0.00, real=0.01 secs] 
43.552: [GC (Allocation Failure) 43.552: [ParNew: 27469K->126K(30720K), 0.0022032 secs] 67380K->40053K(99008K), 0.0022902 secs] [Times: user=0.00 sys=0.00, real=0.01 secs] 
43.607: [GC (Allocation Failure) 43.607: [ParNew: 27454K->140K(30720K), 0.0028026 secs] 67381K->40076K(99008K), 0.0029025 secs] [Times: user=0.01 sys=0.00, real=0.00 secs] 
43.649: [GC (Allocation Failure) 43.649: [ParNew: 27468K->104K(30720K), 0.0040207 secs] 67404K->40056K(99008K), 0.0041412 secs] [Times: user=0.02 sys=0.00, real=0.01 secs] 
43.694: [GC (Allocation Failure) 43.694: [ParNew: 27432K->157K(30720K), 0.0024022 secs] 67384K->40117K(99008K), 0.0024993 secs] [Times: user=0.01 sys=0.00, real=0.00 secs] 
43.739: [GC (Allocation Failure) 43.739: [ParNew: 27485K->155K(30720K), 0.0022334 secs] 67445K->40127K(99008K), 0.0023398 secs] [Times: user=0.01 sys=0.00, real=0.00 secs] 
43.784: [GC (Allocation Failure) 43.784: [ParNew: 27483K->149K(30720K), 0.0030435 secs] 67455K->40129K(99008K), 0.0031414 secs] [Times: user=0.01 sys=0.00, real=0.00 secs] 
43.827: [GC (Allocation Failure) 43.827: [ParNew: 27477K->158K(30720K), 0.0028090 secs] 67457K->40162K(99008K), 0.0028932 secs] [Times: user=0.01 sys=0.00, real=0.00 secs] 
43.876: [GC (Allocation Failure) 43.876: [ParNew: 27486K->153K(30720K), 0.0028442 secs] 67490K->40172K(99008K), 0.0029481 secs] [Times: user=0.01 sys=0.00, real=0.00 secs] 
43.920: [GC (Allocation Failure) 43.920: [ParNew: 27481K->148K(30720K), 0.0028899 secs] 67500K->40175K(99008K), 0.0029795 secs] [Times: user=0.01 sys=0.00, real=0.01 secs] 
43.967: [GC (Allocation Failure) 43.967: [ParNew: 27476K->164K(30720K), 0.0026925 secs] 67503K->40203K(99008K), 0.0027921 secs] [Times: user=0.01 sys=0.00, real=0.00 secs] 
44.013: [GC (Allocation Failure) 44.013: [ParNew: 27492K->135K(30720K), 0.0034145 secs] 67531K->40192K(99008K), 0.0035161 secs] [Times: user=0.01 sys=0.00, real=0.00 secs] 
44.057: [GC (Allocation Failure) 44.057: [ParNew: 27463K->151K(30720K), 0.0033664 secs] 67520K->40230K(99008K), 0.0034566 secs] [Times: user=0.00 sys=0.00, real=0.00 secs] 
44.107: [GC (Allocation Failure) 44.107: [ParNew: 27479K->102K(30720K), 0.0030307 secs] 67558K->40193K(99008K), 0.0031360 secs] [Times: user=0.00 sys=0.00, real=0.00 secs] 
44.147: [GC (Allocation Failure) 44.147: [ParNew: 27430K->120K(30720K), 0.0054305 secs] 67521K->40223K(99008K), 0.0055529 secs] [Times: user=0.01 sys=0.00, real=0.01 secs] 
44.192: [GC (Allocation Failure) 44.192: [ParNew: 27448K->126K(30720K), 0.0027120 secs] 67551K->40233K(99008K), 0.0043779 secs] [Times: user=0.01 sys=0.00, real=0.01 secs] 
44.251: [GC (Allocation Failure) 44.251: [ParNew: 27454K->143K(30720K), 0.0027942 secs] 67561K->40273K(99008K), 0.0029220 secs] [Times: user=0.00 sys=0.00, real=0.01 secs] 
Heap
 par new generation   total 30720K, used 25322K [0x00000007b9c00000, 0x00000007bbd50000, 0x00000007bbd50000)
  eden space 27328K,  92% used [0x00000007b9c00000, 0x00000007bb496cd8, 0x00000007bb6b0000)
  from space 3392K,   4% used [0x00000007bb6b0000, 0x00000007bb6d3f10, 0x00000007bba00000)
  to   space 3392K,   0% used [0x00000007bba00000, 0x00000007bba00000, 0x00000007bbd50000)
 concurrent mark-sweep generation total 68288K, used 40129K [0x00000007bbd50000, 0x00000007c0000000, 0x00000007c0000000)
 Metaspace       used 36354K, capacity 37951K, committed 38212K, reserved 1083392K
  class space    used 4515K, capacity 4819K, committed 4936K, reserved 1048576K
