Java HotSpot(TM) 64-Bit Server VM (25.131-b11) for bsd-amd64 JRE (1.8.0_131-b11), built on Mar 15 2017 01:32:22 by "java_re" with gcc 4.2.1 (Based on Apple Inc. build 5658) (LLVM build 2336.11.00)
Memory: 4k page, physical 8388608k(218564k free)

/proc/meminfo:

CommandLine flags: -XX:InitialHeapSize=314572800 -XX:MaxHeapSize=314572800 -XX:+PrintGC -XX:+PrintGCDetails -XX:+PrintGCTimeStamps -XX:+UseCompressedClassPointers -XX:+UseCompressedOops -XX:+UseParallelGC 
0.586: [GC (Allocation Failure) [PSYoungGen: 76800K->4455K(89600K)] 76800K->4471K(294400K), 0.0051243 secs] [Times: user=0.02 sys=0.00, real=0.01 secs] 
0.786: [GC (GCLocker Initiated GC) [PSYoungGen: 81255K->5310K(89600K)] 81272K->5335K(294400K), 0.0054453 secs] [Times: user=0.01 sys=0.00, real=0.01 secs] 
1.015: [GC (GCLocker Initiated GC) [PSYoungGen: 82110K->6950K(89600K)] 82235K->7083K(294400K), 0.0067448 secs] [Times: user=0.02 sys=0.00, real=0.01 secs] 
1.237: [GC (Metadata GC Threshold) [PSYoungGen: 70391K->8582K(89600K)] 70524K->8722K(294400K), 0.0064699 secs] [Times: user=0.02 sys=0.00, real=0.00 secs] 
1.244: [Full GC (Metadata GC Threshold) [PSYoungGen: 8582K->0K(89600K)] [ParOldGen: 140K->8158K(204800K)] 8722K->8158K(294400K), [Metaspace: 20489K->20489K(1067008K)], 0.0245707 secs] [Times: user=0.06 sys=0.00, real=0.03 secs] 
1.596: [GC (Allocation Failure) [PSYoungGen: 76800K->4004K(89600K)] 84967K->12243K(294400K), 0.0035112 secs] [Times: user=0.01 sys=0.00, real=0.01 secs] 
1.959: [GC (Allocation Failure) [PSYoungGen: 80804K->5333K(93184K)] 89043K->13580K(297984K), 0.0039865 secs] [Times: user=0.01 sys=0.00, real=0.00 secs] 
2.473: [GC (Allocation Failure) [PSYoungGen: 88789K->9208K(92672K)] 97036K->19373K(297472K), 0.0165506 secs] [Times: user=0.04 sys=0.01, real=0.02 secs] 
2.892: [GC (Allocation Failure) [PSYoungGen: 92664K->9717K(85504K)] 102829K->22102K(290304K), 0.0112403 secs] [Times: user=0.03 sys=0.00, real=0.01 secs] 
3.343: [GC (Allocation Failure) [PSYoungGen: 85493K->12631K(88576K)] 97878K->25025K(293376K), 0.0145785 secs] [Times: user=0.04 sys=0.00, real=0.02 secs] 
6.380: [GC (Allocation Failure) [PSYoungGen: 88407K->10837K(85504K)] 100801K->25215K(290304K), 0.0128187 secs] [Times: user=0.04 sys=0.00, real=0.01 secs] 
6.400: [GC (Metadata GC Threshold) [PSYoungGen: 22326K->9695K(87040K)] 36704K->25237K(291840K), 0.0067029 secs] [Times: user=0.02 sys=0.00, real=0.01 secs] 
6.407: [Full GC (Metadata GC Threshold) [PSYoungGen: 9695K->0K(87040K)] [ParOldGen: 15541K->17668K(204800K)] 25237K->17668K(291840K), [Metaspace: 33896K->33896K(1081344K)], 0.0647735 secs] [Times: user=0.19 sys=0.00, real=0.06 secs] 
6.913: [GC (Allocation Failure) [PSYoungGen: 71680K->10408K(87040K)] 89348K->28085K(291840K), 0.0077327 secs] [Times: user=0.02 sys=0.00, real=0.01 secs] 
7.531: [GC (Allocation Failure) [PSYoungGen: 82088K->10194K(87040K)] 99765K->27879K(291840K), 0.0058731 secs] [Times: user=0.02 sys=0.00, real=0.00 secs] 
8.092: [GC (Allocation Failure) [PSYoungGen: 81874K->1104K(86016K)] 99559K->27782K(290816K), 0.0097730 secs] [Times: user=0.02 sys=0.01, real=0.01 secs] 
8.611: [GC (Allocation Failure) [PSYoungGen: 71760K->448K(71168K)] 98438K->27302K(275968K), 0.0075205 secs] [Times: user=0.03 sys=0.00, real=0.01 secs] 
9.160: [GC (Allocation Failure) [PSYoungGen: 71104K->512K(84992K)] 97958K->27422K(289792K), 0.0080374 secs] [Times: user=0.02 sys=0.00, real=0.01 secs] 
9.670: [GC (Allocation Failure) [PSYoungGen: 69120K->544K(85504K)] 96030K->27550K(290304K), 0.0049923 secs] [Times: user=0.02 sys=0.00, real=0.00 secs] 
10.188: [GC (Allocation Failure) [PSYoungGen: 69152K->384K(86016K)] 96158K->27554K(290816K), 0.0059325 secs] [Times: user=0.02 sys=0.00, real=0.00 secs] 
10.703: [GC (Allocation Failure) [PSYoungGen: 69504K->320K(85504K)] 96674K->27530K(290304K), 0.0040619 secs] [Times: user=0.01 sys=0.00, real=0.00 secs] 
11.240: [GC (Allocation Failure) [PSYoungGen: 69432K->1216K(86528K)] 96643K->28474K(291328K), 0.0053492 secs] [Times: user=0.02 sys=0.01, real=0.00 secs] 
11.676: [GC (Allocation Failure) [PSYoungGen: 71360K->512K(86016K)] 98618K->27826K(290816K), 0.0064605 secs] [Times: user=0.02 sys=0.00, real=0.01 secs] 
12.149: [GC (Allocation Failure) [PSYoungGen: 70656K->576K(87552K)] 97970K->27955K(292352K), 0.0040507 secs] [Times: user=0.01 sys=0.00, real=0.00 secs] 
12.668: [GC (Allocation Failure) [PSYoungGen: 72768K->640K(87040K)] 100147K->28163K(291840K), 0.0050976 secs] [Times: user=0.01 sys=0.00, real=0.00 secs] 
13.192: [GC (Allocation Failure) [PSYoungGen: 72830K->768K(88576K)] 100353K->28291K(293376K), 0.0035371 secs] [Times: user=0.01 sys=0.00, real=0.00 secs] 
13.727: [GC (Allocation Failure) [PSYoungGen: 75008K->704K(88064K)] 102531K->28227K(292864K), 0.0044928 secs] [Times: user=0.01 sys=0.00, real=0.01 secs] 
14.231: [GC (Allocation Failure) [PSYoungGen: 74944K->1088K(90112K)] 102467K->28611K(294912K), 0.0032275 secs] [Times: user=0.02 sys=0.00, real=0.00 secs] 
14.741: [GC (Allocation Failure) [PSYoungGen: 77888K->800K(89088K)] 105411K->28323K(293888K), 0.0030226 secs] [Times: user=0.02 sys=0.00, real=0.00 secs] 
15.284: [GC (Allocation Failure) [PSYoungGen: 77600K->768K(91136K)] 105123K->28291K(295936K), 0.0097929 secs] [Times: user=0.02 sys=0.00, real=0.01 secs] 
15.847: [GC (Allocation Failure) [PSYoungGen: 80128K->736K(90624K)] 107651K->28259K(295424K), 0.0041549 secs] [Times: user=0.02 sys=0.00, real=0.01 secs] 
16.382: [GC (Allocation Failure) [PSYoungGen: 80096K->704K(92160K)] 107619K->28227K(296960K), 0.0082322 secs] [Times: user=0.02 sys=0.00, real=0.01 secs] 
16.920: [GC (Allocation Failure) [PSYoungGen: 82112K->1120K(91648K)] 109635K->28651K(296448K), 0.0028473 secs] [Times: user=0.01 sys=0.00, real=0.00 secs] 
17.435: [GC (Allocation Failure) [PSYoungGen: 82528K->864K(93696K)] 110059K->28395K(298496K), 0.0051581 secs] [Times: user=0.01 sys=0.00, real=0.01 secs] 
17.972: [GC (Allocation Failure) [PSYoungGen: 85344K->752K(93184K)] 112875K->28283K(297984K), 0.0029561 secs] [Times: user=0.01 sys=0.00, real=0.00 secs] 
18.489: [GC (Allocation Failure) [PSYoungGen: 85232K->912K(94720K)] 112763K->28443K(299520K), 0.0051826 secs] [Times: user=0.02 sys=0.00, real=0.00 secs] 
19.192: [GC (Allocation Failure) [PSYoungGen: 87440K->944K(94208K)] 114971K->28475K(299008K), 0.0036354 secs] [Times: user=0.01 sys=0.00, real=0.00 secs] 
19.759: [GC (Allocation Failure) [PSYoungGen: 87472K->672K(95232K)] 115003K->28211K(300032K), 0.0099162 secs] [Times: user=0.02 sys=0.00, real=0.01 secs] 
20.229: [GC (Allocation Failure) [PSYoungGen: 88736K->768K(95232K)] 116275K->28307K(300032K), 0.0051830 secs] [Times: user=0.01 sys=0.00, real=0.00 secs] 
20.686: [GC (Allocation Failure) [PSYoungGen: 88832K->368K(96256K)] 116371K->28163K(301056K), 0.0036473 secs] [Times: user=0.01 sys=0.00, real=0.01 secs] 
21.121: [GC (Allocation Failure) [PSYoungGen: 89968K->464K(95744K)] 117763K->28291K(300544K), 0.0034585 secs] [Times: user=0.01 sys=0.00, real=0.00 secs] 
21.522: [GC (Allocation Failure) [PSYoungGen: 90064K->400K(96768K)] 117891K->28259K(301568K), 0.0036866 secs] [Times: user=0.01 sys=0.00, real=0.00 secs] 
21.916: [GC (Allocation Failure) [PSYoungGen: 91024K->368K(96256K)] 118883K->28259K(301056K), 0.0087276 secs] [Times: user=0.01 sys=0.00, real=0.01 secs] 
22.282: [GC (Allocation Failure) [PSYoungGen: 90992K->400K(97280K)] 118883K->28315K(302080K), 0.0025096 secs] [Times: user=0.01 sys=0.00, real=0.00 secs] 
22.674: [GC (Allocation Failure) [PSYoungGen: 92560K->432K(97280K)] 120475K->28371K(302080K), 0.0033239 secs] [Times: user=0.00 sys=0.00, real=0.01 secs] 
23.081: [GC (Allocation Failure) [PSYoungGen: 92585K->432K(97792K)] 120524K->28387K(302592K), 0.0030629 secs] [Times: user=0.01 sys=0.01, real=0.00 secs] 
23.471: [GC (Allocation Failure) [PSYoungGen: 93616K->400K(97792K)] 121571K->28371K(302592K), 0.0059614 secs] [Times: user=0.01 sys=0.00, real=0.01 secs] 
23.842: [GC (Allocation Failure) [PSYoungGen: 93584K->320K(98304K)] 121555K->28403K(303104K), 0.0030614 secs] [Times: user=0.01 sys=0.00, real=0.00 secs] 
24.175: [GC (Allocation Failure) [PSYoungGen: 94528K->320K(98304K)] 122611K->28427K(303104K), 0.0021351 secs] [Times: user=0.01 sys=0.00, real=0.01 secs] 
24.478: [GC (Allocation Failure) [PSYoungGen: 94528K->288K(98816K)] 122635K->28419K(303616K), 0.0023139 secs] [Times: user=0.01 sys=0.00, real=0.00 secs] 
24.767: [GC (Allocation Failure) [PSYoungGen: 95520K->320K(98816K)] 123651K->28483K(303616K), 0.0083810 secs] [Times: user=0.02 sys=0.00, real=0.00 secs] 
25.076: [GC (Allocation Failure) [PSYoungGen: 95552K->352K(99328K)] 123715K->28547K(304128K), 0.0030242 secs] [Times: user=0.01 sys=0.00, real=0.01 secs] 
25.326: [GC (Allocation Failure) [PSYoungGen: 96096K->512K(98816K)] 124291K->28739K(303616K), 0.0026132 secs] [Times: user=0.01 sys=0.00, real=0.01 secs] 
25.603: [GC (Allocation Failure) [PSYoungGen: 96256K->320K(99328K)] 124483K->28579K(304128K), 0.0021539 secs] [Times: user=0.01 sys=0.00, real=0.00 secs] 
25.873: [GC (Allocation Failure) [PSYoungGen: 96576K->288K(99328K)] 124835K->28579K(304128K), 0.0032183 secs] [Times: user=0.00 sys=0.00, real=0.00 secs] 
26.139: [GC (Allocation Failure) [PSYoungGen: 96544K->320K(99840K)] 124835K->28635K(304640K), 0.0020010 secs] [Times: user=0.01 sys=0.00, real=0.00 secs] 
26.458: [GC (Allocation Failure) [PSYoungGen: 97600K->320K(99840K)] 125915K->28659K(304640K), 0.0137763 secs] [Times: user=0.03 sys=0.00, real=0.01 secs] 
26.752: [GC (Allocation Failure) [PSYoungGen: 97600K->384K(100352K)] 125939K->28755K(305152K), 0.0027061 secs] [Times: user=0.01 sys=0.01, real=0.00 secs] 
27.035: [GC (Allocation Failure) [PSYoungGen: 98176K->320K(99840K)] 126547K->28707K(304640K), 0.0025096 secs] [Times: user=0.01 sys=0.00, real=0.01 secs] 
27.302: [GC (Allocation Failure) [PSYoungGen: 98112K->288K(100352K)] 126499K->28683K(305152K), 0.0033214 secs] [Times: user=0.01 sys=0.00, real=0.00 secs] 
27.572: [GC (Allocation Failure) [PSYoungGen: 98592K->288K(100352K)] 126987K->28699K(305152K), 0.0035387 secs] [Times: user=0.01 sys=0.01, real=0.00 secs] 
27.865: [GC (Allocation Failure) [PSYoungGen: 98592K->416K(100352K)] 127003K->28843K(305152K), 0.0051108 secs] [Times: user=0.00 sys=0.00, real=0.01 secs] 
28.107: [GC (Allocation Failure) [PSYoungGen: 98720K->256K(100352K)] 127147K->28707K(305152K), 0.0034151 secs] [Times: user=0.01 sys=0.00, real=0.00 secs] 
28.342: [GC (Allocation Failure) [PSYoungGen: 98560K->640K(100864K)] 127011K->29115K(305664K), 0.0033712 secs] [Times: user=0.01 sys=0.00, real=0.00 secs] 
28.597: [GC (Allocation Failure) [PSYoungGen: 99968K->288K(100864K)] 128443K->28795K(305664K), 0.0022515 secs] [Times: user=0.01 sys=0.00, real=0.00 secs] 
28.831: [GC (Allocation Failure) [PSYoungGen: 99616K->320K(100864K)] 128123K->28843K(305664K), 0.0024761 secs] [Times: user=0.01 sys=0.00, real=0.00 secs] 
29.119: [GC (Allocation Failure) [PSYoungGen: 99648K->288K(100864K)] 128171K->28883K(305664K), 0.0094025 secs] [Times: user=0.02 sys=0.01, real=0.01 secs] 
29.384: [GC (Allocation Failure) [PSYoungGen: 99616K->256K(100864K)] 128211K->28859K(305664K), 0.0025321 secs] [Times: user=0.01 sys=0.00, real=0.01 secs] 
29.613: [GC (Allocation Failure) [PSYoungGen: 99582K->224K(100864K)] 128185K->28835K(305664K), 0.0073796 secs] [Times: user=0.01 sys=0.00, real=0.01 secs] 
29.837: [GC (Allocation Failure) [PSYoungGen: 99552K->256K(100864K)] 128163K->28883K(305664K), 0.0020731 secs] [Times: user=0.01 sys=0.00, real=0.00 secs] 
30.061: [GC (Allocation Failure) [PSYoungGen: 99584K->224K(100864K)] 128211K->28875K(305664K), 0.0049825 secs] [Times: user=0.01 sys=0.00, real=0.00 secs] 
30.364: [GC (Allocation Failure) [PSYoungGen: 99552K->224K(101376K)] 128203K->28907K(306176K), 0.0024264 secs] [Times: user=0.01 sys=0.00, real=0.01 secs] 
30.583: [GC (Allocation Failure) [PSYoungGen: 100064K->224K(100864K)] 128747K->28923K(305664K), 0.0018631 secs] [Times: user=0.00 sys=0.00, real=0.00 secs] 
30.794: [GC (Allocation Failure) [PSYoungGen: 100064K->224K(101376K)] 128763K->28923K(306176K), 0.0024090 secs] [Times: user=0.01 sys=0.00, real=0.00 secs] 
31.015: [GC (Allocation Failure) [PSYoungGen: 100576K->224K(101376K)] 129275K->28923K(306176K), 0.0052584 secs] [Times: user=0.01 sys=0.00, real=0.01 secs] 
31.227: [GC (Allocation Failure) [PSYoungGen: 100576K->224K(101376K)] 129275K->28931K(306176K), 0.0021641 secs] [Times: user=0.01 sys=0.00, real=0.00 secs] 
31.447: [GC (Allocation Failure) [PSYoungGen: 100576K->256K(101376K)] 129283K->28987K(306176K), 0.0020360 secs] [Times: user=0.00 sys=0.00, real=0.00 secs] 
31.666: [GC (Allocation Failure) [PSYoungGen: 100608K->224K(101376K)] 129339K->28971K(306176K), 0.0029881 secs] [Times: user=0.01 sys=0.00, real=0.01 secs] 
31.885: [GC (Allocation Failure) [PSYoungGen: 100576K->224K(101376K)] 129323K->29003K(306176K), 0.0020446 secs] [Times: user=0.01 sys=0.00, real=0.01 secs] 
32.093: [GC (Allocation Failure) [PSYoungGen: 100576K->256K(101376K)] 129355K->29043K(306176K), 0.0029212 secs] [Times: user=0.01 sys=0.00, real=0.00 secs] 
32.310: [GC (Allocation Failure) [PSYoungGen: 100608K->224K(101376K)] 129395K->29019K(306176K), 0.0022151 secs] [Times: user=0.01 sys=0.00, real=0.00 secs] 
32.534: [GC (Allocation Failure) [PSYoungGen: 100569K->256K(101376K)] 129364K->29059K(306176K), 0.0021014 secs] [Times: user=0.00 sys=0.00, real=0.00 secs] 
32.744: [GC (Allocation Failure) [PSYoungGen: 100608K->256K(101376K)] 129411K->29059K(306176K), 0.0020110 secs] [Times: user=0.00 sys=0.00, real=0.00 secs] 
32.955: [GC (Allocation Failure) [PSYoungGen: 100608K->288K(101376K)] 129411K->29091K(306176K), 0.0020762 secs] [Times: user=0.01 sys=0.00, real=0.01 secs] 
33.175: [GC (Allocation Failure) [PSYoungGen: 100640K->256K(101376K)] 129443K->29067K(306176K), 0.0022291 secs] [Times: user=0.01 sys=0.00, real=0.01 secs] 
33.398: [GC (Allocation Failure) [PSYoungGen: 100608K->224K(101888K)] 129419K->29035K(306688K), 0.0021110 secs] [Times: user=0.00 sys=0.00, real=0.00 secs] 
33.622: [GC (Allocation Failure) [PSYoungGen: 101088K->256K(101376K)] 129899K->29067K(306176K), 0.0034169 secs] [Times: user=0.01 sys=0.00, real=0.00 secs] 
33.841: [GC (Allocation Failure) [PSYoungGen: 101120K->192K(101888K)] 129931K->29011K(306688K), 0.0030001 secs] [Times: user=0.01 sys=0.00, real=0.00 secs] 
34.064: [GC (Allocation Failure) [PSYoungGen: 101568K->224K(101888K)] 130387K->29043K(306688K), 0.0038475 secs] [Times: user=0.01 sys=0.00, real=0.01 secs] 
34.283: [GC (Allocation Failure) [PSYoungGen: 101600K->256K(101888K)] 130419K->29083K(306688K), 0.0019893 secs] [Times: user=0.01 sys=0.00, real=0.00 secs] 
34.496: [GC (Allocation Failure) [PSYoungGen: 101632K->256K(101888K)] 130459K->29083K(306688K), 0.0019484 secs] [Times: user=0.01 sys=0.00, real=0.01 secs] 
34.711: [GC (Allocation Failure) [PSYoungGen: 101632K->256K(101888K)] 130459K->29083K(306688K), 0.0023699 secs] [Times: user=0.00 sys=0.00, real=0.00 secs] 
34.926: [GC (Allocation Failure) [PSYoungGen: 101632K->256K(101888K)] 130459K->29107K(306688K), 0.0018681 secs] [Times: user=0.01 sys=0.00, real=0.01 secs] 
35.140: [GC (Allocation Failure) [PSYoungGen: 101632K->224K(101888K)] 130483K->29075K(306688K), 0.0018142 secs] [Times: user=0.01 sys=0.00, real=0.00 secs] 
35.358: [GC (Allocation Failure) [PSYoungGen: 101600K->192K(101888K)] 130451K->29059K(306688K), 0.0022776 secs] [Times: user=0.01 sys=0.00, real=0.00 secs] 
35.574: [GC (Allocation Failure) [PSYoungGen: 101568K->224K(101888K)] 130435K->29123K(306688K), 0.0019126 secs] [Times: user=0.00 sys=0.00, real=0.00 secs] 
35.797: [GC (Allocation Failure) [PSYoungGen: 101600K->256K(101888K)] 130499K->29179K(306688K), 0.0018375 secs] [Times: user=0.00 sys=0.00, real=0.00 secs] 
36.019: [GC (Allocation Failure) [PSYoungGen: 101631K->256K(101888K)] 130555K->29203K(306688K), 0.0033300 secs] [Times: user=0.01 sys=0.00, real=0.00 secs] 
36.241: [GC (Allocation Failure) [PSYoungGen: 101632K->224K(101888K)] 130579K->29171K(306688K), 0.0018456 secs] [Times: user=0.01 sys=0.00, real=0.00 secs] 
Heap
 PSYoungGen      total 101888K, used 88543K [0x00000007b9c00000, 0x00000007c0000000, 0x00000007c0000000)
  eden space 101376K, 87% used [0x00000007b9c00000,0x00000007bf23feb0,0x00000007bff00000)
  from space 512K, 43% used [0x00000007bff00000,0x00000007bff38000,0x00000007bff80000)
  to   space 512K, 0% used [0x00000007bff80000,0x00000007bff80000,0x00000007c0000000)
 ParOldGen       total 204800K, used 28947K [0x00000007ad400000, 0x00000007b9c00000, 0x00000007b9c00000)
  object space 204800K, 14% used [0x00000007ad400000,0x00000007af044ce8,0x00000007b9c00000)
 Metaspace       used 36383K, capacity 38030K, committed 38192K, reserved 1083392K
  class space    used 4526K, capacity 4842K, committed 4912K, reserved 1048576K
