Java HotSpot(TM) 64-Bit Server VM (25.131-b11) for bsd-amd64 JRE (1.8.0_131-b11), built on Mar 15 2017 01:32:22 by "java_re" with gcc 4.2.1 (Based on Apple Inc. build 5658) (LLVM build 2336.11.00)
Memory: 4k page, physical 8388608k(58756k free)

/proc/meminfo:

CommandLine flags: -XX:InitialHeapSize=104857600 -XX:MaxHeapSize=104857600 -XX:+PrintGC -XX:+PrintGCDetails -XX:+PrintGCTimeStamps -XX:+UseCompressedClassPointers -XX:+UseCompressedOops -XX:+UseParallelGC 
0.381: [GC (Allocation Failure) [PSYoungGen: 25600K->2650K(29696K)] 25600K->2666K(98304K), 0.0031371 secs] [Times: user=0.00 sys=0.00, real=0.01 secs] 
0.526: [GC (Allocation Failure) [PSYoungGen: 28250K->2862K(29696K)] 28266K->2886K(98304K), 0.0029081 secs] [Times: user=0.01 sys=0.01, real=0.00 secs] 
0.597: [GC (Allocation Failure) [PSYoungGen: 28462K->2974K(29696K)] 28486K->3006K(98304K), 0.0024533 secs] [Times: user=0.01 sys=0.01, real=0.00 secs] 
0.674: [GC (Allocation Failure) [PSYoungGen: 28574K->3629K(29696K)] 28606K->3669K(98304K), 0.0030232 secs] [Times: user=0.01 sys=0.01, real=0.00 secs] 
0.763: [GC (Allocation Failure) [PSYoungGen: 29229K->4013K(29696K)] 29269K->4061K(98304K), 0.0040017 secs] [Times: user=0.01 sys=0.01, real=0.01 secs] 
0.826: [GC (Allocation Failure) [PSYoungGen: 29613K->3712K(28672K)] 29661K->3768K(97280K), 0.0033025 secs] [Times: user=0.01 sys=0.00, real=0.00 secs] 
0.907: [GC (Allocation Failure) [PSYoungGen: 28288K->2656K(29184K)] 28344K->4743K(97792K), 0.0057700 secs] [Times: user=0.01 sys=0.00, real=0.00 secs] 
0.986: [GC (Allocation Failure) [PSYoungGen: 27232K->2286K(29184K)] 29319K->4980K(97792K), 0.0022379 secs] [Times: user=0.01 sys=0.00, real=0.00 secs] 
1.062: [GC (Allocation Failure) [PSYoungGen: 26862K->2418K(29184K)] 29556K->5784K(97792K), 0.0084775 secs] [Times: user=0.01 sys=0.00, real=0.01 secs] 
1.152: [GC (Allocation Failure) [PSYoungGen: 26994K->1851K(29184K)] 30360K->5859K(97792K), 0.0022798 secs] [Times: user=0.01 sys=0.00, real=0.01 secs] 
1.225: [GC (Allocation Failure) [PSYoungGen: 26427K->1794K(29184K)] 30435K->6345K(97792K), 0.0032568 secs] [Times: user=0.00 sys=0.00, real=0.00 secs] 
1.272: [GC (Metadata GC Threshold) [PSYoungGen: 14969K->816K(28160K)] 19520K->5679K(96768K), 0.0018711 secs] [Times: user=0.01 sys=0.00, real=0.01 secs] 
1.274: [Full GC (Metadata GC Threshold) [PSYoungGen: 816K->0K(28160K)] [ParOldGen: 4862K->5257K(68608K)] 5679K->5257K(96768K), [Metaspace: 20538K->20538K(1067008K)], 0.0393986 secs] [Times: user=0.12 sys=0.00, real=0.03 secs] 
1.355: [GC (Allocation Failure) [PSYoungGen: 23552K->808K(28672K)] 28809K->6065K(97280K), 0.0024953 secs] [Times: user=0.00 sys=0.00, real=0.00 secs] 
1.474: [GC (Allocation Failure) [PSYoungGen: 24360K->1571K(28672K)] 29617K->7145K(97280K), 0.0022579 secs] [Times: user=0.01 sys=0.00, real=0.00 secs] 
1.625: [GC (Allocation Failure) [PSYoungGen: 25123K->1871K(28672K)] 30697K->8317K(97280K), 0.0049135 secs] [Times: user=0.02 sys=0.00, real=0.00 secs] 
1.790: [GC (Allocation Failure) [PSYoungGen: 25423K->1581K(29184K)] 31869K->9179K(97792K), 0.0023924 secs] [Times: user=0.01 sys=0.00, real=0.00 secs] 
1.919: [GC (Allocation Failure) [PSYoungGen: 26157K->859K(29184K)] 33755K->9060K(97792K), 0.0019572 secs] [Times: user=0.00 sys=0.00, real=0.00 secs] 
2.027: [GC (Allocation Failure) [PSYoungGen: 25435K->1152K(29184K)] 33636K->9361K(97792K), 0.0013636 secs] [Times: user=0.01 sys=0.00, real=0.00 secs] 
2.164: [GC (Allocation Failure) [PSYoungGen: 25728K->2087K(29184K)] 33937K->10305K(97792K), 0.0019041 secs] [Times: user=0.00 sys=0.00, real=0.00 secs] 
2.280: [GC (Allocation Failure) [PSYoungGen: 26663K->2592K(29184K)] 34881K->10817K(97792K), 0.0024119 secs] [Times: user=0.01 sys=0.00, real=0.00 secs] 
2.439: [GC (Allocation Failure) [PSYoungGen: 27168K->4605K(29184K)] 35393K->15364K(97792K), 0.0049068 secs] [Times: user=0.02 sys=0.01, real=0.01 secs] 
2.638: [GC (Allocation Failure) [PSYoungGen: 29181K->4576K(24064K)] 39940K->17044K(92672K), 0.0144405 secs] [Times: user=0.03 sys=0.00, real=0.01 secs] 
2.741: [GC (Allocation Failure) [PSYoungGen: 24032K->3763K(26624K)] 36500K->17735K(95232K), 0.0043793 secs] [Times: user=0.01 sys=0.00, real=0.01 secs] 
2.819: [GC (Allocation Failure) [PSYoungGen: 23219K->953K(26624K)] 37191K->17952K(95232K), 0.0045652 secs] [Times: user=0.01 sys=0.00, real=0.01 secs] 
2.881: [GC (Allocation Failure) [PSYoungGen: 20409K->544K(26624K)] 37408K->18215K(95232K), 0.0025580 secs] [Times: user=0.01 sys=0.00, real=0.01 secs] 
2.956: [GC (Allocation Failure) [PSYoungGen: 20000K->640K(26624K)] 37671K->18743K(95232K), 0.0015807 secs] [Times: user=0.01 sys=0.00, real=0.00 secs] 
3.033: [GC (Allocation Failure) [PSYoungGen: 20096K->673K(26624K)] 38199K->19232K(95232K), 0.0024239 secs] [Times: user=0.01 sys=0.00, real=0.01 secs] 
3.100: [GC (Allocation Failure) [PSYoungGen: 20129K->1147K(27136K)] 38688K->20162K(95744K), 0.0019431 secs] [Times: user=0.01 sys=0.01, real=0.00 secs] 
3.169: [GC (Allocation Failure) [PSYoungGen: 21627K->851K(27136K)] 40642K->20826K(95744K), 0.0031072 secs] [Times: user=0.01 sys=0.00, real=0.00 secs] 
3.250: [GC (Allocation Failure) [PSYoungGen: 21331K->755K(27648K)] 41306K->21050K(96256K), 0.0018650 secs] [Times: user=0.01 sys=0.00, real=0.00 secs] 
3.353: [GC (Allocation Failure) [PSYoungGen: 22259K->544K(27648K)] 42554K->21359K(96256K), 0.0020944 secs] [Times: user=0.00 sys=0.01, real=0.01 secs] 
3.516: [GC (Allocation Failure) [PSYoungGen: 22048K->1056K(28160K)] 42863K->22223K(96768K), 0.0018900 secs] [Times: user=0.00 sys=0.00, real=0.00 secs] 
8.311: [GC (Metadata GC Threshold) [PSYoungGen: 18616K->3198K(27648K)] 39784K->24365K(96256K), 0.0043611 secs] [Times: user=0.01 sys=0.00, real=0.01 secs] 
8.316: [Full GC (Metadata GC Threshold) [PSYoungGen: 3198K->0K(27648K)] [ParOldGen: 21167K->17782K(68608K)] 24365K->17782K(96256K), [Metaspace: 33885K->33885K(1081344K)], 0.0605416 secs] [Times: user=0.18 sys=0.00, real=0.06 secs] 
8.464: [GC (Allocation Failure) [PSYoungGen: 22016K->5617K(25088K)] 39798K->24642K(93696K), 0.0057983 secs] [Times: user=0.02 sys=0.01, real=0.00 secs] 
8.584: [GC (Allocation Failure) [PSYoungGen: 25073K->7154K(26624K)] 44098K->28174K(95232K), 0.0081818 secs] [Times: user=0.03 sys=0.00, real=0.00 secs] 
8.816: [GC (Allocation Failure) [PSYoungGen: 26610K->320K(22528K)] 47630K->27946K(91136K), 0.0090134 secs] [Times: user=0.02 sys=0.00, real=0.01 secs] 
9.017: [GC (Allocation Failure) [PSYoungGen: 15680K->224K(24576K)] 43306K->28066K(93184K), 0.0052129 secs] [Times: user=0.01 sys=0.00, real=0.00 secs] 
9.191: [GC (Allocation Failure) [PSYoungGen: 15584K->288K(25088K)] 43426K->28234K(93696K), 0.0053528 secs] [Times: user=0.01 sys=0.00, real=0.01 secs] 
9.381: [GC (Allocation Failure) [PSYoungGen: 16160K->928K(24576K)] 44106K->28962K(93184K), 0.0071520 secs] [Times: user=0.02 sys=0.00, real=0.01 secs] 
9.554: [GC (Allocation Failure) [PSYoungGen: 16800K->448K(25600K)] 44834K->28683K(94208K), 0.0049488 secs] [Times: user=0.01 sys=0.00, real=0.00 secs] 
9.754: [GC (Allocation Failure) [PSYoungGen: 17856K->384K(25600K)] 46091K->28875K(94208K), 0.0042407 secs] [Times: user=0.01 sys=0.00, real=0.00 secs] 
9.934: [GC (Allocation Failure) [PSYoungGen: 17792K->448K(26624K)] 46283K->29259K(95232K), 0.0070081 secs] [Times: user=0.02 sys=0.00, real=0.00 secs] 
10.138: [GC (Allocation Failure) [PSYoungGen: 19387K->672K(26112K)] 48198K->29635K(94720K), 0.0070783 secs] [Times: user=0.02 sys=0.00, real=0.01 secs] 
10.330: [GC (Allocation Failure) [PSYoungGen: 19616K->768K(27136K)] 48579K->29987K(95744K), 0.0051954 secs] [Times: user=0.02 sys=0.01, real=0.01 secs] 
10.512: [GC (Allocation Failure) [PSYoungGen: 20736K->608K(26624K)] 49955K->30099K(95232K), 0.0073294 secs] [Times: user=0.02 sys=0.00, real=0.01 secs] 
10.739: [GC (Allocation Failure) [PSYoungGen: 20575K->608K(27648K)] 50067K->30428K(96256K), 0.0046140 secs] [Times: user=0.02 sys=0.00, real=0.00 secs] 
10.953: [GC (Allocation Failure) [PSYoungGen: 22112K->480K(27648K)] 51932K->30692K(96256K), 0.0062483 secs] [Times: user=0.02 sys=0.00, real=0.00 secs] 
11.157: [GC (Allocation Failure) [PSYoungGen: 21976K->576K(28160K)] 52189K->30988K(96768K), 0.0049440 secs] [Times: user=0.02 sys=0.00, real=0.00 secs] 
11.387: [GC (Allocation Failure) [PSYoungGen: 23104K->416K(28160K)] 53516K->31285K(96768K), 0.0056012 secs] [Times: user=0.02 sys=0.00, real=0.00 secs] 
11.592: [GC (Allocation Failure) [PSYoungGen: 22944K->544K(29184K)] 53813K->31525K(97792K), 0.0050107 secs] [Times: user=0.02 sys=0.00, real=0.01 secs] 
11.814: [GC (Allocation Failure) [PSYoungGen: 24608K->928K(28672K)] 55589K->32157K(97280K), 0.0030512 secs] [Times: user=0.01 sys=0.00, real=0.00 secs] 
12.037: [GC (Allocation Failure) [PSYoungGen: 24992K->800K(29696K)] 56221K->32173K(98304K), 0.0033975 secs] [Times: user=0.01 sys=0.00, real=0.00 secs] 
12.244: [GC (Allocation Failure) [PSYoungGen: 25888K->352K(29184K)] 57261K->32278K(97792K), 0.0054444 secs] [Times: user=0.01 sys=0.00, real=0.00 secs] 
12.464: [GC (Allocation Failure) [PSYoungGen: 25440K->1088K(30208K)] 57366K->33166K(98816K), 0.0052031 secs] [Times: user=0.01 sys=0.00, real=0.00 secs] 
12.671: [GC (Allocation Failure) [PSYoungGen: 27200K->384K(29696K)] 59278K->33095K(98304K), 0.0057398 secs] [Times: user=0.01 sys=0.00, real=0.01 secs] 
12.879: [GC (Allocation Failure) [PSYoungGen: 26496K->480K(30208K)] 59207K->33231K(98816K), 0.0038510 secs] [Times: user=0.01 sys=0.00, real=0.00 secs] 
13.094: [GC (Allocation Failure) [PSYoungGen: 27104K->416K(30208K)] 59855K->33271K(98816K), 0.0038518 secs] [Times: user=0.01 sys=0.00, real=0.00 secs] 
13.285: [GC (Allocation Failure) [PSYoungGen: 27040K->320K(30720K)] 59895K->33223K(99328K), 0.0035346 secs] [Times: user=0.01 sys=0.00, real=0.00 secs] 
13.478: [GC (Allocation Failure) [PSYoungGen: 27968K->352K(30720K)] 60871K->33343K(99328K), 0.0046336 secs] [Times: user=0.02 sys=0.00, real=0.00 secs] 
13.678: [GC (Allocation Failure) [PSYoungGen: 28000K->256K(30720K)] 60991K->33303K(99328K), 0.0053596 secs] [Times: user=0.02 sys=0.00, real=0.01 secs] 
13.933: [GC (Allocation Failure) [PSYoungGen: 27898K->352K(30720K)] 60945K->33443K(99328K), 0.0054323 secs] [Times: user=0.01 sys=0.00, real=0.03 secs] 
14.188: [GC (Allocation Failure) [PSYoungGen: 28000K->224K(31232K)] 61091K->33387K(99840K), 0.0089267 secs] [Times: user=0.01 sys=0.00, real=0.01 secs] 
14.404: [GC (Allocation Failure) [PSYoungGen: 28896K->352K(31232K)] 62059K->33571K(99840K), 0.0040028 secs] [Times: user=0.01 sys=0.00, real=0.00 secs] 
14.676: [GC (Allocation Failure) [PSYoungGen: 29024K->256K(31232K)] 62243K->33531K(99840K), 0.0054088 secs] [Times: user=0.01 sys=0.00, real=0.00 secs] 
14.888: [GC (Allocation Failure) [PSYoungGen: 28927K->288K(31232K)] 62203K->33643K(99840K), 0.0033938 secs] [Times: user=0.01 sys=0.00, real=0.00 secs] 
15.143: [GC (Allocation Failure) [PSYoungGen: 28960K->416K(31744K)] 62315K->33803K(100352K), 0.0037148 secs] [Times: user=0.01 sys=0.00, real=0.00 secs] 
15.355: [GC (Allocation Failure) [PSYoungGen: 30112K->496K(31744K)] 63499K->33979K(100352K), 0.0054512 secs] [Times: user=0.02 sys=0.00, real=0.00 secs] 
15.573: [GC (Allocation Failure) [PSYoungGen: 30192K->512K(31744K)] 63675K->34291K(100352K), 0.0041797 secs] [Times: user=0.02 sys=0.00, real=0.01 secs] 
15.812: [GC (Allocation Failure) [PSYoungGen: 30208K->672K(31744K)] 63987K->34627K(100352K), 0.0049795 secs] [Times: user=0.01 sys=0.00, real=0.01 secs] 
16.030: [GC (Allocation Failure) [PSYoungGen: 30368K->704K(31744K)] 64323K->35003K(100352K), 0.0083670 secs] [Times: user=0.01 sys=0.00, real=0.01 secs] 
16.278: [GC (Allocation Failure) [PSYoungGen: 30400K->384K(31744K)] 64699K->35092K(100352K), 0.0049573 secs] [Times: user=0.02 sys=0.00, real=0.00 secs] 
16.507: [GC (Allocation Failure) [PSYoungGen: 30080K->640K(32256K)] 64788K->35612K(100864K), 0.0058196 secs] [Times: user=0.01 sys=0.01, real=0.00 secs] 
16.727: [GC (Allocation Failure) [PSYoungGen: 31357K->544K(32256K)] 66330K->35668K(100864K), 0.0035254 secs] [Times: user=0.01 sys=0.00, real=0.00 secs] 
16.947: [GC (Allocation Failure) [PSYoungGen: 31264K->704K(32256K)] 66388K->36020K(100864K), 0.0043627 secs] [Times: user=0.02 sys=0.00, real=0.00 secs] 
17.147: [GC (Allocation Failure) [PSYoungGen: 31416K->512K(32256K)] 66732K->36108K(100864K), 0.0063038 secs] [Times: user=0.02 sys=0.00, real=0.01 secs] 
17.347: [GC (Allocation Failure) [PSYoungGen: 31232K->672K(32256K)] 66828K->36476K(100864K), 0.0047965 secs] [Times: user=0.01 sys=0.00, real=0.00 secs] 
17.537: [GC (Allocation Failure) [PSYoungGen: 31392K->576K(32256K)] 67196K->36612K(100864K), 0.0041572 secs] [Times: user=0.01 sys=0.00, real=0.00 secs] 
17.742: [GC (Allocation Failure) [PSYoungGen: 31296K->544K(32256K)] 67332K->36740K(100864K), 0.0055708 secs] [Times: user=0.01 sys=0.00, real=0.01 secs] 
17.948: [GC (Allocation Failure) [PSYoungGen: 31264K->416K(32256K)] 67460K->36708K(100864K), 0.0041318 secs] [Times: user=0.01 sys=0.00, real=0.00 secs] 
18.146: [GC (Allocation Failure) [PSYoungGen: 31136K->512K(32256K)] 67428K->36861K(100864K), 0.0075458 secs] [Times: user=0.01 sys=0.00, real=0.00 secs] 
18.349: [GC (Allocation Failure) [PSYoungGen: 31232K->448K(32256K)] 67581K->36869K(100864K), 0.0051938 secs] [Times: user=0.01 sys=0.00, real=0.01 secs] 
18.556: [GC (Allocation Failure) [PSYoungGen: 31168K->256K(32768K)] 67589K->36829K(101376K), 0.0027840 secs] [Times: user=0.01 sys=0.00, real=0.00 secs] 
18.793: [GC (Allocation Failure) [PSYoungGen: 31996K->288K(32768K)] 68569K->36909K(101376K), 0.0053776 secs] [Times: user=0.02 sys=0.00, real=0.01 secs] 
19.005: [GC (Allocation Failure) [PSYoungGen: 32026K->288K(32768K)] 68647K->36957K(101376K), 0.0039588 secs] [Times: user=0.02 sys=0.00, real=0.00 secs] 
19.202: [GC (Allocation Failure) [PSYoungGen: 32032K->320K(32768K)] 68701K->37061K(101376K), 0.0046979 secs] [Times: user=0.01 sys=0.00, real=0.01 secs] 
19.388: [GC (Allocation Failure) [PSYoungGen: 32064K->256K(32768K)] 68805K->37077K(101376K), 0.0029545 secs] [Times: user=0.01 sys=0.01, real=0.00 secs] 
19.580: [GC (Allocation Failure) [PSYoungGen: 32000K->192K(32768K)] 68821K->37069K(101376K), 0.0046673 secs] [Times: user=0.02 sys=0.00, real=0.01 secs] 
19.756: [GC (Allocation Failure) [PSYoungGen: 31936K->288K(32768K)] 68813K->37237K(101376K), 0.0042136 secs] [Times: user=0.02 sys=0.00, real=0.00 secs] 
19.931: [GC (Allocation Failure) [PSYoungGen: 32032K->224K(32768K)] 68981K->37261K(101376K), 0.0031624 secs] [Times: user=0.01 sys=0.01, real=0.01 secs] 
20.113: [GC (Allocation Failure) [PSYoungGen: 31961K->288K(32768K)] 68998K->37437K(101376K), 0.0035682 secs] [Times: user=0.01 sys=0.00, real=0.01 secs] 
20.298: [GC (Allocation Failure) [PSYoungGen: 32032K->384K(32768K)] 69181K->37613K(101376K), 0.0044820 secs] [Times: user=0.01 sys=0.00, real=0.00 secs] 
20.467: [GC (Allocation Failure) [PSYoungGen: 32125K->320K(32768K)] 69354K->37605K(101376K), 0.0027547 secs] [Times: user=0.01 sys=0.00, real=0.00 secs] 
20.644: [GC (Allocation Failure) [PSYoungGen: 32064K->1024K(32768K)] 69349K->38517K(101376K), 0.0035088 secs] [Times: user=0.01 sys=0.00, real=0.00 secs] 
20.823: [GC (Allocation Failure) [PSYoungGen: 32768K->384K(32768K)] 70261K->38477K(101376K), 0.0038049 secs] [Times: user=0.02 sys=0.00, real=0.00 secs] 
20.985: [GC (Allocation Failure) [PSYoungGen: 32128K->128K(32768K)] 70221K->38318K(101376K), 0.0030240 secs] [Times: user=0.01 sys=0.00, real=0.00 secs] 
21.167: [GC (Allocation Failure) [PSYoungGen: 31872K->224K(32768K)] 70062K->38454K(101376K), 0.0031665 secs] [Times: user=0.01 sys=0.00, real=0.00 secs] 
21.444: [GC (Allocation Failure) [PSYoungGen: 31968K->256K(32768K)] 70198K->38526K(101376K), 0.0053338 secs] [Times: user=0.01 sys=0.00, real=0.00 secs] 
21.661: [GC (Allocation Failure) [PSYoungGen: 32000K->320K(32768K)] 70270K->38630K(101376K), 0.0028979 secs] [Times: user=0.01 sys=0.00, real=0.01 secs] 
21.876: [GC (Allocation Failure) [PSYoungGen: 32062K->320K(32768K)] 70372K->38630K(101376K), 0.0115013 secs] [Times: user=0.02 sys=0.00, real=0.01 secs] 
22.389: [GC (Allocation Failure) [PSYoungGen: 32064K->672K(32768K)] 70374K->39078K(101376K), 0.0048239 secs] [Times: user=0.01 sys=0.00, real=0.01 secs] 
22.603: [GC (Allocation Failure) [PSYoungGen: 32414K->224K(32768K)] 70820K->38654K(101376K), 0.0028873 secs] [Times: user=0.01 sys=0.00, real=0.00 secs] 
22.780: [GC (Allocation Failure) [PSYoungGen: 31968K->256K(32768K)] 70398K->38726K(101376K), 0.0034078 secs] [Times: user=0.00 sys=0.00, real=0.00 secs] 
22.949: [GC (Allocation Failure) [PSYoungGen: 32000K->288K(32768K)] 70470K->38822K(101376K), 0.0038724 secs] [Times: user=0.01 sys=0.00, real=0.01 secs] 
23.185: [GC (Allocation Failure) [PSYoungGen: 32032K->288K(32768K)] 70566K->38974K(101376K), 0.0034692 secs] [Times: user=0.01 sys=0.00, real=0.00 secs] 
23.516: [GC (Allocation Failure) [PSYoungGen: 32032K->192K(32768K)] 70718K->38966K(101376K), 0.0132680 secs] [Times: user=0.01 sys=0.00, real=0.01 secs] 
23.829: [GC (Allocation Failure) [PSYoungGen: 31936K->320K(32768K)] 70710K->39134K(101376K), 0.0023889 secs] [Times: user=0.00 sys=0.00, real=0.00 secs] 
23.981: [GC (Allocation Failure) [PSYoungGen: 32064K->160K(32768K)] 70878K->39062K(101376K), 0.0020166 secs] [Times: user=0.01 sys=0.00, real=0.00 secs] 
24.148: [GC (Allocation Failure) [PSYoungGen: 31904K->192K(32768K)] 70806K->39190K(101376K), 0.0031722 secs] [Times: user=0.00 sys=0.00, real=0.00 secs] 
24.373: [GC (Allocation Failure) [PSYoungGen: 31936K->384K(32768K)] 70934K->39486K(101376K), 0.0064771 secs] [Times: user=0.01 sys=0.01, real=0.01 secs] 
24.521: [GC (Allocation Failure) [PSYoungGen: 32128K->224K(32768K)] 71230K->39614K(101376K), 0.0072114 secs] [Times: user=0.02 sys=0.00, real=0.01 secs] 
24.647: [GC (Allocation Failure) [PSYoungGen: 31968K->512K(32768K)] 71358K->39998K(101376K), 0.0022883 secs] [Times: user=0.00 sys=0.00, real=0.00 secs] 
24.787: [GC (Allocation Failure) [PSYoungGen: 32256K->224K(32768K)] 71742K->40111K(101376K), 0.0036109 secs] [Times: user=0.01 sys=0.00, real=0.00 secs] 
24.941: [GC (Allocation Failure) [PSYoungGen: 31968K->608K(32768K)] 71855K->40551K(101376K), 0.0030470 secs] [Times: user=0.01 sys=0.00, real=0.01 secs] 
25.072: [GC (Allocation Failure) [PSYoungGen: 32352K->160K(32768K)] 72295K->40159K(101376K), 0.0030724 secs] [Times: user=0.01 sys=0.00, real=0.01 secs] 
25.231: [GC (Allocation Failure) [PSYoungGen: 31904K->128K(32768K)] 71903K->40167K(101376K), 0.0027558 secs] [Times: user=0.01 sys=0.00, real=0.01 secs] 
25.479: [GC (Allocation Failure) [PSYoungGen: 31872K->160K(32768K)] 71911K->40239K(101376K), 0.0051627 secs] [Times: user=0.00 sys=0.00, real=0.01 secs] 
25.618: [GC (Allocation Failure) [PSYoungGen: 31904K->128K(32768K)] 71983K->40247K(101376K), 0.0036003 secs] [Times: user=0.01 sys=0.00, real=0.00 secs] 
25.746: [GC (Allocation Failure) [PSYoungGen: 31871K->128K(32768K)] 71990K->40279K(101376K), 0.0017466 secs] [Times: user=0.00 sys=0.00, real=0.00 secs] 
25.856: [GC (Allocation Failure) [PSYoungGen: 31872K->256K(32768K)] 72023K->40463K(101376K), 0.0022035 secs] [Times: user=0.01 sys=0.00, real=0.00 secs] 
25.994: [GC (Allocation Failure) [PSYoungGen: 32000K->256K(32768K)] 72207K->40623K(101376K), 0.0042000 secs] [Times: user=0.01 sys=0.00, real=0.00 secs] 
26.179: [GC (Allocation Failure) [PSYoungGen: 32000K->256K(32768K)] 72367K->40799K(101376K), 0.0069522 secs] [Times: user=0.01 sys=0.00, real=0.01 secs] 
26.307: [GC (Allocation Failure) [PSYoungGen: 32000K->256K(32768K)] 72543K->40871K(101376K), 0.0025731 secs] [Times: user=0.00 sys=0.00, real=0.00 secs] 
26.422: [GC (Allocation Failure) [PSYoungGen: 32000K->256K(32768K)] 72615K->41047K(101376K), 0.0042617 secs] [Times: user=0.01 sys=0.00, real=0.01 secs] 
26.524: [GC (Allocation Failure) [PSYoungGen: 32000K->224K(33280K)] 72791K->41192K(101888K), 0.0023259 secs] [Times: user=0.01 sys=0.00, real=0.00 secs] 
26.630: [GC (Allocation Failure) [PSYoungGen: 32992K->352K(33280K)] 73960K->41352K(101888K), 0.0034413 secs] [Times: user=0.01 sys=0.00, real=0.01 secs] 
26.739: [GC (Allocation Failure) [PSYoungGen: 33120K->128K(33280K)] 74120K->41368K(101888K), 0.0029554 secs] [Times: user=0.01 sys=0.00, real=0.00 secs] 
26.843: [GC (Allocation Failure) [PSYoungGen: 32896K->128K(33280K)] 74136K->41424K(101888K), 0.0031754 secs] [Times: user=0.01 sys=0.00, real=0.00 secs] 
26.943: [GC (Allocation Failure) [PSYoungGen: 32896K->160K(33280K)] 74192K->41488K(101888K), 0.0025866 secs] [Times: user=0.01 sys=0.00, real=0.01 secs] 
27.055: [GC (Allocation Failure) [PSYoungGen: 32928K->352K(33280K)] 74256K->41776K(101888K), 0.0020472 secs] [Times: user=0.01 sys=0.01, real=0.00 secs] 
27.154: [GC (Allocation Failure) [PSYoungGen: 33120K->512K(32256K)] 74544K->42609K(100864K), 0.0030230 secs] [Times: user=0.01 sys=0.00, real=0.00 secs] 
27.264: [GC (Allocation Failure) [PSYoungGen: 32256K->288K(32768K)] 74353K->42441K(101376K), 0.0033305 secs] [Times: user=0.00 sys=0.00, real=0.00 secs] 
27.342: [GC (Allocation Failure) [PSYoungGen: 32032K->288K(32768K)] 74185K->42513K(101376K), 0.0026082 secs] [Times: user=0.01 sys=0.00, real=0.01 secs] 
27.413: [GC (Allocation Failure) [PSYoungGen: 32032K->224K(32768K)] 74257K->42505K(101376K), 0.0019934 secs] [Times: user=0.01 sys=0.00, real=0.01 secs] 
27.481: [GC (Allocation Failure) [PSYoungGen: 31968K->192K(32768K)] 74249K->42553K(101376K), 0.0024413 secs] [Times: user=0.00 sys=0.00, real=0.00 secs] 
27.554: [GC (Allocation Failure) [PSYoungGen: 31936K->576K(32768K)] 74297K->43041K(101376K), 0.0027015 secs] [Times: user=0.01 sys=0.00, real=0.00 secs] 
27.622: [GC (Allocation Failure) [PSYoungGen: 32320K->320K(32768K)] 74785K->42889K(101376K), 0.0024726 secs] [Times: user=0.01 sys=0.00, real=0.01 secs] 
27.689: [GC (Allocation Failure) [PSYoungGen: 32064K->64K(32768K)] 74633K->42657K(101376K), 0.0032253 secs] [Times: user=0.01 sys=0.00, real=0.00 secs] 
27.754: [GC (Allocation Failure) [PSYoungGen: 31808K->96K(32768K)] 74401K->42713K(101376K), 0.0027446 secs] [Times: user=0.01 sys=0.00, real=0.00 secs] 
27.821: [GC (Allocation Failure) [PSYoungGen: 31838K->96K(32768K)] 74455K->42737K(101376K), 0.0033871 secs] [Times: user=0.01 sys=0.00, real=0.01 secs] 
27.886: [GC (Allocation Failure) [PSYoungGen: 31840K->128K(32768K)] 74481K->42785K(101376K), 0.0023866 secs] [Times: user=0.01 sys=0.00, real=0.00 secs] 
27.953: [GC (Allocation Failure) [PSYoungGen: 31872K->128K(32768K)] 74529K->42817K(101376K), 0.0033352 secs] [Times: user=0.00 sys=0.00, real=0.01 secs] 
28.076: [GC (Allocation Failure) [PSYoungGen: 31868K->160K(32768K)] 74558K->42873K(101376K), 0.0027270 secs] [Times: user=0.01 sys=0.00, real=0.00 secs] 
28.150: [GC (Allocation Failure) [PSYoungGen: 31904K->96K(32768K)] 74617K->42841K(101376K), 0.0022581 secs] [Times: user=0.00 sys=0.01, real=0.00 secs] 
28.230: [GC (Allocation Failure) [PSYoungGen: 31840K->128K(32768K)] 74585K->42897K(101376K), 0.0040538 secs] [Times: user=0.01 sys=0.00, real=0.01 secs] 
28.311: [GC (Allocation Failure) [PSYoungGen: 31872K->128K(32768K)] 74641K->42929K(101376K), 0.0022617 secs] [Times: user=0.01 sys=0.00, real=0.00 secs] 
28.397: [GC (Allocation Failure) [PSYoungGen: 31872K->64K(32768K)] 74673K->42881K(101376K), 0.0030668 secs] [Times: user=0.01 sys=0.00, real=0.00 secs] 
28.464: [GC (Allocation Failure) [PSYoungGen: 31808K->96K(32768K)] 74625K->42929K(101376K), 0.0075896 secs] [Times: user=0.02 sys=0.00, real=0.00 secs] 
28.533: [GC (Allocation Failure) [PSYoungGen: 31840K->64K(32768K)] 74673K->42921K(101376K), 0.0031351 secs] [Times: user=0.01 sys=0.00, real=0.01 secs] 
28.596: [GC (Allocation Failure) [PSYoungGen: 31808K->160K(32768K)] 74665K->43049K(101376K), 0.0019136 secs] [Times: user=0.01 sys=0.00, real=0.00 secs] 
28.665: [GC (Allocation Failure) [PSYoungGen: 31904K->128K(33280K)] 74793K->43049K(101888K), 0.0046224 secs] [Times: user=0.00 sys=0.00, real=0.00 secs] 
28.735: [GC (Allocation Failure) [PSYoungGen: 32896K->160K(33280K)] 75817K->43097K(101888K), 0.0036046 secs] [Times: user=0.01 sys=0.00, real=0.00 secs] 
28.795: [GC (Allocation Failure) [PSYoungGen: 32920K->96K(33280K)] 75857K->43073K(101888K), 0.0026850 secs] [Times: user=0.00 sys=0.00, real=0.00 secs] 
28.861: [GC (Allocation Failure) [PSYoungGen: 32856K->128K(33280K)] 75833K->43129K(101888K), 0.0032922 secs] [Times: user=0.00 sys=0.00, real=0.01 secs] 
28.962: [GC (Allocation Failure) [PSYoungGen: 32896K->128K(33280K)] 75897K->43161K(101888K), 0.0017267 secs] [Times: user=0.01 sys=0.00, real=0.01 secs] 
29.058: [GC (Allocation Failure) [PSYoungGen: 32896K->96K(33280K)] 75929K->43161K(101888K), 0.0024343 secs] [Times: user=0.00 sys=0.01, real=0.00 secs] 
29.123: [GC (Allocation Failure) [PSYoungGen: 32864K->96K(33280K)] 75929K->43193K(101888K), 0.0029861 secs] [Times: user=0.00 sys=0.00, real=0.00 secs] 
29.196: [GC (Allocation Failure) [PSYoungGen: 32864K->128K(33280K)] 75961K->43249K(101888K), 0.0027617 secs] [Times: user=0.01 sys=0.00, real=0.00 secs] 
29.263: [GC (Allocation Failure) [PSYoungGen: 32896K->128K(33280K)] 76017K->43273K(101888K), 0.0028071 secs] [Times: user=0.01 sys=0.00, real=0.00 secs] 
29.325: [GC (Allocation Failure) [PSYoungGen: 32896K->96K(33280K)] 76041K->43257K(101888K), 0.0023924 secs] [Times: user=0.00 sys=0.00, real=0.00 secs] 
29.434: [GC (Allocation Failure) [PSYoungGen: 32864K->128K(33280K)] 76025K->43321K(101888K), 0.0017960 secs] [Times: user=0.01 sys=0.00, real=0.00 secs] 
29.495: [GC (Allocation Failure) [PSYoungGen: 32895K->128K(33280K)] 76088K->43353K(101888K), 0.0017387 secs] [Times: user=0.00 sys=0.00, real=0.00 secs] 
29.580: [GC (Allocation Failure) [PSYoungGen: 32894K->128K(33280K)] 76120K->43385K(101888K), 0.0044471 secs] [Times: user=0.00 sys=0.00, real=0.01 secs] 
29.646: [GC (Allocation Failure) [PSYoungGen: 32896K->128K(33280K)] 76153K->43417K(101888K), 0.0017813 secs] [Times: user=0.00 sys=0.00, real=0.00 secs] 
29.771: [GC (Allocation Failure) [PSYoungGen: 32896K->128K(33280K)] 76185K->43449K(101888K), 0.0024991 secs] [Times: user=0.01 sys=0.00, real=0.01 secs] 
29.844: [GC (Allocation Failure) [PSYoungGen: 32896K->192K(33280K)] 76217K->43561K(101888K), 0.0021567 secs] [Times: user=0.01 sys=0.00, real=0.00 secs] 
29.911: [GC (Allocation Failure) [PSYoungGen: 32960K->224K(33280K)] 76329K->43641K(101888K), 0.0024945 secs] [Times: user=0.00 sys=0.00, real=0.00 secs] 
30.006: [GC (Allocation Failure) [PSYoungGen: 32992K->160K(33280K)] 76409K->43641K(101888K), 0.0028501 secs] [Times: user=0.01 sys=0.00, real=0.00 secs] 
30.076: [GC (Allocation Failure) [PSYoungGen: 32928K->128K(33280K)] 76409K->43641K(101888K), 0.0035450 secs] [Times: user=0.01 sys=0.00, real=0.00 secs] 
30.144: [GC (Allocation Failure) [PSYoungGen: 32896K->96K(33280K)] 76409K->43633K(101888K), 0.0023725 secs] [Times: user=0.01 sys=0.00, real=0.00 secs] 
30.213: [GC (Allocation Failure) [PSYoungGen: 32864K->128K(33280K)] 76401K->43697K(101888K), 0.0035909 secs] [Times: user=0.01 sys=0.00, real=0.00 secs] 
30.278: [GC (Allocation Failure) [PSYoungGen: 32896K->64K(33280K)] 76465K->43649K(101888K), 0.0039787 secs] [Times: user=0.01 sys=0.00, real=0.00 secs] 
30.339: [GC (Allocation Failure) [PSYoungGen: 32832K->64K(33280K)] 76417K->43665K(101888K), 0.0035802 secs] [Times: user=0.01 sys=0.00, real=0.00 secs] 
30.404: [GC (Allocation Failure) [PSYoungGen: 32832K->128K(33280K)] 76433K->43753K(101888K), 0.0017702 secs] [Times: user=0.01 sys=0.00, real=0.00 secs] 
30.468: [GC (Allocation Failure) [PSYoungGen: 32896K->128K(33280K)] 76521K->43793K(101888K), 0.0020358 secs] [Times: user=0.01 sys=0.00, real=0.00 secs] 
30.528: [GC (Allocation Failure) [PSYoungGen: 32896K->192K(33280K)] 76561K->43889K(101888K), 0.0019734 secs] [Times: user=0.00 sys=0.00, real=0.00 secs] 
30.651: [GC (Allocation Failure) [PSYoungGen: 32960K->64K(33280K)] 76657K->43865K(101888K), 0.0042712 secs] [Times: user=0.00 sys=0.00, real=0.01 secs] 
30.742: [GC (Allocation Failure) [PSYoungGen: 32832K->128K(33280K)] 76633K->43961K(101888K), 0.0022400 secs] [Times: user=0.01 sys=0.01, real=0.01 secs] 
30.808: [GC (Allocation Failure) [PSYoungGen: 32893K->128K(33280K)] 76726K->43993K(101888K), 0.0034453 secs] [Times: user=0.01 sys=0.00, real=0.00 secs] 
30.876: [GC (Allocation Failure) [PSYoungGen: 32896K->128K(33280K)] 76761K->44025K(101888K), 0.0027081 secs] [Times: user=0.00 sys=0.00, real=0.00 secs] 
30.940: [GC (Allocation Failure) [PSYoungGen: 32896K->96K(33280K)] 76793K->44017K(101888K), 0.0020702 secs] [Times: user=0.00 sys=0.00, real=0.00 secs] 
30.996: [GC (Allocation Failure) [PSYoungGen: 32864K->96K(33280K)] 76785K->44049K(101888K), 0.0018964 secs] [Times: user=0.01 sys=0.00, real=0.00 secs] 
31.065: [GC (Allocation Failure) [PSYoungGen: 32864K->128K(33280K)] 76817K->44113K(101888K), 0.0025543 secs] [Times: user=0.01 sys=0.00, real=0.00 secs] 
31.125: [GC (Allocation Failure) [PSYoungGen: 32896K->128K(33280K)] 76881K->44145K(101888K), 0.0020245 secs] [Times: user=0.01 sys=0.00, real=0.00 secs] 
31.196: [GC (Allocation Failure) [PSYoungGen: 32896K->96K(33280K)] 76913K->44137K(101888K), 0.0023631 secs] [Times: user=0.01 sys=0.00, real=0.00 secs] 
31.255: [GC (Allocation Failure) [PSYoungGen: 32864K->96K(33280K)] 76905K->44161K(101888K), 0.0019479 secs] [Times: user=0.00 sys=0.00, real=0.00 secs] 
31.316: [GC (Allocation Failure) [PSYoungGen: 32864K->96K(33280K)] 76929K->44185K(101888K), 0.0028584 secs] [Times: user=0.01 sys=0.00, real=0.00 secs] 
31.389: [GC (Allocation Failure) [PSYoungGen: 32864K->96K(33280K)] 76953K->44209K(101888K), 0.0036565 secs] [Times: user=0.01 sys=0.00, real=0.00 secs] 
31.458: [GC (Allocation Failure) [PSYoungGen: 32864K->64K(33280K)] 76977K->44201K(101888K), 0.0026523 secs] [Times: user=0.01 sys=0.00, real=0.00 secs] 
31.521: [GC (Allocation Failure) [PSYoungGen: 32832K->96K(33280K)] 76969K->44249K(101888K), 0.0028150 secs] [Times: user=0.01 sys=0.01, real=0.01 secs] 
31.583: [GC (Allocation Failure) [PSYoungGen: 32864K->128K(33280K)] 77017K->44313K(101888K), 0.0017982 secs] [Times: user=0.00 sys=0.00, real=0.00 secs] 
31.638: [GC (Allocation Failure) [PSYoungGen: 32896K->128K(33280K)] 77081K->44345K(101888K), 0.0017688 secs] [Times: user=0.00 sys=0.00, real=0.00 secs] 
31.695: [GC (Allocation Failure) [PSYoungGen: 32896K->128K(33280K)] 77113K->44377K(101888K), 0.0029026 secs] [Times: user=0.01 sys=0.00, real=0.00 secs] 
31.755: [GC (Allocation Failure) [PSYoungGen: 32896K->96K(33280K)] 77145K->44369K(101888K), 0.0028713 secs] [Times: user=0.01 sys=0.00, real=0.00 secs] 
31.812: [GC (Allocation Failure) [PSYoungGen: 32864K->96K(33280K)] 77137K->44401K(101888K), 0.0023957 secs] [Times: user=0.01 sys=0.00, real=0.01 secs] 
31.878: [GC (Allocation Failure) [PSYoungGen: 32864K->96K(33280K)] 77169K->44433K(101888K), 0.0044933 secs] [Times: user=0.01 sys=0.00, real=0.00 secs] 
31.950: [GC (Allocation Failure) [PSYoungGen: 32864K->64K(33280K)] 77201K->44425K(101888K), 0.0024687 secs] [Times: user=0.01 sys=0.00, real=0.00 secs] 
32.019: [GC (Allocation Failure) [PSYoungGen: 32832K->128K(33280K)] 77193K->44513K(101888K), 0.0026848 secs] [Times: user=0.01 sys=0.00, real=0.00 secs] 
32.086: [GC (Allocation Failure) [PSYoungGen: 32896K->128K(33280K)] 77281K->44545K(101888K), 0.0017895 secs] [Times: user=0.01 sys=0.00, real=0.00 secs] 
32.143: [GC (Allocation Failure) [PSYoungGen: 32896K->128K(33280K)] 77313K->44577K(101888K), 0.0016871 secs] [Times: user=0.00 sys=0.00, real=0.00 secs] 
32.206: [GC (Allocation Failure) [PSYoungGen: 32896K->64K(33280K)] 77345K->44537K(101888K), 0.0026765 secs] [Times: user=0.00 sys=0.00, real=0.00 secs] 
32.264: [GC (Allocation Failure) [PSYoungGen: 32827K->128K(33280K)] 77301K->44625K(101888K), 0.0031408 secs] [Times: user=0.00 sys=0.00, real=0.00 secs] 
32.322: [GC (Allocation Failure) [PSYoungGen: 32896K->96K(33280K)] 77393K->44617K(101888K), 0.0068960 secs] [Times: user=0.01 sys=0.00, real=0.01 secs] 
32.397: [GC (Allocation Failure) [PSYoungGen: 32859K->96K(33280K)] 77381K->44641K(101888K), 0.0055443 secs] [Times: user=0.01 sys=0.00, real=0.00 secs] 
32.469: [GC (Allocation Failure) [PSYoungGen: 32864K->128K(33280K)] 77409K->44705K(101888K), 0.0078428 secs] [Times: user=0.01 sys=0.00, real=0.01 secs] 
32.532: [GC (Allocation Failure) [PSYoungGen: 32896K->128K(33280K)] 77473K->44737K(101888K), 0.0019751 secs] [Times: user=0.00 sys=0.00, real=0.01 secs] 
32.596: [GC (Allocation Failure) [PSYoungGen: 32896K->96K(33280K)] 77505K->44729K(101888K), 0.0020155 secs] [Times: user=0.01 sys=0.00, real=0.00 secs] 
32.663: [GC (Allocation Failure) [PSYoungGen: 32864K->96K(33280K)] 77497K->44753K(101888K), 0.0019128 secs] [Times: user=0.01 sys=0.00, real=0.00 secs] 
32.731: [GC (Allocation Failure) [PSYoungGen: 32864K->96K(33280K)] 77521K->44785K(101888K), 0.0028462 secs] [Times: user=0.00 sys=0.00, real=0.01 secs] 
32.799: [GC (Allocation Failure) [PSYoungGen: 32864K->160K(33280K)] 77553K->44889K(101888K), 0.0029216 secs] [Times: user=0.01 sys=0.00, real=0.00 secs] 
32.857: [GC (Allocation Failure) [PSYoungGen: 32928K->128K(33280K)] 77657K->44881K(101888K), 0.0031262 secs] [Times: user=0.00 sys=0.00, real=0.00 secs] 
32.914: [GC (Allocation Failure) [PSYoungGen: 32896K->160K(33280K)] 77649K->44945K(101888K), 0.0117458 secs] [Times: user=0.01 sys=0.00, real=0.01 secs] 
32.980: [GC (Allocation Failure) [PSYoungGen: 32928K->128K(33280K)] 77713K->44937K(101888K), 0.0028884 secs] [Times: user=0.01 sys=0.00, real=0.01 secs] 
33.038: [GC (Allocation Failure) [PSYoungGen: 32896K->128K(33280K)] 77705K->44969K(101888K), 0.0024909 secs] [Times: user=0.00 sys=0.00, real=0.00 secs] 
33.097: [GC (Allocation Failure) [PSYoungGen: 32896K->96K(33280K)] 77737K->44961K(101888K), 0.0024167 secs] [Times: user=0.00 sys=0.00, real=0.00 secs] 
33.158: [GC (Allocation Failure) [PSYoungGen: 32864K->96K(33280K)] 77729K->44985K(101888K), 0.0020357 secs] [Times: user=0.01 sys=0.00, real=0.00 secs] 
33.215: [GC (Allocation Failure) [PSYoungGen: 32864K->128K(33280K)] 77753K->45049K(101888K), 0.0029246 secs] [Times: user=0.01 sys=0.00, real=0.00 secs] 
33.281: [GC (Allocation Failure) [PSYoungGen: 32896K->128K(33280K)] 77817K->45081K(101888K), 0.0018605 secs] [Times: user=0.00 sys=0.00, real=0.00 secs] 
33.336: [GC (Allocation Failure) [PSYoungGen: 32896K->96K(33280K)] 77849K->45073K(101888K), 0.0025930 secs] [Times: user=0.01 sys=0.00, real=0.00 secs] 
33.388: [GC (Allocation Failure) [PSYoungGen: 32864K->128K(33280K)] 77841K->45153K(101888K), 0.0018255 secs] [Times: user=0.00 sys=0.00, real=0.00 secs] 
33.449: [GC (Allocation Failure) [PSYoungGen: 32896K->128K(33280K)] 77921K->45185K(101888K), 0.0018726 secs] [Times: user=0.00 sys=0.00, real=0.00 secs] 
33.510: [GC (Allocation Failure) [PSYoungGen: 32896K->128K(33280K)] 77953K->45209K(101888K), 0.0021436 secs] [Times: user=0.01 sys=0.00, real=0.00 secs] 
33.575: [GC (Allocation Failure) [PSYoungGen: 32896K->128K(33280K)] 77977K->45257K(101888K), 0.0062173 secs] [Times: user=0.01 sys=0.00, real=0.00 secs] 
33.644: [GC (Allocation Failure) [PSYoungGen: 32896K->224K(33280K)] 78025K->45385K(101888K), 0.0026832 secs] [Times: user=0.00 sys=0.01, real=0.00 secs] 
33.705: [GC (Allocation Failure) [PSYoungGen: 32992K->128K(33280K)] 78153K->45321K(101888K), 0.0017236 secs] [Times: user=0.00 sys=0.00, real=0.00 secs] 
33.778: [GC (Allocation Failure) [PSYoungGen: 32896K->128K(33280K)] 78089K->45353K(101888K), 0.0022316 secs] [Times: user=0.00 sys=0.00, real=0.00 secs] 
33.836: [GC (Allocation Failure) [PSYoungGen: 32896K->64K(33280K)] 78121K->45313K(101888K), 0.0039978 secs] [Times: user=0.01 sys=0.00, real=0.00 secs] 
33.897: [GC (Allocation Failure) [PSYoungGen: 32832K->96K(33280K)] 78081K->45369K(101888K), 0.0029578 secs] [Times: user=0.01 sys=0.00, real=0.00 secs] 
33.955: [GC (Allocation Failure) [PSYoungGen: 32864K->96K(33280K)] 78137K->45393K(101888K), 0.0023196 secs] [Times: user=0.00 sys=0.00, real=0.00 secs] 
34.016: [GC (Allocation Failure) [PSYoungGen: 32864K->128K(33280K)] 78161K->45457K(101888K), 0.0065022 secs] [Times: user=0.02 sys=0.01, real=0.00 secs] 
34.085: [GC (Allocation Failure) [PSYoungGen: 32892K->128K(33280K)] 78222K->45497K(101888K), 0.0026294 secs] [Times: user=0.01 sys=0.00, real=0.00 secs] 
34.157: [GC (Allocation Failure) [PSYoungGen: 32896K->128K(33280K)] 78265K->45521K(101888K), 0.0022947 secs] [Times: user=0.00 sys=0.00, real=0.00 secs] 
34.221: [GC (Allocation Failure) [PSYoungGen: 32896K->128K(33280K)] 78289K->45545K(101888K), 0.0023154 secs] [Times: user=0.01 sys=0.00, real=0.01 secs] 
34.284: [GC (Allocation Failure) [PSYoungGen: 32896K->160K(33280K)] 78313K->45609K(101888K), 0.0031161 secs] [Times: user=0.01 sys=0.00, real=0.00 secs] 
34.349: [GC (Allocation Failure) [PSYoungGen: 32928K->96K(33280K)] 78377K->45569K(101888K), 0.0023424 secs] [Times: user=0.00 sys=0.00, real=0.00 secs] 
34.411: [GC (Allocation Failure) [PSYoungGen: 32864K->128K(33280K)] 78337K->45633K(101888K), 0.0019566 secs] [Times: user=0.01 sys=0.00, real=0.01 secs] 
34.482: [GC (Allocation Failure) [PSYoungGen: 32896K->128K(33280K)] 78401K->45665K(101888K), 0.0034417 secs] [Times: user=0.01 sys=0.00, real=0.01 secs] 
34.551: [GC (Allocation Failure) [PSYoungGen: 32896K->96K(33280K)] 78433K->45657K(101888K), 0.0022139 secs] [Times: user=0.00 sys=0.00, real=0.01 secs] 
34.614: [GC (Allocation Failure) [PSYoungGen: 32864K->128K(33280K)] 78425K->45713K(101888K), 0.0041341 secs] [Times: user=0.01 sys=0.00, real=0.00 secs] 
34.675: [GC (Allocation Failure) [PSYoungGen: 32896K->128K(33280K)] 78481K->45737K(101888K), 0.0041578 secs] [Times: user=0.01 sys=0.00, real=0.00 secs] 
34.743: [GC (Allocation Failure) [PSYoungGen: 32896K->64K(33280K)] 78505K->45697K(101888K), 0.0028327 secs] [Times: user=0.01 sys=0.00, real=0.01 secs] 
34.802: [GC (Allocation Failure) [PSYoungGen: 32832K->96K(33280K)] 78465K->45745K(101888K), 0.0021977 secs] [Times: user=0.00 sys=0.00, real=0.01 secs] 
34.864: [GC (Allocation Failure) [PSYoungGen: 32864K->64K(33280K)] 78513K->45737K(101888K), 0.0080070 secs] [Times: user=0.02 sys=0.00, real=0.00 secs] 
34.929: [GC (Allocation Failure) [PSYoungGen: 32832K->96K(33280K)] 78505K->45793K(101888K), 0.0043711 secs] [Times: user=0.01 sys=0.00, real=0.01 secs] 
34.991: [GC (Allocation Failure) [PSYoungGen: 32864K->64K(33280K)] 78561K->45785K(101888K), 0.0030749 secs] [Times: user=0.01 sys=0.00, real=0.01 secs] 
35.059: [GC (Allocation Failure) [PSYoungGen: 32832K->128K(33280K)] 78553K->45881K(101888K), 0.0029965 secs] [Times: user=0.01 sys=0.00, real=0.00 secs] 
35.127: [GC (Allocation Failure) [PSYoungGen: 32896K->128K(33280K)] 78649K->45905K(101888K), 0.0024652 secs] [Times: user=0.01 sys=0.01, real=0.00 secs] 
35.195: [GC (Allocation Failure) [PSYoungGen: 32896K->64K(33280K)] 78673K->45865K(101888K), 0.0029257 secs] [Times: user=0.01 sys=0.00, real=0.00 secs] 
35.262: [GC (Allocation Failure) [PSYoungGen: 32832K->96K(33280K)] 78633K->45921K(101888K), 0.0022913 secs] [Times: user=0.01 sys=0.00, real=0.01 secs] 
35.320: [GC (Allocation Failure) [PSYoungGen: 32864K->128K(33280K)] 78689K->45977K(101888K), 0.0020039 secs] [Times: user=0.01 sys=0.00, real=0.00 secs] 
35.376: [GC (Allocation Failure) [PSYoungGen: 32896K->128K(33280K)] 78745K->46009K(101888K), 0.0019514 secs] [Times: user=0.01 sys=0.00, real=0.00 secs] 
35.434: [GC (Allocation Failure) [PSYoungGen: 32896K->128K(33280K)] 78777K->46041K(101888K), 0.0018864 secs] [Times: user=0.00 sys=0.00, real=0.00 secs] 
35.498: [GC (Allocation Failure) [PSYoungGen: 32896K->128K(33280K)] 78809K->46073K(101888K), 0.0019215 secs] [Times: user=0.01 sys=0.00, real=0.00 secs] 
35.561: [GC (Allocation Failure) [PSYoungGen: 32896K->128K(33280K)] 78841K->46113K(101888K), 0.0027337 secs] [Times: user=0.01 sys=0.00, real=0.01 secs] 
35.624: [GC (Allocation Failure) [PSYoungGen: 32896K->96K(33280K)] 78881K->46105K(101888K), 0.0038767 secs] [Times: user=0.01 sys=0.00, real=0.00 secs] 
35.693: [GC (Allocation Failure) [PSYoungGen: 32864K->96K(33280K)] 78873K->46129K(101888K), 0.0020814 secs] [Times: user=0.01 sys=0.00, real=0.00 secs] 
35.755: [GC (Allocation Failure) [PSYoungGen: 32864K->128K(33280K)] 78897K->46193K(101888K), 0.0026926 secs] [Times: user=0.01 sys=0.00, real=0.00 secs] 
35.821: [GC (Allocation Failure) [PSYoungGen: 32896K->96K(33280K)] 78961K->46185K(101888K), 0.0052471 secs] [Times: user=0.01 sys=0.00, real=0.01 secs] 
35.892: [GC (Allocation Failure) [PSYoungGen: 32864K->64K(33280K)] 78953K->46177K(101888K), 0.0028382 secs] [Times: user=0.01 sys=0.00, real=0.01 secs] 
35.990: [GC (Allocation Failure) [PSYoungGen: 32832K->96K(33280K)] 78945K->46233K(101888K), 0.0065135 secs] [Times: user=0.00 sys=0.00, real=0.01 secs] 
36.111: [GC (Allocation Failure) [PSYoungGen: 32864K->96K(33280K)] 79001K->46249K(101888K), 0.0046685 secs] [Times: user=0.01 sys=0.01, real=0.01 secs] 
36.187: [GC (Allocation Failure) [PSYoungGen: 32864K->64K(33280K)] 79017K->46241K(101888K), 0.0029283 secs] [Times: user=0.01 sys=0.00, real=0.00 secs] 
36.257: [GC (Allocation Failure) [PSYoungGen: 32832K->160K(33280K)] 79009K->46369K(101888K), 0.0039319 secs] [Times: user=0.01 sys=0.00, real=0.00 secs] 
36.329: [GC (Allocation Failure) [PSYoungGen: 32928K->96K(33280K)] 79137K->46329K(101888K), 0.0032425 secs] [Times: user=0.01 sys=0.00, real=0.00 secs] 
36.402: [GC (Allocation Failure) [PSYoungGen: 32864K->96K(33280K)] 79097K->46361K(101888K), 0.0021850 secs] [Times: user=0.00 sys=0.00, real=0.01 secs] 
36.502: [GC (Allocation Failure) [PSYoungGen: 32864K->128K(33280K)] 79129K->46425K(101888K), 0.0017969 secs] [Times: user=0.01 sys=0.00, real=0.01 secs] 
36.572: [GC (Allocation Failure) [PSYoungGen: 32896K->96K(33280K)] 79193K->46417K(101888K), 0.0033169 secs] [Times: user=0.01 sys=0.00, real=0.01 secs] 
36.641: [GC (Allocation Failure) [PSYoungGen: 32864K->96K(33280K)] 79185K->46449K(101888K), 0.0030570 secs] [Times: user=0.01 sys=0.00, real=0.01 secs] 
36.710: [GC (Allocation Failure) [PSYoungGen: 32864K->128K(33280K)] 79217K->46521K(101888K), 0.0031018 secs] [Times: user=0.00 sys=0.00, real=0.00 secs] 
36.781: [GC (Allocation Failure) [PSYoungGen: 32896K->128K(33280K)] 79289K->46545K(101888K), 0.0019629 secs] [Times: user=0.01 sys=0.00, real=0.01 secs] 
36.849: [GC (Allocation Failure) [PSYoungGen: 32896K->128K(33280K)] 79313K->46577K(101888K), 0.0019764 secs] [Times: user=0.01 sys=0.00, real=0.00 secs] 
36.954: [GC (Allocation Failure) [PSYoungGen: 32896K->160K(33280K)] 79345K->46649K(101888K), 0.0039002 secs] [Times: user=0.01 sys=0.00, real=0.00 secs] 
37.020: [GC (Allocation Failure) [PSYoungGen: 32928K->96K(33280K)] 79417K->46617K(101888K), 0.0063612 secs] [Times: user=0.01 sys=0.00, real=0.01 secs] 
37.124: [GC (Allocation Failure) [PSYoungGen: 32858K->96K(33280K)] 79380K->46641K(101888K), 0.0084821 secs] [Times: user=0.01 sys=0.00, real=0.00 secs] 
37.205: [GC (Allocation Failure) [PSYoungGen: 32864K->128K(33280K)] 79409K->46705K(101888K), 0.0018593 secs] [Times: user=0.01 sys=0.00, real=0.00 secs] 
37.269: [GC (Allocation Failure) [PSYoungGen: 32896K->160K(33280K)] 79473K->46777K(101888K), 0.0111238 secs] [Times: user=0.02 sys=0.00, real=0.01 secs] 
37.337: [GC (Allocation Failure) [PSYoungGen: 32928K->128K(33280K)] 79545K->46785K(101888K), 0.0020840 secs] [Times: user=0.01 sys=0.00, real=0.00 secs] 
37.400: [GC (Allocation Failure) [PSYoungGen: 32896K->128K(33280K)] 79553K->46825K(101888K), 0.0022459 secs] [Times: user=0.01 sys=0.00, real=0.00 secs] 
37.473: [GC (Allocation Failure) [PSYoungGen: 32896K->128K(33280K)] 79593K->46857K(101888K), 0.0099715 secs] [Times: user=0.02 sys=0.00, real=0.01 secs] 
37.549: [GC (Allocation Failure) [PSYoungGen: 32896K->192K(33280K)] 79625K->46953K(101888K), 0.0027330 secs] [Times: user=0.01 sys=0.00, real=0.00 secs] 
37.609: [GC (Allocation Failure) [PSYoungGen: 32960K->64K(33280K)] 79721K->46849K(101888K), 0.0032212 secs] [Times: user=0.01 sys=0.00, real=0.00 secs] 
37.672: [GC (Allocation Failure) [PSYoungGen: 32832K->128K(33280K)] 79617K->46945K(101888K), 0.0026546 secs] [Times: user=0.01 sys=0.00, real=0.01 secs] 
37.743: [GC (Allocation Failure) [PSYoungGen: 32896K->96K(33280K)] 79713K->46937K(101888K), 0.0032450 secs] [Times: user=0.01 sys=0.01, real=0.01 secs] 
37.857: [GC (Allocation Failure) [PSYoungGen: 32864K->128K(33280K)] 79705K->46985K(101888K), 0.0029567 secs] [Times: user=0.00 sys=0.00, real=0.00 secs] 
37.936: [GC (Allocation Failure) [PSYoungGen: 32896K->160K(33280K)] 79753K->47073K(101888K), 0.0018295 secs] [Times: user=0.00 sys=0.00, real=0.00 secs] 
38.019: [GC (Allocation Failure) [PSYoungGen: 32928K->128K(33280K)] 79841K->47073K(101888K), 0.0094591 secs] [Times: user=0.01 sys=0.00, real=0.01 secs] 
38.123: [GC (Allocation Failure) [PSYoungGen: 32896K->128K(33280K)] 79841K->47113K(101888K), 0.0100776 secs] [Times: user=0.01 sys=0.00, real=0.01 secs] 
38.198: [GC (Allocation Failure) [PSYoungGen: 32896K->128K(33280K)] 79881K->47137K(101888K), 0.0019945 secs] [Times: user=0.01 sys=0.00, real=0.00 secs] 
38.289: [GC (Allocation Failure) [PSYoungGen: 32896K->128K(33280K)] 79905K->47169K(101888K), 0.0020772 secs] [Times: user=0.01 sys=0.00, real=0.00 secs] 
Heap
 PSYoungGen      total 33280K, used 21387K [0x00000007bdf00000, 0x00000007c0000000, 0x00000007c0000000)
  eden space 32768K, 64% used [0x00000007bdf00000,0x00000007bf3c2cd0,0x00000007bff00000)
  from space 512K, 25% used [0x00000007bff80000,0x00000007bffa0000,0x00000007c0000000)
  to   space 512K, 0% used [0x00000007bff00000,0x00000007bff00000,0x00000007bff80000)
 ParOldGen       total 68608K, used 47041K [0x00000007b9c00000, 0x00000007bdf00000, 0x00000007bdf00000)
  object space 68608K, 68% used [0x00000007b9c00000,0x00000007bc9f05f0,0x00000007bdf00000)
 Metaspace       used 36448K, capacity 38264K, committed 38448K, reserved 1083392K
  class space    used 4544K, capacity 4871K, committed 4912K, reserved 1048576K
