Java HotSpot(TM) 64-Bit Server VM (25.131-b11) for bsd-amd64 JRE (1.8.0_131-b11), built on Mar 15 2017 01:32:22 by "java_re" with gcc 4.2.1 (Based on Apple Inc. build 5658) (LLVM build 2336.11.00)
Memory: 4k page, physical 8388608k(593876k free)

/proc/meminfo:

CommandLine flags: -XX:InitialHeapSize=524288000 -XX:MaxHeapSize=524288000 -XX:+PrintGC -XX:+PrintGCDetails -XX:+PrintGCTimeStamps -XX:+UseCompressedClassPointers -XX:+UseCompressedOops -XX:+UseParallelGC 
0.736: [GC (Allocation Failure) [PSYoungGen: 128512K->6803K(149504K)] 128512K->6819K(491008K), 0.0065537 secs] [Times: user=0.02 sys=0.00, real=0.00 secs] 
1.094: [GC (Allocation Failure) [PSYoungGen: 135315K->9443K(149504K)] 135331K->9467K(491008K), 0.0096911 secs] [Times: user=0.03 sys=0.01, real=0.01 secs] 
1.212: [GC (Metadata GC Threshold) [PSYoungGen: 40933K->6736K(149504K)] 40957K->6768K(491008K), 0.0050731 secs] [Times: user=0.02 sys=0.00, real=0.01 secs] 
1.217: [Full GC (Metadata GC Threshold) [PSYoungGen: 6736K->0K(149504K)] [ParOldGen: 32K->6495K(341504K)] 6768K->6495K(491008K), [Metaspace: 20486K->20486K(1067008K)], 0.0285892 secs] [Times: user=0.07 sys=0.01, real=0.03 secs] 
1.837: [GC (Allocation Failure) [PSYoungGen: 128512K->6121K(149504K)] 135007K->12689K(491008K), 0.0046249 secs] [Times: user=0.02 sys=0.00, real=0.00 secs] 
2.468: [GC (Allocation Failure) [PSYoungGen: 134633K->12629K(149504K)] 141201K->19204K(491008K), 0.0153425 secs] [Times: user=0.05 sys=0.01, real=0.02 secs] 
3.043: [GC (Allocation Failure) [PSYoungGen: 141141K->13288K(152064K)] 147716K->20905K(493568K), 0.0191737 secs] [Times: user=0.03 sys=0.01, real=0.01 secs] 
5.201: [GC (Metadata GC Threshold) [PSYoungGen: 119766K->14854K(154112K)] 127383K->22479K(495616K), 0.0105334 secs] [Times: user=0.03 sys=0.00, real=0.01 secs] 
5.212: [Full GC (Metadata GC Threshold) [PSYoungGen: 14854K->0K(154112K)] [ParOldGen: 7625K->17948K(341504K)] 22479K->17948K(495616K), [Metaspace: 33889K->33889K(1081344K)], 0.0665810 secs] [Times: user=0.17 sys=0.01, real=0.07 secs] 
6.388: [GC (Allocation Failure) [PSYoungGen: 138752K->11095K(152064K)] 156700K->29052K(493568K), 0.0075386 secs] [Times: user=0.01 sys=0.00, real=0.01 secs] 
7.533: [GC (Allocation Failure) [PSYoungGen: 146775K->10931K(153088K)] 164732K->28895K(494592K), 0.0096082 secs] [Times: user=0.02 sys=0.00, real=0.01 secs] 
8.560: [GC (Allocation Failure) [PSYoungGen: 146611K->10227K(154112K)] 164575K->28199K(495616K), 0.0050968 secs] [Times: user=0.02 sys=0.00, real=0.01 secs] 
9.492: [GC (Allocation Failure) [PSYoungGen: 147443K->10339K(153600K)] 165415K->28319K(495104K), 0.0074741 secs] [Times: user=0.02 sys=0.00, real=0.01 secs] 
10.425: [GC (Allocation Failure) [PSYoungGen: 147555K->10323K(155136K)] 165535K->28311K(496640K), 0.0060950 secs] [Times: user=0.02 sys=0.00, real=0.00 secs] 
11.374: [GC (Allocation Failure) [PSYoungGen: 149587K->10355K(154624K)] 167575K->28351K(496128K), 0.0081720 secs] [Times: user=0.03 sys=0.00, real=0.00 secs] 
12.279: [GC (Allocation Failure) [PSYoungGen: 149619K->10499K(156160K)] 167615K->28495K(497664K), 0.0049797 secs] [Times: user=0.02 sys=0.00, real=0.01 secs] 
13.226: [GC (Allocation Failure) [PSYoungGen: 151811K->10435K(155648K)] 169807K->28431K(497152K), 0.0054034 secs] [Times: user=0.02 sys=0.00, real=0.00 secs] 
14.119: [GC (Allocation Failure) [PSYoungGen: 151747K->10547K(156672K)] 169743K->28551K(498176K), 0.0057845 secs] [Times: user=0.02 sys=0.01, real=0.01 secs] 
15.002: [GC (Allocation Failure) [PSYoungGen: 153395K->10787K(156672K)] 171399K->28799K(498176K), 0.0058272 secs] [Times: user=0.02 sys=0.00, real=0.01 secs] 
15.851: [GC (Allocation Failure) [PSYoungGen: 153635K->10659K(157184K)] 171647K->28679K(498688K), 0.0051892 secs] [Times: user=0.01 sys=0.00, real=0.01 secs] 
16.694: [GC (Allocation Failure) [PSYoungGen: 154019K->10755K(156672K)] 172039K->28783K(498176K), 0.0049022 secs] [Times: user=0.02 sys=0.01, real=0.00 secs] 
17.527: [GC (Allocation Failure) [PSYoungGen: 154115K->11155K(157184K)] 172143K->29191K(498688K), 0.0051326 secs] [Times: user=0.02 sys=0.00, real=0.00 secs] 
18.219: [GC (Allocation Failure) [PSYoungGen: 155027K->10931K(157184K)] 173063K->28975K(498688K), 0.0048337 secs] [Times: user=0.01 sys=0.00, real=0.01 secs] 
18.913: [GC (Allocation Failure) [PSYoungGen: 154803K->10771K(157696K)] 172847K->28823K(499200K), 0.0037901 secs] [Times: user=0.01 sys=0.00, real=0.00 secs] 
19.492: [GC (Allocation Failure) [PSYoungGen: 155153K->992K(145408K)] 173206K->28098K(486912K), 0.0079056 secs] [Times: user=0.03 sys=0.00, real=0.01 secs] 
20.050: [GC (Allocation Failure) [PSYoungGen: 145376K->752K(154112K)] 172482K->28078K(495616K), 0.0032410 secs] [Times: user=0.00 sys=0.00, real=0.01 secs] 
20.528: [GC (Allocation Failure) [PSYoungGen: 140528K->704K(140800K)] 167854K->28062K(482304K), 0.0022707 secs] [Times: user=0.01 sys=0.00, real=0.00 secs] 
20.975: [GC (Allocation Failure) [PSYoungGen: 140480K->864K(154112K)] 167838K->28254K(495616K), 0.0023195 secs] [Times: user=0.01 sys=0.00, real=0.00 secs] 
21.369: [GC (Allocation Failure) [PSYoungGen: 138592K->688K(138752K)] 165982K->28142K(480256K), 0.0025510 secs] [Times: user=0.01 sys=0.00, real=0.00 secs] 
21.690: [GC (Allocation Failure) [PSYoungGen: 138416K->624K(153600K)] 165870K->28110K(495104K), 0.0022341 secs] [Times: user=0.00 sys=0.00, real=0.00 secs] 
21.967: [GC (Allocation Failure) [PSYoungGen: 137328K->640K(153600K)] 164814K->28158K(495104K), 0.0066109 secs] [Times: user=0.01 sys=0.00, real=0.01 secs] 
22.303: [GC (Allocation Failure) [PSYoungGen: 137344K->656K(154112K)] 164862K->28206K(495616K), 0.0020864 secs] [Times: user=0.01 sys=0.00, real=0.01 secs] 
22.576: [GC (Allocation Failure) [PSYoungGen: 137872K->400K(153600K)] 165422K->28175K(495104K), 0.0022395 secs] [Times: user=0.01 sys=0.00, real=0.00 secs] 
22.853: [GC (Allocation Failure) [PSYoungGen: 137616K->352K(154624K)] 165391K->28191K(496128K), 0.0021446 secs] [Times: user=0.01 sys=0.00, real=0.01 secs] 
23.122: [GC (Allocation Failure) [PSYoungGen: 139104K->224K(154624K)] 166943K->28187K(496128K), 0.0021887 secs] [Times: user=0.01 sys=0.00, real=0.01 secs] 
23.387: [GC (Allocation Failure) [PSYoungGen: 138976K->224K(155648K)] 166939K->28219K(497152K), 0.0024689 secs] [Times: user=0.01 sys=0.00, real=0.00 secs] 
23.647: [GC (Allocation Failure) [PSYoungGen: 140512K->256K(155136K)] 168507K->28283K(496640K), 0.0023211 secs] [Times: user=0.01 sys=0.00, real=0.00 secs] 
23.918: [GC (Allocation Failure) [PSYoungGen: 140544K->224K(157184K)] 168571K->28283K(498688K), 0.0038164 secs] [Times: user=0.01 sys=0.00, real=0.00 secs] 
24.184: [GC (Allocation Failure) [PSYoungGen: 143584K->224K(156672K)] 171643K->28315K(498176K), 0.0019477 secs] [Times: user=0.01 sys=0.00, real=0.00 secs] 
24.425: [GC (Allocation Failure) [PSYoungGen: 143584K->256K(158208K)] 171675K->28371K(499712K), 0.0022151 secs] [Times: user=0.00 sys=0.00, real=0.00 secs] 
24.687: [GC (Allocation Failure) [PSYoungGen: 145664K->224K(157696K)] 173779K->28371K(499200K), 0.0019707 secs] [Times: user=0.00 sys=0.00, real=0.00 secs] 
24.943: [GC (Allocation Failure) [PSYoungGen: 145632K->224K(159744K)] 173779K->28387K(501248K), 0.0018241 secs] [Times: user=0.01 sys=0.00, real=0.00 secs] 
25.199: [GC (Allocation Failure) [PSYoungGen: 148192K->192K(158720K)] 176355K->28379K(500224K), 0.0021126 secs] [Times: user=0.01 sys=0.00, real=0.00 secs] 
25.457: [GC (Allocation Failure) [PSYoungGen: 148160K->352K(160768K)] 176347K->28563K(502272K), 0.0074925 secs] [Times: user=0.01 sys=0.00, real=0.01 secs] 
25.717: [GC (Allocation Failure) [PSYoungGen: 150880K->192K(160256K)] 179091K->28427K(501760K), 0.0065644 secs] [Times: user=0.01 sys=0.00, real=0.01 secs] 
25.969: [GC (Allocation Failure) [PSYoungGen: 150720K->224K(161792K)] 178955K->28491K(503296K), 0.0043613 secs] [Times: user=0.01 sys=0.00, real=0.01 secs] 
26.216: [GC (Allocation Failure) [PSYoungGen: 152800K->224K(161280K)] 181067K->28499K(502784K), 0.0023101 secs] [Times: user=0.01 sys=0.00, real=0.00 secs] 
26.473: [GC (Allocation Failure) [PSYoungGen: 152800K->192K(162816K)] 181075K->28467K(504320K), 0.0018937 secs] [Times: user=0.00 sys=0.00, real=0.00 secs] 
26.745: [GC (Allocation Failure) [PSYoungGen: 154816K->192K(162304K)] 183091K->28499K(503808K), 0.0018746 secs] [Times: user=0.00 sys=0.00, real=0.00 secs] 
27.024: [GC (Allocation Failure) [PSYoungGen: 154816K->224K(163840K)] 183123K->28555K(505344K), 0.0017189 secs] [Times: user=0.00 sys=0.00, real=0.00 secs] 
27.307: [GC (Allocation Failure) [PSYoungGen: 156896K->192K(163328K)] 185227K->28531K(504832K), 0.0042595 secs] [Times: user=0.01 sys=0.00, real=0.00 secs] 
27.585: [GC (Allocation Failure) [PSYoungGen: 156864K->192K(164352K)] 185203K->28539K(505856K), 0.0023196 secs] [Times: user=0.00 sys=0.00, real=0.00 secs] 
27.894: [GC (Allocation Failure) [PSYoungGen: 158400K->192K(164352K)] 186747K->28539K(505856K), 0.0037607 secs] [Times: user=0.01 sys=0.00, real=0.00 secs] 
28.172: [GC (Allocation Failure) [PSYoungGen: 158400K->192K(165376K)] 186747K->28555K(506880K), 0.0030772 secs] [Times: user=0.01 sys=0.00, real=0.01 secs] 
28.442: [GC (Allocation Failure) [PSYoungGen: 159936K->224K(164864K)] 188299K->28603K(506368K), 0.0022990 secs] [Times: user=0.00 sys=0.00, real=0.01 secs] 
28.736: [GC (Allocation Failure) [PSYoungGen: 159968K->192K(165888K)] 188347K->28571K(507392K), 0.0025405 secs] [Times: user=0.00 sys=0.00, real=0.00 secs] 
29.057: [GC (Allocation Failure) [PSYoungGen: 161472K->224K(165888K)] 189851K->28611K(507392K), 0.0063895 secs] [Times: user=0.01 sys=0.00, real=0.01 secs] 
29.391: [GC (Allocation Failure) [PSYoungGen: 161504K->224K(166400K)] 189891K->28619K(507904K), 0.0072533 secs] [Times: user=0.00 sys=0.00, real=0.01 secs] 
29.735: [GC (Allocation Failure) [PSYoungGen: 162528K->192K(166400K)] 190923K->28603K(507904K), 0.0024736 secs] [Times: user=0.01 sys=0.00, real=0.00 secs] 
30.014: [GC (Allocation Failure) [PSYoungGen: 162496K->256K(166912K)] 190907K->28699K(508416K), 0.0056628 secs] [Times: user=0.00 sys=0.00, real=0.00 secs] 
30.323: [GC (Allocation Failure) [PSYoungGen: 163584K->192K(166912K)] 192027K->28635K(508416K), 0.0025333 secs] [Times: user=0.01 sys=0.00, real=0.00 secs] 
30.603: [GC (Allocation Failure) [PSYoungGen: 163520K->192K(167424K)] 191963K->28635K(508928K), 0.0023783 secs] [Times: user=0.01 sys=0.00, real=0.00 secs] 
30.882: [GC (Allocation Failure) [PSYoungGen: 164544K->192K(167424K)] 192987K->28635K(508928K), 0.0021373 secs] [Times: user=0.01 sys=0.00, real=0.01 secs] 
31.154: [GC (Allocation Failure) [PSYoungGen: 164544K->192K(167936K)] 192987K->28659K(509440K), 0.0020328 secs] [Times: user=0.01 sys=0.00, real=0.00 secs] 
31.441: [GC (Allocation Failure) [PSYoungGen: 165568K->192K(167936K)] 194035K->28659K(509440K), 0.0017693 secs] [Times: user=0.01 sys=0.00, real=0.00 secs] 
31.718: [GC (Allocation Failure) [PSYoungGen: 165568K->192K(168448K)] 194035K->28675K(509952K), 0.0048712 secs] [Times: user=0.01 sys=0.00, real=0.01 secs] 
32.001: [GC (Allocation Failure) [PSYoungGen: 166080K->256K(167936K)] 194563K->28739K(509440K), 0.0043272 secs] [Times: user=0.02 sys=0.00, real=0.01 secs] 
32.267: [GC (Allocation Failure) [PSYoungGen: 166144K->224K(168448K)] 194627K->28707K(509952K), 0.0059666 secs] [Times: user=0.01 sys=0.00, real=0.01 secs] 
32.544: [GC (Allocation Failure) [PSYoungGen: 166624K->224K(168448K)] 195107K->28715K(509952K), 0.0018819 secs] [Times: user=0.00 sys=0.00, real=0.00 secs] 
32.813: [GC (Allocation Failure) [PSYoungGen: 166624K->224K(168960K)] 195115K->28715K(510464K), 0.0104532 secs] [Times: user=0.01 sys=0.00, real=0.01 secs] 
33.096: [GC (Allocation Failure) [PSYoungGen: 167130K->224K(168448K)] 195621K->28715K(509952K), 0.0017031 secs] [Times: user=0.01 sys=0.00, real=0.00 secs] 
33.378: [GC (Allocation Failure) [PSYoungGen: 167129K->224K(168960K)] 195620K->28715K(510464K), 0.0018476 secs] [Times: user=0.01 sys=0.00, real=0.00 secs] 
33.654: [GC (Allocation Failure) [PSYoungGen: 167648K->192K(168960K)] 196139K->28707K(510464K), 0.0017776 secs] [Times: user=0.00 sys=0.00, real=0.00 secs] 
33.916: [GC (Allocation Failure) [PSYoungGen: 167616K->192K(168960K)] 196131K->28731K(510464K), 0.0074168 secs] [Times: user=0.02 sys=0.00, real=0.01 secs] 
34.177: [GC (Allocation Failure) [PSYoungGen: 167616K->192K(168960K)] 196155K->28731K(510464K), 0.0019565 secs] [Times: user=0.01 sys=0.00, real=0.00 secs] 
34.448: [GC (Allocation Failure) [PSYoungGen: 167616K->192K(169472K)] 196155K->28755K(510976K), 0.0019320 secs] [Times: user=0.00 sys=0.00, real=0.00 secs] 
34.701: [GC (Allocation Failure) [PSYoungGen: 168128K->224K(168960K)] 196691K->28811K(510464K), 0.0019882 secs] [Times: user=0.01 sys=0.01, real=0.01 secs] 
34.959: [GC (Allocation Failure) [PSYoungGen: 168160K->192K(169472K)] 196747K->28779K(510976K), 0.0120677 secs] [Times: user=0.02 sys=0.00, real=0.01 secs] 
35.221: [GC (Allocation Failure) [PSYoungGen: 168640K->192K(169472K)] 197227K->28779K(510976K), 0.0021573 secs] [Times: user=0.01 sys=0.00, real=0.01 secs] 
Heap
 PSYoungGen      total 169472K, used 23993K [0x00000007b5980000, 0x00000007c0000000, 0x00000007c0000000)
  eden space 168448K, 14% used [0x00000007b5980000,0x00000007b70be698,0x00000007bfe00000)
  from space 1024K, 18% used [0x00000007bfe00000,0x00000007bfe30000,0x00000007bff00000)
  to   space 1024K, 0% used [0x00000007bff00000,0x00000007bff00000,0x00000007c0000000)
 ParOldGen       total 341504K, used 28587K [0x00000007a0c00000, 0x00000007b5980000, 0x00000007b5980000)
  object space 341504K, 8% used [0x00000007a0c00000,0x00000007a27ead38,0x00000007b5980000)
 Metaspace       used 36409K, capacity 38226K, committed 38448K, reserved 1083392K
  class space    used 4540K, capacity 4866K, committed 4912K, reserved 1048576K
