Java HotSpot(TM) 64-Bit Server VM (25.131-b11) for bsd-amd64 JRE (1.8.0_131-b11), built on Mar 15 2017 01:32:22 by "java_re" with gcc 4.2.1 (Based on Apple Inc. build 5658) (LLVM build 2336.11.00)
Memory: 4k page, physical 8388608k(406036k free)

/proc/meminfo:

CommandLine flags: -XX:InitialHeapSize=524288000 -XX:MaxHeapSize=524288000 -XX:+PrintGC -XX:+PrintGCDetails -XX:+PrintGCTimeStamps -XX:+UseCompressedClassPointers -XX:+UseCompressedOops -XX:+UseSerialGC 
0.785: [GC (Allocation Failure) 0.785: [DefNew: 136576K->6463K(153600K), 0.0107053 secs] 136576K->6463K(494976K), 0.0107916 secs] [Times: user=0.01 sys=0.00, real=0.01 secs] 
1.181: [GC (Allocation Failure) 1.181: [DefNew: 143039K->9729K(153600K), 0.0163927 secs] 143039K->9729K(494976K), 0.0164824 secs] [Times: user=0.03 sys=0.00, real=0.02 secs] 
1.273: [Full GC (Metadata GC Threshold) 1.273: [Tenured: 0K->5622K(341376K), 0.0247403 secs] 35428K->5622K(494976K), [Metaspace: 20537K->20537K(1067008K)], 0.0248313 secs] [Times: user=0.04 sys=0.00, real=0.02 secs] 
1.996: [GC (Allocation Failure) 1.996: [DefNew: 136576K->6165K(153600K), 0.0103401 secs] 142198K->11787K(494976K), 0.0104274 secs] [Times: user=0.03 sys=0.00, real=0.01 secs] 
2.625: [GC (Allocation Failure) 2.625: [DefNew: 142741K->12664K(153600K), 0.0161780 secs] 148363K->18286K(494976K), 0.0162576 secs] [Times: user=0.01 sys=0.01, real=0.01 secs] 
3.162: [GC (Allocation Failure) 3.162: [DefNew: 149240K->4454K(153600K), 0.0346842 secs] 154862K->20438K(494976K), 0.0347637 secs] [Times: user=0.06 sys=0.00, real=0.04 secs] 
8.012: [Full GC (Metadata GC Threshold) 8.012: [Tenured: 15984K->20606K(341376K), 0.0528068 secs] 110229K->20606K(494976K), [Metaspace: 33886K->33886K(1081344K)], 0.0529346 secs] [Times: user=0.05 sys=0.00, real=0.06 secs] 
9.106: [GC (Allocation Failure) 9.106: [DefNew: 136576K->10512K(153600K), 0.0124585 secs] 157182K->31118K(494976K), 0.0127584 secs] [Times: user=0.03 sys=0.01, real=0.01 secs] 
10.003: [GC (Allocation Failure) 10.003: [DefNew: 147088K->345K(153600K), 0.0175235 secs] 167694K->30795K(494976K), 0.0176513 secs] [Times: user=0.02 sys=0.01, real=0.02 secs] 
10.865: [GC (Allocation Failure) 10.865: [DefNew: 136921K->368K(153600K), 0.0061813 secs] 167371K->30818K(494976K), 0.0062786 secs] [Times: user=0.01 sys=0.00, real=0.00 secs] 
11.679: [GC (Allocation Failure) 11.679: [DefNew: 136944K->696K(153600K), 0.0072081 secs] 167394K->31147K(494976K), 0.0073233 secs] [Times: user=0.01 sys=0.00, real=0.01 secs] 
12.519: [GC (Allocation Failure) 12.521: [DefNew: 137272K->630K(153600K), 0.0062326 secs] 167723K->31080K(494976K), 0.0082106 secs] [Times: user=0.02 sys=0.00, real=0.01 secs] 
13.331: [GC (Allocation Failure) 13.331: [DefNew: 137206K->1299K(153600K), 0.0050094 secs] 167656K->31750K(494976K), 0.0051171 secs] [Times: user=0.01 sys=0.00, real=0.01 secs] 
14.079: [GC (Allocation Failure) 14.079: [DefNew: 137875K->668K(153600K), 0.0083310 secs] 168326K->31118K(494976K), 0.0084546 secs] [Times: user=0.01 sys=0.01, real=0.01 secs] 
14.836: [GC (Allocation Failure) 14.836: [DefNew: 137244K->661K(153600K), 0.0057251 secs] 167694K->31111K(494976K), 0.0058498 secs] [Times: user=0.01 sys=0.00, real=0.00 secs] 
15.545: [GC (Allocation Failure) 15.545: [DefNew: 137237K->635K(153600K), 0.0068306 secs] 167687K->31085K(494976K), 0.0069522 secs] [Times: user=0.01 sys=0.00, real=0.00 secs] 
16.266: [GC (Allocation Failure) 16.266: [DefNew: 137211K->599K(153600K), 0.0070957 secs] 167661K->31049K(494976K), 0.0072281 secs] [Times: user=0.02 sys=0.00, real=0.01 secs] 
16.966: [GC (Allocation Failure) 16.966: [DefNew: 137175K->621K(153600K), 0.0085181 secs] 167625K->31071K(494976K), 0.0086446 secs] [Times: user=0.02 sys=0.00, real=0.01 secs] 
17.665: [GC (Allocation Failure) 17.665: [DefNew: 137197K->591K(153600K), 0.0070094 secs] 167647K->31041K(494976K), 0.0071397 secs] [Times: user=0.02 sys=0.00, real=0.00 secs] 
18.309: [GC (Allocation Failure) 18.309: [DefNew: 137167K->522K(153600K), 0.0057946 secs] 167617K->30972K(494976K), 0.0059201 secs] [Times: user=0.00 sys=0.00, real=0.01 secs] 
18.873: [GC (Allocation Failure) 18.873: [DefNew: 137098K->524K(153600K), 0.0048004 secs] 167548K->30974K(494976K), 0.0049353 secs] [Times: user=0.02 sys=0.00, real=0.00 secs] 
19.375: [GC (Allocation Failure) 19.375: [DefNew: 137100K->519K(153600K), 0.0040534 secs] 167550K->30969K(494976K), 0.0041366 secs] [Times: user=0.00 sys=0.00, real=0.00 secs] 
19.843: [GC (Allocation Failure) 19.844: [DefNew: 137095K->494K(153600K), 0.0038455 secs] 167545K->30944K(494976K), 0.0039365 secs] [Times: user=0.00 sys=0.00, real=0.00 secs] 
20.355: [GC (Allocation Failure) 20.355: [DefNew: 137070K->445K(153600K), 0.0044612 secs] 167520K->30917K(494976K), 0.0045967 secs] [Times: user=0.00 sys=0.00, real=0.00 secs] 
20.785: [GC (Allocation Failure) 20.785: [DefNew: 137021K->389K(153600K), 0.0044546 secs] 167493K->30950K(494976K), 0.0045530 secs] [Times: user=0.01 sys=0.00, real=0.00 secs] 
21.165: [GC (Allocation Failure) 21.165: [DefNew: 136965K->311K(153600K), 0.0038541 secs] 167526K->30998K(494976K), 0.0039331 secs] [Times: user=0.00 sys=0.00, real=0.00 secs] 
21.519: [GC (Allocation Failure) 21.519: [DefNew: 136887K->250K(153600K), 0.0033722 secs] 167574K->30945K(494976K), 0.0034691 secs] [Times: user=0.01 sys=0.00, real=0.00 secs] 
21.825: [GC (Allocation Failure) 21.825: [DefNew: 136826K->201K(153600K), 0.0031300 secs] 167521K->30910K(494976K), 0.0032256 secs] [Times: user=0.01 sys=0.00, real=0.00 secs] 
22.084: [GC (Allocation Failure) 22.084: [DefNew: 136777K->220K(153600K), 0.0032210 secs] 167486K->30930K(494976K), 0.0033189 secs] [Times: user=0.01 sys=0.00, real=0.00 secs] 
22.319: [GC (Allocation Failure) 22.319: [DefNew: 136796K->199K(153600K), 0.0031430 secs] 167506K->30913K(494976K), 0.0032276 secs] [Times: user=0.01 sys=0.00, real=0.00 secs] 
22.550: [GC (Allocation Failure) 22.550: [DefNew: 136775K->203K(153600K), 0.0044882 secs] 167489K->30920K(494976K), 0.0046109 secs] [Times: user=0.01 sys=0.00, real=0.01 secs] 
22.791: [GC (Allocation Failure) 22.792: [DefNew: 136779K->214K(153600K), 0.0039390 secs] 167496K->30933K(494976K), 0.0040371 secs] [Times: user=0.01 sys=0.00, real=0.01 secs] 
23.030: [GC (Allocation Failure) 23.030: [DefNew: 136790K->200K(153600K), 0.0032501 secs] 167509K->30927K(494976K), 0.0033519 secs] [Times: user=0.01 sys=0.00, real=0.01 secs] 
23.255: [GC (Allocation Failure) 23.255: [DefNew: 136776K->180K(153600K), 0.0042743 secs] 167503K->30911K(494976K), 0.0043862 secs] [Times: user=0.01 sys=0.00, real=0.00 secs] 
23.489: [GC (Allocation Failure) 23.489: [DefNew: 136756K->178K(153600K), 0.0036088 secs] 167487K->30913K(494976K), 0.0037089 secs] [Times: user=0.00 sys=0.00, real=0.01 secs] 
23.738: [GC (Allocation Failure) 23.738: [DefNew: 136754K->193K(153600K), 0.0042916 secs] 167489K->30932K(494976K), 0.0044069 secs] [Times: user=0.01 sys=0.00, real=0.00 secs] 
23.971: [GC (Allocation Failure) 23.971: [DefNew: 136769K->195K(153600K), 0.0032789 secs] 167508K->30941K(494976K), 0.0033738 secs] [Times: user=0.00 sys=0.00, real=0.01 secs] 
24.208: [GC (Allocation Failure) 24.208: [DefNew: 136771K->185K(153600K), 0.0044706 secs] 167517K->30937K(494976K), 0.0045878 secs] [Times: user=0.01 sys=0.00, real=0.01 secs] 
24.437: [GC (Allocation Failure) 24.437: [DefNew: 136761K->154K(153600K), 0.0043331 secs] 167513K->30908K(494976K), 0.0044579 secs] [Times: user=0.01 sys=0.00, real=0.00 secs] 
24.674: [GC (Allocation Failure) 24.674: [DefNew: 136730K->161K(153600K), 0.0031865 secs] 167484K->30924K(494976K), 0.0032746 secs] [Times: user=0.00 sys=0.01, real=0.00 secs] 
24.908: [GC (Allocation Failure) 24.908: [DefNew: 136737K->136K(153600K), 0.0033127 secs] 167500K->30915K(494976K), 0.0034176 secs] [Times: user=0.01 sys=0.00, real=0.00 secs] 
25.133: [GC (Allocation Failure) 25.134: [DefNew: 136712K->134K(153600K), 0.0031178 secs] 167491K->30916K(494976K), 0.0032134 secs] [Times: user=0.01 sys=0.00, real=0.00 secs] 
25.381: [GC (Allocation Failure) 25.381: [DefNew: 136710K->139K(153600K), 0.0031038 secs] 167492K->30925K(494976K), 0.0032033 secs] [Times: user=0.01 sys=0.00, real=0.01 secs] 
25.607: [GC (Allocation Failure) 25.608: [DefNew: 136715K->118K(153600K), 0.0029472 secs] 167501K->30907K(494976K), 0.0046389 secs] [Times: user=0.00 sys=0.00, real=0.00 secs] 
25.851: [GC (Allocation Failure) 25.851: [DefNew: 136694K->122K(153600K), 0.0031086 secs] 167483K->30911K(494976K), 0.0032116 secs] [Times: user=0.00 sys=0.01, real=0.01 secs] 
26.071: [GC (Allocation Failure) 26.071: [DefNew: 136698K->140K(153600K), 0.0035349 secs] 167487K->30928K(494976K), 0.0036554 secs] [Times: user=0.01 sys=0.00, real=0.01 secs] 
26.304: [GC (Allocation Failure) 26.304: [DefNew: 136716K->129K(153600K), 0.0041223 secs] 167504K->30918K(494976K), 0.0042514 secs] [Times: user=0.00 sys=0.00, real=0.00 secs] 
26.524: [GC (Allocation Failure) 26.524: [DefNew: 136705K->140K(153600K), 0.0042831 secs] 167494K->30929K(494976K), 0.0044182 secs] [Times: user=0.01 sys=0.00, real=0.00 secs] 
26.745: [GC (Allocation Failure) 26.745: [DefNew: 136716K->137K(153600K), 0.0041063 secs] 167505K->30926K(494976K), 0.0042331 secs] [Times: user=0.01 sys=0.00, real=0.00 secs] 
26.980: [GC (Allocation Failure) 26.980: [DefNew: 136713K->132K(153600K), 0.0030790 secs] 167502K->30922K(494976K), 0.0031808 secs] [Times: user=0.00 sys=0.00, real=0.01 secs] 
27.209: [GC (Allocation Failure) 27.209: [DefNew: 136708K->124K(153600K), 0.0039373 secs] 167498K->30915K(494976K), 0.0040651 secs] [Times: user=0.01 sys=0.00, real=0.01 secs] 
27.447: [GC (Allocation Failure) 27.447: [DefNew: 136700K->137K(153600K), 0.0041909 secs] 167491K->30927K(494976K), 0.0043221 secs] [Times: user=0.01 sys=0.00, real=0.00 secs] 
27.672: [GC (Allocation Failure) 27.672: [DefNew: 136713K->136K(153600K), 0.0029898 secs] 167503K->30926K(494976K), 0.0030905 secs] [Times: user=0.00 sys=0.00, real=0.01 secs] 
27.902: [GC (Allocation Failure) 27.902: [DefNew: 136712K->126K(153600K), 0.0043323 secs] 167502K->30917K(494976K), 0.0044653 secs] [Times: user=0.01 sys=0.00, real=0.01 secs] 
28.130: [GC (Allocation Failure) 28.131: [DefNew: 136702K->124K(153600K), 0.0038834 secs] 167493K->30914K(494976K), 0.0039990 secs] [Times: user=0.01 sys=0.00, real=0.01 secs] 
28.354: [GC (Allocation Failure) 28.354: [DefNew: 136700K->122K(153600K), 0.0030978 secs] 167490K->30913K(494976K), 0.0031960 secs] [Times: user=0.00 sys=0.00, real=0.00 secs] 
28.576: [GC (Allocation Failure) 28.576: [DefNew: 136698K->135K(153600K), 0.0031884 secs] 167489K->30925K(494976K), 0.0033031 secs] [Times: user=0.01 sys=0.00, real=0.00 secs] 
28.791: [GC (Allocation Failure) 28.791: [DefNew: 136711K->125K(153600K), 0.0040124 secs] 167501K->30915K(494976K), 0.0041378 secs] [Times: user=0.01 sys=0.00, real=0.01 secs] 
29.030: [GC (Allocation Failure) 29.030: [DefNew: 136701K->137K(153600K), 0.0030677 secs] 167491K->30928K(494976K), 0.0031785 secs] [Times: user=0.01 sys=0.00, real=0.01 secs] 
29.250: [GC (Allocation Failure) 29.250: [DefNew: 136713K->129K(153600K), 0.0029901 secs] 167504K->30920K(494976K), 0.0031104 secs] [Times: user=0.00 sys=0.00, real=0.01 secs] 
29.483: [GC (Allocation Failure) 29.483: [DefNew: 136705K->128K(153600K), 0.0030288 secs] 167496K->30919K(494976K), 0.0031490 secs] [Times: user=0.01 sys=0.00, real=0.00 secs] 
29.700: [GC (Allocation Failure) 29.700: [DefNew: 136704K->134K(153600K), 0.0030912 secs] 167495K->30925K(494976K), 0.0032172 secs] [Times: user=0.01 sys=0.00, real=0.01 secs] 
29.917: [GC (Allocation Failure) 29.917: [DefNew: 136710K->136K(153600K), 0.0035191 secs] 167501K->30927K(494976K), 0.0036426 secs] [Times: user=0.01 sys=0.00, real=0.00 secs] 
30.129: [GC (Allocation Failure) 30.129: [DefNew: 136712K->206K(153600K), 0.0036015 secs] 167503K->30997K(494976K), 0.0037044 secs] [Times: user=0.01 sys=0.00, real=0.01 secs] 
30.331: [GC (Allocation Failure) 30.331: [DefNew: 136782K->130K(153600K), 0.0033522 secs] 167573K->30920K(494976K), 0.0034623 secs] [Times: user=0.00 sys=0.00, real=0.01 secs] 
30.561: [GC (Allocation Failure) 30.561: [DefNew: 136706K->132K(153600K), 0.0033766 secs] 167496K->30923K(494976K), 0.0034999 secs] [Times: user=0.01 sys=0.00, real=0.01 secs] 
30.778: [GC (Allocation Failure) 30.778: [DefNew: 136708K->141K(153600K), 0.0029803 secs] 167499K->30932K(494976K), 0.0031020 secs] [Times: user=0.01 sys=0.00, real=0.00 secs] 
30.990: [GC (Allocation Failure) 30.990: [DefNew: 136717K->142K(153600K), 0.0030653 secs] 167508K->30933K(494976K), 0.0031520 secs] [Times: user=0.01 sys=0.00, real=0.01 secs] 
31.200: [GC (Allocation Failure) 31.200: [DefNew: 136718K->140K(153600K), 0.0029263 secs] 167509K->30932K(494976K), 0.0030148 secs] [Times: user=0.00 sys=0.00, real=0.01 secs] 
31.409: [GC (Allocation Failure) 31.410: [DefNew: 136716K->145K(153600K), 0.0040220 secs] 167508K->30937K(494976K), 0.0041463 secs] [Times: user=0.01 sys=0.00, real=0.01 secs] 
31.616: [GC (Allocation Failure) 31.616: [DefNew: 136720K->127K(153600K), 0.0030113 secs] 167512K->30919K(494976K), 0.0031151 secs] [Times: user=0.01 sys=0.00, real=0.00 secs] 
31.816: [GC (Allocation Failure) 31.816: [DefNew: 136703K->124K(153600K), 0.0029187 secs] 167495K->30916K(494976K), 0.0030011 secs] [Times: user=0.00 sys=0.00, real=0.00 secs] 
32.024: [GC (Allocation Failure) 32.024: [DefNew: 136700K->142K(153600K), 0.0030918 secs] 167492K->30934K(494976K), 0.0031859 secs] [Times: user=0.01 sys=0.00, real=0.00 secs] 
32.221: [GC (Allocation Failure) 32.221: [DefNew: 136718K->144K(153600K), 0.0029811 secs] 167510K->30936K(494976K), 0.0030688 secs] [Times: user=0.00 sys=0.01, real=0.01 secs] 
32.430: [GC (Allocation Failure) 32.430: [DefNew: 136720K->138K(153600K), 0.0031109 secs] 167512K->30930K(494976K), 0.0031994 secs] [Times: user=0.01 sys=0.00, real=0.01 secs] 
32.624: [GC (Allocation Failure) 32.624: [DefNew: 136714K->161K(153600K), 0.0031351 secs] 167506K->30954K(494976K), 0.0032312 secs] [Times: user=0.00 sys=0.01, real=0.00 secs] 
32.813: [GC (Allocation Failure) 32.813: [DefNew: 136737K->131K(153600K), 0.0031232 secs] 167530K->30923K(494976K), 0.0032287 secs] [Times: user=0.00 sys=0.00, real=0.00 secs] 
33.023: [GC (Allocation Failure) 33.023: [DefNew: 136707K->149K(153600K), 0.0032119 secs] 167499K->30942K(494976K), 0.0033233 secs] [Times: user=0.00 sys=0.00, real=0.00 secs] 
33.223: [GC (Allocation Failure) 33.223: [DefNew: 136725K->136K(153600K), 0.0031189 secs] 167518K->30933K(494976K), 0.0032273 secs] [Times: user=0.01 sys=0.00, real=0.00 secs] 
33.424: [GC (Allocation Failure) 33.424: [DefNew: 136712K->133K(153600K), 0.0034364 secs] 167509K->30933K(494976K), 0.0035461 secs] [Times: user=0.01 sys=0.00, real=0.00 secs] 
33.615: [GC (Allocation Failure) 33.615: [DefNew: 136709K->141K(153600K), 0.0029769 secs] 167509K->30942K(494976K), 0.0030687 secs] [Times: user=0.01 sys=0.01, real=0.00 secs] 
33.813: [GC (Allocation Failure) 33.813: [DefNew: 136717K->138K(153600K), 0.0030900 secs] 167518K->30939K(494976K), 0.0031931 secs] [Times: user=0.01 sys=0.00, real=0.00 secs] 
34.014: [GC (Allocation Failure) 34.014: [DefNew: 136714K->143K(153600K), 0.0030166 secs] 167515K->30943K(494976K), 0.0031035 secs] [Times: user=0.01 sys=0.00, real=0.00 secs] 
34.212: [GC (Allocation Failure) 34.212: [DefNew: 136719K->135K(153600K), 0.0033076 secs] 167519K->30936K(494976K), 0.0034142 secs] [Times: user=0.00 sys=0.00, real=0.01 secs] 
34.406: [GC (Allocation Failure) 34.406: [DefNew: 136711K->123K(153600K), 0.0034732 secs] 167512K->30924K(494976K), 0.0035826 secs] [Times: user=0.01 sys=0.00, real=0.00 secs] 
34.608: [GC (Allocation Failure) 34.608: [DefNew: 136693K->138K(153600K), 0.0030113 secs] 167494K->30938K(494976K), 0.0031204 secs] [Times: user=0.01 sys=0.00, real=0.00 secs] 
34.805: [GC (Allocation Failure) 34.805: [DefNew: 136714K->142K(153600K), 0.0028252 secs] 167514K->30942K(494976K), 0.0029059 secs] [Times: user=0.00 sys=0.00, real=0.00 secs] 
35.002: [GC (Allocation Failure) 35.002: [DefNew: 136718K->147K(153600K), 0.0029488 secs] 167518K->30947K(494976K), 0.0030475 secs] [Times: user=0.00 sys=0.00, real=0.01 secs] 
35.201: [GC (Allocation Failure) 35.201: [DefNew: 136723K->133K(153600K), 0.0027982 secs] 167523K->30934K(494976K), 0.0028787 secs] [Times: user=0.00 sys=0.00, real=0.01 secs] 
35.390: [GC (Allocation Failure) 35.390: [DefNew: 136709K->129K(153600K), 0.0029498 secs] 167510K->30930K(494976K), 0.0030690 secs] [Times: user=0.00 sys=0.00, real=0.01 secs] 
35.585: [GC (Allocation Failure) 35.585: [DefNew: 136705K->141K(153600K), 0.0028305 secs] 167506K->30942K(494976K), 0.0029101 secs] [Times: user=0.00 sys=0.00, real=0.00 secs] 
35.777: [GC (Allocation Failure) 35.777: [DefNew: 136717K->129K(153600K), 0.0028303 secs] 167518K->30932K(494976K), 0.0029219 secs] [Times: user=0.00 sys=0.00, real=0.00 secs] 
35.986: [GC (Allocation Failure) 35.986: [DefNew: 136705K->137K(153600K), 0.0029031 secs] 167508K->30945K(494976K), 0.0030008 secs] [Times: user=0.01 sys=0.00, real=0.00 secs] 
36.205: [GC (Allocation Failure) 36.205: [DefNew: 136713K->123K(153600K), 0.0038875 secs] 167521K->30931K(494976K), 0.0039998 secs] [Times: user=0.01 sys=0.00, real=0.00 secs] 
36.420: [GC (Allocation Failure) 36.420: [DefNew: 136699K->124K(153600K), 0.0029102 secs] 167507K->30935K(494976K), 0.0029931 secs] [Times: user=0.00 sys=0.00, real=0.01 secs] 
36.654: [GC (Allocation Failure) 36.654: [DefNew: 136700K->160K(153600K), 0.0032552 secs] 167511K->30970K(494976K), 0.0033645 secs] [Times: user=0.01 sys=0.00, real=0.00 secs] 
36.863: [GC (Allocation Failure) 36.863: [DefNew: 136736K->127K(153600K), 0.0031735 secs] 167546K->30937K(494976K), 0.0032817 secs] [Times: user=0.01 sys=0.00, real=0.00 secs] 
37.084: [GC (Allocation Failure) 37.084: [DefNew: 136703K->145K(153600K), 0.0034814 secs] 167513K->30955K(494976K), 0.0036027 secs] [Times: user=0.01 sys=0.00, real=0.00 secs] 
37.304: [GC (Allocation Failure) 37.304: [DefNew: 136721K->134K(153600K), 0.0036051 secs] 167531K->30944K(494976K), 0.0037159 secs] [Times: user=0.01 sys=0.00, real=0.00 secs] 
37.516: [GC (Allocation Failure) 37.516: [DefNew: 136710K->139K(153600K), 0.0044309 secs] 167520K->30949K(494976K), 0.0045313 secs] [Times: user=0.01 sys=0.00, real=0.00 secs] 
37.716: [GC (Allocation Failure) 37.717: [DefNew: 136715K->140K(153600K), 0.0029593 secs] 167525K->30951K(494976K), 0.0030483 secs] [Times: user=0.01 sys=0.00, real=0.00 secs] 
37.915: [GC (Allocation Failure) 37.916: [DefNew: 136716K->160K(153600K), 0.0029341 secs] 167527K->30970K(494976K), 0.0030149 secs] [Times: user=0.01 sys=0.00, real=0.00 secs] 
Heap
 def new generation   total 153600K, used 79384K [0x00000007a0c00000, 0x00000007ab2a0000, 0x00000007ab2a0000)
  eden space 136576K,  58% used [0x00000007a0c00000, 0x00000007a595dfe0, 0x00000007a9160000)
  from space 17024K,   0% used [0x00000007a9160000, 0x00000007a9188130, 0x00000007aa200000)
  to   space 17024K,   0% used [0x00000007aa200000, 0x00000007aa200000, 0x00000007ab2a0000)
 tenured generation   total 341376K, used 30810K [0x00000007ab2a0000, 0x00000007c0000000, 0x00000007c0000000)
   the space 341376K,   9% used [0x00000007ab2a0000, 0x00000007ad0b6938, 0x00000007ad0b6a00, 0x00000007c0000000)
 Metaspace       used 36380K, capacity 38080K, committed 38448K, reserved 1083392K
  class space    used 4525K, capacity 4841K, committed 4912K, reserved 1048576K
