Java HotSpot(TM) 64-Bit Server VM (25.131-b11) for bsd-amd64 JRE (1.8.0_131-b11), built on Mar 15 2017 01:32:22 by "java_re" with gcc 4.2.1 (Based on Apple Inc. build 5658) (LLVM build 2336.11.00)
Memory: 4k page, physical 8388608k(60916k free)

/proc/meminfo:

CommandLine flags: -XX:InitialHeapSize=104857600 -XX:MaxHeapSize=104857600 -XX:+PrintGC -XX:+PrintGCDetails -XX:+PrintGCTimeStamps -XX:+UseCompressedClassPointers -XX:+UseCompressedOops -XX:+UseSerialGC 
0.453: [GC (Allocation Failure) 0.453: [DefNew: 27328K->2533K(30720K), 0.0093222 secs] 27328K->2533K(99008K), 0.0093992 secs] [Times: user=0.01 sys=0.00, real=0.01 secs] 
0.664: [GC (Allocation Failure) 0.664: [DefNew: 29861K->1082K(30720K), 0.0077485 secs] 29861K->2771K(99008K), 0.0078233 secs] [Times: user=0.02 sys=0.00, real=0.00 secs] 
0.769: [GC (Allocation Failure) 0.769: [DefNew: 28410K->1585K(30720K), 0.0036344 secs] 30099K->3274K(99008K), 0.0036876 secs] [Times: user=0.01 sys=0.00, real=0.01 secs] 
0.886: [GC (Allocation Failure) 0.886: [DefNew: 28913K->2324K(30720K), 0.0044407 secs] 30602K->4014K(99008K), 0.0045122 secs] [Times: user=0.01 sys=0.00, real=0.00 secs] 
0.983: [GC (Allocation Failure) 0.983: [DefNew: 29652K->1369K(30720K), 0.0047194 secs] 31342K->3884K(99008K), 0.0047910 secs] [Times: user=0.01 sys=0.00, real=0.00 secs] 
0.988: [GC (GCLocker Initiated GC) 0.988: [DefNew: 1369K->1369K(30720K), 0.0023165 secs] 3884K->3884K(99008K), 0.0023580 secs] [Times: user=0.01 sys=0.01, real=0.00 secs] 
1.079: [GC (Allocation Failure) 1.079: [DefNew: 28697K->1942K(30720K), 0.0058202 secs] 31212K->4457K(99008K), 0.0058899 secs] [Times: user=0.02 sys=0.00, real=0.01 secs] 
1.150: [GC (Allocation Failure) 1.150: [DefNew: 29270K->2031K(30720K), 0.0043131 secs] 31785K->5031K(99008K), 0.0043766 secs] [Times: user=0.01 sys=0.00, real=0.01 secs] 
1.262: [GC (Allocation Failure) 1.262: [DefNew: 29359K->1799K(30720K), 0.0046193 secs] 32359K->5581K(99008K), 0.0046828 secs] [Times: user=0.00 sys=0.00, real=0.01 secs] 
1.353: [GC (Allocation Failure) 1.353: [DefNew: 29127K->1985K(30720K), 0.0036780 secs] 32909K->5962K(99008K), 0.0037668 secs] [Times: user=0.00 sys=0.00, real=0.00 secs] 
1.445: [GC (Allocation Failure) 1.445: [DefNew: 29313K->2137K(30720K), 0.0053866 secs] 33290K->6408K(99008K), 0.0054521 secs] [Times: user=0.02 sys=0.00, real=0.00 secs] 
1.484: [Full GC (Metadata GC Threshold) 1.484: [Tenured: 4271K->5571K(68288K), 0.0203941 secs] 32745K->5571K(99008K), [Metaspace: 20472K->20472K(1067008K)], 0.0204613 secs] [Times: user=0.04 sys=0.00, real=0.02 secs] 
1.646: [GC (Allocation Failure) 1.646: [DefNew: 27328K->1801K(30720K), 0.0061888 secs] 32899K->7372K(99008K), 0.0062674 secs] [Times: user=0.02 sys=0.00, real=0.00 secs] 
1.833: [GC (Allocation Failure) 1.833: [DefNew: 29129K->2007K(30720K), 0.0080205 secs] 34700K->8457K(99008K), 0.0081455 secs] [Times: user=0.02 sys=0.00, real=0.00 secs] 
2.000: [GC (Allocation Failure) 2.000: [DefNew: 29335K->1630K(30720K), 0.0063896 secs] 35785K->9362K(99008K), 0.0064605 secs] [Times: user=0.01 sys=0.01, real=0.01 secs] 
2.164: [GC (Allocation Failure) 2.164: [DefNew: 28958K->1536K(30720K), 0.0042758 secs] 36690K->9268K(99008K), 0.0043501 secs] [Times: user=0.01 sys=0.00, real=0.00 secs] 
2.284: [GC (Allocation Failure) 2.284: [DefNew: 28864K->2354K(30720K), 0.0066177 secs] 36596K->10087K(99008K), 0.0067054 secs] [Times: user=0.02 sys=0.00, real=0.00 secs] 
2.438: [GC (Allocation Failure) 2.438: [DefNew: 29682K->2337K(30720K), 0.0071621 secs] 37415K->10743K(99008K), 0.0072406 secs] [Times: user=0.02 sys=0.00, real=0.01 secs] 
2.621: [GC (Allocation Failure) 2.622: [DefNew: 29665K->3392K(30720K), 0.0084128 secs] 38071K->14496K(99008K), 0.0084790 secs] [Times: user=0.01 sys=0.00, real=0.01 secs] 
2.800: [GC (Allocation Failure) 2.800: [DefNew: 30720K->2485K(30720K), 0.0092460 secs] 41824K->16973K(99008K), 0.0093126 secs] [Times: user=0.02 sys=0.00, real=0.01 secs] 
2.915: [GC (Allocation Failure) 2.915: [DefNew: 29813K->803K(30720K), 0.0071323 secs] 44301K->16902K(99008K), 0.0072117 secs] [Times: user=0.02 sys=0.00, real=0.00 secs] 
3.017: [GC (Allocation Failure) 3.017: [DefNew: 28131K->1197K(30720K), 0.0039746 secs] 44230K->17296K(99008K), 0.0040367 secs] [Times: user=0.00 sys=0.00, real=0.00 secs] 
3.107: [GC (Allocation Failure) 3.107: [DefNew: 28525K->1725K(30720K), 0.0046818 secs] 44624K->17824K(99008K), 0.0047434 secs] [Times: user=0.01 sys=0.00, real=0.00 secs] 
3.209: [GC (Allocation Failure) 3.209: [DefNew: 29053K->2393K(30720K), 0.0068053 secs] 45152K->18927K(99008K), 0.0068675 secs] [Times: user=0.01 sys=0.00, real=0.01 secs] 
3.292: [GC (Allocation Failure) 3.292: [DefNew: 29721K->2004K(30720K), 0.0066766 secs] 46255K->19609K(99008K), 0.0067337 secs] [Times: user=0.01 sys=0.00, real=0.01 secs] 
3.398: [GC (Allocation Failure) 3.398: [DefNew: 29332K->1331K(30720K), 0.0056938 secs] 46937K->20008K(99008K), 0.0057680 secs] [Times: user=0.01 sys=0.00, real=0.01 secs] 
3.471: [GC (Allocation Failure) 3.471: [DefNew: 28659K->1780K(30720K), 0.0050669 secs] 47336K->20458K(99008K), 0.0051393 secs] [Times: user=0.01 sys=0.00, real=0.01 secs] 
564.432: [Full GC (Metadata GC Threshold) 564.432: [Tenured: 18677K->19603K(68288K), 0.1968041 secs] 39678K->19603K(99008K), [Metaspace: 33791K->33791K(1079296K)], 0.1972360 secs] [Times: user=0.07 sys=0.11, real=0.20 secs] 
565.000: [GC (Allocation Failure) 565.000: [DefNew: 27328K->1319K(30720K), 0.0057005 secs] 46931K->20923K(99008K), 0.0057903 secs] [Times: user=0.01 sys=0.00, real=0.00 secs] 
582.706: [GC (Allocation Failure) 582.706: [DefNew: 28647K->3392K(30720K), 0.0139465 secs] 48251K->27956K(99008K), 0.0140572 secs] [Times: user=0.01 sys=0.01, real=0.02 secs] 
582.928: [GC (Allocation Failure) 582.928: [DefNew: 30720K->987K(30720K), 0.0106834 secs] 55284K->28837K(99008K), 0.0108108 secs] [Times: user=0.01 sys=0.00, real=0.02 secs] 
583.177: [GC (Allocation Failure) 583.177: [DefNew: 28315K->1303K(30720K), 0.0062056 secs] 56165K->29153K(99008K), 0.0063149 secs] [Times: user=0.01 sys=0.00, real=0.01 secs] 
583.393: [GC (Allocation Failure) 583.393: [DefNew: 28631K->3385K(30720K), 0.0085793 secs] 56481K->31235K(99008K), 0.0086866 secs] [Times: user=0.01 sys=0.00, real=0.01 secs] 
583.646: [GC (Allocation Failure) 583.646: [DefNew: 30713K->353K(30720K), 0.0102009 secs] 58563K->31401K(99008K), 0.0104513 secs] [Times: user=0.00 sys=0.00, real=0.01 secs] 
583.888: [GC (Allocation Failure) 583.888: [DefNew: 27681K->452K(30720K), 0.0048938 secs] 58729K->31501K(99008K), 0.0049908 secs] [Times: user=0.00 sys=0.00, real=0.01 secs] 
584.111: [GC (Allocation Failure) 584.111: [DefNew: 27780K->388K(30720K), 0.0074129 secs] 58829K->31437K(99008K), 0.0075307 secs] [Times: user=0.01 sys=0.00, real=0.01 secs] 
584.321: [GC (Allocation Failure) 584.321: [DefNew: 27716K->342K(30720K), 0.0055335 secs] 58765K->31390K(99008K), 0.0056366 secs] [Times: user=0.01 sys=0.00, real=0.00 secs] 
584.512: [GC (Allocation Failure) 584.512: [DefNew: 27670K->591K(30720K), 0.0078406 secs] 58718K->31640K(99008K), 0.0079786 secs] [Times: user=0.01 sys=0.00, real=0.01 secs] 
584.727: [GC (Allocation Failure) 584.727: [DefNew: 27919K->624K(30720K), 0.0043521 secs] 58968K->31673K(99008K), 0.0044544 secs] [Times: user=0.02 sys=0.00, real=0.01 secs] 
584.912: [GC (Allocation Failure) 584.912: [DefNew: 27947K->377K(30720K), 0.0040241 secs] 58995K->31425K(99008K), 0.0041137 secs] [Times: user=0.00 sys=0.00, real=0.00 secs] 
585.095: [GC (Allocation Failure) 585.096: [DefNew: 27705K->436K(30720K), 0.0047355 secs] 58753K->31484K(99008K), 0.0048674 secs] [Times: user=0.01 sys=0.00, real=0.01 secs] 
585.274: [GC (Allocation Failure) 585.274: [DefNew: 27764K->796K(30720K), 0.0054774 secs] 58812K->31845K(99008K), 0.0055645 secs] [Times: user=0.01 sys=0.00, real=0.01 secs] 
585.437: [GC (Allocation Failure) 585.437: [DefNew: 28124K->1067K(30720K), 0.0051703 secs] 59173K->32116K(99008K), 0.0052612 secs] [Times: user=0.01 sys=0.00, real=0.01 secs] 
585.611: [GC (Allocation Failure) 585.611: [DefNew: 28395K->1043K(30720K), 0.0067501 secs] 59444K->32092K(99008K), 0.0069038 secs] [Times: user=0.02 sys=0.01, real=0.00 secs] 
585.803: [GC (Allocation Failure) 585.803: [DefNew: 28371K->1148K(30720K), 0.0047465 secs] 59420K->32197K(99008K), 0.0048571 secs] [Times: user=0.01 sys=0.00, real=0.00 secs] 
585.987: [GC (Allocation Failure) 585.987: [DefNew: 28476K->1143K(30720K), 0.0046224 secs] 59525K->32192K(99008K), 0.0047071 secs] [Times: user=0.01 sys=0.00, real=0.01 secs] 
586.163: [GC (Allocation Failure) 586.163: [DefNew: 28471K->781K(30720K), 0.0043176 secs] 59520K->31829K(99008K), 0.0044085 secs] [Times: user=0.01 sys=0.00, real=0.00 secs] 
586.329: [GC (Allocation Failure) 586.329: [DefNew: 28109K->642K(30720K), 0.0047942 secs] 59157K->31691K(99008K), 0.0048987 secs] [Times: user=0.02 sys=0.00, real=0.00 secs] 
586.488: [GC (Allocation Failure) 586.488: [DefNew: 27970K->982K(30720K), 0.0049278 secs] 59019K->32063K(99008K), 0.0050161 secs] [Times: user=0.01 sys=0.00, real=0.01 secs] 
586.651: [GC (Allocation Failure) 586.651: [DefNew: 28310K->1133K(30720K), 0.0057622 secs] 59391K->32234K(99008K), 0.0058596 secs] [Times: user=0.01 sys=0.00, real=0.00 secs] 
586.839: [GC (Allocation Failure) 586.839: [DefNew: 28461K->1127K(30720K), 0.0069792 secs] 59562K->32235K(99008K), 0.0070819 secs] [Times: user=0.02 sys=0.00, real=0.00 secs] 
587.044: [GC (Allocation Failure) 587.044: [DefNew: 28455K->666K(30720K), 0.0045219 secs] 59563K->31779K(99008K), 0.0046173 secs] [Times: user=0.00 sys=0.00, real=0.01 secs] 
587.228: [GC (Allocation Failure) 587.228: [DefNew: 27994K->911K(30720K), 0.0066989 secs] 59107K->32068K(99008K), 0.0068182 secs] [Times: user=0.01 sys=0.00, real=0.01 secs] 
587.422: [GC (Allocation Failure) 587.422: [DefNew: 28239K->1093K(30720K), 0.0049649 secs] 59396K->32256K(99008K), 0.0050530 secs] [Times: user=0.01 sys=0.00, real=0.00 secs] 
587.589: [GC (Allocation Failure) 587.589: [DefNew: 28421K->695K(30720K), 0.0059809 secs] 59584K->31872K(99008K), 0.0060921 secs] [Times: user=0.02 sys=0.00, real=0.00 secs] 
587.758: [GC (Allocation Failure) 587.758: [DefNew: 28023K->1054K(30720K), 0.0052608 secs] 59200K->32238K(99008K), 0.0053752 secs] [Times: user=0.01 sys=0.00, real=0.01 secs] 
587.941: [GC (Allocation Failure) 587.941: [DefNew: 28382K->1036K(30720K), 0.0043543 secs] 59566K->32224K(99008K), 0.0044561 secs] [Times: user=0.01 sys=0.00, real=0.00 secs] 
588.099: [GC (Allocation Failure) 588.099: [DefNew: 28364K->502K(30720K), 0.0061447 secs] 59552K->31778K(99008K), 0.0062594 secs] [Times: user=0.02 sys=0.00, real=0.00 secs] 
588.264: [GC (Allocation Failure) 588.264: [DefNew: 27830K->836K(30720K), 0.0107933 secs] 59106K->32115K(99008K), 0.0109327 secs] [Times: user=0.02 sys=0.00, real=0.01 secs] 
588.430: [GC (Allocation Failure) 588.430: [DefNew: 28164K->860K(30720K), 0.0069726 secs] 59443K->32145K(99008K), 0.0070787 secs] [Times: user=0.02 sys=0.00, real=0.00 secs] 
588.583: [GC (Allocation Failure) 588.583: [DefNew: 28188K->708K(30720K), 0.0047481 secs] 59473K->31996K(99008K), 0.0048556 secs] [Times: user=0.02 sys=0.00, real=0.00 secs] 
588.743: [GC (Allocation Failure) 588.743: [DefNew: 28036K->1057K(30720K), 0.0081622 secs] 59324K->32346K(99008K), 0.0084218 secs] [Times: user=0.02 sys=0.01, real=0.01 secs] 
588.931: [GC (Allocation Failure) 588.931: [DefNew: 28385K->904K(30720K), 0.0056552 secs] 59674K->32197K(99008K), 0.0057635 secs] [Times: user=0.02 sys=0.00, real=0.00 secs] 
589.088: [GC (Allocation Failure) 589.088: [DefNew: 28232K->1241K(30720K), 0.0074790 secs] 59525K->32537K(99008K), 0.0075868 secs] [Times: user=0.01 sys=0.00, real=0.01 secs] 
589.243: [GC (Allocation Failure) 589.243: [DefNew: 28569K->848K(30720K), 0.0099068 secs] 59865K->32147K(99008K), 0.0100935 secs] [Times: user=0.02 sys=0.00, real=0.01 secs] 
589.406: [GC (Allocation Failure) 589.406: [DefNew: 28176K->1395K(30720K), 0.0077735 secs] 59475K->32695K(99008K), 0.0078837 secs] [Times: user=0.02 sys=0.00, real=0.01 secs] 
589.562: [GC (Allocation Failure) 589.562: [DefNew: 28723K->852K(30720K), 0.0044743 secs] 60023K->32155K(99008K), 0.0045808 secs] [Times: user=0.01 sys=0.00, real=0.00 secs] 
589.717: [GC (Allocation Failure) 589.717: [DefNew: 28180K->1706K(30720K), 0.0087193 secs] 59483K->33012K(99008K), 0.0088913 secs] [Times: user=0.02 sys=0.01, real=0.01 secs] 
589.870: [GC (Allocation Failure) 589.870: [DefNew: 29034K->880K(30720K), 0.0075860 secs] 60340K->32199K(99008K), 0.0077047 secs] [Times: user=0.02 sys=0.00, real=0.00 secs] 
590.016: [GC (Allocation Failure) 590.016: [DefNew: 28208K->1303K(30720K), 0.0076453 secs] 59527K->32622K(99008K), 0.0077663 secs] [Times: user=0.02 sys=0.00, real=0.01 secs] 
590.161: [GC (Allocation Failure) 590.161: [DefNew: 28631K->1000K(30720K), 0.0064780 secs] 59950K->32319K(99008K), 0.0065958 secs] [Times: user=0.02 sys=0.00, real=0.00 secs] 
590.313: [GC (Allocation Failure) 590.313: [DefNew: 28328K->1092K(30720K), 0.0101664 secs] 59647K->32411K(99008K), 0.0102966 secs] [Times: user=0.02 sys=0.00, real=0.01 secs] 
590.506: [GC (Allocation Failure) 590.506: [DefNew: 28420K->719K(30720K), 0.0050254 secs] 59739K->32042K(99008K), 0.0051372 secs] [Times: user=0.01 sys=0.00, real=0.01 secs] 
590.645: [GC (Allocation Failure) 590.645: [DefNew: 28047K->752K(30720K), 0.0061037 secs] 59370K->32081K(99008K), 0.0062054 secs] [Times: user=0.02 sys=0.00, real=0.01 secs] 
590.807: [GC (Allocation Failure) 590.807: [DefNew: 28080K->900K(30720K), 0.0052108 secs] 59409K->32230K(99008K), 0.0053211 secs] [Times: user=0.02 sys=0.00, real=0.01 secs] 
590.951: [GC (Allocation Failure) 590.951: [DefNew: 28228K->652K(30720K), 0.0037016 secs] 59558K->31985K(99008K), 0.0038060 secs] [Times: user=0.01 sys=0.00, real=0.00 secs] 
591.086: [GC (Allocation Failure) 591.086: [DefNew: 27980K->595K(30720K), 0.0065457 secs] 59313K->32014K(99008K), 0.0066768 secs] [Times: user=0.02 sys=0.00, real=0.01 secs] 
591.234: [GC (Allocation Failure) 591.234: [DefNew: 27923K->606K(30720K), 0.0045025 secs] 59342K->32027K(99008K), 0.0045992 secs] [Times: user=0.01 sys=0.00, real=0.01 secs] 
591.373: [GC (Allocation Failure) 591.373: [DefNew: 27934K->591K(30720K), 0.0048330 secs] 59355K->32016K(99008K), 0.0049406 secs] [Times: user=0.01 sys=0.00, real=0.00 secs] 
591.510: [GC (Allocation Failure) 591.510: [DefNew: 27919K->577K(30720K), 0.0058454 secs] 59344K->32028K(99008K), 0.0060358 secs] [Times: user=0.01 sys=0.00, real=0.00 secs] 
591.657: [GC (Allocation Failure) 591.659: [DefNew: 27905K->406K(30720K), 0.0045364 secs] 59356K->32157K(99008K), 0.0060575 secs] [Times: user=0.01 sys=0.00, real=0.01 secs] 
591.795: [GC (Allocation Failure) 591.795: [DefNew: 27734K->343K(30720K), 0.0074539 secs] 59485K->32096K(99008K), 0.0076022 secs] [Times: user=0.01 sys=0.00, real=0.01 secs] 
591.956: [GC (Allocation Failure) 591.956: [DefNew: 27671K->235K(30720K), 0.0034929 secs] 59424K->31988K(99008K), 0.0035929 secs] [Times: user=0.01 sys=0.00, real=0.01 secs] 
592.111: [GC (Allocation Failure) 592.111: [DefNew: 27563K->285K(30720K), 0.0049908 secs] 59316K->32040K(99008K), 0.0051371 secs] [Times: user=0.01 sys=0.00, real=0.00 secs] 
592.268: [GC (Allocation Failure) 592.268: [DefNew: 27613K->252K(30720K), 0.0050467 secs] 59368K->32007K(99008K), 0.0051794 secs] [Times: user=0.01 sys=0.00, real=0.01 secs] 
592.425: [GC (Allocation Failure) 592.425: [DefNew: 27580K->489K(30720K), 0.0048540 secs] 59335K->32245K(99008K), 0.0049762 secs] [Times: user=0.01 sys=0.00, real=0.01 secs] 
592.565: [GC (Allocation Failure) 592.565: [DefNew: 27817K->448K(30720K), 0.0057058 secs] 59573K->32207K(99008K), 0.0058308 secs] [Times: user=0.00 sys=0.00, real=0.01 secs] 
592.687: [GC (Allocation Failure) 592.687: [DefNew: 27776K->475K(30720K), 0.0039751 secs] 59535K->32236K(99008K), 0.0040755 secs] [Times: user=0.00 sys=0.00, real=0.01 secs] 
592.815: [GC (Allocation Failure) 592.815: [DefNew: 27803K->1079K(30720K), 0.0054041 secs] 59564K->32842K(99008K), 0.0055270 secs] [Times: user=0.01 sys=0.00, real=0.01 secs] 
592.939: [GC (Allocation Failure) 592.939: [DefNew: 28407K->568K(30720K), 0.0048794 secs] 60170K->32338K(99008K), 0.0049983 secs] [Times: user=0.01 sys=0.00, real=0.00 secs] 
593.061: [GC (Allocation Failure) 593.061: [DefNew: 27896K->485K(30720K), 0.0041810 secs] 59666K->32256K(99008K), 0.0042843 secs] [Times: user=0.01 sys=0.00, real=0.00 secs] 
593.188: [GC (Allocation Failure) 593.188: [DefNew: 27813K->1188K(30720K), 0.0053168 secs] 59584K->32962K(99008K), 0.0054118 secs] [Times: user=0.01 sys=0.00, real=0.01 secs] 
593.309: [GC (Allocation Failure) 593.309: [DefNew: 28516K->319K(30720K), 0.0050956 secs] 60290K->32095K(99008K), 0.0053103 secs] [Times: user=0.00 sys=0.00, real=0.00 secs] 
593.421: [GC (Allocation Failure) 593.421: [DefNew: 27647K->477K(30720K), 0.0061291 secs] 59423K->32255K(99008K), 0.0062465 secs] [Times: user=0.00 sys=0.00, real=0.00 secs] 
593.525: [GC (Allocation Failure) 593.526: [DefNew: 27805K->1098K(30720K), 0.0054629 secs] 59583K->32877K(99008K), 0.0055539 secs] [Times: user=0.01 sys=0.00, real=0.01 secs] 
593.629: [GC (Allocation Failure) 593.629: [DefNew: 28426K->713K(30720K), 0.0045587 secs] 60205K->32495K(99008K), 0.0046382 secs] [Times: user=0.01 sys=0.00, real=0.00 secs] 
593.739: [GC (Allocation Failure) 593.739: [DefNew: 28041K->1129K(30720K), 0.0045138 secs] 59823K->32913K(99008K), 0.0045961 secs] [Times: user=0.01 sys=0.00, real=0.00 secs] 
593.852: [GC (Allocation Failure) 593.852: [DefNew: 28457K->894K(30720K), 0.0053485 secs] 60241K->32682K(99008K), 0.0054575 secs] [Times: user=0.02 sys=0.00, real=0.00 secs] 
593.954: [GC (Allocation Failure) 593.954: [DefNew: 28222K->851K(30720K), 0.0061790 secs] 60010K->32641K(99008K), 0.0062826 secs] [Times: user=0.02 sys=0.00, real=0.01 secs] 
594.053: [GC (Allocation Failure) 594.053: [DefNew: 28179K->826K(30720K), 0.0038822 secs] 59969K->32617K(99008K), 0.0039598 secs] [Times: user=0.01 sys=0.00, real=0.00 secs] 
594.143: [GC (Allocation Failure) 594.143: [DefNew: 28154K->439K(30720K), 0.0035435 secs] 59945K->32231K(99008K), 0.0036203 secs] [Times: user=0.01 sys=0.00, real=0.00 secs] 
594.240: [GC (Allocation Failure) 594.240: [DefNew: 27767K->526K(30720K), 0.0033661 secs] 59559K->32323K(99008K), 0.0034382 secs] [Times: user=0.01 sys=0.00, real=0.00 secs] 
594.347: [GC (Allocation Failure) 594.347: [DefNew: 27854K->1206K(30720K), 0.0077166 secs] 59651K->33008K(99008K), 0.0078279 secs] [Times: user=0.02 sys=0.00, real=0.01 secs] 
594.440: [GC (Allocation Failure) 594.440: [DefNew: 28534K->465K(30720K), 0.0035313 secs] 60336K->32270K(99008K), 0.0036103 secs] [Times: user=0.01 sys=0.00, real=0.00 secs] 
594.529: [GC (Allocation Failure) 594.529: [DefNew: 27793K->284K(30720K), 0.0030679 secs] 59598K->32090K(99008K), 0.0031602 secs] [Times: user=0.01 sys=0.00, real=0.00 secs] 
594.615: [GC (Allocation Failure) 594.615: [DefNew: 27612K->297K(30720K), 0.0055696 secs] 59418K->32107K(99008K), 0.0082458 secs] [Times: user=0.01 sys=0.00, real=0.01 secs] 
594.724: [GC (Allocation Failure) 594.725: [DefNew: 27625K->1185K(30720K), 0.0058670 secs] 59435K->32996K(99008K), 0.0067232 secs] [Times: user=0.02 sys=0.00, real=0.01 secs] 
594.814: [GC (Allocation Failure) 594.814: [DefNew: 28513K->718K(30720K), 0.0063194 secs] 60324K->32534K(99008K), 0.0064470 secs] [Times: user=0.02 sys=0.00, real=0.01 secs] 
594.912: [GC (Allocation Failure) 594.912: [DefNew: 28046K->717K(30720K), 0.0043975 secs] 59862K->32537K(99008K), 0.0045141 secs] [Times: user=0.01 sys=0.00, real=0.00 secs] 
594.992: [GC (Allocation Failure) 594.993: [DefNew: 28045K->741K(30720K), 0.0047556 secs] 59865K->32563K(99008K), 0.0048519 secs] [Times: user=0.01 sys=0.00, real=0.00 secs] 
595.077: [GC (Allocation Failure) 595.077: [DefNew: 28069K->916K(30720K), 0.0043509 secs] 59891K->32742K(99008K), 0.0044461 secs] [Times: user=0.02 sys=0.00, real=0.01 secs] 
595.159: [GC (Allocation Failure) 595.160: [DefNew: 28244K->496K(30720K), 0.0034602 secs] 60070K->32322K(99008K), 0.0035535 secs] [Times: user=0.00 sys=0.00, real=0.00 secs] 
595.235: [GC (Allocation Failure) 595.235: [DefNew: 27824K->266K(30720K), 0.0032067 secs] 59650K->32095K(99008K), 0.0033002 secs] [Times: user=0.01 sys=0.00, real=0.00 secs] 
595.310: [GC (Allocation Failure) 595.310: [DefNew: 27594K->177K(30720K), 0.0031327 secs] 59423K->32008K(99008K), 0.0032327 secs] [Times: user=0.01 sys=0.00, real=0.00 secs] 
595.393: [GC (Allocation Failure) 595.393: [DefNew: 27505K->157K(30720K), 0.0028394 secs] 59336K->31989K(99008K), 0.0029394 secs] [Times: user=0.01 sys=0.00, real=0.00 secs] 
595.464: [GC (Allocation Failure) 595.464: [DefNew: 27485K->203K(30720K), 0.0028507 secs] 59317K->32037K(99008K), 0.0029270 secs] [Times: user=0.00 sys=0.00, real=0.00 secs] 
595.541: [GC (Allocation Failure) 595.541: [DefNew: 27531K->171K(30720K), 0.0031882 secs] 59365K->32008K(99008K), 0.0032904 secs] [Times: user=0.01 sys=0.00, real=0.00 secs] 
595.611: [GC (Allocation Failure) 595.611: [DefNew: 27499K->171K(30720K), 0.0040040 secs] 59336K->32009K(99008K), 0.0041501 secs] [Times: user=0.01 sys=0.00, real=0.00 secs] 
595.684: [GC (Allocation Failure) 595.684: [DefNew: 27499K->167K(30720K), 0.0027370 secs] 59337K->32007K(99008K), 0.0028083 secs] [Times: user=0.00 sys=0.00, real=0.00 secs] 
595.747: [GC (Allocation Failure) 595.747: [DefNew: 27495K->172K(30720K), 0.0030672 secs] 59335K->32013K(99008K), 0.0031633 secs] [Times: user=0.01 sys=0.00, real=0.01 secs] 
595.817: [GC (Allocation Failure) 595.817: [DefNew: 27500K->148K(30720K), 0.0034627 secs] 59341K->31990K(99008K), 0.0036064 secs] [Times: user=0.01 sys=0.00, real=0.01 secs] 
595.903: [GC (Allocation Failure) 595.903: [DefNew: 27476K->176K(30720K), 0.0029689 secs] 59318K->32023K(99008K), 0.0030579 secs] [Times: user=0.01 sys=0.00, real=0.00 secs] 
595.959: [GC (Allocation Failure) 595.959: [DefNew: 27504K->171K(30720K), 0.0025411 secs] 59351K->32018K(99008K), 0.0026159 secs] [Times: user=0.00 sys=0.00, real=0.00 secs] 
596.015: [GC (Allocation Failure) 596.015: [DefNew: 27499K->218K(30720K), 0.0028248 secs] 59346K->32067K(99008K), 0.0028919 secs] [Times: user=0.00 sys=0.00, real=0.00 secs] 
596.077: [GC (Allocation Failure) 596.077: [DefNew: 27540K->162K(30720K), 0.0025723 secs] 59389K->32017K(99008K), 0.0026415 secs] [Times: user=0.00 sys=0.00, real=0.01 secs] 
596.140: [GC (Allocation Failure) 596.140: [DefNew: 27490K->219K(30720K), 0.0035588 secs] 59345K->32074K(99008K), 0.0036512 secs] [Times: user=0.01 sys=0.00, real=0.00 secs] 
596.194: [GC (Allocation Failure) 596.194: [DefNew: 27547K->332K(30720K), 0.0030765 secs] 59402K->32192K(99008K), 0.0031663 secs] [Times: user=0.01 sys=0.00, real=0.00 secs] 
596.249: [GC (Allocation Failure) 596.249: [DefNew: 27660K->182K(30720K), 0.0028357 secs] 59520K->32046K(99008K), 0.0029179 secs] [Times: user=0.00 sys=0.01, real=0.00 secs] 
596.302: [GC (Allocation Failure) 596.302: [DefNew: 27510K->147K(30720K), 0.0024207 secs] 59374K->32011K(99008K), 0.0024966 secs] [Times: user=0.01 sys=0.00, real=0.00 secs] 
596.362: [GC (Allocation Failure) 596.362: [DefNew: 27475K->163K(30720K), 0.0039218 secs] 59339K->32027K(99008K), 0.0040346 secs] [Times: user=0.01 sys=0.00, real=0.00 secs] 
596.433: [GC (Allocation Failure) 596.433: [DefNew: 27491K->182K(30720K), 0.0039228 secs] 59355K->32047K(99008K), 0.0040355 secs] [Times: user=0.01 sys=0.00, real=0.00 secs] 
596.491: [GC (Allocation Failure) 596.491: [DefNew: 27510K->147K(30720K), 0.0027073 secs] 59375K->32012K(99008K), 0.0028025 secs] [Times: user=0.00 sys=0.00, real=0.00 secs] 
596.548: [GC (Allocation Failure) 596.548: [DefNew: 27475K->128K(30720K), 0.0024771 secs] 59340K->31999K(99008K), 0.0025549 secs] [Times: user=0.00 sys=0.00, real=0.01 secs] 
596.606: [GC (Allocation Failure) 596.606: [DefNew: 27456K->164K(30720K), 0.0028175 secs] 59327K->32035K(99008K), 0.0029132 secs] [Times: user=0.01 sys=0.00, real=0.01 secs] 
596.669: [GC (Allocation Failure) 596.669: [DefNew: 27492K->148K(30720K), 0.0035279 secs] 59363K->32019K(99008K), 0.0036281 secs] [Times: user=0.01 sys=0.00, real=0.00 secs] 
596.724: [GC (Allocation Failure) 596.724: [DefNew: 27476K->175K(30720K), 0.0026605 secs] 59347K->32046K(99008K), 0.0027511 secs] [Times: user=0.01 sys=0.00, real=0.00 secs] 
596.782: [GC (Allocation Failure) 596.782: [DefNew: 27503K->132K(30720K), 0.0026834 secs] 59374K->32004K(99008K), 0.0027589 secs] [Times: user=0.00 sys=0.00, real=0.00 secs] 
596.837: [GC (Allocation Failure) 596.837: [DefNew: 27460K->149K(30720K), 0.0029411 secs] 59332K->32021K(99008K), 0.0030400 secs] [Times: user=0.01 sys=0.00, real=0.01 secs] 
596.898: [GC (Allocation Failure) 596.898: [DefNew: 27477K->157K(30720K), 0.0039327 secs] 59349K->32030K(99008K), 0.0040540 secs] [Times: user=0.01 sys=0.00, real=0.00 secs] 
596.968: [GC (Allocation Failure) 596.968: [DefNew: 27485K->184K(30720K), 0.0042635 secs] 59358K->32057K(99008K), 0.0043718 secs] [Times: user=0.01 sys=0.00, real=0.00 secs] 
597.033: [GC (Allocation Failure) 597.034: [DefNew: 27512K->261K(30720K), 0.0038301 secs] 59385K->32135K(99008K), 0.0039320 secs] [Times: user=0.01 sys=0.00, real=0.00 secs] 
597.092: [GC (Allocation Failure) 597.092: [DefNew: 27589K->179K(30720K), 0.0026809 secs] 59463K->32053K(99008K), 0.0027631 secs] [Times: user=0.00 sys=0.00, real=0.00 secs] 
597.155: [GC (Allocation Failure) 597.155: [DefNew: 27507K->162K(30720K), 0.0039754 secs] 59381K->32036K(99008K), 0.0040755 secs] [Times: user=0.01 sys=0.00, real=0.01 secs] 
597.215: [GC (Allocation Failure) 597.215: [DefNew: 27490K->182K(30720K), 0.0028601 secs] 59364K->32056K(99008K), 0.0029428 secs] [Times: user=0.01 sys=0.00, real=0.00 secs] 
597.276: [GC (Allocation Failure) 597.276: [DefNew: 27510K->207K(30720K), 0.0030715 secs] 59384K->32082K(99008K), 0.0031635 secs] [Times: user=0.01 sys=0.00, real=0.01 secs] 
597.333: [GC (Allocation Failure) 597.333: [DefNew: 27535K->366K(30720K), 0.0036366 secs] 59410K->32241K(99008K), 0.0037395 secs] [Times: user=0.01 sys=0.00, real=0.00 secs] 
597.392: [GC (Allocation Failure) 597.392: [DefNew: 27694K->553K(30720K), 0.0037440 secs] 59569K->32428K(99008K), 0.0038361 secs] [Times: user=0.01 sys=0.00, real=0.00 secs] 
597.456: [GC (Allocation Failure) 597.456: [DefNew: 27881K->700K(30720K), 0.0035512 secs] 59756K->32576K(99008K), 0.0036376 secs] [Times: user=0.01 sys=0.00, real=0.01 secs] 
597.512: [GC (Allocation Failure) 597.512: [DefNew: 28028K->692K(30720K), 0.0043836 secs] 59904K->32569K(99008K), 0.0044872 secs] [Times: user=0.00 sys=0.00, real=0.00 secs] 
597.571: [GC (Allocation Failure) 597.571: [DefNew: 28020K->162K(30720K), 0.0041643 secs] 59897K->32038K(99008K), 0.0042857 secs] [Times: user=0.01 sys=0.00, real=0.00 secs] 
597.625: [GC (Allocation Failure) 597.625: [DefNew: 27490K->155K(30720K), 0.0037946 secs] 59366K->32032K(99008K), 0.0038978 secs] [Times: user=0.01 sys=0.00, real=0.01 secs] 
597.681: [GC (Allocation Failure) 597.681: [DefNew: 27483K->191K(30720K), 0.0031646 secs] 59360K->32068K(99008K), 0.0032514 secs] [Times: user=0.01 sys=0.00, real=0.00 secs] 
597.735: [GC (Allocation Failure) 597.735: [DefNew: 27519K->167K(30720K), 0.0029779 secs] 59396K->32044K(99008K), 0.0030730 secs] [Times: user=0.01 sys=0.00, real=0.01 secs] 
597.787: [GC (Allocation Failure) 597.787: [DefNew: 27495K->139K(30720K), 0.0031500 secs] 59372K->32016K(99008K), 0.0032492 secs] [Times: user=0.01 sys=0.00, real=0.01 secs] 
597.842: [GC (Allocation Failure) 597.842: [DefNew: 27467K->151K(30720K), 0.0037248 secs] 59344K->32029K(99008K), 0.0038233 secs] [Times: user=0.01 sys=0.00, real=0.00 secs] 
597.896: [GC (Allocation Failure) 597.896: [DefNew: 27479K->165K(30720K), 0.0027590 secs] 59357K->32044K(99008K), 0.0028452 secs] [Times: user=0.01 sys=0.00, real=0.01 secs] 
597.960: [GC (Allocation Failure) 597.960: [DefNew: 27493K->202K(30720K), 0.0044091 secs] 59372K->32081K(99008K), 0.0045241 secs] [Times: user=0.01 sys=0.00, real=0.00 secs] 
598.016: [GC (Allocation Failure) 598.016: [DefNew: 27530K->183K(30720K), 0.0041563 secs] 59409K->32062K(99008K), 0.0042640 secs] [Times: user=0.01 sys=0.00, real=0.01 secs] 
598.073: [GC (Allocation Failure) 598.073: [DefNew: 27511K->171K(30720K), 0.0044774 secs] 59390K->32050K(99008K), 0.0045954 secs] [Times: user=0.01 sys=0.00, real=0.00 secs] 
598.128: [GC (Allocation Failure) 598.129: [DefNew: 27499K->144K(30720K), 0.0034690 secs] 59378K->32024K(99008K), 0.0035644 secs] [Times: user=0.00 sys=0.00, real=0.00 secs] 
598.182: [GC (Allocation Failure) 598.182: [DefNew: 27472K->148K(30720K), 0.0030708 secs] 59352K->32028K(99008K), 0.0031579 secs] [Times: user=0.00 sys=0.00, real=0.00 secs] 
598.237: [GC (Allocation Failure) 598.237: [DefNew: 27476K->145K(30720K), 0.0028268 secs] 59356K->32029K(99008K), 0.0029343 secs] [Times: user=0.01 sys=0.00, real=0.01 secs] 
598.293: [GC (Allocation Failure) 598.293: [DefNew: 27473K->133K(30720K), 0.0036720 secs] 59357K->32018K(99008K), 0.0037774 secs] [Times: user=0.01 sys=0.00, real=0.00 secs] 
598.349: [GC (Allocation Failure) 598.349: [DefNew: 27461K->161K(30720K), 0.0029512 secs] 59346K->32047K(99008K), 0.0030449 secs] [Times: user=0.01 sys=0.00, real=0.00 secs] 
598.404: [GC (Allocation Failure) 598.404: [DefNew: 27489K->169K(30720K), 0.0036316 secs] 59375K->32059K(99008K), 0.0037321 secs] [Times: user=0.01 sys=0.00, real=0.00 secs] 
598.468: [GC (Allocation Failure) 598.468: [DefNew: 27497K->150K(30720K), 0.0037500 secs] 59387K->32041K(99008K), 0.0038410 secs] [Times: user=0.01 sys=0.00, real=0.01 secs] 
598.523: [GC (Allocation Failure) 598.523: [DefNew: 27478K->197K(30720K), 0.0037460 secs] 59369K->32087K(99008K), 0.0038259 secs] [Times: user=0.01 sys=0.00, real=0.00 secs] 
598.577: [GC (Allocation Failure) 598.577: [DefNew: 27525K->146K(30720K), 0.0032786 secs] 59415K->32038K(99008K), 0.0033693 secs] [Times: user=0.01 sys=0.00, real=0.01 secs] 
598.635: [GC (Allocation Failure) 598.635: [DefNew: 27474K->150K(30720K), 0.0030866 secs] 59366K->32042K(99008K), 0.0031866 secs] [Times: user=0.01 sys=0.00, real=0.01 secs] 
598.692: [GC (Allocation Failure) 598.692: [DefNew: 27478K->144K(30720K), 0.0026888 secs] 59370K->32036K(99008K), 0.0027950 secs] [Times: user=0.00 sys=0.00, real=0.00 secs] 
598.745: [GC (Allocation Failure) 598.745: [DefNew: 27472K->155K(30720K), 0.0027591 secs] 59364K->32047K(99008K), 0.0028433 secs] [Times: user=0.00 sys=0.00, real=0.00 secs] 
598.797: [GC (Allocation Failure) 598.797: [DefNew: 27483K->138K(30720K), 0.0027027 secs] 59375K->32030K(99008K), 0.0027991 secs] [Times: user=0.01 sys=0.00, real=0.01 secs] 
598.850: [GC (Allocation Failure) 598.850: [DefNew: 27466K->134K(30720K), 0.0026920 secs] 59358K->32026K(99008K), 0.0027833 secs] [Times: user=0.01 sys=0.00, real=0.00 secs] 
598.905: [GC (Allocation Failure) 598.905: [DefNew: 27462K->133K(30720K), 0.0026316 secs] 59354K->32025K(99008K), 0.0027208 secs] [Times: user=0.00 sys=0.00, real=0.00 secs] 
598.974: [GC (Allocation Failure) 598.974: [DefNew: 27461K->178K(30720K), 0.0036330 secs] 59353K->32070K(99008K), 0.0037347 secs] [Times: user=0.01 sys=0.00, real=0.00 secs] 
599.046: [GC (Allocation Failure) 599.046: [DefNew: 27506K->173K(30720K), 0.0043657 secs] 59398K->32065K(99008K), 0.0044752 secs] [Times: user=0.01 sys=0.00, real=0.01 secs] 
599.112: [GC (Allocation Failure) 599.112: [DefNew: 27501K->121K(30720K), 0.0036218 secs] 59393K->32013K(99008K), 0.0037341 secs] [Times: user=0.01 sys=0.00, real=0.00 secs] 
599.176: [GC (Allocation Failure) 599.176: [DefNew: 27449K->230K(30720K), 0.0039882 secs] 59341K->32123K(99008K), 0.0040975 secs] [Times: user=0.01 sys=0.00, real=0.01 secs] 
599.239: [GC (Allocation Failure) 599.239: [DefNew: 27558K->189K(30720K), 0.0036368 secs] 59451K->32081K(99008K), 0.0037889 secs] [Times: user=0.01 sys=0.00, real=0.00 secs] 
599.312: [GC (Allocation Failure) 599.312: [DefNew: 27517K->147K(30720K), 0.0034237 secs] 59409K->32040K(99008K), 0.0035259 secs] [Times: user=0.01 sys=0.00, real=0.00 secs] 
599.365: [GC (Allocation Failure) 599.365: [DefNew: 27475K->138K(30720K), 0.0034816 secs] 59368K->32030K(99008K), 0.0035815 secs] [Times: user=0.01 sys=0.00, real=0.01 secs] 
599.421: [GC (Allocation Failure) 599.421: [DefNew: 27466K->152K(30720K), 0.0034765 secs] 59358K->32044K(99008K), 0.0035795 secs] [Times: user=0.00 sys=0.00, real=0.00 secs] 
599.483: [GC (Allocation Failure) 599.483: [DefNew: 27480K->142K(30720K), 0.0032774 secs] 59372K->32038K(99008K), 0.0036511 secs] [Times: user=0.01 sys=0.00, real=0.00 secs] 
599.543: [GC (Allocation Failure) 599.543: [DefNew: 27470K->163K(30720K), 0.0027169 secs] 59366K->32058K(99008K), 0.0027978 secs] [Times: user=0.00 sys=0.00, real=0.00 secs] 
599.597: [GC (Allocation Failure) 599.597: [DefNew: 27491K->160K(30720K), 0.0035484 secs] 59386K->32056K(99008K), 0.0036812 secs] [Times: user=0.01 sys=0.00, real=0.01 secs] 
599.652: [GC (Allocation Failure) 599.652: [DefNew: 27488K->175K(30720K), 0.0030818 secs] 59384K->32070K(99008K), 0.0031808 secs] [Times: user=0.00 sys=0.00, real=0.00 secs] 
599.701: [GC (Allocation Failure) 599.701: [DefNew: 27503K->154K(30720K), 0.0028784 secs] 59398K->32049K(99008K), 0.0029615 secs] [Times: user=0.01 sys=0.00, real=0.00 secs] 
599.754: [GC (Allocation Failure) 599.754: [DefNew: 27482K->217K(30720K), 0.0031419 secs] 59377K->32113K(99008K), 0.0032258 secs] [Times: user=0.00 sys=0.00, real=0.00 secs] 
599.805: [GC (Allocation Failure) 599.805: [DefNew: 27545K->485K(30720K), 0.0031613 secs] 59441K->32382K(99008K), 0.0032368 secs] [Times: user=0.01 sys=0.00, real=0.01 secs] 
599.858: [GC (Allocation Failure) 599.858: [DefNew: 27813K->139K(30720K), 0.0028364 secs] 59710K->32036K(99008K), 0.0029140 secs] [Times: user=0.01 sys=0.00, real=0.01 secs] 
599.907: [GC (Allocation Failure) 599.907: [DefNew: 27467K->169K(30720K), 0.0026791 secs] 59364K->32066K(99008K), 0.0027616 secs] [Times: user=0.00 sys=0.00, real=0.01 secs] 
599.963: [GC (Allocation Failure) 599.963: [DefNew: 27497K->166K(30720K), 0.0038803 secs] 59394K->32063K(99008K), 0.0039963 secs] [Times: user=0.00 sys=0.00, real=0.00 secs] 
600.022: [GC (Allocation Failure) 600.022: [DefNew: 27494K->166K(30720K), 0.0036808 secs] 59391K->32062K(99008K), 0.0037859 secs] [Times: user=0.00 sys=0.00, real=0.00 secs] 
600.076: [GC (Allocation Failure) 600.076: [DefNew: 27494K->134K(30720K), 0.0035523 secs] 59390K->32031K(99008K), 0.0036426 secs] [Times: user=0.01 sys=0.00, real=0.01 secs] 
600.128: [GC (Allocation Failure) 600.128: [DefNew: 27461K->131K(30720K), 0.0027404 secs] 59358K->32028K(99008K), 0.0028293 secs] [Times: user=0.01 sys=0.01, real=0.01 secs] 
600.178: [GC (Allocation Failure) 600.178: [DefNew: 27459K->147K(30720K), 0.0028559 secs] 59356K->32044K(99008K), 0.0029484 secs] [Times: user=0.00 sys=0.00, real=0.01 secs] 
600.225: [GC (Allocation Failure) 600.225: [DefNew: 27475K->133K(30720K), 0.0032025 secs] 59372K->32031K(99008K), 0.0033020 secs] [Times: user=0.00 sys=0.00, real=0.01 secs] 
600.277: [GC (Allocation Failure) 600.277: [DefNew: 27461K->142K(30720K), 0.0026934 secs] 59359K->32040K(99008K), 0.0027811 secs] [Times: user=0.00 sys=0.00, real=0.01 secs] 
600.327: [GC (Allocation Failure) 600.327: [DefNew: 27470K->169K(30720K), 0.0041212 secs] 59368K->32067K(99008K), 0.0042324 secs] [Times: user=0.01 sys=0.00, real=0.01 secs] 
600.379: [GC (Allocation Failure) 600.379: [DefNew: 27497K->137K(30720K), 0.0028275 secs] 59395K->32035K(99008K), 0.0029243 secs] [Times: user=0.00 sys=0.00, real=0.00 secs] 
600.428: [GC (Allocation Failure) 600.428: [DefNew: 27465K->135K(30720K), 0.0025662 secs] 59363K->32033K(99008K), 0.0026457 secs] [Times: user=0.01 sys=0.00, real=0.00 secs] 
600.484: [GC (Allocation Failure) 600.484: [DefNew: 27463K->140K(30720K), 0.0030801 secs] 59361K->32038K(99008K), 0.0031953 secs] [Times: user=0.01 sys=0.00, real=0.00 secs] 
600.539: [GC (Allocation Failure) 600.539: [DefNew: 27468K->192K(30720K), 0.0029511 secs] 59366K->32090K(99008K), 0.0030423 secs] [Times: user=0.00 sys=0.00, real=0.00 secs] 
600.591: [GC (Allocation Failure) 600.591: [DefNew: 27520K->148K(30720K), 0.0027219 secs] 59418K->32047K(99008K), 0.0027969 secs] [Times: user=0.01 sys=0.00, real=0.00 secs] 
600.640: [GC (Allocation Failure) 600.640: [DefNew: 27476K->149K(30720K), 0.0027853 secs] 59375K->32050K(99008K), 0.0028675 secs] [Times: user=0.00 sys=0.00, real=0.00 secs] 
600.688: [GC (Allocation Failure) 600.688: [DefNew: 27477K->131K(30720K), 0.0023941 secs] 59378K->32033K(99008K), 0.0024665 secs] [Times: user=0.01 sys=0.00, real=0.00 secs] 
600.740: [GC (Allocation Failure) 600.740: [DefNew: 27459K->137K(30720K), 0.0023380 secs] 59361K->32038K(99008K), 0.0024057 secs] [Times: user=0.00 sys=0.00, real=0.00 secs] 
600.790: [GC (Allocation Failure) 600.790: [DefNew: 27465K->130K(30720K), 0.0024822 secs] 59366K->32032K(99008K), 0.0025650 secs] [Times: user=0.00 sys=0.00, real=0.00 secs] 
600.839: [GC (Allocation Failure) 600.839: [DefNew: 27458K->134K(30720K), 0.0024653 secs] 59360K->32035K(99008K), 0.0025427 secs] [Times: user=0.01 sys=0.00, real=0.00 secs] 
600.889: [GC (Allocation Failure) 600.889: [DefNew: 27462K->175K(30720K), 0.0030566 secs] 59363K->32078K(99008K), 0.0031446 secs] [Times: user=0.01 sys=0.00, real=0.00 secs] 
600.938: [GC (Allocation Failure) 600.938: [DefNew: 27503K->131K(30720K), 0.0027168 secs] 59406K->32034K(99008K), 0.0027977 secs] [Times: user=0.01 sys=0.00, real=0.00 secs] 
600.991: [GC (Allocation Failure) 600.991: [DefNew: 27459K->175K(30720K), 0.0030226 secs] 59362K->32078K(99008K), 0.0031095 secs] [Times: user=0.00 sys=0.00, real=0.00 secs] 
601.046: [GC (Allocation Failure) 601.046: [DefNew: 27503K->139K(30720K), 0.0027873 secs] 59406K->32042K(99008K), 0.0028688 secs] [Times: user=0.00 sys=0.00, real=0.01 secs] 
601.096: [GC (Allocation Failure) 601.096: [DefNew: 27467K->152K(30720K), 0.0030975 secs] 59370K->32055K(99008K), 0.0031920 secs] [Times: user=0.01 sys=0.00, real=0.01 secs] 
601.145: [GC (Allocation Failure) 601.145: [DefNew: 27480K->134K(30720K), 0.0025189 secs] 59383K->32037K(99008K), 0.0025890 secs] [Times: user=0.00 sys=0.00, real=0.00 secs] 
601.193: [GC (Allocation Failure) 601.193: [DefNew: 27462K->171K(30720K), 0.0027370 secs] 59365K->32075K(99008K), 0.0028072 secs] [Times: user=0.00 sys=0.00, real=0.00 secs] 
601.241: [GC (Allocation Failure) 601.242: [DefNew: 27499K->125K(30720K), 0.0026546 secs] 59403K->32028K(99008K), 0.0027464 secs] [Times: user=0.01 sys=0.00, real=0.00 secs] 
601.297: [GC (Allocation Failure) 601.297: [DefNew: 27453K->143K(30720K), 0.0025172 secs] 59356K->32046K(99008K), 0.0026053 secs] [Times: user=0.01 sys=0.00, real=0.01 secs] 
601.346: [GC (Allocation Failure) 601.346: [DefNew: 27471K->165K(30720K), 0.0029120 secs] 59374K->32068K(99008K), 0.0030021 secs] [Times: user=0.00 sys=0.00, real=0.01 secs] 
601.395: [GC (Allocation Failure) 601.395: [DefNew: 27493K->149K(30720K), 0.0026410 secs] 59396K->32053K(99008K), 0.0027113 secs] [Times: user=0.00 sys=0.00, real=0.00 secs] 
601.441: [GC (Allocation Failure) 601.441: [DefNew: 27477K->136K(30720K), 0.0024459 secs] 59381K->32040K(99008K), 0.0025202 secs] [Times: user=0.01 sys=0.00, real=0.00 secs] 
601.488: [GC (Allocation Failure) 601.488: [DefNew: 27464K->149K(30720K), 0.0037444 secs] 59368K->32053K(99008K), 0.0038480 secs] [Times: user=0.01 sys=0.00, real=0.00 secs] 
601.541: [GC (Allocation Failure) 601.541: [DefNew: 27477K->137K(30720K), 0.0026386 secs] 59381K->32041K(99008K), 0.0027183 secs] [Times: user=0.01 sys=0.00, real=0.00 secs] 
601.592: [GC (Allocation Failure) 601.592: [DefNew: 27465K->136K(30720K), 0.0024827 secs] 59369K->32041K(99008K), 0.0025671 secs] [Times: user=0.00 sys=0.00, real=0.00 secs] 
601.644: [GC (Allocation Failure) 601.644: [DefNew: 27464K->149K(30720K), 0.0037016 secs] 59369K->32054K(99008K), 0.0038136 secs] [Times: user=0.02 sys=0.00, real=0.01 secs] 
601.694: [GC (Allocation Failure) 601.694: [DefNew: 27477K->152K(30720K), 0.0026895 secs] 59382K->32057K(99008K), 0.0027798 secs] [Times: user=0.00 sys=0.00, real=0.00 secs] 
601.742: [GC (Allocation Failure) 601.742: [DefNew: 27480K->154K(30720K), 0.0027151 secs] 59385K->32059K(99008K), 0.0028014 secs] [Times: user=0.01 sys=0.00, real=0.00 secs] 
601.795: [GC (Allocation Failure) 601.795: [DefNew: 27482K->173K(30720K), 0.0025862 secs] 59387K->32077K(99008K), 0.0026626 secs] [Times: user=0.01 sys=0.00, real=0.00 secs] 
601.854: [GC (Allocation Failure) 601.854: [DefNew: 27501K->129K(30720K), 0.0036030 secs] 59405K->32034K(99008K), 0.0037100 secs] [Times: user=0.01 sys=0.00, real=0.00 secs] 
601.909: [GC (Allocation Failure) 601.909: [DefNew: 27457K->169K(30720K), 0.0033021 secs] 59362K->32073K(99008K), 0.0033999 secs] [Times: user=0.01 sys=0.00, real=0.00 secs] 
601.959: [GC (Allocation Failure) 601.959: [DefNew: 27497K->159K(30720K), 0.0042921 secs] 59401K->32064K(99008K), 0.0043993 secs] [Times: user=0.01 sys=0.00, real=0.00 secs] 
602.017: [GC (Allocation Failure) 602.018: [DefNew: 27487K->150K(30720K), 0.0035291 secs] 59392K->32055K(99008K), 0.0036626 secs] [Times: user=0.01 sys=0.00, real=0.01 secs] 
602.072: [GC (Allocation Failure) 602.072: [DefNew: 27478K->165K(30720K), 0.0029063 secs] 59383K->32070K(99008K), 0.0029893 secs] [Times: user=0.00 sys=0.00, real=0.00 secs] 
602.123: [GC (Allocation Failure) 602.123: [DefNew: 27493K->168K(30720K), 0.0027556 secs] 59398K->32073K(99008K), 0.0028454 secs] [Times: user=0.01 sys=0.00, real=0.00 secs] 
602.174: [GC (Allocation Failure) 602.174: [DefNew: 27496K->150K(30720K), 0.0030695 secs] 59401K->32055K(99008K), 0.0031758 secs] [Times: user=0.00 sys=0.00, real=0.00 secs] 
602.227: [GC (Allocation Failure) 602.227: [DefNew: 27478K->158K(30720K), 0.0027440 secs] 59383K->32062K(99008K), 0.0028391 secs] [Times: user=0.00 sys=0.00, real=0.01 secs] 
602.282: [GC (Allocation Failure) 602.282: [DefNew: 27486K->170K(30720K), 0.0030278 secs] 59390K->32076K(99008K), 0.0031202 secs] [Times: user=0.01 sys=0.00, real=0.00 secs] 
602.330: [GC (Allocation Failure) 602.330: [DefNew: 27498K->132K(30720K), 0.0030623 secs] 59404K->32038K(99008K), 0.0031583 secs] [Times: user=0.01 sys=0.00, real=0.00 secs] 
602.381: [GC (Allocation Failure) 602.381: [DefNew: 27460K->159K(30720K), 0.0026041 secs] 59366K->32065K(99008K), 0.0026832 secs] [Times: user=0.01 sys=0.00, real=0.00 secs] 
602.429: [GC (Allocation Failure) 602.429: [DefNew: 27487K->156K(30720K), 0.0033723 secs] 59393K->32063K(99008K), 0.0034746 secs] [Times: user=0.01 sys=0.00, real=0.00 secs] 
602.480: [GC (Allocation Failure) 602.480: [DefNew: 27484K->149K(30720K), 0.0034746 secs] 59391K->32055K(99008K), 0.0035755 secs] [Times: user=0.01 sys=0.00, real=0.00 secs] 
602.534: [GC (Allocation Failure) 602.534: [DefNew: 27477K->143K(30720K), 0.0038773 secs] 59383K->32049K(99008K), 0.0039893 secs] [Times: user=0.01 sys=0.00, real=0.01 secs] 
602.591: [GC (Allocation Failure) 602.591: [DefNew: 27471K->155K(30720K), 0.0026358 secs] 59377K->32062K(99008K), 0.0027102 secs] [Times: user=0.00 sys=0.00, real=0.00 secs] 
602.644: [GC (Allocation Failure) 602.644: [DefNew: 27483K->177K(30720K), 0.0031104 secs] 59390K->32083K(99008K), 0.0031914 secs] [Times: user=0.00 sys=0.00, real=0.00 secs] 
602.696: [GC (Allocation Failure) 602.696: [DefNew: 27505K->177K(30720K), 0.0027851 secs] 59411K->32083K(99008K), 0.0028615 secs] [Times: user=0.00 sys=0.00, real=0.01 secs] 
602.747: [GC (Allocation Failure) 602.747: [DefNew: 27505K->213K(30720K), 0.0028978 secs] 59411K->32119K(99008K), 0.0029913 secs] [Times: user=0.00 sys=0.00, real=0.01 secs] 
602.797: [GC (Allocation Failure) 602.797: [DefNew: 27541K->420K(30720K), 0.0035042 secs] 59447K->32327K(99008K), 0.0035852 secs] [Times: user=0.00 sys=0.00, real=0.01 secs] 
602.845: [GC (Allocation Failure) 602.845: [DefNew: 27748K->414K(30720K), 0.0032191 secs] 59655K->32321K(99008K), 0.0032902 secs] [Times: user=0.01 sys=0.00, real=0.00 secs] 
602.897: [GC (Allocation Failure) 602.897: [DefNew: 27742K->174K(30720K), 0.0030979 secs] 59649K->32080K(99008K), 0.0031882 secs] [Times: user=0.01 sys=0.00, real=0.01 secs] 
602.945: [GC (Allocation Failure) 602.945: [DefNew: 27502K->208K(30720K), 0.0047518 secs] 59408K->32115K(99008K), 0.0048408 secs] [Times: user=0.01 sys=0.00, real=0.01 secs] 
602.992: [GC (Allocation Failure) 602.992: [DefNew: 27536K->133K(30720K), 0.0025513 secs] 59443K->32040K(99008K), 0.0026239 secs] [Times: user=0.00 sys=0.00, real=0.00 secs] 
603.039: [GC (Allocation Failure) 603.039: [DefNew: 27461K->170K(30720K), 0.0034187 secs] 59368K->32078K(99008K), 0.0035154 secs] [Times: user=0.01 sys=0.00, real=0.00 secs] 
603.097: [GC (Allocation Failure) 603.097: [DefNew: 27498K->147K(30720K), 0.0037643 secs] 59406K->32055K(99008K), 0.0038715 secs] [Times: user=0.01 sys=0.00, real=0.01 secs] 
603.144: [GC (Allocation Failure) 603.144: [DefNew: 27475K->183K(30720K), 0.0033418 secs] 59383K->32091K(99008K), 0.0034400 secs] [Times: user=0.01 sys=0.00, real=0.00 secs] 
603.192: [GC (Allocation Failure) 603.192: [DefNew: 27511K->133K(30720K), 0.0026790 secs] 59419K->32041K(99008K), 0.0027649 secs] [Times: user=0.01 sys=0.00, real=0.00 secs] 
603.247: [GC (Allocation Failure) 603.247: [DefNew: 27461K->146K(30720K), 0.0025874 secs] 59369K->32056K(99008K), 0.0026714 secs] [Times: user=0.00 sys=0.00, real=0.01 secs] 
603.295: [GC (Allocation Failure) 603.295: [DefNew: 27474K->142K(30720K), 0.0025225 secs] 59384K->32052K(99008K), 0.0026164 secs] [Times: user=0.01 sys=0.00, real=0.00 secs] 
603.347: [GC (Allocation Failure) 603.347: [DefNew: 27470K->148K(30720K), 0.0032845 secs] 59380K->32057K(99008K), 0.0033776 secs] [Times: user=0.01 sys=0.01, real=0.01 secs] 
603.397: [GC (Allocation Failure) 603.397: [DefNew: 27476K->136K(30720K), 0.0025260 secs] 59385K->32045K(99008K), 0.0026105 secs] [Times: user=0.00 sys=0.00, real=0.01 secs] 
603.453: [GC (Allocation Failure) 603.453: [DefNew: 27464K->161K(30720K), 0.0027536 secs] 59373K->32071K(99008K), 0.0028283 secs] [Times: user=0.00 sys=0.00, real=0.00 secs] 
603.508: [GC (Allocation Failure) 603.508: [DefNew: 27489K->138K(30720K), 0.0025612 secs] 59399K->32048K(99008K), 0.0026422 secs] [Times: user=0.01 sys=0.00, real=0.01 secs] 
603.557: [GC (Allocation Failure) 603.557: [DefNew: 27466K->141K(30720K), 0.0037318 secs] 59376K->32051K(99008K), 0.0038432 secs] [Times: user=0.01 sys=0.00, real=0.01 secs] 
603.612: [GC (Allocation Failure) 603.612: [DefNew: 27469K->121K(30720K), 0.0031103 secs] 59379K->32039K(99008K), 0.0032204 secs] [Times: user=0.00 sys=0.01, real=0.00 secs] 
603.664: [GC (Allocation Failure) 603.664: [DefNew: 27449K->127K(30720K), 0.0026032 secs] 59367K->32046K(99008K), 0.0026899 secs] [Times: user=0.00 sys=0.00, real=0.00 secs] 
603.714: [GC (Allocation Failure) 603.714: [DefNew: 27455K->136K(30720K), 0.0025192 secs] 59374K->32054K(99008K), 0.0026042 secs] [Times: user=0.00 sys=0.00, real=0.00 secs] 
603.764: [GC (Allocation Failure) 603.764: [DefNew: 27464K->133K(30720K), 0.0025514 secs] 59382K->32054K(99008K), 0.0026334 secs] [Times: user=0.01 sys=0.00, real=0.00 secs] 
603.813: [GC (Allocation Failure) 603.813: [DefNew: 27461K->139K(30720K), 0.0025825 secs] 59382K->32060K(99008K), 0.0026668 secs] [Times: user=0.01 sys=0.00, real=0.00 secs] 
603.860: [GC (Allocation Failure) 603.860: [DefNew: 27467K->141K(30720K), 0.0035903 secs] 59388K->32062K(99008K), 0.0036852 secs] [Times: user=0.01 sys=0.00, real=0.00 secs] 
603.909: [GC (Allocation Failure) 603.909: [DefNew: 27469K->137K(30720K), 0.0036896 secs] 59390K->32058K(99008K), 0.0037955 secs] [Times: user=0.01 sys=0.00, real=0.00 secs] 
603.962: [GC (Allocation Failure) 603.962: [DefNew: 27465K->134K(30720K), 0.0034671 secs] 59386K->32055K(99008K), 0.0035752 secs] [Times: user=0.01 sys=0.00, real=0.00 secs] 
604.011: [GC (Allocation Failure) 604.011: [DefNew: 27462K->134K(30720K), 0.0036000 secs] 59383K->32055K(99008K), 0.0037012 secs] [Times: user=0.01 sys=0.00, real=0.00 secs] 
604.066: [GC (Allocation Failure) 604.066: [DefNew: 27462K->156K(30720K), 0.0063046 secs] 59383K->32077K(99008K), 0.0064223 secs] [Times: user=0.01 sys=0.00, real=0.01 secs] 
604.120: [GC (Allocation Failure) 604.120: [DefNew: 27484K->146K(30720K), 0.0043026 secs] 59405K->32068K(99008K), 0.0044232 secs] [Times: user=0.01 sys=0.00, real=0.00 secs] 
604.175: [GC (Allocation Failure) 604.175: [DefNew: 27474K->150K(30720K), 0.0034196 secs] 59396K->32072K(99008K), 0.0035258 secs] [Times: user=0.01 sys=0.00, real=0.01 secs] 
604.225: [GC (Allocation Failure) 604.225: [DefNew: 27478K->141K(30720K), 0.0036271 secs] 59400K->32063K(99008K), 0.0037295 secs] [Times: user=0.01 sys=0.00, real=0.01 secs] 
604.274: [GC (Allocation Failure) 604.274: [DefNew: 27469K->160K(30720K), 0.0041521 secs] 59391K->32082K(99008K), 0.0042614 secs] [Times: user=0.01 sys=0.00, real=0.01 secs] 
604.329: [GC (Allocation Failure) 604.329: [DefNew: 27488K->128K(30720K), 0.0026873 secs] 59410K->32050K(99008K), 0.0027876 secs] [Times: user=0.01 sys=0.01, real=0.00 secs] 
604.379: [GC (Allocation Failure) 604.379: [DefNew: 27456K->133K(30720K), 0.0025603 secs] 59378K->32055K(99008K), 0.0026392 secs] [Times: user=0.01 sys=0.00, real=0.00 secs] 
604.427: [GC (Allocation Failure) 604.427: [DefNew: 27461K->137K(30720K), 0.0030068 secs] 59383K->32059K(99008K), 0.0031293 secs] [Times: user=0.01 sys=0.00, real=0.01 secs] 
604.477: [GC (Allocation Failure) 604.477: [DefNew: 27465K->141K(30720K), 0.0027882 secs] 59387K->32064K(99008K), 0.0028894 secs] [Times: user=0.01 sys=0.00, real=0.01 secs] 
604.524: [GC (Allocation Failure) 604.524: [DefNew: 27469K->144K(30720K), 0.0036450 secs] 59392K->32066K(99008K), 0.0037503 secs] [Times: user=0.00 sys=0.00, real=0.00 secs] 
604.578: [GC (Allocation Failure) 604.578: [DefNew: 27472K->132K(30720K), 0.0035156 secs] 59394K->32055K(99008K), 0.0036067 secs] [Times: user=0.00 sys=0.00, real=0.01 secs] 
604.632: [GC (Allocation Failure) 604.632: [DefNew: 27460K->140K(30720K), 0.0026797 secs] 59383K->32063K(99008K), 0.0027563 secs] [Times: user=0.00 sys=0.00, real=0.00 secs] 
604.680: [GC (Allocation Failure) 604.680: [DefNew: 27468K->136K(30720K), 0.0025712 secs] 59391K->32059K(99008K), 0.0026459 secs] [Times: user=0.01 sys=0.00, real=0.00 secs] 
604.728: [GC (Allocation Failure) 604.728: [DefNew: 27464K->156K(30720K), 0.0026913 secs] 59387K->32079K(99008K), 0.0027705 secs] [Times: user=0.00 sys=0.00, real=0.00 secs] 
604.774: [GC (Allocation Failure) 604.774: [DefNew: 27484K->131K(30720K), 0.0026189 secs] 59407K->32053K(99008K), 0.0027181 secs] [Times: user=0.01 sys=0.00, real=0.00 secs] 
604.824: [GC (Allocation Failure) 604.824: [DefNew: 27459K->160K(30720K), 0.0028306 secs] 59381K->32082K(99008K), 0.0029135 secs] [Times: user=0.01 sys=0.00, real=0.00 secs] 
604.882: [GC (Allocation Failure) 604.882: [DefNew: 27488K->125K(30720K), 0.0035710 secs] 59410K->32048K(99008K), 0.0036863 secs] [Times: user=0.01 sys=0.00, real=0.00 secs] 
604.935: [GC (Allocation Failure) 604.935: [DefNew: 27453K->142K(30720K), 0.0026705 secs] 59376K->32065K(99008K), 0.0027552 secs] [Times: user=0.01 sys=0.00, real=0.00 secs] 
604.986: [GC (Allocation Failure) 604.986: [DefNew: 27470K->131K(30720K), 0.0025812 secs] 59393K->32053K(99008K), 0.0026667 secs] [Times: user=0.00 sys=0.00, real=0.01 secs] 
605.035: [GC (Allocation Failure) 605.035: [DefNew: 27459K->137K(30720K), 0.0028487 secs] 59381K->32060K(99008K), 0.0029412 secs] [Times: user=0.01 sys=0.00, real=0.01 secs] 
605.082: [GC (Allocation Failure) 605.082: [DefNew: 27465K->139K(30720K), 0.0038113 secs] 59388K->32063K(99008K), 0.0039219 secs] [Times: user=0.01 sys=0.00, real=0.00 secs] 
605.130: [GC (Allocation Failure) 605.130: [DefNew: 27467K->145K(30720K), 0.0046354 secs] 59391K->32068K(99008K), 0.0048884 secs] [Times: user=0.02 sys=0.00, real=0.00 secs] 
605.181: [GC (Allocation Failure) 605.181: [DefNew: 27473K->130K(30720K), 0.0028887 secs] 59396K->32054K(99008K), 0.0029909 secs] [Times: user=0.00 sys=0.00, real=0.00 secs] 
605.236: [GC (Allocation Failure) 605.236: [DefNew: 27458K->127K(30720K), 0.0030615 secs] 59382K->32051K(99008K), 0.0031663 secs] [Times: user=0.01 sys=0.00, real=0.01 secs] 
605.290: [GC (Allocation Failure) 605.290: [DefNew: 27455K->144K(30720K), 0.0026913 secs] 59379K->32068K(99008K), 0.0027670 secs] [Times: user=0.00 sys=0.00, real=0.00 secs] 
605.341: [GC (Allocation Failure) 605.341: [DefNew: 27472K->126K(30720K), 0.0025391 secs] 59396K->32050K(99008K), 0.0026266 secs] [Times: user=0.00 sys=0.00, real=0.00 secs] 
605.391: [GC (Allocation Failure) 605.391: [DefNew: 27454K->127K(30720K), 0.0023624 secs] 59378K->32051K(99008K), 0.0024414 secs] [Times: user=0.00 sys=0.00, real=0.00 secs] 
605.444: [GC (Allocation Failure) 605.444: [DefNew: 27455K->126K(30720K), 0.0034497 secs] 59379K->32050K(99008K), 0.0035526 secs] [Times: user=0.01 sys=0.00, real=0.00 secs] 
605.493: [GC (Allocation Failure) 605.493: [DefNew: 27454K->134K(30720K), 0.0030749 secs] 59378K->32058K(99008K), 0.0031698 secs] [Times: user=0.01 sys=0.00, real=0.00 secs] 
605.541: [GC (Allocation Failure) 605.541: [DefNew: 27462K->136K(30720K), 0.0025024 secs] 59386K->32060K(99008K), 0.0025980 secs] [Times: user=0.00 sys=0.00, real=0.00 secs] 
605.589: [GC (Allocation Failure) 605.589: [DefNew: 27464K->144K(30720K), 0.0038529 secs] 59388K->32068K(99008K), 0.0039907 secs] [Times: user=0.01 sys=0.00, real=0.00 secs] 
605.638: [GC (Allocation Failure) 605.638: [DefNew: 27472K->140K(30720K), 0.0042194 secs] 59396K->32064K(99008K), 0.0043397 secs] [Times: user=0.01 sys=0.00, real=0.00 secs] 
605.689: [GC (Allocation Failure) 605.689: [DefNew: 27468K->143K(30720K), 0.0027655 secs] 59392K->32067K(99008K), 0.0028569 secs] [Times: user=0.01 sys=0.00, real=0.00 secs] 
605.740: [GC (Allocation Failure) 605.740: [DefNew: 27471K->128K(30720K), 0.0026447 secs] 59395K->32052K(99008K), 0.0027412 secs] [Times: user=0.00 sys=0.00, real=0.00 secs] 
605.792: [GC (Allocation Failure) 605.792: [DefNew: 27456K->126K(30720K), 0.0024757 secs] 59380K->32051K(99008K), 0.0025570 secs] [Times: user=0.00 sys=0.00, real=0.00 secs] 
605.840: [GC (Allocation Failure) 605.840: [DefNew: 27454K->146K(30720K), 0.0025966 secs] 59379K->32070K(99008K), 0.0026753 secs] [Times: user=0.00 sys=0.00, real=0.00 secs] 
605.889: [GC (Allocation Failure) 605.889: [DefNew: 27474K->129K(30720K), 0.0026127 secs] 59398K->32054K(99008K), 0.0026978 secs] [Times: user=0.01 sys=0.00, real=0.00 secs] 
605.940: [GC (Allocation Failure) 605.940: [DefNew: 27457K->136K(30720K), 0.0028491 secs] 59382K->32062K(99008K), 0.0029406 secs] [Times: user=0.01 sys=0.00, real=0.00 secs] 
605.988: [GC (Allocation Failure) 605.988: [DefNew: 27464K->140K(30720K), 0.0037018 secs] 59390K->32066K(99008K), 0.0038042 secs] [Times: user=0.01 sys=0.00, real=0.01 secs] 
606.038: [GC (Allocation Failure) 606.038: [DefNew: 27468K->135K(30720K), 0.0027114 secs] 59394K->32062K(99008K), 0.0027900 secs] [Times: user=0.00 sys=0.00, real=0.01 secs] 
606.091: [GC (Allocation Failure) 606.091: [DefNew: 27463K->156K(30720K), 0.0031897 secs] 59390K->32082K(99008K), 0.0032800 secs] [Times: user=0.01 sys=0.00, real=0.00 secs] 
606.142: [GC (Allocation Failure) 606.142: [DefNew: 27484K->160K(30720K), 0.0040045 secs] 59410K->32086K(99008K), 0.0041696 secs] [Times: user=0.00 sys=0.00, real=0.00 secs] 
606.190: [GC (Allocation Failure) 606.190: [DefNew: 27488K->121K(30720K), 0.0026937 secs] 59414K->32048K(99008K), 0.0027765 secs] [Times: user=0.00 sys=0.00, real=0.00 secs] 
606.246: [GC (Allocation Failure) 606.247: [DefNew: 27449K->138K(30720K), 0.0026128 secs] 59376K->32064K(99008K), 0.0026961 secs] [Times: user=0.00 sys=0.00, real=0.01 secs] 
606.294: [GC (Allocation Failure) 606.294: [DefNew: 27466K->145K(30720K), 0.0028793 secs] 59392K->32071K(99008K), 0.0029721 secs] [Times: user=0.01 sys=0.00, real=0.00 secs] 
606.340: [GC (Allocation Failure) 606.340: [DefNew: 27473K->135K(30720K), 0.0027268 secs] 59399K->32061K(99008K), 0.0028205 secs] [Times: user=0.01 sys=0.00, real=0.00 secs] 
606.386: [GC (Allocation Failure) 606.386: [DefNew: 27463K->125K(30720K), 0.0024620 secs] 59389K->32052K(99008K), 0.0025566 secs] [Times: user=0.01 sys=0.00, real=0.01 secs] 
606.432: [GC (Allocation Failure) 606.432: [DefNew: 27453K->134K(30720K), 0.0030387 secs] 59380K->32061K(99008K), 0.0031360 secs] [Times: user=0.01 sys=0.00, real=0.00 secs] 
606.484: [GC (Allocation Failure) 606.484: [DefNew: 27462K->134K(30720K), 0.0029080 secs] 59389K->32060K(99008K), 0.0029961 secs] [Times: user=0.00 sys=0.00, real=0.00 secs] 
606.534: [GC (Allocation Failure) 606.534: [DefNew: 27462K->138K(30720K), 0.0024861 secs] 59388K->32064K(99008K), 0.0025520 secs] [Times: user=0.00 sys=0.00, real=0.00 secs] 
606.584: [GC (Allocation Failure) 606.584: [DefNew: 27466K->128K(30720K), 0.0030132 secs] 59392K->32055K(99008K), 0.0031150 secs] [Times: user=0.01 sys=0.00, real=0.00 secs] 
606.636: [GC (Allocation Failure) 606.636: [DefNew: 27456K->160K(30720K), 0.0038081 secs] 59383K->32086K(99008K), 0.0039202 secs] [Times: user=0.01 sys=0.00, real=0.01 secs] 
606.687: [GC (Allocation Failure) 606.687: [DefNew: 27488K->158K(30720K), 0.0028666 secs] 59414K->32085K(99008K), 0.0029454 secs] [Times: user=0.00 sys=0.00, real=0.01 secs] 
606.731: [GC (Allocation Failure) 606.731: [DefNew: 27486K->132K(30720K), 0.0025464 secs] 59413K->32058K(99008K), 0.0026309 secs] [Times: user=0.01 sys=0.00, real=0.00 secs] 
606.785: [GC (Allocation Failure) 606.785: [DefNew: 27460K->138K(30720K), 0.0030627 secs] 59386K->32065K(99008K), 0.0031608 secs] [Times: user=0.01 sys=0.00, real=0.01 secs] 
606.839: [GC (Allocation Failure) 606.839: [DefNew: 27466K->142K(30720K), 0.0025647 secs] 59393K->32069K(99008K), 0.0026453 secs] [Times: user=0.00 sys=0.00, real=0.00 secs] 
606.890: [GC (Allocation Failure) 606.890: [DefNew: 27470K->136K(30720K), 0.0024653 secs] 59397K->32063K(99008K), 0.0025355 secs] [Times: user=0.00 sys=0.00, real=0.00 secs] 
606.946: [GC (Allocation Failure) 606.946: [DefNew: 27464K->134K(30720K), 0.0025318 secs] 59391K->32063K(99008K), 0.0026047 secs] [Times: user=0.00 sys=0.00, real=0.01 secs] 
606.995: [GC (Allocation Failure) 606.995: [DefNew: 27462K->133K(30720K), 0.0024973 secs] 59391K->32062K(99008K), 0.0025737 secs] [Times: user=0.01 sys=0.00, real=0.00 secs] 
607.039: [GC (Allocation Failure) 607.039: [DefNew: 27461K->139K(30720K), 0.0024959 secs] 59390K->32068K(99008K), 0.0025624 secs] [Times: user=0.00 sys=0.00, real=0.00 secs] 
607.091: [GC (Allocation Failure) 607.091: [DefNew: 27467K->148K(30720K), 0.0026214 secs] 59396K->32077K(99008K), 0.0027059 secs] [Times: user=0.00 sys=0.00, real=0.00 secs] 
607.135: [GC (Allocation Failure) 607.135: [DefNew: 27476K->138K(30720K), 0.0027736 secs] 59405K->32068K(99008K), 0.0028709 secs] [Times: user=0.00 sys=0.00, real=0.00 secs] 
607.186: [GC (Allocation Failure) 607.186: [DefNew: 27466K->129K(30720K), 0.0026587 secs] 59396K->32058K(99008K), 0.0027539 secs] [Times: user=0.01 sys=0.00, real=0.01 secs] 
607.235: [GC (Allocation Failure) 607.235: [DefNew: 27457K->147K(30720K), 0.0026067 secs] 59386K->32076K(99008K), 0.0026793 secs] [Times: user=0.01 sys=0.00, real=0.00 secs] 
607.279: [GC (Allocation Failure) 607.279: [DefNew: 27475K->137K(30720K), 0.0025466 secs] 59404K->32066K(99008K), 0.0026189 secs] [Times: user=0.00 sys=0.00, real=0.00 secs] 
607.327: [GC (Allocation Failure) 607.327: [DefNew: 27465K->134K(30720K), 0.0025706 secs] 59394K->32069K(99008K), 0.0026600 secs] [Times: user=0.01 sys=0.00, real=0.01 secs] 
607.376: [GC (Allocation Failure) 607.376: [DefNew: 27462K->121K(30720K), 0.0024533 secs] 59397K->32056K(99008K), 0.0025523 secs] [Times: user=0.00 sys=0.00, real=0.01 secs] 
607.428: [GC (Allocation Failure) 607.428: [DefNew: 27449K->141K(30720K), 0.0026979 secs] 59384K->32076K(99008K), 0.0027844 secs] [Times: user=0.01 sys=0.01, real=0.00 secs] 
607.475: [GC (Allocation Failure) 607.475: [DefNew: 27469K->135K(30720K), 0.0026757 secs] 59404K->32071K(99008K), 0.0027586 secs] [Times: user=0.01 sys=0.00, real=0.01 secs] 
607.529: [GC (Allocation Failure) 607.529: [DefNew: 27463K->138K(30720K), 0.0026470 secs] 59399K->32074K(99008K), 0.0027227 secs] [Times: user=0.00 sys=0.00, real=0.00 secs] 
607.577: [GC (Allocation Failure) 607.577: [DefNew: 27466K->125K(30720K), 0.0024419 secs] 59402K->32061K(99008K), 0.0025162 secs] [Times: user=0.00 sys=0.00, real=0.01 secs] 
607.624: [GC (Allocation Failure) 607.624: [DefNew: 27453K->182K(30720K), 0.0029790 secs] 59389K->32118K(99008K), 0.0030448 secs] [Times: user=0.00 sys=0.00, real=0.00 secs] 
607.681: [GC (Allocation Failure) 607.681: [DefNew: 27510K->177K(30720K), 0.0029864 secs] 59446K->32113K(99008K), 0.0030718 secs] [Times: user=0.01 sys=0.00, real=0.00 secs] 
607.726: [GC (Allocation Failure) 607.726: [DefNew: 27505K->170K(30720K), 0.0026977 secs] 59441K->32106K(99008K), 0.0027850 secs] [Times: user=0.00 sys=0.00, real=0.01 secs] 
607.773: [GC (Allocation Failure) 607.773: [DefNew: 27498K->142K(30720K), 0.0026027 secs] 59434K->32077K(99008K), 0.0027014 secs] [Times: user=0.00 sys=0.00, real=0.00 secs] 
607.818: [GC (Allocation Failure) 607.818: [DefNew: 27470K->133K(30720K), 0.0027137 secs] 59405K->32068K(99008K), 0.0028133 secs] [Times: user=0.00 sys=0.00, real=0.01 secs] 
607.861: [GC (Allocation Failure) 607.861: [DefNew: 27461K->154K(30720K), 0.0026885 secs] 59396K->32090K(99008K), 0.0027640 secs] [Times: user=0.01 sys=0.00, real=0.00 secs] 
607.903: [GC (Allocation Failure) 607.903: [DefNew: 27482K->155K(30720K), 0.0032293 secs] 59418K->32091K(99008K), 0.0033290 secs] [Times: user=0.01 sys=0.00, real=0.00 secs] 
607.946: [GC (Allocation Failure) 607.946: [DefNew: 27483K->155K(30720K), 0.0026770 secs] 59419K->32091K(99008K), 0.0027569 secs] [Times: user=0.00 sys=0.00, real=0.01 secs] 
607.997: [GC (Allocation Failure) 607.997: [DefNew: 27483K->144K(30720K), 0.0026862 secs] 59419K->32080K(99008K), 0.0027806 secs] [Times: user=0.00 sys=0.00, real=0.01 secs] 
608.038: [GC (Allocation Failure) 608.038: [DefNew: 27472K->140K(30720K), 0.0024478 secs] 59408K->32076K(99008K), 0.0025240 secs] [Times: user=0.01 sys=0.00, real=0.00 secs] 
608.080: [GC (Allocation Failure) 608.080: [DefNew: 27468K->156K(30720K), 0.0027736 secs] 59404K->32092K(99008K), 0.0028562 secs] [Times: user=0.00 sys=0.00, real=0.00 secs] 
608.121: [GC (Allocation Failure) 608.121: [DefNew: 27484K->134K(30720K), 0.0025228 secs] 59420K->32070K(99008K), 0.0025925 secs] [Times: user=0.00 sys=0.00, real=0.00 secs] 
608.169: [GC (Allocation Failure) 608.169: [DefNew: 27462K->140K(30720K), 0.0030131 secs] 59398K->32077K(99008K), 0.0031314 secs] [Times: user=0.01 sys=0.00, real=0.00 secs] 
608.224: [GC (Allocation Failure) 608.224: [DefNew: 27468K->162K(30720K), 0.0030412 secs] 59405K->32099K(99008K), 0.0031221 secs] [Times: user=0.00 sys=0.00, real=0.00 secs] 
608.268: [GC (Allocation Failure) 608.268: [DefNew: 27490K->138K(30720K), 0.0028776 secs] 59427K->32075K(99008K), 0.0029657 secs] [Times: user=0.01 sys=0.00, real=0.00 secs] 
608.313: [GC (Allocation Failure) 608.313: [DefNew: 27466K->144K(30720K), 0.0025488 secs] 59403K->32082K(99008K), 0.0026161 secs] [Times: user=0.01 sys=0.00, real=0.00 secs] 
608.362: [GC (Allocation Failure) 608.362: [DefNew: 27472K->118K(30720K), 0.0023487 secs] 59410K->32058K(99008K), 0.0024231 secs] [Times: user=0.00 sys=0.00, real=0.00 secs] 
608.406: [GC (Allocation Failure) 608.406: [DefNew: 27446K->144K(30720K), 0.0026377 secs] 59386K->32084K(99008K), 0.0027273 secs] [Times: user=0.01 sys=0.00, real=0.01 secs] 
608.451: [GC (Allocation Failure) 608.451: [DefNew: 27472K->219K(30720K), 0.0033050 secs] 59412K->32159K(99008K), 0.0033765 secs] [Times: user=0.01 sys=0.00, real=0.00 secs] 
608.499: [GC (Allocation Failure) 608.499: [DefNew: 27547K->174K(30720K), 0.0028867 secs] 59487K->32114K(99008K), 0.0029547 secs] [Times: user=0.00 sys=0.00, real=0.00 secs] 
608.545: [GC (Allocation Failure) 608.545: [DefNew: 27502K->153K(30720K), 0.0026061 secs] 59442K->32093K(99008K), 0.0026833 secs] [Times: user=0.00 sys=0.00, real=0.00 secs] 
608.591: [GC (Allocation Failure) 608.591: [DefNew: 27481K->183K(30720K), 0.0027035 secs] 59421K->32123K(99008K), 0.0027982 secs] [Times: user=0.00 sys=0.00, real=0.00 secs] 
608.641: [GC (Allocation Failure) 608.641: [DefNew: 27511K->152K(30720K), 0.0026486 secs] 59451K->32092K(99008K), 0.0027247 secs] [Times: user=0.00 sys=0.00, real=0.00 secs] 
608.692: [GC (Allocation Failure) 608.692: [DefNew: 27480K->148K(30720K), 0.0026209 secs] 59420K->32089K(99008K), 0.0026935 secs] [Times: user=0.01 sys=0.00, real=0.00 secs] 
608.736: [GC (Allocation Failure) 608.736: [DefNew: 27476K->150K(30720K), 0.0024989 secs] 59417K->32091K(99008K), 0.0025678 secs] [Times: user=0.00 sys=0.01, real=0.01 secs] 
608.780: [GC (Allocation Failure) 608.780: [DefNew: 27478K->146K(30720K), 0.0025329 secs] 59419K->32088K(99008K), 0.0026012 secs] [Times: user=0.00 sys=0.00, real=0.00 secs] 
608.829: [GC (Allocation Failure) 608.829: [DefNew: 27474K->137K(30720K), 0.0024856 secs] 59416K->32079K(99008K), 0.0025554 secs] [Times: user=0.00 sys=0.00, real=0.00 secs] 
608.871: [GC (Allocation Failure) 608.871: [DefNew: 27465K->131K(30720K), 0.0024940 secs] 59407K->32073K(99008K), 0.0025808 secs] [Times: user=0.00 sys=0.00, real=0.00 secs] 
608.914: [GC (Allocation Failure) 608.914: [DefNew: 27459K->125K(30720K), 0.0023853 secs] 59401K->32067K(99008K), 0.0024678 secs] [Times: user=0.01 sys=0.00, real=0.00 secs] 
608.963: [GC (Allocation Failure) 608.963: [DefNew: 27453K->144K(30720K), 0.0026862 secs] 59395K->32087K(99008K), 0.0027884 secs] [Times: user=0.01 sys=0.00, real=0.00 secs] 
609.008: [GC (Allocation Failure) 609.008: [DefNew: 27472K->146K(30720K), 0.0028249 secs] 59415K->32088K(99008K), 0.0029265 secs] [Times: user=0.01 sys=0.00, real=0.00 secs] 
609.055: [GC (Allocation Failure) 609.055: [DefNew: 27474K->149K(30720K), 0.0027434 secs] 59416K->32091K(99008K), 0.0028379 secs] [Times: user=0.01 sys=0.00, real=0.00 secs] 
609.100: [GC (Allocation Failure) 609.100: [DefNew: 27477K->141K(30720K), 0.0026397 secs] 59419K->32083K(99008K), 0.0027390 secs] [Times: user=0.01 sys=0.01, real=0.00 secs] 
609.142: [GC (Allocation Failure) 609.142: [DefNew: 27469K->137K(30720K), 0.0024948 secs] 59411K->32080K(99008K), 0.0025808 secs] [Times: user=0.01 sys=0.00, real=0.00 secs] 
609.206: [GC (Allocation Failure) 609.206: [DefNew: 27465K->137K(30720K), 0.0031596 secs] 59408K->32084K(99008K), 0.0032614 secs] [Times: user=0.01 sys=0.00, real=0.01 secs] 
609.255: [GC (Allocation Failure) 609.256: [DefNew: 27465K->143K(30720K), 0.0027024 secs] 59412K->32089K(99008K), 0.0027882 secs] [Times: user=0.00 sys=0.00, real=0.01 secs] 
609.300: [GC (Allocation Failure) 609.300: [DefNew: 27471K->140K(30720K), 0.0036097 secs] 59417K->32087K(99008K), 0.0037210 secs] [Times: user=0.01 sys=0.00, real=0.00 secs] 
609.347: [GC (Allocation Failure) 609.347: [DefNew: 27468K->122K(30720K), 0.0027311 secs] 59415K->32072K(99008K), 0.0028186 secs] [Times: user=0.01 sys=0.00, real=0.01 secs] 
609.392: [GC (Allocation Failure) 609.392: [DefNew: 27450K->130K(30720K), 0.0024493 secs] 59400K->32080K(99008K), 0.0025294 secs] [Times: user=0.00 sys=0.00, real=0.00 secs] 
609.439: [GC (Allocation Failure) 609.440: [DefNew: 27458K->129K(30720K), 0.0025403 secs] 59408K->32079K(99008K), 0.0026197 secs] [Times: user=0.00 sys=0.00, real=0.00 secs] 
609.485: [GC (Allocation Failure) 609.485: [DefNew: 27457K->137K(30720K), 0.0025639 secs] 59407K->32087K(99008K), 0.0026401 secs] [Times: user=0.00 sys=0.00, real=0.01 secs] 
609.529: [GC (Allocation Failure) 609.529: [DefNew: 27465K->141K(30720K), 0.0031962 secs] 59415K->32092K(99008K), 0.0032806 secs] [Times: user=0.01 sys=0.00, real=0.00 secs] 
609.578: [GC (Allocation Failure) 609.578: [DefNew: 27469K->140K(30720K), 0.0032341 secs] 59420K->32091K(99008K), 0.0033336 secs] [Times: user=0.01 sys=0.00, real=0.00 secs] 
609.625: [GC (Allocation Failure) 609.625: [DefNew: 27468K->125K(30720K), 0.0034973 secs] 59419K->32075K(99008K), 0.0035980 secs] [Times: user=0.01 sys=0.00, real=0.01 secs] 
609.673: [GC (Allocation Failure) 609.673: [DefNew: 27453K->140K(30720K), 0.0037370 secs] 59403K->32090K(99008K), 0.0038491 secs] [Times: user=0.01 sys=0.00, real=0.00 secs] 
609.725: [GC (Allocation Failure) 609.725: [DefNew: 27468K->135K(30720K), 0.0035178 secs] 59418K->32085K(99008K), 0.0036765 secs] [Times: user=0.00 sys=0.00, real=0.01 secs] 
609.772: [GC (Allocation Failure) 609.772: [DefNew: 27463K->122K(30720K), 0.0029865 secs] 59413K->32072K(99008K), 0.0030903 secs] [Times: user=0.01 sys=0.00, real=0.00 secs] 
609.819: [GC (Allocation Failure) 609.819: [DefNew: 27450K->147K(30720K), 0.0031656 secs] 59400K->32097K(99008K), 0.0032664 secs] [Times: user=0.00 sys=0.00, real=0.00 secs] 
609.868: [GC (Allocation Failure) 609.868: [DefNew: 27475K->128K(30720K), 0.0033759 secs] 59425K->32078K(99008K), 0.0034851 secs] [Times: user=0.01 sys=0.00, real=0.01 secs] 
609.919: [GC (Allocation Failure) 609.919: [DefNew: 27456K->144K(30720K), 0.0031391 secs] 59406K->32094K(99008K), 0.0032321 secs] [Times: user=0.00 sys=0.00, real=0.00 secs] 
609.964: [GC (Allocation Failure) 609.964: [DefNew: 27472K->144K(30720K), 0.0032808 secs] 59422K->32095K(99008K), 0.0033818 secs] [Times: user=0.01 sys=0.00, real=0.00 secs] 
610.006: [GC (Allocation Failure) 610.006: [DefNew: 27472K->139K(30720K), 0.0025394 secs] 59423K->32090K(99008K), 0.0026117 secs] [Times: user=0.00 sys=0.00, real=0.01 secs] 
610.048: [GC (Allocation Failure) 610.048: [DefNew: 27467K->182K(30720K), 0.0029156 secs] 59418K->32132K(99008K), 0.0029918 secs] [Times: user=0.01 sys=0.00, real=0.00 secs] 
610.093: [GC (Allocation Failure) 610.093: [DefNew: 27510K->148K(30720K), 0.0026507 secs] 59460K->32099K(99008K), 0.0027347 secs] [Times: user=0.01 sys=0.00, real=0.00 secs] 
610.138: [GC (Allocation Failure) 610.138: [DefNew: 27476K->148K(30720K), 0.0026876 secs] 59427K->32099K(99008K), 0.0027807 secs] [Times: user=0.00 sys=0.00, real=0.01 secs] 
610.179: [GC (Allocation Failure) 610.179: [DefNew: 27476K->128K(30720K), 0.0024304 secs] 59427K->32079K(99008K), 0.0025073 secs] [Times: user=0.01 sys=0.00, real=0.00 secs] 
610.232: [GC (Allocation Failure) 610.232: [DefNew: 27456K->153K(30720K), 0.0028659 secs] 59407K->32104K(99008K), 0.0029971 secs] [Times: user=0.00 sys=0.00, real=0.00 secs] 
610.277: [GC (Allocation Failure) 610.277: [DefNew: 27481K->131K(30720K), 0.0028242 secs] 59432K->32082K(99008K), 0.0029392 secs] [Times: user=0.01 sys=0.00, real=0.01 secs] 
610.327: [GC (Allocation Failure) 610.327: [DefNew: 27459K->142K(30720K), 0.0037609 secs] 59410K->32093K(99008K), 0.0038710 secs] [Times: user=0.01 sys=0.00, real=0.01 secs] 
610.373: [GC (Allocation Failure) 610.373: [DefNew: 27470K->180K(30720K), 0.0038108 secs] 59421K->32131K(99008K), 0.0039012 secs] [Times: user=0.01 sys=0.00, real=0.00 secs] 
610.419: [GC (Allocation Failure) 610.420: [DefNew: 27508K->148K(30720K), 0.0031305 secs] 59459K->32099K(99008K), 0.0032402 secs] [Times: user=0.00 sys=0.00, real=0.00 secs] 
610.464: [GC (Allocation Failure) 610.464: [DefNew: 27476K->141K(30720K), 0.0026704 secs] 59427K->32092K(99008K), 0.0027547 secs] [Times: user=0.00 sys=0.00, real=0.00 secs] 
610.506: [GC (Allocation Failure) 610.506: [DefNew: 27469K->147K(30720K), 0.0030770 secs] 59420K->32099K(99008K), 0.0031725 secs] [Times: user=0.01 sys=0.00, real=0.01 secs] 
610.552: [GC (Allocation Failure) 610.552: [DefNew: 27475K->136K(30720K), 0.0025645 secs] 59427K->32087K(99008K), 0.0026661 secs] [Times: user=0.00 sys=0.00, real=0.00 secs] 
610.595: [GC (Allocation Failure) 610.595: [DefNew: 27464K->133K(30720K), 0.0024308 secs] 59415K->32084K(99008K), 0.0025102 secs] [Times: user=0.00 sys=0.00, real=0.00 secs] 
610.639: [GC (Allocation Failure) 610.639: [DefNew: 27461K->135K(30720K), 0.0023684 secs] 59412K->32086K(99008K), 0.0024629 secs] [Times: user=0.01 sys=0.00, real=0.00 secs] 
610.684: [GC (Allocation Failure) 610.684: [DefNew: 27463K->137K(30720K), 0.0026712 secs] 59414K->32092K(99008K), 0.0027569 secs] [Times: user=0.00 sys=0.00, real=0.00 secs] 
610.729: [GC (Allocation Failure) 610.729: [DefNew: 27465K->147K(30720K), 0.0042447 secs] 59420K->32103K(99008K), 0.0043848 secs] [Times: user=0.01 sys=0.01, real=0.00 secs] 
610.777: [GC (Allocation Failure) 610.777: [DefNew: 27475K->147K(30720K), 0.0039448 secs] 59431K->32102K(99008K), 0.0040640 secs] [Times: user=0.01 sys=0.00, real=0.01 secs] 
610.822: [GC (Allocation Failure) 610.822: [DefNew: 27475K->175K(30720K), 0.0029897 secs] 59430K->32130K(99008K), 0.0030735 secs] [Times: user=0.00 sys=0.00, real=0.00 secs] 
610.866: [GC (Allocation Failure) 610.866: [DefNew: 27503K->129K(30720K), 0.0025953 secs] 59458K->32084K(99008K), 0.0026884 secs] [Times: user=0.01 sys=0.01, real=0.01 secs] 
610.911: [GC (Allocation Failure) 610.911: [DefNew: 27457K->135K(30720K), 0.0025369 secs] 59412K->32091K(99008K), 0.0026218 secs] [Times: user=0.01 sys=0.00, real=0.00 secs] 
610.957: [GC (Allocation Failure) 610.957: [DefNew: 27463K->144K(30720K), 0.0026803 secs] 59419K->32101K(99008K), 0.0027632 secs] [Times: user=0.00 sys=0.00, real=0.01 secs] 
610.998: [GC (Allocation Failure) 610.998: [DefNew: 27472K->141K(30720K), 0.0025099 secs] 59429K->32098K(99008K), 0.0025876 secs] [Times: user=0.00 sys=0.00, real=0.01 secs] 
611.044: [GC (Allocation Failure) 611.044: [DefNew: 27469K->136K(30720K), 0.0025485 secs] 59426K->32093K(99008K), 0.0026303 secs] [Times: user=0.01 sys=0.00, real=0.00 secs] 
611.090: [GC (Allocation Failure) 611.090: [DefNew: 27464K->137K(30720K), 0.0025402 secs] 59421K->32094K(99008K), 0.0026168 secs] [Times: user=0.01 sys=0.00, real=0.00 secs] 
611.134: [GC (Allocation Failure) 611.134: [DefNew: 27465K->149K(30720K), 0.0025591 secs] 59422K->32106K(99008K), 0.0026316 secs] [Times: user=0.01 sys=0.00, real=0.00 secs] 
611.181: [GC (Allocation Failure) 611.181: [DefNew: 27477K->130K(30720K), 0.0035367 secs] 59434K->32087K(99008K), 0.0036329 secs] [Times: user=0.01 sys=0.00, real=0.00 secs] 
611.227: [GC (Allocation Failure) 611.227: [DefNew: 27458K->134K(30720K), 0.0035972 secs] 59415K->32091K(99008K), 0.0038647 secs] [Times: user=0.01 sys=0.00, real=0.01 secs] 
611.274: [GC (Allocation Failure) 611.274: [DefNew: 27462K->133K(30720K), 0.0026677 secs] 59419K->32091K(99008K), 0.0027500 secs] [Times: user=0.00 sys=0.00, real=0.00 secs] 
611.321: [GC (Allocation Failure) 611.321: [DefNew: 27461K->138K(30720K), 0.0025852 secs] 59419K->32095K(99008K), 0.0026711 secs] [Times: user=0.00 sys=0.00, real=0.00 secs] 
611.369: [GC (Allocation Failure) 611.369: [DefNew: 27466K->126K(30720K), 0.0027559 secs] 59423K->32083K(99008K), 0.0028543 secs] [Times: user=0.01 sys=0.00, real=0.00 secs] 
611.412: [GC (Allocation Failure) 611.412: [DefNew: 27454K->124K(30720K), 0.0023388 secs] 59411K->32082K(99008K), 0.0024101 secs] [Times: user=0.00 sys=0.00, real=0.00 secs] 
611.460: [GC (Allocation Failure) 611.460: [DefNew: 27452K->145K(30720K), 0.0026611 secs] 59410K->32102K(99008K), 0.0027565 secs] [Times: user=0.00 sys=0.00, real=0.00 secs] 
611.501: [GC (Allocation Failure) 611.501: [DefNew: 27473K->153K(30720K), 0.0027297 secs] 59430K->32110K(99008K), 0.0028081 secs] [Times: user=0.00 sys=0.00, real=0.00 secs] 
611.546: [GC (Allocation Failure) 611.546: [DefNew: 27481K->135K(30720K), 0.0024950 secs] 59438K->32097K(99008K), 0.0025623 secs] [Times: user=0.00 sys=0.00, real=0.01 secs] 
611.596: [GC (Allocation Failure) 611.596: [DefNew: 27463K->123K(30720K), 0.0024856 secs] 59425K->32086K(99008K), 0.0025672 secs] [Times: user=0.01 sys=0.00, real=0.01 secs] 
611.643: [GC (Allocation Failure) 611.643: [DefNew: 27451K->133K(30720K), 0.0025909 secs] 59414K->32096K(99008K), 0.0026672 secs] [Times: user=0.00 sys=0.00, real=0.00 secs] 
611.690: [GC (Allocation Failure) 611.690: [DefNew: 27461K->142K(30720K), 0.0025945 secs] 59424K->32104K(99008K), 0.0027047 secs] [Times: user=0.01 sys=0.00, real=0.00 secs] 
611.736: [GC (Allocation Failure) 611.736: [DefNew: 27470K->150K(30720K), 0.0034397 secs] 59432K->32112K(99008K), 0.0035486 secs] [Times: user=0.01 sys=0.00, real=0.01 secs] 
611.781: [GC (Allocation Failure) 611.781: [DefNew: 27478K->123K(30720K), 0.0026460 secs] 59440K->32085K(99008K), 0.0027359 secs] [Times: user=0.01 sys=0.00, real=0.00 secs] 
611.825: [GC (Allocation Failure) 611.825: [DefNew: 27451K->136K(30720K), 0.0025009 secs] 59413K->32099K(99008K), 0.0025724 secs] [Times: user=0.00 sys=0.00, real=0.00 secs] 
611.869: [GC (Allocation Failure) 611.869: [DefNew: 27464K->129K(30720K), 0.0023732 secs] 59427K->32092K(99008K), 0.0024453 secs] [Times: user=0.00 sys=0.00, real=0.00 secs] 
611.918: [GC (Allocation Failure) 611.918: [DefNew: 27457K->135K(30720K), 0.0025712 secs] 59420K->32099K(99008K), 0.0026576 secs] [Times: user=0.00 sys=0.00, real=0.00 secs] 
611.963: [GC (Allocation Failure) 611.963: [DefNew: 27463K->133K(30720K), 0.0036422 secs] 59427K->32096K(99008K), 0.0037575 secs] [Times: user=0.01 sys=0.00, real=0.00 secs] 
612.002: [GC (Allocation Failure) 612.002: [DefNew: 27461K->132K(30720K), 0.0036730 secs] 59424K->32096K(99008K), 0.0037745 secs] [Times: user=0.01 sys=0.00, real=0.00 secs] 
612.044: [GC (Allocation Failure) 612.044: [DefNew: 27460K->138K(30720K), 0.0025374 secs] 59424K->32101K(99008K), 0.0026166 secs] [Times: user=0.01 sys=0.00, real=0.00 secs] 
612.087: [GC (Allocation Failure) 612.087: [DefNew: 27466K->144K(30720K), 0.0025207 secs] 59429K->32107K(99008K), 0.0025903 secs] [Times: user=0.00 sys=0.00, real=0.01 secs] 
612.128: [GC (Allocation Failure) 612.128: [DefNew: 27472K->140K(30720K), 0.0025094 secs] 59435K->32104K(99008K), 0.0025828 secs] [Times: user=0.00 sys=0.00, real=0.00 secs] 
612.168: [GC (Allocation Failure) 612.168: [DefNew: 27468K->140K(30720K), 0.0025047 secs] 59432K->32103K(99008K), 0.0025747 secs] [Times: user=0.01 sys=0.00, real=0.00 secs] 
612.213: [GC (Allocation Failure) 612.213: [DefNew: 27468K->193K(30720K), 0.0032425 secs] 59431K->32157K(99008K), 0.0033248 secs] [Times: user=0.00 sys=0.00, real=0.00 secs] 
612.264: [GC (Allocation Failure) 612.264: [DefNew: 27521K->141K(30720K), 0.0027922 secs] 59485K->32104K(99008K), 0.0028780 secs] [Times: user=0.00 sys=0.00, real=0.00 secs] 
612.302: [GC (Allocation Failure) 612.302: [DefNew: 27469K->139K(30720K), 0.0025381 secs] 59432K->32103K(99008K), 0.0026118 secs] [Times: user=0.00 sys=0.00, real=0.00 secs] 
612.342: [GC (Allocation Failure) 612.342: [DefNew: 27467K->128K(30720K), 0.0024369 secs] 59431K->32092K(99008K), 0.0025206 secs] [Times: user=0.00 sys=0.00, real=0.00 secs] 
612.384: [GC (Allocation Failure) 612.384: [DefNew: 27456K->142K(30720K), 0.0025025 secs] 59420K->32107K(99008K), 0.0025810 secs] [Times: user=0.00 sys=0.00, real=0.00 secs] 
612.428: [GC (Allocation Failure) 612.428: [DefNew: 27470K->133K(30720K), 0.0024819 secs] 59435K->32097K(99008K), 0.0025528 secs] [Times: user=0.00 sys=0.00, real=0.01 secs] 
612.467: [GC (Allocation Failure) 612.467: [DefNew: 27461K->136K(30720K), 0.0023708 secs] 59425K->32100K(99008K), 0.0024352 secs] [Times: user=0.01 sys=0.00, real=0.01 secs] 
612.520: [GC (Allocation Failure) 612.520: [DefNew: 27464K->134K(30720K), 0.0025811 secs] 59428K->32098K(99008K), 0.0026748 secs] [Times: user=0.01 sys=0.00, real=0.00 secs] 
Heap
 def new generation   total 30720K, used 2613K [0x00000007b9c00000, 0x00000007bbd50000, 0x00000007bbd50000)
  eden space 27328K,   9% used [0x00000007b9c00000, 0x00000007b9e6bc30, 0x00000007bb6b0000)
  from space 3392K,   3% used [0x00000007bb6b0000, 0x00000007bb6d1888, 0x00000007bba00000)
  to   space 3392K,   0% used [0x00000007bba00000, 0x00000007bba00000, 0x00000007bbd50000)
 tenured generation   total 68288K, used 31964K [0x00000007bbd50000, 0x00000007c0000000, 0x00000007c0000000)
   the space 68288K,  46% used [0x00000007bbd50000, 0x00000007bdc87248, 0x00000007bdc87400, 0x00000007c0000000)
 Metaspace       used 36404K, capacity 38032K, committed 38104K, reserved 1083392K
  class space    used 4523K, capacity 4823K, committed 4824K, reserved 1048576K
