Java HotSpot(TM) 64-Bit Server VM (25.131-b11) for bsd-amd64 JRE (1.8.0_131-b11), built on Mar 15 2017 01:32:22 by "java_re" with gcc 4.2.1 (Based on Apple Inc. build 5658) (LLVM build 2336.11.00)
Memory: 4k page, physical 8388608k(491008k free)

/proc/meminfo:

CommandLine flags: -XX:InitialHeapSize=524288000 -XX:MaxHeapSize=524288000 -XX:MaxNewSize=174764032 -XX:MaxTenuringThreshold=6 -XX:NewSize=174764032 -XX:OldPLABSize=16 -XX:OldSize=349523968 -XX:+PrintGC -XX:+PrintGCDetails -XX:+PrintGCTimeStamps -XX:+UseCompressedClassPointers -XX:+UseCompressedOops -XX:+UseConcMarkSweepGC -XX:+UseParNewGC 
0.771: [GC (Allocation Failure) 0.771: [ParNew: 136576K->6508K(153600K), 0.0071759 secs] 136576K->6508K(494976K), 0.0072652 secs] [Times: user=0.02 sys=0.00, real=0.01 secs] 
1.125: [GC (Allocation Failure) 1.125: [ParNew: 143084K->11017K(153600K), 0.0104013 secs] 143084K->11017K(494976K), 0.0104934 secs] [Times: user=0.03 sys=0.00, real=0.02 secs] 
1.774: [GC (Allocation Failure) 1.775: [ParNew: 147593K->9812K(153600K), 0.0255721 secs] 147593K->12826K(494976K), 0.0256531 secs] [Times: user=0.06 sys=0.01, real=0.03 secs] 
1.800: [GC (CMS Initial Mark) [1 CMS-initial-mark: 3013K(341376K)] 12826K(494976K), 0.0018861 secs] [Times: user=0.01 sys=0.00, real=0.00 secs] 
1.802: [CMS-concurrent-mark-start]
1.813: [CMS-concurrent-mark: 0.011/0.011 secs] [Times: user=0.03 sys=0.00, real=0.01 secs] 
1.813: [CMS-concurrent-preclean-start]
1.814: [CMS-concurrent-preclean: 0.001/0.001 secs] [Times: user=0.00 sys=0.00, real=0.00 secs] 
1.814: [CMS-concurrent-abortable-preclean-start]
2.362: [CMS-concurrent-abortable-preclean: 0.313/0.548 secs] [Times: user=1.63 sys=0.05, real=0.55 secs] 
2.362: [GC (CMS Final Remark) [YG occupancy: 91787 K (153600 K)]2.362: [Rescan (parallel) , 0.0105372 secs]2.373: [weak refs processing, 0.0000293 secs]2.373: [class unloading, 0.0050577 secs]2.378: [scrub symbol table, 0.0047434 secs]2.383: [scrub string table, 0.0003975 secs][1 CMS-remark: 3013K(341376K)] 94801K(494976K), 0.0220686 secs] [Times: user=0.06 sys=0.00, real=0.02 secs] 
2.384: [CMS-concurrent-sweep-start]
2.386: [CMS-concurrent-sweep: 0.002/0.002 secs] [Times: user=0.01 sys=0.00, real=0.01 secs] 
2.386: [CMS-concurrent-reset-start]
2.387: [CMS-concurrent-reset: 0.001/0.001 secs] [Times: user=0.00 sys=0.00, real=0.00 secs] 
2.953: [GC (Allocation Failure) 2.953: [ParNew: 146388K->17005K(153600K), 0.0112534 secs] 149396K->20013K(494976K), 0.0113727 secs] [Times: user=0.04 sys=0.00, real=0.01 secs] 
3.713: [GC (Allocation Failure) 3.713: [ParNew: 153581K->11248K(153600K), 0.0242989 secs] 156589K->26164K(494976K), 0.0244241 secs] [Times: user=0.08 sys=0.01, real=0.03 secs] 
14.540: [GC (Allocation Failure) 14.542: [ParNew: 147824K->7927K(153600K), 0.0077900 secs] 162740K->22843K(494976K), 0.0099295 secs] [Times: user=0.03 sys=0.01, real=0.01 secs] 
15.500: [GC (Allocation Failure) 15.500: [ParNew: 144503K->17024K(153600K), 0.0167808 secs] 159419K->32362K(494976K), 0.0169144 secs] [Times: user=0.06 sys=0.01, real=0.02 secs] 
16.600: [GC (Allocation Failure) 16.601: [ParNew: 153600K->12271K(153600K), 0.0180620 secs] 168938K->42422K(494976K), 0.0181940 secs] [Times: user=0.05 sys=0.01, real=0.02 secs] 
17.828: [GC (Allocation Failure) 17.829: [ParNew: 148847K->3197K(153600K), 0.0051687 secs] 178998K->33348K(494976K), 0.0054274 secs] [Times: user=0.01 sys=0.00, real=0.00 secs] 
18.906: [GC (Allocation Failure) 18.906: [ParNew: 139773K->2117K(153600K), 0.0037412 secs] 169924K->32268K(494976K), 0.0038970 secs] [Times: user=0.02 sys=0.00, real=0.00 secs] 
19.899: [GC (Allocation Failure) 19.899: [ParNew: 138693K->1665K(153600K), 0.0119301 secs] 168844K->31815K(494976K), 0.0120880 secs] [Times: user=0.03 sys=0.00, real=0.01 secs] 
20.975: [GC (Allocation Failure) 20.975: [ParNew: 138241K->1167K(153600K), 0.0049824 secs] 168391K->31318K(494976K), 0.0051910 secs] [Times: user=0.02 sys=0.00, real=0.00 secs] 
22.113: [GC (Allocation Failure) 22.114: [ParNew: 137743K->1340K(153600K), 0.0052079 secs] 167894K->31491K(494976K), 0.0053568 secs] [Times: user=0.01 sys=0.00, real=0.01 secs] 
23.137: [GC (Allocation Failure) 23.138: [ParNew: 137916K->1461K(153600K), 0.0085337 secs] 168067K->31635K(494976K), 0.0087691 secs] [Times: user=0.03 sys=0.00, real=0.01 secs] 
24.078: [GC (Allocation Failure) 24.078: [ParNew: 138037K->916K(153600K), 0.0056836 secs] 168211K->31491K(494976K), 0.0058096 secs] [Times: user=0.02 sys=0.00, real=0.00 secs] 
25.092: [GC (Allocation Failure) 25.092: [ParNew: 137492K->805K(153600K), 0.0059271 secs] 168067K->31386K(494976K), 0.0060660 secs] [Times: user=0.01 sys=0.01, real=0.01 secs] 
26.044: [GC (Allocation Failure) 26.044: [ParNew: 137381K->669K(153600K), 0.0039537 secs] 167962K->31263K(494976K), 0.0040754 secs] [Times: user=0.01 sys=0.01, real=0.01 secs] 
26.887: [GC (Allocation Failure) 26.887: [ParNew: 137245K->712K(153600K), 0.0042897 secs] 167839K->31374K(494976K), 0.0044085 secs] [Times: user=0.01 sys=0.00, real=0.00 secs] 
27.699: [GC (Allocation Failure) 27.699: [ParNew: 137288K->520K(153600K), 0.0034809 secs] 167950K->31187K(494976K), 0.0036011 secs] [Times: user=0.02 sys=0.00, real=0.00 secs] 
28.473: [GC (Allocation Failure) 28.473: [ParNew: 137096K->544K(153600K), 0.0039965 secs] 167763K->31212K(494976K), 0.0041240 secs] [Times: user=0.02 sys=0.01, real=0.01 secs] 
29.181: [GC (Allocation Failure) 29.181: [ParNew: 137120K->463K(153600K), 0.0052845 secs] 167788K->31150K(494976K), 0.0054202 secs] [Times: user=0.02 sys=0.01, real=0.01 secs] 
29.757: [GC (Allocation Failure) 29.757: [ParNew: 137039K->834K(153600K), 0.0038483 secs] 167726K->31524K(494976K), 0.0039746 secs] [Times: user=0.01 sys=0.00, real=0.00 secs] 
30.362: [GC (Allocation Failure) 30.362: [ParNew: 137410K->523K(153600K), 0.0047197 secs] 168100K->31215K(494976K), 0.0049690 secs] [Times: user=0.02 sys=0.00, real=0.01 secs] 
30.853: [GC (Allocation Failure) 30.853: [ParNew: 137094K->267K(153600K), 0.0030727 secs] 167786K->30966K(494976K), 0.0032218 secs] [Times: user=0.02 sys=0.00, real=0.01 secs] 
31.323: [GC (Allocation Failure) 31.323: [ParNew: 136843K->295K(153600K), 0.0036574 secs] 167542K->30997K(494976K), 0.0037839 secs] [Times: user=0.01 sys=0.00, real=0.01 secs] 
31.780: [GC (Allocation Failure) 31.780: [ParNew: 136871K->233K(153600K), 0.0030169 secs] 167573K->30942K(494976K), 0.0031255 secs] [Times: user=0.01 sys=0.00, real=0.00 secs] 
32.164: [GC (Allocation Failure) 32.164: [ParNew: 136809K->1073K(153600K), 0.0042563 secs] 167518K->31784K(494976K), 0.0043792 secs] [Times: user=0.01 sys=0.00, real=0.01 secs] 
32.502: [GC (Allocation Failure) 32.502: [ParNew: 137649K->671K(153600K), 0.0035077 secs] 168360K->31386K(494976K), 0.0036522 secs] [Times: user=0.01 sys=0.00, real=0.01 secs] 
32.812: [GC (Allocation Failure) 32.812: [ParNew: 137247K->275K(153600K), 0.0053273 secs] 167962K->30995K(494976K), 0.0054594 secs] [Times: user=0.01 sys=0.00, real=0.01 secs] 
33.076: [GC (Allocation Failure) 33.076: [ParNew: 136851K->227K(153600K), 0.0053479 secs] 167571K->30955K(494976K), 0.0055235 secs] [Times: user=0.01 sys=0.00, real=0.00 secs] 
33.338: [GC (Allocation Failure) 33.338: [ParNew: 136803K->247K(153600K), 0.0042213 secs] 167531K->30976K(494976K), 0.0043466 secs] [Times: user=0.01 sys=0.00, real=0.00 secs] 
33.599: [GC (Allocation Failure) 33.599: [ParNew: 136823K->251K(153600K), 0.0028054 secs] 167552K->30985K(494976K), 0.0029031 secs] [Times: user=0.01 sys=0.00, real=0.00 secs] 
33.864: [GC (Allocation Failure) 33.864: [ParNew: 136827K->247K(153600K), 0.0061499 secs] 167561K->30991K(494976K), 0.0062748 secs] [Times: user=0.01 sys=0.00, real=0.01 secs] 
34.120: [GC (Allocation Failure) 34.120: [ParNew: 136823K->236K(153600K), 0.0035125 secs] 167567K->30988K(494976K), 0.0036354 secs] [Times: user=0.01 sys=0.00, real=0.00 secs] 
34.405: [GC (Allocation Failure) 34.405: [ParNew: 136812K->258K(153600K), 0.0080151 secs] 167564K->31011K(494976K), 0.0081478 secs] [Times: user=0.02 sys=0.00, real=0.00 secs] 
34.687: [GC (Allocation Failure) 34.687: [ParNew: 136834K->248K(153600K), 0.0029014 secs] 167587K->31001K(494976K), 0.0029905 secs] [Times: user=0.01 sys=0.00, real=0.00 secs] 
34.937: [GC (Allocation Failure) 34.937: [ParNew: 136824K->303K(153600K), 0.0028804 secs] 167577K->31058K(494976K), 0.0029729 secs] [Times: user=0.01 sys=0.00, real=0.00 secs] 
35.202: [GC (Allocation Failure) 35.202: [ParNew: 136879K->226K(153600K), 0.0032806 secs] 167634K->30981K(494976K), 0.0033951 secs] [Times: user=0.01 sys=0.00, real=0.01 secs] 
35.456: [GC (Allocation Failure) 35.456: [ParNew: 136802K->271K(153600K), 0.0058823 secs] 167557K->31026K(494976K), 0.0060094 secs] [Times: user=0.02 sys=0.00, real=0.00 secs] 
35.703: [GC (Allocation Failure) 35.703: [ParNew: 136847K->204K(153600K), 0.0034191 secs] 167602K->30962K(494976K), 0.0035597 secs] [Times: user=0.01 sys=0.00, real=0.01 secs] 
35.947: [GC (Allocation Failure) 35.947: [ParNew: 136780K->248K(153600K), 0.0037766 secs] 167538K->31005K(494976K), 0.0039202 secs] [Times: user=0.01 sys=0.00, real=0.00 secs] 
36.187: [GC (Allocation Failure) 36.187: [ParNew: 136824K->202K(153600K), 0.0030354 secs] 167581K->30961K(494976K), 0.0031612 secs] [Times: user=0.01 sys=0.00, real=0.00 secs] 
36.422: [GC (Allocation Failure) 36.422: [ParNew: 136778K->245K(153600K), 0.0031714 secs] 167537K->31004K(494976K), 0.0032796 secs] [Times: user=0.01 sys=0.00, real=0.01 secs] 
36.662: [GC (Allocation Failure) 36.662: [ParNew: 136821K->227K(153600K), 0.0097971 secs] 167580K->30986K(494976K), 0.0099070 secs] [Times: user=0.02 sys=0.00, real=0.01 secs] 
36.901: [GC (Allocation Failure) 36.901: [ParNew: 136803K->240K(153600K), 0.0034066 secs] 167562K->30999K(494976K), 0.0035163 secs] [Times: user=0.01 sys=0.00, real=0.00 secs] 
37.144: [GC (Allocation Failure) 37.144: [ParNew: 136816K->226K(153600K), 0.0032059 secs] 167575K->30985K(494976K), 0.0033100 secs] [Times: user=0.01 sys=0.00, real=0.01 secs] 
37.377: [GC (Allocation Failure) 37.377: [ParNew: 136802K->160K(153600K), 0.0051207 secs] 167561K->30932K(494976K), 0.0052396 secs] [Times: user=0.01 sys=0.00, real=0.00 secs] 
37.625: [GC (Allocation Failure) 37.625: [ParNew: 136736K->137K(153600K), 0.0066157 secs] 167508K->30909K(494976K), 0.0067074 secs] [Times: user=0.02 sys=0.00, real=0.00 secs] 
37.870: [GC (Allocation Failure) 37.870: [ParNew: 136705K->202K(153600K), 0.0031386 secs] 167477K->30976K(494976K), 0.0032603 secs] [Times: user=0.01 sys=0.00, real=0.00 secs] 
38.127: [GC (Allocation Failure) 38.127: [ParNew: 136778K->246K(153600K), 0.0028598 secs] 167552K->31021K(494976K), 0.0029516 secs] [Times: user=0.01 sys=0.00, real=0.00 secs] 
38.370: [GC (Allocation Failure) 38.370: [ParNew: 136822K->201K(153600K), 0.0031437 secs] 167597K->30976K(494976K), 0.0032583 secs] [Times: user=0.01 sys=0.00, real=0.00 secs] 
38.613: [GC (Allocation Failure) 38.613: [ParNew: 136777K->229K(153600K), 0.0045962 secs] 167552K->31004K(494976K), 0.0047255 secs] [Times: user=0.01 sys=0.00, real=0.01 secs] 
38.864: [GC (Allocation Failure) 38.864: [ParNew: 136805K->185K(153600K), 0.0033252 secs] 167580K->30960K(494976K), 0.0034450 secs] [Times: user=0.01 sys=0.00, real=0.01 secs] 
39.105: [GC (Allocation Failure) 39.105: [ParNew: 136761K->210K(153600K), 0.0035538 secs] 167536K->30990K(494976K), 0.0036797 secs] [Times: user=0.01 sys=0.01, real=0.01 secs] 
39.347: [GC (Allocation Failure) 39.347: [ParNew: 136786K->193K(153600K), 0.0031849 secs] 167566K->30973K(494976K), 0.0033029 secs] [Times: user=0.01 sys=0.00, real=0.00 secs] 
39.592: [GC (Allocation Failure) 39.592: [ParNew: 136769K->279K(153600K), 0.0034241 secs] 167549K->31059K(494976K), 0.0035426 secs] [Times: user=0.01 sys=0.00, real=0.01 secs] 
39.835: [GC (Allocation Failure) 39.835: [ParNew: 136855K->178K(153600K), 0.0028257 secs] 167635K->30958K(494976K), 0.0029106 secs] [Times: user=0.01 sys=0.00, real=0.01 secs] 
40.085: [GC (Allocation Failure) 40.085: [ParNew: 136754K->198K(153600K), 0.0029227 secs] 167534K->30979K(494976K), 0.0030127 secs] [Times: user=0.01 sys=0.00, real=0.01 secs] 
40.326: [GC (Allocation Failure) 40.326: [ParNew: 136774K->223K(153600K), 0.0031926 secs] 167555K->31003K(494976K), 0.0033087 secs] [Times: user=0.01 sys=0.00, real=0.00 secs] 
40.562: [GC (Allocation Failure) 40.562: [ParNew: 136799K->196K(153600K), 0.0033957 secs] 167579K->30977K(494976K), 0.0035499 secs] [Times: user=0.02 sys=0.00, real=0.01 secs] 
40.801: [GC (Allocation Failure) 40.801: [ParNew: 136772K->192K(153600K), 0.0030468 secs] 167553K->30972K(494976K), 0.0031502 secs] [Times: user=0.01 sys=0.00, real=0.00 secs] 
41.033: [GC (Allocation Failure) 41.033: [ParNew: 136768K->214K(153600K), 0.0026768 secs] 167548K->30996K(494976K), 0.0027677 secs] [Times: user=0.01 sys=0.00, real=0.01 secs] 
41.280: [GC (Allocation Failure) 41.280: [ParNew: 136790K->189K(153600K), 0.0030248 secs] 167572K->30970K(494976K), 0.0031526 secs] [Times: user=0.01 sys=0.00, real=0.00 secs] 
41.512: [GC (Allocation Failure) 41.513: [ParNew: 136765K->221K(153600K), 0.0038272 secs] 167546K->31003K(494976K), 0.0039531 secs] [Times: user=0.01 sys=0.00, real=0.01 secs] 
41.758: [GC (Allocation Failure) 41.758: [ParNew: 136797K->196K(153600K), 0.0034545 secs] 167579K->30978K(494976K), 0.0035729 secs] [Times: user=0.01 sys=0.00, real=0.00 secs] 
41.995: [GC (Allocation Failure) 41.995: [ParNew: 136769K->209K(153600K), 0.0029977 secs] 167551K->30990K(494976K), 0.0031142 secs] [Times: user=0.01 sys=0.00, real=0.01 secs] 
42.237: [GC (Allocation Failure) 42.237: [ParNew: 136785K->196K(153600K), 0.0027472 secs] 167566K->30978K(494976K), 0.0028340 secs] [Times: user=0.01 sys=0.00, real=0.00 secs] 
42.488: [GC (Allocation Failure) 42.488: [ParNew: 136772K->213K(153600K), 0.0028306 secs] 167554K->30995K(494976K), 0.0029212 secs] [Times: user=0.01 sys=0.00, real=0.00 secs] 
42.727: [GC (Allocation Failure) 42.727: [ParNew: 136789K->174K(153600K), 0.0030632 secs] 167571K->30962K(494976K), 0.0031762 secs] [Times: user=0.01 sys=0.00, real=0.00 secs] 
42.974: [GC (Allocation Failure) 42.975: [ParNew: 136750K->249K(153600K), 0.0030458 secs] 167538K->31037K(494976K), 0.0031497 secs] [Times: user=0.01 sys=0.00, real=0.01 secs] 
43.203: [GC (Allocation Failure) 43.203: [ParNew: 136825K->226K(153600K), 0.0075930 secs] 167613K->31014K(494976K), 0.0077058 secs] [Times: user=0.02 sys=0.00, real=0.01 secs] 
43.448: [GC (Allocation Failure) 43.448: [ParNew: 136802K->237K(153600K), 0.0027065 secs] 167590K->31025K(494976K), 0.0027915 secs] [Times: user=0.01 sys=0.00, real=0.00 secs] 
43.686: [GC (Allocation Failure) 43.686: [ParNew: 136813K->187K(153600K), 0.0028508 secs] 167601K->30976K(494976K), 0.0029421 secs] [Times: user=0.01 sys=0.00, real=0.00 secs] 
43.933: [GC (Allocation Failure) 43.933: [ParNew: 136763K->227K(153600K), 0.0029088 secs] 167552K->31016K(494976K), 0.0030132 secs] [Times: user=0.02 sys=0.00, real=0.01 secs] 
44.184: [GC (Allocation Failure) 44.184: [ParNew: 136803K->190K(153600K), 0.0027418 secs] 167592K->30979K(494976K), 0.0028410 secs] [Times: user=0.01 sys=0.00, real=0.01 secs] 
44.408: [GC (Allocation Failure) 44.408: [ParNew: 136766K->219K(153600K), 0.0062995 secs] 167555K->31009K(494976K), 0.0374606 secs] [Times: user=0.04 sys=0.00, real=0.04 secs] 
Heap
 par new generation   total 153600K, used 62562K [0x00000007a0c00000, 0x00000007ab2a0000, 0x00000007ab2a0000)
  eden space 136576K,  45% used [0x00000007a0c00000, 0x00000007a48e1958, 0x00000007a9160000)
  from space 17024K,   1% used [0x00000007a9160000, 0x00000007a9196f60, 0x00000007aa200000)
  to   space 17024K,   0% used [0x00000007aa200000, 0x00000007aa200000, 0x00000007ab2a0000)
 concurrent mark-sweep generation total 341376K, used 30789K [0x00000007ab2a0000, 0x00000007c0000000, 0x00000007c0000000)
 Metaspace       used 36413K, capacity 38231K, committed 38456K, reserved 1083392K
  class space    used 4550K, capacity 4877K, committed 4948K, reserved 1048576K
