Java HotSpot(TM) 64-Bit Server VM (25.131-b11) for bsd-amd64 JRE (1.8.0_131-b11), built on Mar 15 2017 01:32:22 by "java_re" with gcc 4.2.1 (Based on Apple Inc. build 5658) (LLVM build 2336.11.00)
Memory: 4k page, physical 8388608k(257008k free)

/proc/meminfo:

CommandLine flags: -XX:InitialHeapSize=104857600 -XX:MaxHeapSize=104857600 -XX:+PrintGC -XX:+PrintGCDetails -XX:+PrintGCTimeStamps -XX:+UseCompressedClassPointers -XX:+UseCompressedOops -XX:+UseG1GC 
0.300: [GC pause (G1 Evacuation Pause) (young), 0.0023991 secs]
   [Parallel Time: 1.7 ms, GC Workers: 4]
      [GC Worker Start (ms): Min: 299.7, Avg: 299.8, Max: 299.8, Diff: 0.1]
      [Ext Root Scanning (ms): Min: 0.2, Avg: 0.3, Max: 0.5, Diff: 0.4, Sum: 1.2]
      [Update RS (ms): Min: 0.0, Avg: 0.0, Max: 0.0, Diff: 0.0, Sum: 0.0]
         [Processed Buffers: Min: 0, Avg: 0.0, Max: 0, Diff: 0, Sum: 0]
      [Scan RS (ms): Min: 0.0, Avg: 0.0, Max: 0.0, Diff: 0.0, Sum: 0.0]
      [Code Root Scanning (ms): Min: 0.0, Avg: 0.1, Max: 0.3, Diff: 0.3, Sum: 0.5]
      [Object Copy (ms): Min: 1.2, Avg: 1.2, Max: 1.3, Diff: 0.1, Sum: 4.8]
      [Termination (ms): Min: 0.0, Avg: 0.0, Max: 0.0, Diff: 0.0, Sum: 0.0]
         [Termination Attempts: Min: 1, Avg: 2.5, Max: 4, Diff: 3, Sum: 10]
      [GC Worker Other (ms): Min: 0.0, Avg: 0.0, Max: 0.0, Diff: 0.0, Sum: 0.0]
      [GC Worker Total (ms): Min: 1.6, Avg: 1.6, Max: 1.7, Diff: 0.1, Sum: 6.6]
      [GC Worker End (ms): Min: 301.4, Avg: 301.4, Max: 301.4, Diff: 0.0]
   [Code Root Fixup: 0.1 ms]
   [Code Root Purge: 0.0 ms]
   [Clear CT: 0.0 ms]
   [Other: 0.5 ms]
      [Choose CSet: 0.0 ms]
      [Ref Proc: 0.4 ms]
      [Ref Enq: 0.0 ms]
      [Redirty Cards: 0.0 ms]
      [Humongous Register: 0.0 ms]
      [Humongous Reclaim: 0.0 ms]
      [Free CSet: 0.0 ms]
   [Eden: 14.0M(14.0M)->0.0B(22.0M) Survivors: 0.0B->2048.0K Heap: 14.0M(100.0M)->1918.7K(100.0M)]
 [Times: user=0.01 sys=0.00, real=0.00 secs] 
0.453: [GC pause (G1 Evacuation Pause) (young), 0.0041172 secs]
   [Parallel Time: 3.0 ms, GC Workers: 4]
      [GC Worker Start (ms): Min: 453.2, Avg: 453.2, Max: 453.2, Diff: 0.0]
      [Ext Root Scanning (ms): Min: 0.1, Avg: 0.5, Max: 1.0, Diff: 0.9, Sum: 1.9]
      [Update RS (ms): Min: 0.0, Avg: 0.0, Max: 0.0, Diff: 0.0, Sum: 0.0]
         [Processed Buffers: Min: 0, Avg: 0.0, Max: 0, Diff: 0, Sum: 0]
      [Scan RS (ms): Min: 0.0, Avg: 0.0, Max: 0.0, Diff: 0.0, Sum: 0.0]
      [Code Root Scanning (ms): Min: 0.0, Avg: 0.2, Max: 0.6, Diff: 0.6, Sum: 0.7]
      [Object Copy (ms): Min: 1.6, Avg: 1.9, Max: 2.2, Diff: 0.5, Sum: 7.6]
      [Termination (ms): Min: 0.0, Avg: 0.4, Max: 0.6, Diff: 0.6, Sum: 1.7]
         [Termination Attempts: Min: 1, Avg: 2.8, Max: 5, Diff: 4, Sum: 11]
      [GC Worker Other (ms): Min: 0.0, Avg: 0.0, Max: 0.0, Diff: 0.0, Sum: 0.0]
      [GC Worker Total (ms): Min: 3.0, Avg: 3.0, Max: 3.0, Diff: 0.0, Sum: 12.0]
      [GC Worker End (ms): Min: 456.2, Avg: 456.2, Max: 456.2, Diff: 0.0]
   [Code Root Fixup: 0.2 ms]
   [Code Root Purge: 0.0 ms]
   [Clear CT: 0.0 ms]
   [Other: 0.8 ms]
      [Choose CSet: 0.0 ms]
      [Ref Proc: 0.7 ms]
      [Ref Enq: 0.0 ms]
      [Redirty Cards: 0.0 ms]
      [Humongous Register: 0.0 ms]
      [Humongous Reclaim: 0.0 ms]
      [Free CSet: 0.1 ms]
   [Eden: 22.0M(22.0M)->0.0B(57.0M) Survivors: 2048.0K->3072.0K Heap: 23.9M(100.0M)->3724.0K(100.0M)]
 [Times: user=0.01 sys=0.00, real=0.01 secs] 
0.691: [GC pause (G1 Evacuation Pause) (young), 0.0058275 secs]
   [Parallel Time: 4.3 ms, GC Workers: 4]
      [GC Worker Start (ms): Min: 690.6, Avg: 690.6, Max: 690.6, Diff: 0.0]
      [Ext Root Scanning (ms): Min: 0.2, Avg: 0.5, Max: 1.1, Diff: 0.9, Sum: 2.1]
      [Update RS (ms): Min: 0.0, Avg: 0.0, Max: 0.1, Diff: 0.1, Sum: 0.1]
         [Processed Buffers: Min: 0, Avg: 0.2, Max: 1, Diff: 1, Sum: 1]
      [Scan RS (ms): Min: 0.0, Avg: 0.0, Max: 0.0, Diff: 0.0, Sum: 0.0]
      [Code Root Scanning (ms): Min: 0.0, Avg: 0.3, Max: 0.6, Diff: 0.6, Sum: 1.1]
      [Object Copy (ms): Min: 2.6, Avg: 3.0, Max: 3.2, Diff: 0.6, Sum: 11.9]
      [Termination (ms): Min: 0.0, Avg: 0.4, Max: 0.6, Diff: 0.6, Sum: 1.6]
         [Termination Attempts: Min: 1, Avg: 1.5, Max: 2, Diff: 1, Sum: 6]
      [GC Worker Other (ms): Min: 0.0, Avg: 0.0, Max: 0.0, Diff: 0.0, Sum: 0.0]
      [GC Worker Total (ms): Min: 4.2, Avg: 4.2, Max: 4.2, Diff: 0.0, Sum: 16.9]
      [GC Worker End (ms): Min: 694.8, Avg: 694.8, Max: 694.8, Diff: 0.0]
   [Code Root Fixup: 0.2 ms]
   [Code Root Purge: 0.0 ms]
   [Clear CT: 0.0 ms]
   [Other: 1.3 ms]
      [Choose CSet: 0.0 ms]
      [Ref Proc: 1.1 ms]
      [Ref Enq: 0.0 ms]
      [Redirty Cards: 0.0 ms]
      [Humongous Register: 0.0 ms]
      [Humongous Reclaim: 0.0 ms]
      [Free CSet: 0.1 ms]
   [Eden: 57.0M(57.0M)->0.0B(53.0M) Survivors: 3072.0K->7168.0K Heap: 60.6M(100.0M)->7255.1K(100.0M)]
 [Times: user=0.02 sys=0.01, real=0.01 secs] 
0.842: [GC pause (G1 Evacuation Pause) (young), 0.0043898 secs]
   [Parallel Time: 3.4 ms, GC Workers: 4]
      [GC Worker Start (ms): Min: 842.1, Avg: 842.1, Max: 842.2, Diff: 0.0]
      [Ext Root Scanning (ms): Min: 0.2, Avg: 0.4, Max: 1.0, Diff: 0.8, Sum: 1.6]
      [Update RS (ms): Min: 0.0, Avg: 0.0, Max: 0.0, Diff: 0.0, Sum: 0.0]
         [Processed Buffers: Min: 0, Avg: 0.2, Max: 1, Diff: 1, Sum: 1]
      [Scan RS (ms): Min: 0.0, Avg: 0.0, Max: 0.0, Diff: 0.0, Sum: 0.0]
      [Code Root Scanning (ms): Min: 0.0, Avg: 0.3, Max: 0.6, Diff: 0.6, Sum: 1.2]
      [Object Copy (ms): Min: 2.4, Avg: 2.7, Max: 3.2, Diff: 0.7, Sum: 10.7]
      [Termination (ms): Min: 0.0, Avg: 0.0, Max: 0.0, Diff: 0.0, Sum: 0.0]
         [Termination Attempts: Min: 1, Avg: 2.5, Max: 4, Diff: 3, Sum: 10]
      [GC Worker Other (ms): Min: 0.0, Avg: 0.0, Max: 0.0, Diff: 0.0, Sum: 0.0]
      [GC Worker Total (ms): Min: 3.4, Avg: 3.4, Max: 3.4, Diff: 0.0, Sum: 13.6]
      [GC Worker End (ms): Min: 845.5, Avg: 845.5, Max: 845.5, Diff: 0.0]
   [Code Root Fixup: 0.2 ms]
   [Code Root Purge: 0.0 ms]
   [Clear CT: 0.0 ms]
   [Other: 0.7 ms]
      [Choose CSet: 0.0 ms]
      [Ref Proc: 0.5 ms]
      [Ref Enq: 0.0 ms]
      [Redirty Cards: 0.0 ms]
      [Humongous Register: 0.0 ms]
      [Humongous Reclaim: 0.0 ms]
      [Free CSet: 0.1 ms]
   [Eden: 53.0M(53.0M)->0.0B(53.0M) Survivors: 7168.0K->7168.0K Heap: 60.1M(100.0M)->7308.0K(100.0M)]
 [Times: user=0.02 sys=0.00, real=0.01 secs] 
1.010: [GC pause (GCLocker Initiated GC) (young), 0.0074424 secs]
   [Parallel Time: 5.2 ms, GC Workers: 4]
      [GC Worker Start (ms): Min: 1010.5, Avg: 1010.5, Max: 1010.5, Diff: 0.0]
      [Ext Root Scanning (ms): Min: 0.2, Avg: 0.5, Max: 1.2, Diff: 1.0, Sum: 1.9]
      [Update RS (ms): Min: 0.0, Avg: 0.0, Max: 0.0, Diff: 0.0, Sum: 0.0]
         [Processed Buffers: Min: 0, Avg: 0.2, Max: 1, Diff: 1, Sum: 1]
      [Scan RS (ms): Min: 0.0, Avg: 0.0, Max: 0.0, Diff: 0.0, Sum: 0.0]
      [Code Root Scanning (ms): Min: 0.0, Avg: 0.3, Max: 0.7, Diff: 0.7, Sum: 1.3]
      [Object Copy (ms): Min: 3.6, Avg: 4.0, Max: 4.5, Diff: 0.9, Sum: 16.1]
      [Termination (ms): Min: 0.0, Avg: 0.3, Max: 0.4, Diff: 0.4, Sum: 1.1]
         [Termination Attempts: Min: 1, Avg: 3.2, Max: 5, Diff: 4, Sum: 13]
      [GC Worker Other (ms): Min: 0.0, Avg: 0.0, Max: 0.0, Diff: 0.0, Sum: 0.0]
      [GC Worker Total (ms): Min: 5.0, Avg: 5.1, Max: 5.2, Diff: 0.2, Sum: 20.5]
      [GC Worker End (ms): Min: 1015.5, Avg: 1015.6, Max: 1015.7, Diff: 0.2]
   [Code Root Fixup: 0.4 ms]
   [Code Root Purge: 0.0 ms]
   [Clear CT: 0.1 ms]
   [Other: 1.8 ms]
      [Choose CSet: 0.0 ms]
      [Ref Proc: 1.5 ms]
      [Ref Enq: 0.0 ms]
      [Redirty Cards: 0.0 ms]
      [Humongous Register: 0.0 ms]
      [Humongous Reclaim: 0.0 ms]
      [Free CSet: 0.1 ms]
   [Eden: 53.0M(53.0M)->0.0B(52.0M) Survivors: 7168.0K->8192.0K Heap: 60.1M(100.0M)->8332.0K(100.0M)]
 [Times: user=0.02 sys=0.00, real=0.01 secs] 
1.195: [GC pause (G1 Evacuation Pause) (young), 0.0067134 secs]
   [Parallel Time: 4.8 ms, GC Workers: 4]
      [GC Worker Start (ms): Min: 1195.4, Avg: 1195.4, Max: 1195.4, Diff: 0.0]
      [Ext Root Scanning (ms): Min: 0.3, Avg: 0.8, Max: 1.3, Diff: 1.1, Sum: 3.0]
      [Update RS (ms): Min: 0.0, Avg: 0.0, Max: 0.0, Diff: 0.0, Sum: 0.0]
         [Processed Buffers: Min: 0, Avg: 0.2, Max: 1, Diff: 1, Sum: 1]
      [Scan RS (ms): Min: 0.0, Avg: 0.0, Max: 0.0, Diff: 0.0, Sum: 0.0]
      [Code Root Scanning (ms): Min: 0.0, Avg: 0.4, Max: 0.7, Diff: 0.7, Sum: 1.4]
      [Object Copy (ms): Min: 3.4, Avg: 3.6, Max: 3.7, Diff: 0.3, Sum: 14.5]
      [Termination (ms): Min: 0.0, Avg: 0.0, Max: 0.0, Diff: 0.0, Sum: 0.0]
         [Termination Attempts: Min: 1, Avg: 6.2, Max: 13, Diff: 12, Sum: 25]
      [GC Worker Other (ms): Min: 0.0, Avg: 0.0, Max: 0.0, Diff: 0.0, Sum: 0.0]
      [GC Worker Total (ms): Min: 4.7, Avg: 4.8, Max: 4.8, Diff: 0.0, Sum: 19.0]
      [GC Worker End (ms): Min: 1200.2, Avg: 1200.2, Max: 1200.2, Diff: 0.0]
   [Code Root Fixup: 0.3 ms]
   [Code Root Purge: 0.0 ms]
   [Clear CT: 0.0 ms]
   [Other: 1.6 ms]
      [Choose CSet: 0.0 ms]
      [Ref Proc: 1.4 ms]
      [Ref Enq: 0.0 ms]
      [Redirty Cards: 0.0 ms]
      [Humongous Register: 0.0 ms]
      [Humongous Reclaim: 0.0 ms]
      [Free CSet: 0.1 ms]
   [Eden: 52.0M(52.0M)->0.0B(52.0M) Survivors: 8192.0K->8192.0K Heap: 60.1M(100.0M)->9549.5K(100.0M)]
 [Times: user=0.02 sys=0.00, real=0.00 secs] 
1.247: [GC pause (Metadata GC Threshold) (young) (initial-mark), 0.0066533 secs]
   [Parallel Time: 5.8 ms, GC Workers: 4]
      [GC Worker Start (ms): Min: 1247.4, Avg: 1247.4, Max: 1247.4, Diff: 0.0]
      [Ext Root Scanning (ms): Min: 1.1, Avg: 1.3, Max: 1.5, Diff: 0.3, Sum: 5.4]
      [Update RS (ms): Min: 0.0, Avg: 0.0, Max: 0.1, Diff: 0.1, Sum: 0.1]
         [Processed Buffers: Min: 0, Avg: 0.5, Max: 1, Diff: 1, Sum: 2]
      [Scan RS (ms): Min: 0.0, Avg: 0.0, Max: 0.0, Diff: 0.0, Sum: 0.0]
      [Code Root Scanning (ms): Min: 0.0, Avg: 0.4, Max: 0.8, Diff: 0.8, Sum: 1.5]
      [Object Copy (ms): Min: 3.5, Avg: 4.0, Max: 4.5, Diff: 1.0, Sum: 15.8]
      [Termination (ms): Min: 0.0, Avg: 0.0, Max: 0.0, Diff: 0.0, Sum: 0.0]
         [Termination Attempts: Min: 1, Avg: 6.5, Max: 10, Diff: 9, Sum: 26]
      [GC Worker Other (ms): Min: 0.0, Avg: 0.0, Max: 0.0, Diff: 0.0, Sum: 0.0]
      [GC Worker Total (ms): Min: 5.7, Avg: 5.7, Max: 5.7, Diff: 0.0, Sum: 22.9]
      [GC Worker End (ms): Min: 1253.1, Avg: 1253.1, Max: 1253.1, Diff: 0.0]
   [Code Root Fixup: 0.3 ms]
   [Code Root Purge: 0.0 ms]
   [Clear CT: 0.0 ms]
   [Other: 0.5 ms]
      [Choose CSet: 0.0 ms]
      [Ref Proc: 0.3 ms]
      [Ref Enq: 0.0 ms]
      [Redirty Cards: 0.0 ms]
      [Humongous Register: 0.0 ms]
      [Humongous Reclaim: 0.0 ms]
      [Free CSet: 0.1 ms]
   [Eden: 16.0M(52.0M)->0.0B(55.0M) Survivors: 8192.0K->5120.0K Heap: 25.3M(100.0M)->7821.5K(100.0M)]
 [Times: user=0.02 sys=0.00, real=0.01 secs] 
1.254: [GC concurrent-root-region-scan-start]
1.261: [GC concurrent-root-region-scan-end, 0.0071082 secs]
1.261: [GC concurrent-mark-start]
1.265: [GC concurrent-mark-end, 0.0033310 secs]
1.265: [GC remark 1.265: [Finalize Marking, 0.0001058 secs] 1.265: [GC ref-proc, 0.0000672 secs] 1.265: [Unloading, 0.0025994 secs], 0.0028910 secs]
 [Times: user=0.01 sys=0.00, real=0.00 secs] 
1.268: [GC cleanup 9359K->8335K(100M), 0.0001769 secs]
 [Times: user=0.00 sys=0.00, real=0.00 secs] 
1.268: [GC concurrent-cleanup-start]
1.268: [GC concurrent-cleanup-end, 0.0000066 secs]
1.516: [GC pause (G1 Evacuation Pause) (young) (initial-mark), 0.0081130 secs]
   [Parallel Time: 7.2 ms, GC Workers: 4]
      [GC Worker Start (ms): Min: 1516.4, Avg: 1516.4, Max: 1516.4, Diff: 0.0]
      [Ext Root Scanning (ms): Min: 1.5, Avg: 1.7, Max: 1.8, Diff: 0.3, Sum: 6.7]
      [Update RS (ms): Min: 0.0, Avg: 0.1, Max: 0.3, Diff: 0.3, Sum: 0.6]
         [Processed Buffers: Min: 1, Avg: 1.5, Max: 2, Diff: 1, Sum: 6]
      [Scan RS (ms): Min: 0.0, Avg: 0.1, Max: 0.4, Diff: 0.3, Sum: 0.6]
      [Code Root Scanning (ms): Min: 0.0, Avg: 0.2, Max: 0.4, Diff: 0.4, Sum: 0.9]
      [Object Copy (ms): Min: 4.6, Avg: 4.9, Max: 5.2, Diff: 0.6, Sum: 19.4]
      [Termination (ms): Min: 0.0, Avg: 0.0, Max: 0.0, Diff: 0.0, Sum: 0.0]
         [Termination Attempts: Min: 1, Avg: 1.8, Max: 3, Diff: 2, Sum: 7]
      [GC Worker Other (ms): Min: 0.0, Avg: 0.0, Max: 0.0, Diff: 0.0, Sum: 0.0]
      [GC Worker Total (ms): Min: 7.1, Avg: 7.1, Max: 7.1, Diff: 0.0, Sum: 28.3]
      [GC Worker End (ms): Min: 1523.5, Avg: 1523.5, Max: 1523.5, Diff: 0.0]
   [Code Root Fixup: 0.2 ms]
   [Code Root Purge: 0.0 ms]
   [Clear CT: 0.1 ms]
   [Other: 0.7 ms]
      [Choose CSet: 0.0 ms]
      [Ref Proc: 0.5 ms]
      [Ref Enq: 0.0 ms]
      [Redirty Cards: 0.0 ms]
      [Humongous Register: 0.0 ms]
      [Humongous Reclaim: 0.0 ms]
      [Free CSet: 0.1 ms]
   [Eden: 55.0M(55.0M)->0.0B(52.0M) Survivors: 5120.0K->8192.0K Heap: 61.6M(100.0M)->9357.5K(100.0M)]
 [Times: user=0.03 sys=0.00, real=0.01 secs] 
1.525: [GC concurrent-root-region-scan-start]
1.533: [GC concurrent-root-region-scan-end, 0.0082900 secs]
1.533: [GC concurrent-mark-start]
1.536: [GC concurrent-mark-end, 0.0028569 secs]
1.536: [GC remark 1.536: [Finalize Marking, 0.0001752 secs] 1.536: [GC ref-proc, 0.0000689 secs] 1.536: [Unloading, 0.0033819 secs], 0.0037695 secs]
 [Times: user=0.01 sys=0.00, real=0.00 secs] 
1.540: [GC cleanup 10M->10M(100M), 0.0001975 secs]
 [Times: user=0.00 sys=0.00, real=0.00 secs] 
1.866: [GC pause (G1 Evacuation Pause) (young), 0.0080972 secs]
   [Parallel Time: 6.9 ms, GC Workers: 4]
      [GC Worker Start (ms): Min: 1865.7, Avg: 1865.8, Max: 1865.8, Diff: 0.0]
      [Ext Root Scanning (ms): Min: 0.2, Avg: 0.6, Max: 1.6, Diff: 1.5, Sum: 2.4]
      [Update RS (ms): Min: 0.0, Avg: 0.1, Max: 0.1, Diff: 0.1, Sum: 0.4]
         [Processed Buffers: Min: 0, Avg: 1.8, Max: 4, Diff: 4, Sum: 7]
      [Scan RS (ms): Min: 0.0, Avg: 0.0, Max: 0.0, Diff: 0.0, Sum: 0.0]
      [Code Root Scanning (ms): Min: 0.0, Avg: 0.3, Max: 0.7, Diff: 0.7, Sum: 1.2]
      [Object Copy (ms): Min: 5.2, Avg: 5.8, Max: 6.2, Diff: 1.0, Sum: 23.1]
      [Termination (ms): Min: 0.0, Avg: 0.0, Max: 0.0, Diff: 0.0, Sum: 0.0]
         [Termination Attempts: Min: 1, Avg: 1.0, Max: 1, Diff: 0, Sum: 4]
      [GC Worker Other (ms): Min: 0.0, Avg: 0.0, Max: 0.0, Diff: 0.0, Sum: 0.1]
      [GC Worker Total (ms): Min: 6.8, Avg: 6.8, Max: 6.8, Diff: 0.0, Sum: 27.2]
      [GC Worker End (ms): Min: 1872.5, Avg: 1872.6, Max: 1872.6, Diff: 0.0]
   [Code Root Fixup: 0.3 ms]
   [Code Root Purge: 0.0 ms]
   [Clear CT: 0.0 ms]
   [Other: 0.9 ms]
      [Choose CSet: 0.0 ms]
      [Ref Proc: 0.7 ms]
      [Ref Enq: 0.0 ms]
      [Redirty Cards: 0.0 ms]
      [Humongous Register: 0.0 ms]
      [Humongous Reclaim: 0.0 ms]
      [Free CSet: 0.1 ms]
   [Eden: 52.0M(52.0M)->0.0B(52.0M) Survivors: 8192.0K->8192.0K Heap: 61.1M(100.0M)->10.7M(100.0M)]
 [Times: user=0.02 sys=0.00, real=0.01 secs] 
2.201: [GC pause (G1 Evacuation Pause) (young), 0.0171393 secs]
   [Parallel Time: 15.6 ms, GC Workers: 4]
      [GC Worker Start (ms): Min: 2200.9, Avg: 2201.7, Max: 2203.8, Diff: 2.8]
      [Ext Root Scanning (ms): Min: 0.0, Avg: 1.0, Max: 2.1, Diff: 2.1, Sum: 4.0]
      [Update RS (ms): Min: 0.0, Avg: 0.5, Max: 1.2, Diff: 1.2, Sum: 1.9]
         [Processed Buffers: Min: 0, Avg: 2.5, Max: 6, Diff: 6, Sum: 10]
      [Scan RS (ms): Min: 0.0, Avg: 0.2, Max: 0.3, Diff: 0.2, Sum: 0.7]
      [Code Root Scanning (ms): Min: 0.0, Avg: 0.6, Max: 1.7, Diff: 1.7, Sum: 2.3]
      [Object Copy (ms): Min: 8.1, Avg: 9.7, Max: 12.5, Diff: 4.5, Sum: 38.8]
      [Termination (ms): Min: 0.0, Avg: 2.1, Max: 3.5, Diff: 3.5, Sum: 8.6]
         [Termination Attempts: Min: 1, Avg: 1.8, Max: 3, Diff: 2, Sum: 7]
      [GC Worker Other (ms): Min: 0.0, Avg: 0.0, Max: 0.0, Diff: 0.0, Sum: 0.0]
      [GC Worker Total (ms): Min: 11.8, Avg: 14.1, Max: 15.5, Diff: 3.8, Sum: 56.3]
      [GC Worker End (ms): Min: 2215.4, Avg: 2215.7, Max: 2216.5, Diff: 1.1]
   [Code Root Fixup: 0.5 ms]
   [Code Root Purge: 0.0 ms]
   [Clear CT: 0.0 ms]
   [Other: 1.1 ms]
      [Choose CSet: 0.0 ms]
      [Ref Proc: 0.9 ms]
      [Ref Enq: 0.0 ms]
      [Redirty Cards: 0.0 ms]
      [Humongous Register: 0.0 ms]
      [Humongous Reclaim: 0.0 ms]
      [Free CSet: 0.1 ms]
   [Eden: 52.0M(52.0M)->0.0B(54.0M) Survivors: 8192.0K->6144.0K Heap: 62.7M(100.0M)->10.7M(100.0M)]
 [Times: user=0.03 sys=0.00, real=0.02 secs] 
2.540: [GC pause (G1 Evacuation Pause) (young), 0.0160149 secs]
   [Parallel Time: 14.0 ms, GC Workers: 4]
      [GC Worker Start (ms): Min: 2540.9, Avg: 2541.5, Max: 2542.3, Diff: 1.3]
      [Ext Root Scanning (ms): Min: 0.1, Avg: 1.0, Max: 2.6, Diff: 2.5, Sum: 4.0]
      [Update RS (ms): Min: 0.0, Avg: 0.8, Max: 1.1, Diff: 1.1, Sum: 3.1]
         [Processed Buffers: Min: 1, Avg: 2.8, Max: 5, Diff: 4, Sum: 11]
      [Scan RS (ms): Min: 0.0, Avg: 0.2, Max: 0.3, Diff: 0.2, Sum: 0.7]
      [Code Root Scanning (ms): Min: 0.0, Avg: 0.4, Max: 0.7, Diff: 0.7, Sum: 1.7]
      [Object Copy (ms): Min: 7.3, Avg: 7.6, Max: 7.8, Diff: 0.5, Sum: 30.4]
      [Termination (ms): Min: 0.0, Avg: 2.6, Max: 3.5, Diff: 3.5, Sum: 10.5]
         [Termination Attempts: Min: 1, Avg: 1.0, Max: 1, Diff: 0, Sum: 4]
      [GC Worker Other (ms): Min: 0.0, Avg: 0.0, Max: 0.0, Diff: 0.0, Sum: 0.0]
      [GC Worker Total (ms): Min: 10.6, Avg: 12.6, Max: 13.9, Diff: 3.4, Sum: 50.5]
      [GC Worker End (ms): Min: 2551.9, Avg: 2554.1, Max: 2554.9, Diff: 3.0]
   [Code Root Fixup: 0.3 ms]
   [Code Root Purge: 0.0 ms]
   [Clear CT: 0.1 ms]
   [Other: 1.7 ms]
      [Choose CSet: 0.0 ms]
      [Ref Proc: 1.0 ms]
      [Ref Enq: 0.0 ms]
      [Redirty Cards: 0.1 ms]
      [Humongous Register: 0.0 ms]
      [Humongous Reclaim: 0.0 ms]
      [Free CSet: 0.1 ms]
   [Eden: 54.0M(54.0M)->0.0B(52.0M) Survivors: 6144.0K->8192.0K Heap: 64.7M(100.0M)->17.8M(100.0M)]
 [Times: user=0.04 sys=0.01, real=0.02 secs] 
2.883: [GC pause (G1 Evacuation Pause) (young), 0.0163507 secs]
   [Parallel Time: 13.5 ms, GC Workers: 4]
      [GC Worker Start (ms): Min: 2882.6, Avg: 2882.7, Max: 2882.7, Diff: 0.0]
      [Ext Root Scanning (ms): Min: 0.5, Avg: 1.0, Max: 2.2, Diff: 1.7, Sum: 4.1]
      [Update RS (ms): Min: 1.8, Avg: 1.9, Max: 2.2, Diff: 0.4, Sum: 7.8]
         [Processed Buffers: Min: 1, Avg: 4.2, Max: 10, Diff: 9, Sum: 17]
      [Scan RS (ms): Min: 0.0, Avg: 0.7, Max: 1.1, Diff: 1.1, Sum: 2.7]
      [Code Root Scanning (ms): Min: 0.0, Avg: 0.4, Max: 1.0, Diff: 1.0, Sum: 1.4]
      [Object Copy (ms): Min: 8.5, Avg: 9.0, Max: 9.7, Diff: 1.2, Sum: 35.9]
      [Termination (ms): Min: 0.0, Avg: 0.4, Max: 0.6, Diff: 0.6, Sum: 1.7]
         [Termination Attempts: Min: 1, Avg: 1.0, Max: 1, Diff: 0, Sum: 4]
      [GC Worker Other (ms): Min: 0.0, Avg: 0.0, Max: 0.0, Diff: 0.0, Sum: 0.0]
      [GC Worker Total (ms): Min: 13.4, Avg: 13.4, Max: 13.4, Diff: 0.1, Sum: 53.7]
      [GC Worker End (ms): Min: 2896.1, Avg: 2896.1, Max: 2896.1, Diff: 0.0]
   [Code Root Fixup: 0.1 ms]
   [Code Root Purge: 0.0 ms]
   [Clear CT: 0.2 ms]
   [Other: 2.6 ms]
      [Choose CSet: 0.0 ms]
      [Ref Proc: 2.2 ms]
      [Ref Enq: 0.0 ms]
      [Redirty Cards: 0.1 ms]
      [Humongous Register: 0.0 ms]
      [Humongous Reclaim: 0.0 ms]
      [Free CSet: 0.1 ms]
   [Eden: 52.0M(52.0M)->0.0B(56.0M) Survivors: 8192.0K->4096.0K Heap: 69.8M(100.0M)->22.5M(100.0M)]
 [Times: user=0.05 sys=0.01, real=0.02 secs] 
3.144: [GC pause (G1 Evacuation Pause) (young), 0.0052676 secs]
   [Parallel Time: 4.8 ms, GC Workers: 4]
      [GC Worker Start (ms): Min: 3144.4, Avg: 3144.5, Max: 3144.7, Diff: 0.3]
      [Ext Root Scanning (ms): Min: 0.8, Avg: 1.0, Max: 1.6, Diff: 0.7, Sum: 4.2]
      [Update RS (ms): Min: 0.5, Avg: 1.2, Max: 1.5, Diff: 1.0, Sum: 4.8]
         [Processed Buffers: Min: 1, Avg: 4.5, Max: 8, Diff: 7, Sum: 18]
      [Scan RS (ms): Min: 0.3, Avg: 0.4, Max: 0.4, Diff: 0.1, Sum: 1.5]
      [Code Root Scanning (ms): Min: 0.0, Avg: 0.0, Max: 0.0, Diff: 0.0, Sum: 0.1]
      [Object Copy (ms): Min: 1.9, Avg: 2.0, Max: 2.1, Diff: 0.1, Sum: 8.0]
      [Termination (ms): Min: 0.0, Avg: 0.0, Max: 0.0, Diff: 0.0, Sum: 0.0]
         [Termination Attempts: Min: 1, Avg: 1.0, Max: 1, Diff: 0, Sum: 4]
      [GC Worker Other (ms): Min: 0.0, Avg: 0.0, Max: 0.0, Diff: 0.0, Sum: 0.0]
      [GC Worker Total (ms): Min: 4.4, Avg: 4.7, Max: 4.7, Diff: 0.3, Sum: 18.6]
      [GC Worker End (ms): Min: 3149.1, Avg: 3149.1, Max: 3149.1, Diff: 0.0]
   [Code Root Fixup: 0.0 ms]
   [Code Root Purge: 0.0 ms]
   [Clear CT: 0.1 ms]
   [Other: 0.4 ms]
      [Choose CSet: 0.0 ms]
      [Ref Proc: 0.3 ms]
      [Ref Enq: 0.0 ms]
      [Redirty Cards: 0.0 ms]
      [Humongous Register: 0.0 ms]
      [Humongous Reclaim: 0.0 ms]
      [Free CSet: 0.0 ms]
   [Eden: 56.0M(56.0M)->0.0B(56.0M) Survivors: 4096.0K->4096.0K Heap: 78.5M(100.0M)->22.5M(100.0M)]
 [Times: user=0.01 sys=0.00, real=0.00 secs] 
3.342: [GC pause (G1 Evacuation Pause) (young), 0.0064074 secs]
   [Parallel Time: 5.8 ms, GC Workers: 4]
      [GC Worker Start (ms): Min: 3342.0, Avg: 3342.0, Max: 3342.0, Diff: 0.0]
      [Ext Root Scanning (ms): Min: 0.3, Avg: 0.5, Max: 0.8, Diff: 0.6, Sum: 1.8]
      [Update RS (ms): Min: 0.9, Avg: 1.3, Max: 1.7, Diff: 0.7, Sum: 5.3]
         [Processed Buffers: Min: 2, Avg: 3.2, Max: 5, Diff: 3, Sum: 13]
      [Scan RS (ms): Min: 0.0, Avg: 0.0, Max: 0.0, Diff: 0.0, Sum: 0.1]
      [Code Root Scanning (ms): Min: 0.0, Avg: 0.0, Max: 0.2, Diff: 0.2, Sum: 0.2]
      [Object Copy (ms): Min: 3.8, Avg: 3.9, Max: 4.0, Diff: 0.2, Sum: 15.6]
      [Termination (ms): Min: 0.0, Avg: 0.0, Max: 0.0, Diff: 0.0, Sum: 0.0]
         [Termination Attempts: Min: 1, Avg: 1.0, Max: 1, Diff: 0, Sum: 4]
      [GC Worker Other (ms): Min: 0.0, Avg: 0.0, Max: 0.0, Diff: 0.0, Sum: 0.0]
      [GC Worker Total (ms): Min: 5.8, Avg: 5.8, Max: 5.8, Diff: 0.0, Sum: 23.1]
      [GC Worker End (ms): Min: 3347.8, Avg: 3347.8, Max: 3347.8, Diff: 0.0]
   [Code Root Fixup: 0.1 ms]
   [Code Root Purge: 0.0 ms]
   [Clear CT: 0.0 ms]
   [Other: 0.5 ms]
      [Choose CSet: 0.0 ms]
      [Ref Proc: 0.3 ms]
      [Ref Enq: 0.0 ms]
      [Redirty Cards: 0.1 ms]
      [Humongous Register: 0.0 ms]
      [Humongous Reclaim: 0.0 ms]
      [Free CSet: 0.0 ms]
   [Eden: 56.0M(56.0M)->0.0B(54.0M) Survivors: 4096.0K->6144.0K Heap: 78.5M(100.0M)->24.5M(100.0M)]
 [Times: user=0.03 sys=0.00, real=0.01 secs] 
3.504: [GC pause (G1 Evacuation Pause) (young), 0.0069754 secs]
   [Parallel Time: 6.4 ms, GC Workers: 4]
      [GC Worker Start (ms): Min: 3504.1, Avg: 3504.1, Max: 3504.2, Diff: 0.1]
      [Ext Root Scanning (ms): Min: 0.2, Avg: 0.6, Max: 1.6, Diff: 1.3, Sum: 2.5]
      [Update RS (ms): Min: 0.2, Avg: 1.1, Max: 1.5, Diff: 1.3, Sum: 4.3]
         [Processed Buffers: Min: 2, Avg: 4.0, Max: 6, Diff: 4, Sum: 16]
      [Scan RS (ms): Min: 0.0, Avg: 0.0, Max: 0.0, Diff: 0.0, Sum: 0.0]
      [Code Root Scanning (ms): Min: 0.0, Avg: 0.0, Max: 0.1, Diff: 0.1, Sum: 0.2]
      [Object Copy (ms): Min: 4.2, Avg: 4.3, Max: 4.4, Diff: 0.2, Sum: 17.3]
      [Termination (ms): Min: 0.0, Avg: 0.0, Max: 0.0, Diff: 0.0, Sum: 0.0]
         [Termination Attempts: Min: 1, Avg: 1.2, Max: 2, Diff: 1, Sum: 5]
      [GC Worker Other (ms): Min: 0.0, Avg: 0.0, Max: 0.0, Diff: 0.0, Sum: 0.0]
      [GC Worker Total (ms): Min: 6.1, Avg: 6.1, Max: 6.1, Diff: 0.0, Sum: 24.4]
      [GC Worker End (ms): Min: 3510.2, Avg: 3510.2, Max: 3510.2, Diff: 0.0]
   [Code Root Fixup: 0.1 ms]
   [Code Root Purge: 0.0 ms]
   [Clear CT: 0.1 ms]
   [Other: 0.5 ms]
      [Choose CSet: 0.0 ms]
      [Ref Proc: 0.4 ms]
      [Ref Enq: 0.0 ms]
      [Redirty Cards: 0.0 ms]
      [Humongous Register: 0.0 ms]
      [Humongous Reclaim: 0.0 ms]
      [Free CSet: 0.0 ms]
   [Eden: 54.0M(54.0M)->0.0B(55.0M) Survivors: 6144.0K->5120.0K Heap: 78.5M(100.0M)->25.0M(100.0M)]
 [Times: user=0.03 sys=0.00, real=0.00 secs] 
14.837: [GC pause (G1 Evacuation Pause) (young), 0.0105582 secs]
   [Parallel Time: 9.7 ms, GC Workers: 4]
      [GC Worker Start (ms): Min: 14837.1, Avg: 14837.8, Max: 14838.4, Diff: 1.3]
      [Ext Root Scanning (ms): Min: 1.4, Avg: 2.1, Max: 2.7, Diff: 1.3, Sum: 8.2]
      [Update RS (ms): Min: 1.4, Avg: 1.5, Max: 1.6, Diff: 0.2, Sum: 6.1]
         [Processed Buffers: Min: 4, Avg: 11.2, Max: 24, Diff: 20, Sum: 45]
      [Scan RS (ms): Min: 0.2, Avg: 0.2, Max: 0.3, Diff: 0.1, Sum: 0.8]
      [Code Root Scanning (ms): Min: 0.0, Avg: 0.0, Max: 0.1, Diff: 0.1, Sum: 0.2]
      [Object Copy (ms): Min: 4.7, Avg: 4.8, Max: 5.1, Diff: 0.5, Sum: 19.3]
      [Termination (ms): Min: 0.0, Avg: 0.4, Max: 0.6, Diff: 0.6, Sum: 1.6]
         [Termination Attempts: Min: 1, Avg: 1.5, Max: 2, Diff: 1, Sum: 6]
      [GC Worker Other (ms): Min: 0.0, Avg: 0.0, Max: 0.0, Diff: 0.0, Sum: 0.1]
      [GC Worker Total (ms): Min: 8.4, Avg: 9.1, Max: 9.7, Diff: 1.3, Sum: 36.3]
      [GC Worker End (ms): Min: 14846.8, Avg: 14846.8, Max: 14846.9, Diff: 0.0]
   [Code Root Fixup: 0.0 ms]
   [Code Root Purge: 0.0 ms]
   [Clear CT: 0.1 ms]
   [Other: 0.7 ms]
      [Choose CSet: 0.0 ms]
      [Ref Proc: 0.5 ms]
      [Ref Enq: 0.0 ms]
      [Redirty Cards: 0.1 ms]
      [Humongous Register: 0.0 ms]
      [Humongous Reclaim: 0.0 ms]
      [Free CSet: 0.0 ms]
   [Eden: 55.0M(55.0M)->0.0B(50.0M) Survivors: 5120.0K->8192.0K Heap: 80.0M(100.0M)->31.5M(100.0M)]
 [Times: user=0.03 sys=0.00, real=0.01 secs] 
15.204: [GC pause (G1 Evacuation Pause) (young), 0.0214428 secs]
   [Parallel Time: 20.1 ms, GC Workers: 4]
      [GC Worker Start (ms): Min: 15204.5, Avg: 15204.5, Max: 15204.6, Diff: 0.0]
      [Ext Root Scanning (ms): Min: 3.8, Avg: 4.3, Max: 5.7, Diff: 1.9, Sum: 17.1]
      [Update RS (ms): Min: 0.1, Avg: 1.3, Max: 1.7, Diff: 1.6, Sum: 5.2]
         [Processed Buffers: Min: 10, Avg: 15.0, Max: 20, Diff: 10, Sum: 60]
      [Scan RS (ms): Min: 0.0, Avg: 0.1, Max: 0.2, Diff: 0.1, Sum: 0.4]
      [Code Root Scanning (ms): Min: 0.0, Avg: 0.1, Max: 0.3, Diff: 0.3, Sum: 0.4]
      [Object Copy (ms): Min: 13.0, Avg: 13.3, Max: 13.9, Diff: 0.9, Sum: 53.3]
      [Termination (ms): Min: 0.0, Avg: 0.7, Max: 1.1, Diff: 1.1, Sum: 2.7]
         [Termination Attempts: Min: 1, Avg: 1.0, Max: 1, Diff: 0, Sum: 4]
      [GC Worker Other (ms): Min: 0.0, Avg: 0.0, Max: 0.0, Diff: 0.0, Sum: 0.0]
      [GC Worker Total (ms): Min: 19.5, Avg: 19.8, Max: 20.0, Diff: 0.5, Sum: 79.1]
      [GC Worker End (ms): Min: 15224.0, Avg: 15224.3, Max: 15224.6, Diff: 0.6]
   [Code Root Fixup: 0.1 ms]
   [Code Root Purge: 0.0 ms]
   [Clear CT: 0.1 ms]
   [Other: 1.2 ms]
      [Choose CSet: 0.0 ms]
      [Ref Proc: 0.9 ms]
      [Ref Enq: 0.0 ms]
      [Redirty Cards: 0.1 ms]
      [Humongous Register: 0.0 ms]
      [Humongous Reclaim: 0.0 ms]
      [Free CSet: 0.0 ms]
   [Eden: 50.0M(50.0M)->0.0B(43.0M) Survivors: 8192.0K->7168.0K Heap: 81.5M(100.0M)->39.0M(100.0M)]
 [Times: user=0.04 sys=0.01, real=0.02 secs] 
15.668: [GC pause (G1 Evacuation Pause) (young), 0.0096505 secs]
   [Parallel Time: 9.0 ms, GC Workers: 4]
      [GC Worker Start (ms): Min: 15668.0, Avg: 15668.1, Max: 15668.1, Diff: 0.1]
      [Ext Root Scanning (ms): Min: 3.2, Avg: 4.1, Max: 5.6, Diff: 2.4, Sum: 16.6]
      [Update RS (ms): Min: 0.5, Avg: 2.2, Max: 3.2, Diff: 2.7, Sum: 8.9]
         [Processed Buffers: Min: 19, Avg: 30.0, Max: 45, Diff: 26, Sum: 120]
      [Scan RS (ms): Min: 0.3, Avg: 0.3, Max: 0.3, Diff: 0.0, Sum: 1.1]
      [Code Root Scanning (ms): Min: 0.0, Avg: 0.0, Max: 0.0, Diff: 0.0, Sum: 0.1]
      [Object Copy (ms): Min: 1.6, Avg: 1.8, Max: 1.9, Diff: 0.4, Sum: 7.0]
      [Termination (ms): Min: 0.0, Avg: 0.4, Max: 0.6, Diff: 0.5, Sum: 1.6]
         [Termination Attempts: Min: 1, Avg: 1.0, Max: 1, Diff: 0, Sum: 4]
      [GC Worker Other (ms): Min: 0.0, Avg: 0.0, Max: 0.0, Diff: 0.0, Sum: 0.0]
      [GC Worker Total (ms): Min: 8.8, Avg: 8.8, Max: 8.9, Diff: 0.1, Sum: 35.3]
      [GC Worker End (ms): Min: 15676.9, Avg: 15676.9, Max: 15676.9, Diff: 0.0]
   [Code Root Fixup: 0.0 ms]
   [Code Root Purge: 0.0 ms]
   [Clear CT: 0.0 ms]
   [Other: 0.6 ms]
      [Choose CSet: 0.0 ms]
      [Ref Proc: 0.4 ms]
      [Ref Enq: 0.0 ms]
      [Redirty Cards: 0.0 ms]
      [Humongous Register: 0.0 ms]
      [Humongous Reclaim: 0.0 ms]
      [Free CSet: 0.0 ms]
   [Eden: 43.0M(43.0M)->0.0B(45.0M) Survivors: 7168.0K->2048.0K Heap: 82.0M(100.0M)->40.0M(100.0M)]
 [Times: user=0.03 sys=0.00, real=0.01 secs] 
16.034: [GC pause (G1 Evacuation Pause) (young), 0.0067368 secs]
   [Parallel Time: 5.8 ms, GC Workers: 4]
      [GC Worker Start (ms): Min: 16033.7, Avg: 16034.1, Max: 16034.5, Diff: 0.8]
      [Ext Root Scanning (ms): Min: 2.2, Avg: 3.2, Max: 5.3, Diff: 3.0, Sum: 13.0]
      [Update RS (ms): Min: 0.0, Avg: 1.3, Max: 1.7, Diff: 1.7, Sum: 5.1]
         [Processed Buffers: Min: 0, Avg: 21.0, Max: 39, Diff: 39, Sum: 84]
      [Scan RS (ms): Min: 0.0, Avg: 0.0, Max: 0.0, Diff: 0.0, Sum: 0.0]
      [Code Root Scanning (ms): Min: 0.0, Avg: 0.0, Max: 0.0, Diff: 0.0, Sum: 0.0]
      [Object Copy (ms): Min: 0.1, Avg: 0.3, Max: 0.4, Diff: 0.3, Sum: 1.3]
      [Termination (ms): Min: 0.0, Avg: 0.4, Max: 0.6, Diff: 0.6, Sum: 1.7]
         [Termination Attempts: Min: 1, Avg: 1.0, Max: 1, Diff: 0, Sum: 4]
      [GC Worker Other (ms): Min: 0.0, Avg: 0.1, Max: 0.3, Diff: 0.3, Sum: 0.3]
      [GC Worker Total (ms): Min: 4.9, Avg: 5.3, Max: 5.7, Diff: 0.8, Sum: 21.4]
      [GC Worker End (ms): Min: 16039.4, Avg: 16039.4, Max: 16039.4, Diff: 0.0]
   [Code Root Fixup: 0.0 ms]
   [Code Root Purge: 0.0 ms]
   [Clear CT: 0.0 ms]
   [Other: 0.9 ms]
      [Choose CSet: 0.0 ms]
      [Ref Proc: 0.6 ms]
      [Ref Enq: 0.0 ms]
      [Redirty Cards: 0.0 ms]
      [Humongous Register: 0.0 ms]
      [Humongous Reclaim: 0.0 ms]
      [Free CSet: 0.0 ms]
   [Eden: 45.0M(45.0M)->0.0B(45.0M) Survivors: 2048.0K->3072.0K Heap: 85.0M(100.0M)->40.4M(100.0M)]
 [Times: user=0.02 sys=0.00, real=0.01 secs] 
16.458: [GC pause (G1 Evacuation Pause) (young), 0.0062808 secs]
   [Parallel Time: 5.7 ms, GC Workers: 4]
      [GC Worker Start (ms): Min: 16458.9, Avg: 16459.2, Max: 16459.7, Diff: 0.8]
      [Ext Root Scanning (ms): Min: 3.5, Avg: 3.9, Max: 4.2, Diff: 0.7, Sum: 15.7]
      [Update RS (ms): Min: 0.7, Avg: 0.7, Max: 0.7, Diff: 0.0, Sum: 2.8]
         [Processed Buffers: Min: 14, Avg: 21.5, Max: 28, Diff: 14, Sum: 86]
      [Scan RS (ms): Min: 0.0, Avg: 0.0, Max: 0.0, Diff: 0.0, Sum: 0.0]
      [Code Root Scanning (ms): Min: 0.0, Avg: 0.0, Max: 0.0, Diff: 0.0, Sum: 0.0]
      [Object Copy (ms): Min: 0.6, Avg: 0.7, Max: 0.8, Diff: 0.2, Sum: 2.7]
      [Termination (ms): Min: 0.0, Avg: 0.0, Max: 0.0, Diff: 0.0, Sum: 0.0]
         [Termination Attempts: Min: 1, Avg: 1.8, Max: 3, Diff: 2, Sum: 7]
      [GC Worker Other (ms): Min: 0.0, Avg: 0.0, Max: 0.0, Diff: 0.0, Sum: 0.1]
      [GC Worker Total (ms): Min: 4.8, Avg: 5.3, Max: 5.6, Diff: 0.8, Sum: 21.3]
      [GC Worker End (ms): Min: 16464.5, Avg: 16464.5, Max: 16464.5, Diff: 0.0]
   [Code Root Fixup: 0.0 ms]
   [Code Root Purge: 0.0 ms]
   [Clear CT: 0.0 ms]
   [Other: 0.5 ms]
      [Choose CSet: 0.0 ms]
      [Ref Proc: 0.1 ms]
      [Ref Enq: 0.0 ms]
      [Redirty Cards: 0.0 ms]
      [Humongous Register: 0.0 ms]
      [Humongous Reclaim: 0.0 ms]
      [Free CSet: 0.0 ms]
   [Eden: 45.0M(45.0M)->0.0B(48.0M) Survivors: 3072.0K->1024.0K Heap: 85.4M(100.0M)->38.9M(100.0M)]
 [Times: user=0.01 sys=0.00, real=0.01 secs] 
16.879: [GC pause (G1 Evacuation Pause) (young), 0.0068687 secs]
   [Parallel Time: 5.8 ms, GC Workers: 4]
      [GC Worker Start (ms): Min: 16879.5, Avg: 16880.8, Max: 16881.5, Diff: 2.0]
      [Ext Root Scanning (ms): Min: 1.9, Avg: 2.6, Max: 3.8, Diff: 1.9, Sum: 10.4]
      [Update RS (ms): Min: 1.3, Avg: 1.3, Max: 1.3, Diff: 0.0, Sum: 5.3]
         [Processed Buffers: Min: 22, Avg: 26.5, Max: 36, Diff: 14, Sum: 106]
      [Scan RS (ms): Min: 0.0, Avg: 0.0, Max: 0.0, Diff: 0.0, Sum: 0.0]
      [Code Root Scanning (ms): Min: 0.0, Avg: 0.0, Max: 0.0, Diff: 0.0, Sum: 0.0]
      [Object Copy (ms): Min: 0.5, Avg: 0.6, Max: 0.7, Diff: 0.2, Sum: 2.4]
      [Termination (ms): Min: 0.0, Avg: 0.0, Max: 0.0, Diff: 0.0, Sum: 0.0]
         [Termination Attempts: Min: 1, Avg: 1.0, Max: 1, Diff: 0, Sum: 4]
      [GC Worker Other (ms): Min: 0.0, Avg: 0.0, Max: 0.0, Diff: 0.0, Sum: 0.0]
      [GC Worker Total (ms): Min: 3.8, Avg: 4.5, Max: 5.8, Diff: 2.0, Sum: 18.2]
      [GC Worker End (ms): Min: 16885.3, Avg: 16885.3, Max: 16885.3, Diff: 0.0]
   [Code Root Fixup: 0.0 ms]
   [Code Root Purge: 0.0 ms]
   [Clear CT: 0.0 ms]
   [Other: 1.0 ms]
      [Choose CSet: 0.0 ms]
      [Ref Proc: 0.8 ms]
      [Ref Enq: 0.0 ms]
      [Redirty Cards: 0.0 ms]
      [Humongous Register: 0.0 ms]
      [Humongous Reclaim: 0.0 ms]
      [Free CSet: 0.0 ms]
   [Eden: 48.0M(48.0M)->0.0B(48.0M) Survivors: 1024.0K->1024.0K Heap: 86.9M(100.0M)->38.7M(100.0M)]
 [Times: user=0.02 sys=0.00, real=0.01 secs] 
17.351: [GC pause (G1 Evacuation Pause) (young), 0.0081196 secs]
   [Parallel Time: 6.7 ms, GC Workers: 4]
      [GC Worker Start (ms): Min: 17351.5, Avg: 17351.9, Max: 17352.0, Diff: 0.5]
      [Ext Root Scanning (ms): Min: 3.4, Avg: 4.1, Max: 5.7, Diff: 2.2, Sum: 16.6]
      [Update RS (ms): Min: 0.0, Avg: 0.7, Max: 0.9, Diff: 0.9, Sum: 2.7]
         [Processed Buffers: Min: 0, Avg: 27.0, Max: 37, Diff: 37, Sum: 108]
      [Scan RS (ms): Min: 0.0, Avg: 0.0, Max: 0.0, Diff: 0.0, Sum: 0.0]
      [Code Root Scanning (ms): Min: 0.0, Avg: 0.0, Max: 0.0, Diff: 0.0, Sum: 0.0]
      [Object Copy (ms): Min: 0.0, Avg: 0.6, Max: 0.9, Diff: 0.8, Sum: 2.3]
      [Termination (ms): Min: 0.0, Avg: 0.7, Max: 1.0, Diff: 1.0, Sum: 2.9]
         [Termination Attempts: Min: 1, Avg: 1.0, Max: 1, Diff: 0, Sum: 4]
      [GC Worker Other (ms): Min: 0.0, Avg: 0.0, Max: 0.0, Diff: 0.0, Sum: 0.0]
      [GC Worker Total (ms): Min: 5.7, Avg: 6.1, Max: 6.6, Diff: 0.9, Sum: 24.5]
      [GC Worker End (ms): Min: 17357.7, Avg: 17358.0, Max: 17358.1, Diff: 0.4]
   [Code Root Fixup: 0.1 ms]
   [Code Root Purge: 0.0 ms]
   [Clear CT: 0.2 ms]
   [Other: 1.2 ms]
      [Choose CSet: 0.0 ms]
      [Ref Proc: 0.8 ms]
      [Ref Enq: 0.0 ms]
      [Redirty Cards: 0.1 ms]
      [Humongous Register: 0.0 ms]
      [Humongous Reclaim: 0.0 ms]
      [Free CSet: 0.1 ms]
   [Eden: 48.0M(48.0M)->0.0B(49.0M) Survivors: 1024.0K->1024.0K Heap: 86.7M(100.0M)->38.9M(100.0M)]
 [Times: user=0.02 sys=0.00, real=0.01 secs] 
17.805: [GC pause (G1 Evacuation Pause) (young), 0.0075016 secs]
   [Parallel Time: 6.7 ms, GC Workers: 4]
      [GC Worker Start (ms): Min: 17805.0, Avg: 17805.5, Max: 17805.7, Diff: 0.7]
      [Ext Root Scanning (ms): Min: 3.3, Avg: 4.4, Max: 5.8, Diff: 2.5, Sum: 17.6]
      [Update RS (ms): Min: 0.0, Avg: 0.7, Max: 1.2, Diff: 1.2, Sum: 2.9]
         [Processed Buffers: Min: 0, Avg: 26.2, Max: 51, Diff: 51, Sum: 105]
      [Scan RS (ms): Min: 0.0, Avg: 0.0, Max: 0.0, Diff: 0.0, Sum: 0.0]
      [Code Root Scanning (ms): Min: 0.0, Avg: 0.0, Max: 0.0, Diff: 0.0, Sum: 0.0]
      [Object Copy (ms): Min: 0.0, Avg: 0.5, Max: 0.9, Diff: 0.9, Sum: 2.2]
      [Termination (ms): Min: 0.0, Avg: 0.4, Max: 0.6, Diff: 0.6, Sum: 1.8]
         [Termination Attempts: Min: 1, Avg: 1.5, Max: 2, Diff: 1, Sum: 6]
      [GC Worker Other (ms): Min: 0.0, Avg: 0.0, Max: 0.0, Diff: 0.0, Sum: 0.0]
      [GC Worker Total (ms): Min: 5.9, Avg: 6.1, Max: 6.5, Diff: 0.7, Sum: 24.5]
      [GC Worker End (ms): Min: 17811.6, Avg: 17811.6, Max: 17811.6, Diff: 0.0]
   [Code Root Fixup: 0.0 ms]
   [Code Root Purge: 0.0 ms]
   [Clear CT: 0.0 ms]
   [Other: 0.8 ms]
      [Choose CSet: 0.0 ms]
      [Ref Proc: 0.4 ms]
      [Ref Enq: 0.0 ms]
      [Redirty Cards: 0.0 ms]
      [Humongous Register: 0.0 ms]
      [Humongous Reclaim: 0.0 ms]
      [Free CSet: 0.0 ms]
   [Eden: 49.0M(49.0M)->0.0B(48.0M) Survivors: 1024.0K->2048.0K Heap: 87.9M(100.0M)->39.2M(100.0M)]
 [Times: user=0.02 sys=0.00, real=0.00 secs] 
18.176: [GC pause (G1 Evacuation Pause) (young), 0.0061009 secs]
   [Parallel Time: 5.2 ms, GC Workers: 4]
      [GC Worker Start (ms): Min: 18176.2, Avg: 18176.2, Max: 18176.2, Diff: 0.0]
      [Ext Root Scanning (ms): Min: 2.7, Avg: 3.3, Max: 5.1, Diff: 2.4, Sum: 13.3]
      [Update RS (ms): Min: 0.0, Avg: 0.7, Max: 1.0, Diff: 1.0, Sum: 2.9]
         [Processed Buffers: Min: 0, Avg: 26.0, Max: 48, Diff: 48, Sum: 104]
      [Scan RS (ms): Min: 0.0, Avg: 0.0, Max: 0.0, Diff: 0.0, Sum: 0.0]
      [Code Root Scanning (ms): Min: 0.0, Avg: 0.0, Max: 0.0, Diff: 0.0, Sum: 0.0]
      [Object Copy (ms): Min: 0.1, Avg: 0.7, Max: 0.9, Diff: 0.9, Sum: 2.7]
      [Termination (ms): Min: 0.0, Avg: 0.4, Max: 0.6, Diff: 0.6, Sum: 1.7]
         [Termination Attempts: Min: 1, Avg: 1.2, Max: 2, Diff: 1, Sum: 5]
      [GC Worker Other (ms): Min: 0.0, Avg: 0.0, Max: 0.0, Diff: 0.0, Sum: 0.0]
      [GC Worker Total (ms): Min: 5.1, Avg: 5.2, Max: 5.2, Diff: 0.0, Sum: 20.6]
      [GC Worker End (ms): Min: 18181.3, Avg: 18181.3, Max: 18181.3, Diff: 0.0]
   [Code Root Fixup: 0.0 ms]
   [Code Root Purge: 0.0 ms]
   [Clear CT: 0.0 ms]
   [Other: 0.8 ms]
      [Choose CSet: 0.0 ms]
      [Ref Proc: 0.6 ms]
      [Ref Enq: 0.0 ms]
      [Redirty Cards: 0.0 ms]
      [Humongous Register: 0.0 ms]
      [Humongous Reclaim: 0.0 ms]
      [Free CSet: 0.0 ms]
   [Eden: 48.0M(48.0M)->0.0B(48.0M) Survivors: 2048.0K->2048.0K Heap: 87.2M(100.0M)->39.3M(100.0M)]
 [Times: user=0.02 sys=0.00, real=0.00 secs] 
18.557: [GC pause (G1 Evacuation Pause) (young), 0.0050854 secs]
   [Parallel Time: 4.2 ms, GC Workers: 4]
      [GC Worker Start (ms): Min: 18557.3, Avg: 18557.3, Max: 18557.3, Diff: 0.0]
      [Ext Root Scanning (ms): Min: 1.6, Avg: 2.2, Max: 4.1, Diff: 2.5, Sum: 8.9]
      [Update RS (ms): Min: 0.0, Avg: 0.8, Max: 1.0, Diff: 1.0, Sum: 3.0]
         [Processed Buffers: Min: 0, Avg: 26.8, Max: 39, Diff: 39, Sum: 107]
      [Scan RS (ms): Min: 0.0, Avg: 0.0, Max: 0.0, Diff: 0.0, Sum: 0.0]
      [Code Root Scanning (ms): Min: 0.0, Avg: 0.0, Max: 0.1, Diff: 0.1, Sum: 0.1]
      [Object Copy (ms): Min: 0.0, Avg: 0.7, Max: 0.9, Diff: 0.9, Sum: 2.6]
      [Termination (ms): Min: 0.0, Avg: 0.4, Max: 0.6, Diff: 0.6, Sum: 1.8]
         [Termination Attempts: Min: 1, Avg: 1.2, Max: 2, Diff: 1, Sum: 5]
      [GC Worker Other (ms): Min: 0.0, Avg: 0.0, Max: 0.0, Diff: 0.0, Sum: 0.0]
      [GC Worker Total (ms): Min: 4.1, Avg: 4.1, Max: 4.1, Diff: 0.0, Sum: 16.4]
      [GC Worker End (ms): Min: 18561.4, Avg: 18561.4, Max: 18561.4, Diff: 0.0]
   [Code Root Fixup: 0.0 ms]
   [Code Root Purge: 0.0 ms]
   [Clear CT: 0.1 ms]
   [Other: 0.8 ms]
      [Choose CSet: 0.0 ms]
      [Ref Proc: 0.6 ms]
      [Ref Enq: 0.0 ms]
      [Redirty Cards: 0.0 ms]
      [Humongous Register: 0.0 ms]
      [Humongous Reclaim: 0.0 ms]
      [Free CSet: 0.0 ms]
   [Eden: 48.0M(48.0M)->0.0B(48.0M) Survivors: 2048.0K->2048.0K Heap: 87.3M(100.0M)->39.4M(100.0M)]
 [Times: user=0.01 sys=0.00, real=0.00 secs] 
18.942: [GC pause (G1 Evacuation Pause) (young), 0.0067004 secs]
   [Parallel Time: 6.0 ms, GC Workers: 4]
      [GC Worker Start (ms): Min: 18942.5, Avg: 18942.6, Max: 18942.7, Diff: 0.2]
      [Ext Root Scanning (ms): Min: 3.8, Avg: 4.2, Max: 5.3, Diff: 1.5, Sum: 16.8]
      [Update RS (ms): Min: 0.1, Avg: 0.9, Max: 1.2, Diff: 1.1, Sum: 3.7]
         [Processed Buffers: Min: 9, Avg: 27.0, Max: 46, Diff: 37, Sum: 108]
      [Scan RS (ms): Min: 0.0, Avg: 0.0, Max: 0.0, Diff: 0.0, Sum: 0.0]
      [Code Root Scanning (ms): Min: 0.0, Avg: 0.0, Max: 0.1, Diff: 0.1, Sum: 0.1]
      [Object Copy (ms): Min: 0.5, Avg: 0.7, Max: 0.7, Diff: 0.2, Sum: 2.6]
      [Termination (ms): Min: 0.0, Avg: 0.0, Max: 0.0, Diff: 0.0, Sum: 0.0]
         [Termination Attempts: Min: 1, Avg: 1.0, Max: 1, Diff: 0, Sum: 4]
      [GC Worker Other (ms): Min: 0.0, Avg: 0.0, Max: 0.0, Diff: 0.0, Sum: 0.1]
      [GC Worker Total (ms): Min: 5.7, Avg: 5.8, Max: 5.9, Diff: 0.2, Sum: 23.3]
      [GC Worker End (ms): Min: 18948.4, Avg: 18948.4, Max: 18948.4, Diff: 0.0]
   [Code Root Fixup: 0.1 ms]
   [Code Root Purge: 0.0 ms]
   [Clear CT: 0.1 ms]
   [Other: 0.6 ms]
      [Choose CSet: 0.0 ms]
      [Ref Proc: 0.3 ms]
      [Ref Enq: 0.0 ms]
      [Redirty Cards: 0.1 ms]
      [Humongous Register: 0.0 ms]
      [Humongous Reclaim: 0.0 ms]
      [Free CSet: 0.0 ms]
   [Eden: 48.0M(48.0M)->0.0B(49.0M) Survivors: 2048.0K->1024.0K Heap: 87.4M(100.0M)->38.9M(100.0M)]
 [Times: user=0.02 sys=0.00, real=0.01 secs] 
19.313: [GC pause (G1 Evacuation Pause) (young), 0.0034960 secs]
   [Parallel Time: 3.2 ms, GC Workers: 4]
      [GC Worker Start (ms): Min: 19313.3, Avg: 19313.3, Max: 19313.3, Diff: 0.0]
      [Ext Root Scanning (ms): Min: 1.0, Avg: 2.0, Max: 2.9, Diff: 2.0, Sum: 7.8]
      [Update RS (ms): Min: 0.0, Avg: 0.7, Max: 1.4, Diff: 1.4, Sum: 2.8]
         [Processed Buffers: Min: 0, Avg: 27.2, Max: 60, Diff: 60, Sum: 109]
      [Scan RS (ms): Min: 0.0, Avg: 0.0, Max: 0.0, Diff: 0.0, Sum: 0.0]
      [Code Root Scanning (ms): Min: 0.0, Avg: 0.0, Max: 0.1, Diff: 0.1, Sum: 0.1]
      [Object Copy (ms): Min: 0.2, Avg: 0.4, Max: 0.7, Diff: 0.5, Sum: 1.8]
      [Termination (ms): Min: 0.0, Avg: 0.0, Max: 0.0, Diff: 0.0, Sum: 0.0]
         [Termination Attempts: Min: 1, Avg: 1.5, Max: 2, Diff: 1, Sum: 6]
      [GC Worker Other (ms): Min: 0.0, Avg: 0.0, Max: 0.0, Diff: 0.0, Sum: 0.0]
      [GC Worker Total (ms): Min: 3.1, Avg: 3.1, Max: 3.1, Diff: 0.0, Sum: 12.5]
      [GC Worker End (ms): Min: 19316.5, Avg: 19316.5, Max: 19316.5, Diff: 0.0]
   [Code Root Fixup: 0.0 ms]
   [Code Root Purge: 0.0 ms]
   [Clear CT: 0.0 ms]
   [Other: 0.2 ms]
      [Choose CSet: 0.0 ms]
      [Ref Proc: 0.1 ms]
      [Ref Enq: 0.0 ms]
      [Redirty Cards: 0.0 ms]
      [Humongous Register: 0.0 ms]
      [Humongous Reclaim: 0.0 ms]
      [Free CSet: 0.0 ms]
   [Eden: 49.0M(49.0M)->0.0B(50.0M) Survivors: 1024.0K->1024.0K Heap: 87.9M(100.0M)->38.8M(100.0M)]
 [Times: user=0.01 sys=0.00, real=0.01 secs] 
19.709: [GC pause (G1 Evacuation Pause) (young), 0.0052834 secs]
   [Parallel Time: 4.4 ms, GC Workers: 4]
      [GC Worker Start (ms): Min: 19709.3, Avg: 19709.8, Max: 19710.5, Diff: 1.2]
      [Ext Root Scanning (ms): Min: 1.4, Avg: 2.3, Max: 3.6, Diff: 2.3, Sum: 9.4]
      [Update RS (ms): Min: 0.0, Avg: 0.8, Max: 1.0, Diff: 1.0, Sum: 3.1]
         [Processed Buffers: Min: 0, Avg: 27.2, Max: 37, Diff: 37, Sum: 109]
      [Scan RS (ms): Min: 0.0, Avg: 0.0, Max: 0.0, Diff: 0.0, Sum: 0.0]
      [Code Root Scanning (ms): Min: 0.0, Avg: 0.0, Max: 0.1, Diff: 0.1, Sum: 0.1]
      [Object Copy (ms): Min: 0.5, Avg: 0.6, Max: 0.7, Diff: 0.2, Sum: 2.6]
      [Termination (ms): Min: 0.0, Avg: 0.0, Max: 0.0, Diff: 0.0, Sum: 0.0]
         [Termination Attempts: Min: 1, Avg: 1.0, Max: 1, Diff: 0, Sum: 4]
      [GC Worker Other (ms): Min: 0.0, Avg: 0.0, Max: 0.0, Diff: 0.0, Sum: 0.1]
      [GC Worker Total (ms): Min: 3.2, Avg: 3.8, Max: 4.4, Diff: 1.2, Sum: 15.3]
      [GC Worker End (ms): Min: 19713.6, Avg: 19713.7, Max: 19713.7, Diff: 0.0]
   [Code Root Fixup: 0.1 ms]
   [Code Root Purge: 0.0 ms]
   [Clear CT: 0.0 ms]
   [Other: 0.7 ms]
      [Choose CSet: 0.0 ms]
      [Ref Proc: 0.5 ms]
      [Ref Enq: 0.0 ms]
      [Redirty Cards: 0.0 ms]
      [Humongous Register: 0.0 ms]
      [Humongous Reclaim: 0.0 ms]
      [Free CSet: 0.0 ms]
   [Eden: 50.0M(50.0M)->0.0B(50.0M) Survivors: 1024.0K->1024.0K Heap: 88.8M(100.0M)->38.8M(100.0M)]
 [Times: user=0.02 sys=0.00, real=0.01 secs] 
20.088: [GC pause (G1 Evacuation Pause) (young), 0.0098962 secs]
   [Parallel Time: 8.2 ms, GC Workers: 4]
      [GC Worker Start (ms): Min: 20088.6, Avg: 20089.2, Max: 20089.8, Diff: 1.3]
      [Ext Root Scanning (ms): Min: 3.9, Avg: 5.4, Max: 6.7, Diff: 2.8, Sum: 21.4]
      [Update RS (ms): Min: 0.0, Avg: 0.8, Max: 1.6, Diff: 1.6, Sum: 3.2]
         [Processed Buffers: Min: 0, Avg: 27.2, Max: 59, Diff: 59, Sum: 109]
      [Scan RS (ms): Min: 0.0, Avg: 0.0, Max: 0.0, Diff: 0.0, Sum: 0.0]
      [Code Root Scanning (ms): Min: 0.0, Avg: 0.0, Max: 0.1, Diff: 0.1, Sum: 0.1]
      [Object Copy (ms): Min: 0.1, Avg: 0.8, Max: 1.3, Diff: 1.1, Sum: 3.4]
      [Termination (ms): Min: 0.0, Avg: 0.5, Max: 0.6, Diff: 0.6, Sum: 1.9]
         [Termination Attempts: Min: 1, Avg: 1.0, Max: 1, Diff: 0, Sum: 4]
      [GC Worker Other (ms): Min: 0.0, Avg: 0.0, Max: 0.0, Diff: 0.0, Sum: 0.0]
      [GC Worker Total (ms): Min: 6.9, Avg: 7.5, Max: 8.2, Diff: 1.3, Sum: 30.1]
      [GC Worker End (ms): Min: 20096.7, Avg: 20096.7, Max: 20096.8, Diff: 0.1]
   [Code Root Fixup: 0.1 ms]
   [Code Root Purge: 0.0 ms]
   [Clear CT: 0.1 ms]
   [Other: 1.5 ms]
      [Choose CSet: 0.0 ms]
      [Ref Proc: 1.2 ms]
      [Ref Enq: 0.0 ms]
      [Redirty Cards: 0.1 ms]
      [Humongous Register: 0.0 ms]
      [Humongous Reclaim: 0.0 ms]
      [Free CSet: 0.0 ms]
   [Eden: 50.0M(50.0M)->0.0B(48.0M) Survivors: 1024.0K->2048.0K Heap: 88.8M(100.0M)->39.3M(100.0M)]
 [Times: user=0.02 sys=0.00, real=0.01 secs] 
20.463: [GC pause (G1 Evacuation Pause) (young), 0.0057502 secs]
   [Parallel Time: 4.3 ms, GC Workers: 4]
      [GC Worker Start (ms): Min: 20463.0, Avg: 20463.1, Max: 20463.1, Diff: 0.1]
      [Ext Root Scanning (ms): Min: 2.1, Avg: 2.5, Max: 3.3, Diff: 1.2, Sum: 9.9]
      [Update RS (ms): Min: 0.1, Avg: 0.8, Max: 1.1, Diff: 1.0, Sum: 3.3]
         [Processed Buffers: Min: 7, Avg: 27.0, Max: 45, Diff: 38, Sum: 108]
      [Scan RS (ms): Min: 0.0, Avg: 0.0, Max: 0.0, Diff: 0.0, Sum: 0.0]
      [Code Root Scanning (ms): Min: 0.0, Avg: 0.0, Max: 0.1, Diff: 0.1, Sum: 0.1]
      [Object Copy (ms): Min: 0.8, Avg: 0.8, Max: 0.9, Diff: 0.2, Sum: 3.3]
      [Termination (ms): Min: 0.0, Avg: 0.0, Max: 0.0, Diff: 0.0, Sum: 0.0]
         [Termination Attempts: Min: 1, Avg: 1.2, Max: 2, Diff: 1, Sum: 5]
      [GC Worker Other (ms): Min: 0.0, Avg: 0.0, Max: 0.0, Diff: 0.0, Sum: 0.1]
      [GC Worker Total (ms): Min: 4.1, Avg: 4.2, Max: 4.3, Diff: 0.1, Sum: 16.8]
      [GC Worker End (ms): Min: 20467.3, Avg: 20467.3, Max: 20467.3, Diff: 0.0]
   [Code Root Fixup: 0.1 ms]
   [Code Root Purge: 0.0 ms]
   [Clear CT: 0.1 ms]
   [Other: 1.3 ms]
      [Choose CSet: 0.0 ms]
      [Ref Proc: 1.1 ms]
      [Ref Enq: 0.0 ms]
      [Redirty Cards: 0.0 ms]
      [Humongous Register: 0.0 ms]
      [Humongous Reclaim: 0.0 ms]
      [Free CSet: 0.0 ms]
   [Eden: 48.0M(48.0M)->0.0B(48.0M) Survivors: 2048.0K->2048.0K Heap: 87.3M(100.0M)->39.2M(100.0M)]
 [Times: user=0.01 sys=0.00, real=0.01 secs] 
20.862: [GC pause (G1 Evacuation Pause) (young), 0.0079965 secs]
   [Parallel Time: 7.0 ms, GC Workers: 4]
      [GC Worker Start (ms): Min: 20861.7, Avg: 20862.1, Max: 20862.5, Diff: 0.8]
      [Ext Root Scanning (ms): Min: 3.5, Avg: 4.5, Max: 5.5, Diff: 1.9, Sum: 17.9]
      [Update RS (ms): Min: 0.0, Avg: 0.9, Max: 1.9, Diff: 1.9, Sum: 3.8]
         [Processed Buffers: Min: 0, Avg: 27.0, Max: 55, Diff: 55, Sum: 108]
      [Scan RS (ms): Min: 0.0, Avg: 0.0, Max: 0.0, Diff: 0.0, Sum: 0.0]
      [Code Root Scanning (ms): Min: 0.0, Avg: 0.0, Max: 0.1, Diff: 0.1, Sum: 0.2]
      [Object Copy (ms): Min: 0.7, Avg: 1.1, Max: 1.4, Diff: 0.7, Sum: 4.2]
      [Termination (ms): Min: 0.0, Avg: 0.0, Max: 0.0, Diff: 0.0, Sum: 0.0]
         [Termination Attempts: Min: 1, Avg: 1.2, Max: 2, Diff: 1, Sum: 5]
      [GC Worker Other (ms): Min: 0.0, Avg: 0.0, Max: 0.0, Diff: 0.0, Sum: 0.1]
      [GC Worker Total (ms): Min: 6.2, Avg: 6.6, Max: 6.9, Diff: 0.8, Sum: 26.2]
      [GC Worker End (ms): Min: 20868.6, Avg: 20868.6, Max: 20868.6, Diff: 0.0]
   [Code Root Fixup: 0.1 ms]
   [Code Root Purge: 0.1 ms]
   [Clear CT: 0.1 ms]
   [Other: 0.8 ms]
      [Choose CSet: 0.0 ms]
      [Ref Proc: 0.5 ms]
      [Ref Enq: 0.0 ms]
      [Redirty Cards: 0.1 ms]
      [Humongous Register: 0.0 ms]
      [Humongous Reclaim: 0.0 ms]
      [Free CSet: 0.1 ms]
   [Eden: 48.0M(48.0M)->0.0B(48.0M) Survivors: 2048.0K->2048.0K Heap: 87.2M(100.0M)->39.2M(100.0M)]
 [Times: user=0.02 sys=0.00, real=0.01 secs] 
21.240: [GC pause (G1 Evacuation Pause) (young), 0.0068861 secs]
   [Parallel Time: 5.9 ms, GC Workers: 4]
      [GC Worker Start (ms): Min: 21240.1, Avg: 21240.2, Max: 21240.5, Diff: 0.4]
      [Ext Root Scanning (ms): Min: 3.5, Avg: 3.9, Max: 4.8, Diff: 1.2, Sum: 15.5]
      [Update RS (ms): Min: 0.3, Avg: 0.8, Max: 1.0, Diff: 0.7, Sum: 3.2]
         [Processed Buffers: Min: 14, Avg: 24.0, Max: 30, Diff: 16, Sum: 96]
      [Scan RS (ms): Min: 0.0, Avg: 0.0, Max: 0.0, Diff: 0.0, Sum: 0.0]
      [Code Root Scanning (ms): Min: 0.0, Avg: 0.1, Max: 0.2, Diff: 0.2, Sum: 0.2]
      [Object Copy (ms): Min: 0.8, Avg: 1.0, Max: 1.1, Diff: 0.3, Sum: 3.9]
      [Termination (ms): Min: 0.0, Avg: 0.0, Max: 0.0, Diff: 0.0, Sum: 0.0]
         [Termination Attempts: Min: 1, Avg: 1.8, Max: 2, Diff: 1, Sum: 7]
      [GC Worker Other (ms): Min: 0.0, Avg: 0.0, Max: 0.0, Diff: 0.0, Sum: 0.1]
      [GC Worker Total (ms): Min: 5.5, Avg: 5.8, Max: 5.9, Diff: 0.4, Sum: 23.0]
      [GC Worker End (ms): Min: 21246.0, Avg: 21246.0, Max: 21246.0, Diff: 0.0]
   [Code Root Fixup: 0.1 ms]
   [Code Root Purge: 0.0 ms]
   [Clear CT: 0.0 ms]
   [Other: 0.8 ms]
      [Choose CSet: 0.0 ms]
      [Ref Proc: 0.6 ms]
      [Ref Enq: 0.0 ms]
      [Redirty Cards: 0.0 ms]
      [Humongous Register: 0.0 ms]
      [Humongous Reclaim: 0.0 ms]
      [Free CSet: 0.0 ms]
   [Eden: 48.0M(48.0M)->0.0B(48.0M) Survivors: 2048.0K->2048.0K Heap: 87.2M(100.0M)->39.4M(100.0M)]
 [Times: user=0.02 sys=0.00, real=0.01 secs] 
21.569: [GC pause (G1 Evacuation Pause) (young), 0.0073784 secs]
   [Parallel Time: 6.3 ms, GC Workers: 4]
      [GC Worker Start (ms): Min: 21568.9, Avg: 21569.4, Max: 21569.7, Diff: 0.8]
      [Ext Root Scanning (ms): Min: 3.0, Avg: 3.7, Max: 5.4, Diff: 2.3, Sum: 14.9]
      [Update RS (ms): Min: 0.0, Avg: 0.7, Max: 1.0, Diff: 1.0, Sum: 2.9]
         [Processed Buffers: Min: 0, Avg: 23.2, Max: 47, Diff: 47, Sum: 93]
      [Scan RS (ms): Min: 0.0, Avg: 0.0, Max: 0.0, Diff: 0.0, Sum: 0.0]
      [Code Root Scanning (ms): Min: 0.0, Avg: 0.0, Max: 0.2, Diff: 0.2, Sum: 0.2]
      [Object Copy (ms): Min: 0.1, Avg: 0.8, Max: 1.1, Diff: 1.0, Sum: 3.2]
      [Termination (ms): Min: 0.0, Avg: 0.4, Max: 0.6, Diff: 0.6, Sum: 1.8]
         [Termination Attempts: Min: 1, Avg: 2.0, Max: 4, Diff: 3, Sum: 8]
      [GC Worker Other (ms): Min: 0.0, Avg: 0.0, Max: 0.0, Diff: 0.0, Sum: 0.0]
      [GC Worker Total (ms): Min: 5.4, Avg: 5.8, Max: 6.3, Diff: 0.9, Sum: 23.1]
      [GC Worker End (ms): Min: 21575.2, Avg: 21575.2, Max: 21575.2, Diff: 0.0]
   [Code Root Fixup: 0.1 ms]
   [Code Root Purge: 0.0 ms]
   [Clear CT: 0.1 ms]
   [Other: 0.8 ms]
      [Choose CSet: 0.0 ms]
      [Ref Proc: 0.7 ms]
      [Ref Enq: 0.0 ms]
      [Redirty Cards: 0.0 ms]
      [Humongous Register: 0.0 ms]
      [Humongous Reclaim: 0.0 ms]
      [Free CSet: 0.0 ms]
   [Eden: 48.0M(48.0M)->0.0B(45.0M) Survivors: 2048.0K->3072.0K Heap: 87.4M(100.0M)->40.3M(100.0M)]
 [Times: user=0.02 sys=0.00, real=0.01 secs] 
21.897: [GC pause (G1 Evacuation Pause) (young), 0.0079626 secs]
   [Parallel Time: 6.1 ms, GC Workers: 4]
      [GC Worker Start (ms): Min: 21897.2, Avg: 21897.5, Max: 21897.7, Diff: 0.5]
      [Ext Root Scanning (ms): Min: 1.7, Avg: 2.1, Max: 2.5, Diff: 0.8, Sum: 8.5]
      [Update RS (ms): Min: 1.4, Avg: 1.9, Max: 3.0, Diff: 1.6, Sum: 7.4]
         [Processed Buffers: Min: 1, Avg: 23.0, Max: 45, Diff: 44, Sum: 92]
      [Scan RS (ms): Min: 0.0, Avg: 0.0, Max: 0.0, Diff: 0.0, Sum: 0.1]
      [Code Root Scanning (ms): Min: 0.0, Avg: 0.1, Max: 0.4, Diff: 0.4, Sum: 0.5]
      [Object Copy (ms): Min: 0.6, Avg: 1.5, Max: 2.0, Diff: 1.3, Sum: 6.0]
      [Termination (ms): Min: 0.0, Avg: 0.0, Max: 0.0, Diff: 0.0, Sum: 0.0]
         [Termination Attempts: Min: 1, Avg: 1.2, Max: 2, Diff: 1, Sum: 5]
      [GC Worker Other (ms): Min: 0.0, Avg: 0.1, Max: 0.1, Diff: 0.1, Sum: 0.3]
      [GC Worker Total (ms): Min: 5.4, Avg: 5.7, Max: 6.0, Diff: 0.6, Sum: 22.8]
      [GC Worker End (ms): Min: 21903.1, Avg: 21903.2, Max: 21903.2, Diff: 0.1]
   [Code Root Fixup: 0.2 ms]
   [Code Root Purge: 0.0 ms]
   [Clear CT: 0.1 ms]
   [Other: 1.5 ms]
      [Choose CSet: 0.0 ms]
      [Ref Proc: 1.0 ms]
      [Ref Enq: 0.0 ms]
      [Redirty Cards: 0.1 ms]
      [Humongous Register: 0.0 ms]
      [Humongous Reclaim: 0.0 ms]
      [Free CSet: 0.0 ms]
   [Eden: 45.0M(45.0M)->0.0B(47.0M) Survivors: 3072.0K->2048.0K Heap: 85.3M(100.0M)->39.6M(100.0M)]
 [Times: user=0.02 sys=0.00, real=0.01 secs] 
22.261: [GC pause (G1 Evacuation Pause) (young), 0.0089368 secs]
   [Parallel Time: 7.6 ms, GC Workers: 4]
      [GC Worker Start (ms): Min: 22261.3, Avg: 22261.5, Max: 22261.7, Diff: 0.3]
      [Ext Root Scanning (ms): Min: 4.1, Avg: 5.3, Max: 5.9, Diff: 1.8, Sum: 21.0]
      [Update RS (ms): Min: 0.6, Avg: 1.0, Max: 2.0, Diff: 1.5, Sum: 4.1]
         [Processed Buffers: Min: 18, Avg: 27.0, Max: 37, Diff: 19, Sum: 108]
      [Scan RS (ms): Min: 0.0, Avg: 0.0, Max: 0.0, Diff: 0.0, Sum: 0.1]
      [Code Root Scanning (ms): Min: 0.0, Avg: 0.1, Max: 0.3, Diff: 0.3, Sum: 0.3]
      [Object Copy (ms): Min: 0.7, Avg: 1.0, Max: 1.3, Diff: 0.7, Sum: 4.1]
      [Termination (ms): Min: 0.0, Avg: 0.0, Max: 0.0, Diff: 0.0, Sum: 0.0]
         [Termination Attempts: Min: 1, Avg: 2.0, Max: 3, Diff: 2, Sum: 8]
      [GC Worker Other (ms): Min: 0.0, Avg: 0.0, Max: 0.0, Diff: 0.0, Sum: 0.1]
      [GC Worker Total (ms): Min: 7.2, Avg: 7.4, Max: 7.6, Diff: 0.3, Sum: 29.8]
      [GC Worker End (ms): Min: 22268.9, Avg: 22268.9, Max: 22268.9, Diff: 0.0]
   [Code Root Fixup: 0.1 ms]
   [Code Root Purge: 0.0 ms]
   [Clear CT: 0.1 ms]
   [Other: 1.1 ms]
      [Choose CSet: 0.0 ms]
      [Ref Proc: 0.7 ms]
      [Ref Enq: 0.0 ms]
      [Redirty Cards: 0.0 ms]
      [Humongous Register: 0.0 ms]
      [Humongous Reclaim: 0.0 ms]
      [Free CSet: 0.0 ms]
   [Eden: 47.0M(47.0M)->0.0B(48.0M) Survivors: 2048.0K->1024.0K Heap: 86.6M(100.0M)->39.2M(100.0M)]
 [Times: user=0.03 sys=0.00, real=0.01 secs] 
22.577: [GC pause (G1 Evacuation Pause) (young), 0.0072434 secs]
   [Parallel Time: 6.3 ms, GC Workers: 4]
      [GC Worker Start (ms): Min: 22576.9, Avg: 22577.3, Max: 22577.7, Diff: 0.8]
      [Ext Root Scanning (ms): Min: 2.8, Avg: 3.8, Max: 5.5, Diff: 2.7, Sum: 15.2]
      [Update RS (ms): Min: 0.0, Avg: 0.9, Max: 1.2, Diff: 1.2, Sum: 3.5]
         [Processed Buffers: Min: 0, Avg: 26.8, Max: 45, Diff: 45, Sum: 107]
      [Scan RS (ms): Min: 0.0, Avg: 0.0, Max: 0.0, Diff: 0.0, Sum: 0.0]
      [Code Root Scanning (ms): Min: 0.0, Avg: 0.1, Max: 0.3, Diff: 0.3, Sum: 0.3]
      [Object Copy (ms): Min: 0.0, Avg: 0.6, Max: 1.0, Diff: 0.9, Sum: 2.6]
      [Termination (ms): Min: 0.0, Avg: 0.4, Max: 0.6, Diff: 0.6, Sum: 1.8]
         [Termination Attempts: Min: 1, Avg: 1.5, Max: 3, Diff: 2, Sum: 6]
      [GC Worker Other (ms): Min: 0.0, Avg: 0.0, Max: 0.0, Diff: 0.0, Sum: 0.0]
      [GC Worker Total (ms): Min: 5.5, Avg: 5.9, Max: 6.3, Diff: 0.8, Sum: 23.5]
      [GC Worker End (ms): Min: 22583.1, Avg: 22583.1, Max: 22583.2, Diff: 0.0]
   [Code Root Fixup: 0.1 ms]
   [Code Root Purge: 0.0 ms]
   [Clear CT: 0.0 ms]
   [Other: 0.8 ms]
      [Choose CSet: 0.0 ms]
      [Ref Proc: 0.6 ms]
      [Ref Enq: 0.0 ms]
      [Redirty Cards: 0.0 ms]
      [Humongous Register: 0.0 ms]
      [Humongous Reclaim: 0.0 ms]
      [Free CSet: 0.0 ms]
   [Eden: 48.0M(48.0M)->0.0B(48.0M) Survivors: 1024.0K->1024.0K Heap: 87.2M(100.0M)->39.2M(100.0M)]
 [Times: user=0.03 sys=0.00, real=0.01 secs] 
22.892: [GC pause (G1 Evacuation Pause) (young), 0.0059418 secs]
   [Parallel Time: 5.5 ms, GC Workers: 4]
      [GC Worker Start (ms): Min: 22892.1, Avg: 22892.4, Max: 22892.8, Diff: 0.7]
      [Ext Root Scanning (ms): Min: 3.3, Avg: 3.6, Max: 4.0, Diff: 0.7, Sum: 14.6]
      [Update RS (ms): Min: 0.6, Avg: 0.7, Max: 0.8, Diff: 0.1, Sum: 2.9]
         [Processed Buffers: Min: 13, Avg: 24.8, Max: 34, Diff: 21, Sum: 99]
      [Scan RS (ms): Min: 0.0, Avg: 0.0, Max: 0.0, Diff: 0.0, Sum: 0.0]
      [Code Root Scanning (ms): Min: 0.0, Avg: 0.1, Max: 0.2, Diff: 0.2, Sum: 0.2]
      [Object Copy (ms): Min: 0.7, Avg: 0.7, Max: 0.8, Diff: 0.1, Sum: 2.9]
      [Termination (ms): Min: 0.0, Avg: 0.0, Max: 0.0, Diff: 0.0, Sum: 0.0]
         [Termination Attempts: Min: 1, Avg: 1.5, Max: 2, Diff: 1, Sum: 6]
      [GC Worker Other (ms): Min: 0.0, Avg: 0.0, Max: 0.0, Diff: 0.0, Sum: 0.1]
      [GC Worker Total (ms): Min: 4.8, Avg: 5.2, Max: 5.5, Diff: 0.7, Sum: 20.7]
      [GC Worker End (ms): Min: 22897.6, Avg: 22897.6, Max: 22897.6, Diff: 0.0]
   [Code Root Fixup: 0.1 ms]
   [Code Root Purge: 0.0 ms]
   [Clear CT: 0.1 ms]
   [Other: 0.3 ms]
      [Choose CSet: 0.0 ms]
      [Ref Proc: 0.1 ms]
      [Ref Enq: 0.0 ms]
      [Redirty Cards: 0.0 ms]
      [Humongous Register: 0.0 ms]
      [Humongous Reclaim: 0.0 ms]
      [Free CSet: 0.0 ms]
   [Eden: 48.0M(48.0M)->0.0B(47.0M) Survivors: 1024.0K->2048.0K Heap: 87.2M(100.0M)->39.6M(100.0M)]
 [Times: user=0.01 sys=0.00, real=0.01 secs] 
23.205: [GC pause (G1 Evacuation Pause) (young), 0.0058050 secs]
   [Parallel Time: 5.4 ms, GC Workers: 4]
      [GC Worker Start (ms): Min: 23205.5, Avg: 23205.6, Max: 23205.8, Diff: 0.2]
      [Ext Root Scanning (ms): Min: 2.9, Avg: 3.5, Max: 4.6, Diff: 1.7, Sum: 14.1]
      [Update RS (ms): Min: 0.0, Avg: 0.9, Max: 1.6, Diff: 1.6, Sum: 3.7]
         [Processed Buffers: Min: 0, Avg: 24.5, Max: 50, Diff: 50, Sum: 98]
      [Scan RS (ms): Min: 0.0, Avg: 0.0, Max: 0.0, Diff: 0.0, Sum: 0.0]
      [Code Root Scanning (ms): Min: 0.0, Avg: 0.1, Max: 0.3, Diff: 0.3, Sum: 0.3]
      [Object Copy (ms): Min: 0.6, Avg: 0.8, Max: 0.9, Diff: 0.3, Sum: 3.1]
      [Termination (ms): Min: 0.0, Avg: 0.0, Max: 0.0, Diff: 0.0, Sum: 0.0]
         [Termination Attempts: Min: 1, Avg: 1.0, Max: 1, Diff: 0, Sum: 4]
      [GC Worker Other (ms): Min: 0.0, Avg: 0.0, Max: 0.0, Diff: 0.0, Sum: 0.0]
      [GC Worker Total (ms): Min: 5.2, Avg: 5.3, Max: 5.4, Diff: 0.2, Sum: 21.3]
      [GC Worker End (ms): Min: 23210.9, Avg: 23210.9, Max: 23210.9, Diff: 0.0]
   [Code Root Fixup: 0.1 ms]
   [Code Root Purge: 0.0 ms]
   [Clear CT: 0.0 ms]
   [Other: 0.2 ms]
      [Choose CSet: 0.0 ms]
      [Ref Proc: 0.1 ms]
      [Ref Enq: 0.0 ms]
      [Redirty Cards: 0.0 ms]
      [Humongous Register: 0.0 ms]
      [Humongous Reclaim: 0.0 ms]
      [Free CSet: 0.0 ms]
   [Eden: 47.0M(47.0M)->0.0B(47.0M) Survivors: 2048.0K->2048.0K Heap: 86.6M(100.0M)->39.7M(100.0M)]
 [Times: user=0.02 sys=0.00, real=0.00 secs] 
23.509: [GC pause (G1 Evacuation Pause) (young), 0.0045429 secs]
   [Parallel Time: 4.1 ms, GC Workers: 4]
      [GC Worker Start (ms): Min: 23508.7, Avg: 23509.1, Max: 23509.3, Diff: 0.7]
      [Ext Root Scanning (ms): Min: 2.0, Avg: 2.2, Max: 2.6, Diff: 0.6, Sum: 8.8]
      [Update RS (ms): Min: 0.7, Avg: 0.7, Max: 0.7, Diff: 0.0, Sum: 3.0]
         [Processed Buffers: Min: 10, Avg: 25.5, Max: 33, Diff: 23, Sum: 102]
      [Scan RS (ms): Min: 0.0, Avg: 0.0, Max: 0.0, Diff: 0.0, Sum: 0.0]
      [Code Root Scanning (ms): Min: 0.0, Avg: 0.1, Max: 0.3, Diff: 0.3, Sum: 0.3]
      [Object Copy (ms): Min: 0.4, Avg: 0.6, Max: 0.7, Diff: 0.3, Sum: 2.4]
      [Termination (ms): Min: 0.0, Avg: 0.0, Max: 0.0, Diff: 0.0, Sum: 0.0]
         [Termination Attempts: Min: 1, Avg: 1.2, Max: 2, Diff: 1, Sum: 5]
      [GC Worker Other (ms): Min: 0.0, Avg: 0.0, Max: 0.0, Diff: 0.0, Sum: 0.1]
      [GC Worker Total (ms): Min: 3.4, Avg: 3.7, Max: 4.0, Diff: 0.6, Sum: 14.6]
      [GC Worker End (ms): Min: 23512.7, Avg: 23512.7, Max: 23512.7, Diff: 0.0]
   [Code Root Fixup: 0.1 ms]
   [Code Root Purge: 0.0 ms]
   [Clear CT: 0.1 ms]
   [Other: 0.3 ms]
      [Choose CSet: 0.0 ms]
      [Ref Proc: 0.1 ms]
      [Ref Enq: 0.0 ms]
      [Redirty Cards: 0.0 ms]
      [Humongous Register: 0.0 ms]
      [Humongous Reclaim: 0.0 ms]
      [Free CSet: 0.0 ms]
   [Eden: 47.0M(47.0M)->0.0B(47.0M) Survivors: 2048.0K->2048.0K Heap: 86.7M(100.0M)->39.7M(100.0M)]
 [Times: user=0.01 sys=0.00, real=0.00 secs] 
23.826: [GC pause (G1 Evacuation Pause) (young), 0.0045787 secs]
   [Parallel Time: 4.2 ms, GC Workers: 4]
      [GC Worker Start (ms): Min: 23825.7, Avg: 23826.1, Max: 23826.4, Diff: 0.7]
      [Ext Root Scanning (ms): Min: 2.2, Avg: 2.5, Max: 2.8, Diff: 0.7, Sum: 9.9]
      [Update RS (ms): Min: 0.7, Avg: 0.7, Max: 0.7, Diff: 0.0, Sum: 2.8]
         [Processed Buffers: Min: 8, Avg: 24.2, Max: 31, Diff: 23, Sum: 97]
      [Scan RS (ms): Min: 0.0, Avg: 0.0, Max: 0.0, Diff: 0.0, Sum: 0.0]
      [Code Root Scanning (ms): Min: 0.0, Avg: 0.1, Max: 0.3, Diff: 0.3, Sum: 0.3]
      [Object Copy (ms): Min: 0.3, Avg: 0.5, Max: 0.7, Diff: 0.4, Sum: 2.2]
      [Termination (ms): Min: 0.0, Avg: 0.0, Max: 0.0, Diff: 0.0, Sum: 0.0]
         [Termination Attempts: Min: 1, Avg: 1.0, Max: 1, Diff: 0, Sum: 4]
      [GC Worker Other (ms): Min: 0.0, Avg: 0.0, Max: 0.0, Diff: 0.0, Sum: 0.0]
      [GC Worker Total (ms): Min: 3.4, Avg: 3.8, Max: 4.1, Diff: 0.7, Sum: 15.2]
      [GC Worker End (ms): Min: 23829.9, Avg: 23829.9, Max: 23829.9, Diff: 0.0]
   [Code Root Fixup: 0.1 ms]
   [Code Root Purge: 0.0 ms]
   [Clear CT: 0.0 ms]
   [Other: 0.3 ms]
      [Choose CSet: 0.0 ms]
      [Ref Proc: 0.1 ms]
      [Ref Enq: 0.0 ms]
      [Redirty Cards: 0.0 ms]
      [Humongous Register: 0.0 ms]
      [Humongous Reclaim: 0.0 ms]
      [Free CSet: 0.0 ms]
   [Eden: 47.0M(47.0M)->0.0B(47.0M) Survivors: 2048.0K->2048.0K Heap: 86.7M(100.0M)->39.5M(100.0M)]
 [Times: user=0.02 sys=0.00, real=0.00 secs] 
24.132: [GC pause (G1 Evacuation Pause) (young), 0.0132003 secs]
   [Parallel Time: 7.6 ms, GC Workers: 4]
      [GC Worker Start (ms): Min: 24131.8, Avg: 24132.1, Max: 24132.4, Diff: 0.6]
      [Ext Root Scanning (ms): Min: 4.9, Avg: 5.4, Max: 6.1, Diff: 1.2, Sum: 21.4]
      [Update RS (ms): Min: 0.4, Avg: 0.9, Max: 1.1, Diff: 0.7, Sum: 3.4]
         [Processed Buffers: Min: 4, Avg: 24.0, Max: 35, Diff: 31, Sum: 96]
      [Scan RS (ms): Min: 0.0, Avg: 0.0, Max: 0.0, Diff: 0.0, Sum: 0.0]
      [Code Root Scanning (ms): Min: 0.0, Avg: 0.1, Max: 0.3, Diff: 0.3, Sum: 0.3]
      [Object Copy (ms): Min: 0.7, Avg: 0.9, Max: 1.4, Diff: 0.7, Sum: 3.8]
      [Termination (ms): Min: 0.0, Avg: 0.0, Max: 0.0, Diff: 0.0, Sum: 0.0]
         [Termination Attempts: Min: 1, Avg: 1.2, Max: 2, Diff: 1, Sum: 5]
      [GC Worker Other (ms): Min: 0.0, Avg: 0.0, Max: 0.0, Diff: 0.0, Sum: 0.1]
      [GC Worker Total (ms): Min: 7.0, Avg: 7.3, Max: 7.5, Diff: 0.6, Sum: 29.0]
      [GC Worker End (ms): Min: 24139.4, Avg: 24139.4, Max: 24139.4, Diff: 0.0]
   [Code Root Fixup: 0.1 ms]
   [Code Root Purge: 0.0 ms]
   [Clear CT: 0.1 ms]
   [Other: 5.4 ms]
      [Choose CSet: 0.0 ms]
      [Ref Proc: 5.2 ms]
      [Ref Enq: 0.0 ms]
      [Redirty Cards: 0.1 ms]
      [Humongous Register: 0.0 ms]
      [Humongous Reclaim: 0.0 ms]
      [Free CSet: 0.0 ms]
   [Eden: 47.0M(47.0M)->0.0B(47.0M) Survivors: 2048.0K->2048.0K Heap: 86.5M(100.0M)->39.7M(100.0M)]
 [Times: user=0.02 sys=0.00, real=0.02 secs] 
24.445: [GC pause (G1 Evacuation Pause) (young), 0.0081090 secs]
   [Parallel Time: 6.4 ms, GC Workers: 4]
      [GC Worker Start (ms): Min: 24445.6, Avg: 24446.1, Max: 24446.5, Diff: 0.9]
      [Ext Root Scanning (ms): Min: 3.3, Avg: 4.0, Max: 5.5, Diff: 2.2, Sum: 16.0]
      [Update RS (ms): Min: 0.0, Avg: 0.7, Max: 1.1, Diff: 1.1, Sum: 2.9]
         [Processed Buffers: Min: 0, Avg: 22.5, Max: 53, Diff: 53, Sum: 90]
      [Scan RS (ms): Min: 0.0, Avg: 0.0, Max: 0.0, Diff: 0.0, Sum: 0.0]
      [Code Root Scanning (ms): Min: 0.0, Avg: 0.1, Max: 0.3, Diff: 0.3, Sum: 0.3]
      [Object Copy (ms): Min: 0.1, Avg: 0.6, Max: 1.0, Diff: 0.8, Sum: 2.5]
      [Termination (ms): Min: 0.0, Avg: 0.4, Max: 0.6, Diff: 0.6, Sum: 1.8]
         [Termination Attempts: Min: 1, Avg: 1.2, Max: 2, Diff: 1, Sum: 5]
      [GC Worker Other (ms): Min: 0.0, Avg: 0.0, Max: 0.0, Diff: 0.0, Sum: 0.0]
      [GC Worker Total (ms): Min: 5.4, Avg: 5.9, Max: 6.4, Diff: 0.9, Sum: 23.5]
      [GC Worker End (ms): Min: 24451.9, Avg: 24452.0, Max: 24452.0, Diff: 0.0]
   [Code Root Fixup: 0.2 ms]
   [Code Root Purge: 0.0 ms]
   [Clear CT: 0.1 ms]
   [Other: 1.5 ms]
      [Choose CSet: 0.0 ms]
      [Ref Proc: 1.3 ms]
      [Ref Enq: 0.0 ms]
      [Redirty Cards: 0.0 ms]
      [Humongous Register: 0.0 ms]
      [Humongous Reclaim: 0.0 ms]
      [Free CSet: 0.0 ms]
   [Eden: 47.0M(47.0M)->0.0B(47.0M) Survivors: 2048.0K->2048.0K Heap: 86.7M(100.0M)->39.8M(100.0M)]
 [Times: user=0.02 sys=0.00, real=0.01 secs] 
24.755: [GC pause (G1 Evacuation Pause) (young), 0.0070753 secs]
   [Parallel Time: 6.7 ms, GC Workers: 4]
      [GC Worker Start (ms): Min: 24754.7, Avg: 24755.4, Max: 24755.7, Diff: 1.0]
      [Ext Root Scanning (ms): Min: 2.7, Avg: 4.5, Max: 6.5, Diff: 3.8, Sum: 18.2]
      [Update RS (ms): Min: 0.0, Avg: 0.5, Max: 1.4, Diff: 1.4, Sum: 2.1]
         [Processed Buffers: Min: 0, Avg: 25.5, Max: 55, Diff: 55, Sum: 102]
      [Scan RS (ms): Min: 0.0, Avg: 0.0, Max: 0.0, Diff: 0.0, Sum: 0.0]
      [Code Root Scanning (ms): Min: 0.0, Avg: 0.0, Max: 0.2, Diff: 0.2, Sum: 0.2]
      [Object Copy (ms): Min: 0.0, Avg: 0.5, Max: 1.0, Diff: 1.0, Sum: 1.9]
      [Termination (ms): Min: 0.0, Avg: 0.3, Max: 0.6, Diff: 0.6, Sum: 1.1]
         [Termination Attempts: Min: 1, Avg: 1.8, Max: 3, Diff: 2, Sum: 7]
      [GC Worker Other (ms): Min: 0.0, Avg: 0.0, Max: 0.0, Diff: 0.0, Sum: 0.0]
      [GC Worker Total (ms): Min: 5.6, Avg: 5.9, Max: 6.6, Diff: 1.0, Sum: 23.5]
      [GC Worker End (ms): Min: 24761.3, Avg: 24761.3, Max: 24761.3, Diff: 0.0]
   [Code Root Fixup: 0.1 ms]
   [Code Root Purge: 0.0 ms]
   [Clear CT: 0.0 ms]
   [Other: 0.3 ms]
      [Choose CSet: 0.0 ms]
      [Ref Proc: 0.1 ms]
      [Ref Enq: 0.0 ms]
      [Redirty Cards: 0.0 ms]
      [Humongous Register: 0.0 ms]
      [Humongous Reclaim: 0.0 ms]
      [Free CSet: 0.0 ms]
   [Eden: 47.0M(47.0M)->0.0B(47.0M) Survivors: 2048.0K->2048.0K Heap: 86.8M(100.0M)->40.0M(100.0M)]
 [Times: user=0.01 sys=0.00, real=0.00 secs] 
25.055: [GC pause (G1 Evacuation Pause) (young), 0.0093651 secs]
   [Parallel Time: 8.4 ms, GC Workers: 4]
      [GC Worker Start (ms): Min: 25054.7, Avg: 25060.7, Max: 25063.0, Diff: 8.3]
      [Ext Root Scanning (ms): Min: 0.0, Avg: 0.9, Max: 3.7, Diff: 3.7, Sum: 3.8]
      [Update RS (ms): Min: 0.0, Avg: 0.5, Max: 2.0, Diff: 2.0, Sum: 2.0]
         [Processed Buffers: Min: 0, Avg: 24.8, Max: 99, Diff: 99, Sum: 99]
      [Scan RS (ms): Min: 0.0, Avg: 0.0, Max: 0.0, Diff: 0.0, Sum: 0.0]
      [Code Root Scanning (ms): Min: 0.0, Avg: 0.0, Max: 0.2, Diff: 0.2, Sum: 0.2]
      [Object Copy (ms): Min: 0.0, Avg: 0.3, Max: 1.3, Diff: 1.3, Sum: 1.3]
      [Termination (ms): Min: 0.0, Avg: 0.6, Max: 1.2, Diff: 1.2, Sum: 2.3]
         [Termination Attempts: Min: 1, Avg: 1.0, Max: 1, Diff: 0, Sum: 4]
      [GC Worker Other (ms): Min: 0.0, Avg: 0.0, Max: 0.0, Diff: 0.0, Sum: 0.0]
      [GC Worker Total (ms): Min: 0.0, Avg: 2.4, Max: 8.4, Diff: 8.4, Sum: 9.6]
      [GC Worker End (ms): Min: 25063.0, Avg: 25063.1, Max: 25063.1, Diff: 0.1]
   [Code Root Fixup: 0.1 ms]
   [Code Root Purge: 0.0 ms]
   [Clear CT: 0.0 ms]
   [Other: 0.8 ms]
      [Choose CSet: 0.0 ms]
      [Ref Proc: 0.6 ms]
      [Ref Enq: 0.0 ms]
      [Redirty Cards: 0.0 ms]
      [Humongous Register: 0.0 ms]
      [Humongous Reclaim: 0.0 ms]
      [Free CSet: 0.0 ms]
   [Eden: 47.0M(47.0M)->0.0B(48.0M) Survivors: 2048.0K->1024.0K Heap: 87.0M(100.0M)->39.3M(100.0M)]
 [Times: user=0.03 sys=0.00, real=0.01 secs] 
25.357: [GC pause (G1 Evacuation Pause) (young), 0.0080074 secs]
   [Parallel Time: 7.1 ms, GC Workers: 4]
      [GC Worker Start (ms): Min: 25357.0, Avg: 25357.0, Max: 25357.0, Diff: 0.0]
      [Ext Root Scanning (ms): Min: 2.5, Avg: 5.6, Max: 6.9, Diff: 4.4, Sum: 22.2]
      [Update RS (ms): Min: 0.0, Avg: 0.5, Max: 1.9, Diff: 1.9, Sum: 1.9]
         [Processed Buffers: Min: 0, Avg: 23.8, Max: 95, Diff: 95, Sum: 95]
      [Scan RS (ms): Min: 0.0, Avg: 0.0, Max: 0.0, Diff: 0.0, Sum: 0.0]
      [Code Root Scanning (ms): Min: 0.0, Avg: 0.0, Max: 0.2, Diff: 0.2, Sum: 0.2]
      [Object Copy (ms): Min: 0.0, Avg: 0.4, Max: 1.3, Diff: 1.3, Sum: 1.4]
      [Termination (ms): Min: 0.0, Avg: 0.5, Max: 1.1, Diff: 1.1, Sum: 2.2]
         [Termination Attempts: Min: 1, Avg: 1.0, Max: 1, Diff: 0, Sum: 4]
      [GC Worker Other (ms): Min: 0.0, Avg: 0.0, Max: 0.0, Diff: 0.0, Sum: 0.0]
      [GC Worker Total (ms): Min: 6.9, Avg: 7.0, Max: 7.0, Diff: 0.1, Sum: 28.0]
      [GC Worker End (ms): Min: 25364.0, Avg: 25364.0, Max: 25364.0, Diff: 0.1]
   [Code Root Fixup: 0.1 ms]
   [Code Root Purge: 0.0 ms]
   [Clear CT: 0.0 ms]
   [Other: 0.8 ms]
      [Choose CSet: 0.0 ms]
      [Ref Proc: 0.6 ms]
      [Ref Enq: 0.0 ms]
      [Redirty Cards: 0.0 ms]
      [Humongous Register: 0.0 ms]
      [Humongous Reclaim: 0.0 ms]
      [Free CSet: 0.0 ms]
   [Eden: 48.0M(48.0M)->0.0B(47.0M) Survivors: 1024.0K->2048.0K Heap: 87.3M(100.0M)->40.0M(100.0M)]
 [Times: user=0.03 sys=0.01, real=0.01 secs] 
25.648: [GC pause (G1 Evacuation Pause) (young), 0.0051309 secs]
   [Parallel Time: 4.1 ms, GC Workers: 4]
      [GC Worker Start (ms): Min: 25648.4, Avg: 25648.7, Max: 25649.0, Diff: 0.6]
      [Ext Root Scanning (ms): Min: 1.7, Avg: 2.2, Max: 2.5, Diff: 0.8, Sum: 8.7]
      [Update RS (ms): Min: 0.9, Avg: 0.9, Max: 0.9, Diff: 0.0, Sum: 3.6]
         [Processed Buffers: Min: 9, Avg: 23.5, Max: 38, Diff: 29, Sum: 94]
      [Scan RS (ms): Min: 0.0, Avg: 0.0, Max: 0.0, Diff: 0.0, Sum: 0.0]
      [Code Root Scanning (ms): Min: 0.0, Avg: 0.0, Max: 0.2, Diff: 0.2, Sum: 0.2]
      [Object Copy (ms): Min: 0.6, Avg: 0.7, Max: 0.7, Diff: 0.1, Sum: 2.6]
      [Termination (ms): Min: 0.0, Avg: 0.0, Max: 0.0, Diff: 0.0, Sum: 0.0]
         [Termination Attempts: Min: 1, Avg: 1.0, Max: 1, Diff: 0, Sum: 4]
      [GC Worker Other (ms): Min: 0.0, Avg: 0.0, Max: 0.0, Diff: 0.0, Sum: 0.1]
      [GC Worker Total (ms): Min: 3.4, Avg: 3.8, Max: 4.1, Diff: 0.6, Sum: 15.1]
      [GC Worker End (ms): Min: 25652.5, Avg: 25652.5, Max: 25652.5, Diff: 0.0]
   [Code Root Fixup: 0.1 ms]
   [Code Root Purge: 0.0 ms]
   [Clear CT: 0.1 ms]
   [Other: 0.8 ms]
      [Choose CSet: 0.0 ms]
      [Ref Proc: 0.6 ms]
      [Ref Enq: 0.0 ms]
      [Redirty Cards: 0.1 ms]
      [Humongous Register: 0.0 ms]
      [Humongous Reclaim: 0.0 ms]
      [Free CSet: 0.0 ms]
   [Eden: 47.0M(47.0M)->0.0B(47.0M) Survivors: 2048.0K->2048.0K Heap: 87.0M(100.0M)->39.7M(100.0M)]
 [Times: user=0.02 sys=0.00, real=0.01 secs] 
25.933: [GC pause (G1 Evacuation Pause) (young), 0.0081921 secs]
   [Parallel Time: 6.8 ms, GC Workers: 4]
      [GC Worker Start (ms): Min: 25932.7, Avg: 25936.0, Max: 25937.2, Diff: 4.5]
      [Ext Root Scanning (ms): Min: 0.0, Avg: 0.8, Max: 3.2, Diff: 3.2, Sum: 3.2]
      [Update RS (ms): Min: 0.5, Avg: 1.1, Max: 2.9, Diff: 2.5, Sum: 4.6]
         [Processed Buffers: Min: 3, Avg: 24.5, Max: 39, Diff: 36, Sum: 98]
      [Scan RS (ms): Min: 0.0, Avg: 0.0, Max: 0.0, Diff: 0.0, Sum: 0.0]
      [Code Root Scanning (ms): Min: 0.0, Avg: 0.0, Max: 0.1, Diff: 0.1, Sum: 0.1]
      [Object Copy (ms): Min: 0.3, Avg: 0.7, Max: 0.9, Diff: 0.6, Sum: 2.7]
      [Termination (ms): Min: 0.0, Avg: 0.6, Max: 0.9, Diff: 0.9, Sum: 2.4]
         [Termination Attempts: Min: 1, Avg: 7.2, Max: 24, Diff: 23, Sum: 29]
      [GC Worker Other (ms): Min: 0.0, Avg: 0.0, Max: 0.0, Diff: 0.0, Sum: 0.0]
      [GC Worker Total (ms): Min: 2.1, Avg: 3.3, Max: 6.5, Diff: 4.4, Sum: 13.1]
      [GC Worker End (ms): Min: 25939.1, Avg: 25939.3, Max: 25939.4, Diff: 0.3]
   [Code Root Fixup: 0.1 ms]
   [Code Root Purge: 0.0 ms]
   [Clear CT: 0.0 ms]
   [Other: 1.3 ms]
      [Choose CSet: 0.0 ms]
      [Ref Proc: 1.1 ms]
      [Ref Enq: 0.0 ms]
      [Redirty Cards: 0.0 ms]
      [Humongous Register: 0.0 ms]
      [Humongous Reclaim: 0.0 ms]
      [Free CSet: 0.0 ms]
   [Eden: 47.0M(47.0M)->0.0B(48.0M) Survivors: 2048.0K->1024.0K Heap: 86.7M(100.0M)->39.2M(100.0M)]
 [Times: user=0.03 sys=0.00, real=0.01 secs] 
26.230: [GC pause (G1 Evacuation Pause) (young), 0.0053538 secs]
   [Parallel Time: 4.4 ms, GC Workers: 4]
      [GC Worker Start (ms): Min: 26230.4, Avg: 26230.9, Max: 26231.3, Diff: 0.8]
      [Ext Root Scanning (ms): Min: 2.3, Avg: 2.6, Max: 3.0, Diff: 0.7, Sum: 10.5]
      [Update RS (ms): Min: 0.7, Avg: 0.7, Max: 0.7, Diff: 0.0, Sum: 2.8]
         [Processed Buffers: Min: 22, Avg: 26.8, Max: 31, Diff: 9, Sum: 107]
      [Scan RS (ms): Min: 0.0, Avg: 0.0, Max: 0.0, Diff: 0.0, Sum: 0.0]
      [Code Root Scanning (ms): Min: 0.0, Avg: 0.0, Max: 0.1, Diff: 0.1, Sum: 0.1]
      [Object Copy (ms): Min: 0.5, Avg: 0.6, Max: 0.7, Diff: 0.2, Sum: 2.3]
      [Termination (ms): Min: 0.0, Avg: 0.0, Max: 0.0, Diff: 0.0, Sum: 0.0]
         [Termination Attempts: Min: 1, Avg: 1.0, Max: 1, Diff: 0, Sum: 4]
      [GC Worker Other (ms): Min: 0.0, Avg: 0.0, Max: 0.0, Diff: 0.0, Sum: 0.0]
      [GC Worker Total (ms): Min: 3.5, Avg: 4.0, Max: 4.4, Diff: 0.9, Sum: 15.9]
      [GC Worker End (ms): Min: 26234.8, Avg: 26234.8, Max: 26234.8, Diff: 0.0]
   [Code Root Fixup: 0.1 ms]
   [Code Root Purge: 0.0 ms]
   [Clear CT: 0.0 ms]
   [Other: 0.8 ms]
      [Choose CSet: 0.0 ms]
      [Ref Proc: 0.6 ms]
      [Ref Enq: 0.0 ms]
      [Redirty Cards: 0.0 ms]
      [Humongous Register: 0.0 ms]
      [Humongous Reclaim: 0.0 ms]
      [Free CSet: 0.0 ms]
   [Eden: 48.0M(48.0M)->0.0B(47.0M) Survivors: 1024.0K->2048.0K Heap: 87.2M(100.0M)->39.7M(100.0M)]
 [Times: user=0.02 sys=0.00, real=0.01 secs] 
26.499: [GC pause (G1 Evacuation Pause) (young), 0.0064043 secs]
   [Parallel Time: 4.9 ms, GC Workers: 4]
      [GC Worker Start (ms): Min: 26499.6, Avg: 26500.3, Max: 26501.0, Diff: 1.4]
      [Ext Root Scanning (ms): Min: 1.2, Avg: 2.3, Max: 4.7, Diff: 3.4, Sum: 9.3]
      [Update RS (ms): Min: 0.0, Avg: 0.7, Max: 1.0, Diff: 1.0, Sum: 2.9]
         [Processed Buffers: Min: 0, Avg: 26.2, Max: 44, Diff: 44, Sum: 105]
      [Scan RS (ms): Min: 0.0, Avg: 0.0, Max: 0.0, Diff: 0.0, Sum: 0.0]
      [Code Root Scanning (ms): Min: 0.0, Avg: 0.0, Max: 0.1, Diff: 0.1, Sum: 0.1]
      [Object Copy (ms): Min: 0.1, Avg: 0.5, Max: 0.7, Diff: 0.6, Sum: 1.9]
      [Termination (ms): Min: 0.0, Avg: 0.5, Max: 0.8, Diff: 0.8, Sum: 2.2]
         [Termination Attempts: Min: 1, Avg: 1.0, Max: 1, Diff: 0, Sum: 4]
      [GC Worker Other (ms): Min: 0.0, Avg: 0.0, Max: 0.0, Diff: 0.0, Sum: 0.0]
      [GC Worker Total (ms): Min: 3.4, Avg: 4.1, Max: 4.7, Diff: 1.3, Sum: 16.5]
      [GC Worker End (ms): Min: 26504.3, Avg: 26504.4, Max: 26504.5, Diff: 0.1]
   [Code Root Fixup: 0.1 ms]
   [Code Root Purge: 0.0 ms]
   [Clear CT: 0.0 ms]
   [Other: 1.3 ms]
      [Choose CSet: 0.0 ms]
      [Ref Proc: 1.1 ms]
      [Ref Enq: 0.0 ms]
      [Redirty Cards: 0.0 ms]
      [Humongous Register: 0.0 ms]
      [Humongous Reclaim: 0.0 ms]
      [Free CSet: 0.0 ms]
   [Eden: 47.0M(47.0M)->0.0B(49.0M) Survivors: 2048.0K->1024.0K Heap: 86.7M(100.0M)->39.1M(100.0M)]
 [Times: user=0.03 sys=0.00, real=0.01 secs] 
26.767: [GC pause (G1 Evacuation Pause) (young), 0.0071236 secs]
   [Parallel Time: 5.7 ms, GC Workers: 4]
      [GC Worker Start (ms): Min: 26767.4, Avg: 26771.3, Max: 26772.7, Diff: 5.3]
      [Ext Root Scanning (ms): Min: 0.0, Avg: 0.7, Max: 2.9, Diff: 2.9, Sum: 2.9]
      [Update RS (ms): Min: 0.0, Avg: 0.5, Max: 1.8, Diff: 1.8, Sum: 1.8]
         [Processed Buffers: Min: 0, Avg: 26.8, Max: 107, Diff: 107, Sum: 107]
      [Scan RS (ms): Min: 0.0, Avg: 0.0, Max: 0.0, Diff: 0.0, Sum: 0.0]
      [Code Root Scanning (ms): Min: 0.0, Avg: 0.0, Max: 0.1, Diff: 0.1, Sum: 0.1]
      [Object Copy (ms): Min: 0.4, Avg: 0.5, Max: 0.8, Diff: 0.5, Sum: 1.9]
      [Termination (ms): Min: 0.0, Avg: 0.0, Max: 0.0, Diff: 0.0, Sum: 0.0]
         [Termination Attempts: Min: 1, Avg: 1.0, Max: 1, Diff: 0, Sum: 4]
      [GC Worker Other (ms): Min: 0.0, Avg: 0.0, Max: 0.0, Diff: 0.0, Sum: 0.0]
      [GC Worker Total (ms): Min: 0.4, Avg: 1.7, Max: 5.7, Diff: 5.3, Sum: 6.8]
      [GC Worker End (ms): Min: 26773.0, Avg: 26773.0, Max: 26773.0, Diff: 0.0]
   [Code Root Fixup: 0.1 ms]
   [Code Root Purge: 0.0 ms]
   [Clear CT: 0.0 ms]
   [Other: 1.3 ms]
      [Choose CSet: 0.0 ms]
      [Ref Proc: 1.1 ms]
      [Ref Enq: 0.0 ms]
      [Redirty Cards: 0.0 ms]
      [Humongous Register: 0.0 ms]
      [Humongous Reclaim: 0.0 ms]
      [Free CSet: 0.0 ms]
   [Eden: 49.0M(49.0M)->0.0B(49.0M) Survivors: 1024.0K->1024.0K Heap: 88.1M(100.0M)->39.0M(100.0M)]
 [Times: user=0.02 sys=0.00, real=0.01 secs] 
27.028: [GC pause (G1 Evacuation Pause) (young), 0.0026281 secs]
   [Parallel Time: 2.3 ms, GC Workers: 4]
      [GC Worker Start (ms): Min: 27028.1, Avg: 27028.1, Max: 27028.1, Diff: 0.1]
      [Ext Root Scanning (ms): Min: 0.9, Avg: 1.2, Max: 2.1, Diff: 1.2, Sum: 5.0]
      [Update RS (ms): Min: 0.0, Avg: 0.6, Max: 0.8, Diff: 0.8, Sum: 2.4]
         [Processed Buffers: Min: 0, Avg: 27.0, Max: 38, Diff: 38, Sum: 108]
      [Scan RS (ms): Min: 0.0, Avg: 0.0, Max: 0.0, Diff: 0.0, Sum: 0.0]
      [Code Root Scanning (ms): Min: 0.0, Avg: 0.0, Max: 0.1, Diff: 0.1, Sum: 0.1]
      [Object Copy (ms): Min: 0.0, Avg: 0.3, Max: 0.4, Diff: 0.4, Sum: 1.0]
      [Termination (ms): Min: 0.0, Avg: 0.1, Max: 0.1, Diff: 0.1, Sum: 0.3]
         [Termination Attempts: Min: 1, Avg: 1.0, Max: 1, Diff: 0, Sum: 4]
      [GC Worker Other (ms): Min: 0.0, Avg: 0.0, Max: 0.0, Diff: 0.0, Sum: 0.0]
      [GC Worker Total (ms): Min: 2.2, Avg: 2.2, Max: 2.3, Diff: 0.1, Sum: 8.9]
      [GC Worker End (ms): Min: 27030.3, Avg: 27030.3, Max: 27030.3, Diff: 0.0]
   [Code Root Fixup: 0.1 ms]
   [Code Root Purge: 0.0 ms]
   [Clear CT: 0.0 ms]
   [Other: 0.2 ms]
      [Choose CSet: 0.0 ms]
      [Ref Proc: 0.1 ms]
      [Ref Enq: 0.0 ms]
      [Redirty Cards: 0.0 ms]
      [Humongous Register: 0.0 ms]
      [Humongous Reclaim: 0.0 ms]
      [Free CSet: 0.0 ms]
   [Eden: 49.0M(49.0M)->0.0B(49.0M) Survivors: 1024.0K->1024.0K Heap: 88.0M(100.0M)->38.8M(100.0M)]
 [Times: user=0.01 sys=0.00, real=0.00 secs] 
27.281: [GC pause (G1 Evacuation Pause) (young), 0.0022608 secs]
   [Parallel Time: 1.8 ms, GC Workers: 4]
      [GC Worker Start (ms): Min: 27280.9, Avg: 27280.9, Max: 27280.9, Diff: 0.0]
      [Ext Root Scanning (ms): Min: 0.8, Avg: 0.9, Max: 0.9, Diff: 0.1, Sum: 3.5]
      [Update RS (ms): Min: 0.6, Avg: 0.6, Max: 0.6, Diff: 0.0, Sum: 2.3]
         [Processed Buffers: Min: 15, Avg: 25.2, Max: 44, Diff: 29, Sum: 101]
      [Scan RS (ms): Min: 0.0, Avg: 0.0, Max: 0.0, Diff: 0.0, Sum: 0.0]
      [Code Root Scanning (ms): Min: 0.0, Avg: 0.0, Max: 0.1, Diff: 0.1, Sum: 0.1]
      [Object Copy (ms): Min: 0.3, Avg: 0.3, Max: 0.4, Diff: 0.1, Sum: 1.3]
      [Termination (ms): Min: 0.0, Avg: 0.0, Max: 0.0, Diff: 0.0, Sum: 0.0]
         [Termination Attempts: Min: 1, Avg: 1.0, Max: 1, Diff: 0, Sum: 4]
      [GC Worker Other (ms): Min: 0.0, Avg: 0.0, Max: 0.0, Diff: 0.0, Sum: 0.0]
      [GC Worker Total (ms): Min: 1.8, Avg: 1.8, Max: 1.8, Diff: 0.0, Sum: 7.2]
      [GC Worker End (ms): Min: 27282.7, Avg: 27282.7, Max: 27282.7, Diff: 0.0]
   [Code Root Fixup: 0.1 ms]
   [Code Root Purge: 0.0 ms]
   [Clear CT: 0.0 ms]
   [Other: 0.2 ms]
      [Choose CSet: 0.0 ms]
      [Ref Proc: 0.1 ms]
      [Ref Enq: 0.0 ms]
      [Redirty Cards: 0.0 ms]
      [Humongous Register: 0.0 ms]
      [Humongous Reclaim: 0.0 ms]
      [Free CSet: 0.0 ms]
   [Eden: 49.0M(49.0M)->0.0B(49.0M) Survivors: 1024.0K->1024.0K Heap: 87.8M(100.0M)->38.8M(100.0M)]
 [Times: user=0.01 sys=0.00, real=0.00 secs] 
27.512: [GC pause (G1 Evacuation Pause) (young), 0.0026765 secs]
   [Parallel Time: 2.3 ms, GC Workers: 4]
      [GC Worker Start (ms): Min: 27512.5, Avg: 27512.6, Max: 27512.6, Diff: 0.0]
      [Ext Root Scanning (ms): Min: 1.0, Avg: 1.0, Max: 1.1, Diff: 0.1, Sum: 4.2]
      [Update RS (ms): Min: 0.7, Avg: 0.7, Max: 0.7, Diff: 0.0, Sum: 2.7]
         [Processed Buffers: Min: 24, Avg: 26.8, Max: 31, Diff: 7, Sum: 107]
      [Scan RS (ms): Min: 0.0, Avg: 0.0, Max: 0.0, Diff: 0.0, Sum: 0.0]
      [Code Root Scanning (ms): Min: 0.0, Avg: 0.0, Max: 0.1, Diff: 0.1, Sum: 0.1]
      [Object Copy (ms): Min: 0.4, Avg: 0.5, Max: 0.5, Diff: 0.1, Sum: 1.8]
      [Termination (ms): Min: 0.0, Avg: 0.0, Max: 0.0, Diff: 0.0, Sum: 0.0]
         [Termination Attempts: Min: 1, Avg: 1.0, Max: 1, Diff: 0, Sum: 4]
      [GC Worker Other (ms): Min: 0.0, Avg: 0.0, Max: 0.0, Diff: 0.0, Sum: 0.1]
      [GC Worker Total (ms): Min: 2.2, Avg: 2.2, Max: 2.3, Diff: 0.1, Sum: 8.9]
      [GC Worker End (ms): Min: 27514.8, Avg: 27514.8, Max: 27514.8, Diff: 0.0]
   [Code Root Fixup: 0.1 ms]
   [Code Root Purge: 0.0 ms]
   [Clear CT: 0.0 ms]
   [Other: 0.3 ms]
      [Choose CSet: 0.0 ms]
      [Ref Proc: 0.1 ms]
      [Ref Enq: 0.0 ms]
      [Redirty Cards: 0.0 ms]
      [Humongous Register: 0.0 ms]
      [Humongous Reclaim: 0.0 ms]
      [Free CSet: 0.0 ms]
   [Eden: 49.0M(49.0M)->0.0B(49.0M) Survivors: 1024.0K->1024.0K Heap: 87.8M(100.0M)->39.2M(100.0M)]
 [Times: user=0.01 sys=0.00, real=0.01 secs] 
27.751: [GC pause (G1 Evacuation Pause) (young), 0.0030797 secs]
   [Parallel Time: 2.6 ms, GC Workers: 4]
      [GC Worker Start (ms): Min: 27750.9, Avg: 27750.9, Max: 27750.9, Diff: 0.0]
      [Ext Root Scanning (ms): Min: 1.1, Avg: 1.2, Max: 1.3, Diff: 0.2, Sum: 4.8]
      [Update RS (ms): Min: 0.7, Avg: 0.7, Max: 0.7, Diff: 0.0, Sum: 2.7]
         [Processed Buffers: Min: 17, Avg: 20.8, Max: 29, Diff: 12, Sum: 83]
      [Scan RS (ms): Min: 0.0, Avg: 0.0, Max: 0.0, Diff: 0.0, Sum: 0.0]
      [Code Root Scanning (ms): Min: 0.0, Avg: 0.0, Max: 0.1, Diff: 0.1, Sum: 0.1]
      [Object Copy (ms): Min: 0.5, Avg: 0.6, Max: 0.6, Diff: 0.1, Sum: 2.4]
      [Termination (ms): Min: 0.0, Avg: 0.0, Max: 0.0, Diff: 0.0, Sum: 0.0]
         [Termination Attempts: Min: 1, Avg: 1.0, Max: 1, Diff: 0, Sum: 4]
      [GC Worker Other (ms): Min: 0.0, Avg: 0.0, Max: 0.0, Diff: 0.0, Sum: 0.1]
      [GC Worker Total (ms): Min: 2.5, Avg: 2.5, Max: 2.5, Diff: 0.0, Sum: 10.0]
      [GC Worker End (ms): Min: 27753.4, Avg: 27753.4, Max: 27753.4, Diff: 0.0]
   [Code Root Fixup: 0.1 ms]
   [Code Root Purge: 0.0 ms]
   [Clear CT: 0.0 ms]
   [Other: 0.3 ms]
      [Choose CSet: 0.0 ms]
      [Ref Proc: 0.1 ms]
      [Ref Enq: 0.0 ms]
      [Redirty Cards: 0.0 ms]
      [Humongous Register: 0.0 ms]
      [Humongous Reclaim: 0.0 ms]
      [Free CSet: 0.0 ms]
   [Eden: 49.0M(49.0M)->0.0B(47.0M) Survivors: 1024.0K->2048.0K Heap: 88.2M(100.0M)->39.6M(100.0M)]
 [Times: user=0.01 sys=0.00, real=0.01 secs] 
27.961: [GC pause (G1 Evacuation Pause) (young), 0.0024960 secs]
   [Parallel Time: 2.1 ms, GC Workers: 4]
      [GC Worker Start (ms): Min: 27960.7, Avg: 27960.7, Max: 27960.7, Diff: 0.0]
      [Ext Root Scanning (ms): Min: 1.0, Avg: 1.0, Max: 1.1, Diff: 0.1, Sum: 4.2]
      [Update RS (ms): Min: 0.7, Avg: 0.7, Max: 0.7, Diff: 0.0, Sum: 2.7]
         [Processed Buffers: Min: 24, Avg: 26.8, Max: 31, Diff: 7, Sum: 107]
      [Scan RS (ms): Min: 0.0, Avg: 0.0, Max: 0.0, Diff: 0.0, Sum: 0.0]
      [Code Root Scanning (ms): Min: 0.0, Avg: 0.0, Max: 0.1, Diff: 0.1, Sum: 0.1]
      [Object Copy (ms): Min: 0.2, Avg: 0.3, Max: 0.4, Diff: 0.1, Sum: 1.2]
      [Termination (ms): Min: 0.0, Avg: 0.0, Max: 0.0, Diff: 0.0, Sum: 0.0]
         [Termination Attempts: Min: 1, Avg: 1.0, Max: 1, Diff: 0, Sum: 4]
      [GC Worker Other (ms): Min: 0.0, Avg: 0.0, Max: 0.0, Diff: 0.0, Sum: 0.0]
      [GC Worker Total (ms): Min: 2.1, Avg: 2.1, Max: 2.1, Diff: 0.0, Sum: 8.4]
      [GC Worker End (ms): Min: 27962.8, Avg: 27962.8, Max: 27962.8, Diff: 0.0]
   [Code Root Fixup: 0.1 ms]
   [Code Root Purge: 0.0 ms]
   [Clear CT: 0.0 ms]
   [Other: 0.2 ms]
      [Choose CSet: 0.0 ms]
      [Ref Proc: 0.1 ms]
      [Ref Enq: 0.0 ms]
      [Redirty Cards: 0.0 ms]
      [Humongous Register: 0.0 ms]
      [Humongous Reclaim: 0.0 ms]
      [Free CSet: 0.0 ms]
   [Eden: 47.0M(47.0M)->0.0B(49.0M) Survivors: 2048.0K->1024.0K Heap: 86.6M(100.0M)->39.2M(100.0M)]
 [Times: user=0.01 sys=0.00, real=0.00 secs] 
28.158: [GC pause (G1 Evacuation Pause) (young), 0.0024052 secs]
   [Parallel Time: 2.0 ms, GC Workers: 4]
      [GC Worker Start (ms): Min: 28158.4, Avg: 28158.6, Max: 28159.1, Diff: 0.7]
      [Ext Root Scanning (ms): Min: 0.4, Avg: 0.9, Max: 1.1, Diff: 0.7, Sum: 3.6]
      [Update RS (ms): Min: 0.5, Avg: 0.5, Max: 0.5, Diff: 0.0, Sum: 2.1]
         [Processed Buffers: Min: 21, Avg: 26.5, Max: 30, Diff: 9, Sum: 106]
      [Scan RS (ms): Min: 0.0, Avg: 0.0, Max: 0.0, Diff: 0.0, Sum: 0.0]
      [Code Root Scanning (ms): Min: 0.0, Avg: 0.0, Max: 0.1, Diff: 0.1, Sum: 0.1]
      [Object Copy (ms): Min: 0.1, Avg: 0.3, Max: 0.4, Diff: 0.2, Sum: 1.1]
      [Termination (ms): Min: 0.0, Avg: 0.0, Max: 0.0, Diff: 0.0, Sum: 0.0]
         [Termination Attempts: Min: 1, Avg: 1.0, Max: 1, Diff: 0, Sum: 4]
      [GC Worker Other (ms): Min: 0.0, Avg: 0.0, Max: 0.0, Diff: 0.0, Sum: 0.1]
      [GC Worker Total (ms): Min: 1.2, Avg: 1.8, Max: 1.9, Diff: 0.7, Sum: 7.1]
      [GC Worker End (ms): Min: 28160.3, Avg: 28160.3, Max: 28160.3, Diff: 0.0]
   [Code Root Fixup: 0.1 ms]
   [Code Root Purge: 0.0 ms]
   [Clear CT: 0.1 ms]
   [Other: 0.3 ms]
      [Choose CSet: 0.0 ms]
      [Ref Proc: 0.1 ms]
      [Ref Enq: 0.0 ms]
      [Redirty Cards: 0.0 ms]
      [Humongous Register: 0.0 ms]
      [Humongous Reclaim: 0.0 ms]
      [Free CSet: 0.0 ms]
   [Eden: 49.0M(49.0M)->0.0B(49.0M) Survivors: 1024.0K->1024.0K Heap: 88.2M(100.0M)->38.8M(100.0M)]
 [Times: user=0.01 sys=0.00, real=0.00 secs] 
28.366: [GC pause (G1 Evacuation Pause) (young), 0.0024264 secs]
   [Parallel Time: 2.0 ms, GC Workers: 4]
      [GC Worker Start (ms): Min: 28365.9, Avg: 28365.9, Max: 28365.9, Diff: 0.0]
      [Ext Root Scanning (ms): Min: 1.0, Avg: 1.0, Max: 1.1, Diff: 0.1, Sum: 4.2]
      [Update RS (ms): Min: 0.5, Avg: 0.5, Max: 0.5, Diff: 0.0, Sum: 2.1]
         [Processed Buffers: Min: 18, Avg: 19.2, Max: 21, Diff: 3, Sum: 77]
      [Scan RS (ms): Min: 0.0, Avg: 0.0, Max: 0.0, Diff: 0.0, Sum: 0.0]
      [Code Root Scanning (ms): Min: 0.0, Avg: 0.0, Max: 0.1, Diff: 0.1, Sum: 0.1]
      [Object Copy (ms): Min: 0.3, Avg: 0.3, Max: 0.4, Diff: 0.1, Sum: 1.4]
      [Termination (ms): Min: 0.0, Avg: 0.0, Max: 0.0, Diff: 0.0, Sum: 0.0]
         [Termination Attempts: Min: 1, Avg: 1.0, Max: 1, Diff: 0, Sum: 4]
      [GC Worker Other (ms): Min: 0.0, Avg: 0.0, Max: 0.0, Diff: 0.0, Sum: 0.1]
      [GC Worker Total (ms): Min: 1.9, Avg: 2.0, Max: 2.0, Diff: 0.0, Sum: 7.9]
      [GC Worker End (ms): Min: 28367.8, Avg: 28367.9, Max: 28367.9, Diff: 0.0]
   [Code Root Fixup: 0.1 ms]
   [Code Root Purge: 0.0 ms]
   [Clear CT: 0.0 ms]
   [Other: 0.3 ms]
      [Choose CSet: 0.0 ms]
      [Ref Proc: 0.1 ms]
      [Ref Enq: 0.0 ms]
      [Redirty Cards: 0.0 ms]
      [Humongous Register: 0.0 ms]
      [Humongous Reclaim: 0.0 ms]
      [Free CSet: 0.0 ms]
   [Eden: 49.0M(49.0M)->0.0B(49.0M) Survivors: 1024.0K->1024.0K Heap: 87.8M(100.0M)->38.9M(100.0M)]
 [Times: user=0.01 sys=0.00, real=0.00 secs] 
28.543: [GC pause (G1 Evacuation Pause) (young), 0.0022539 secs]
   [Parallel Time: 1.7 ms, GC Workers: 4]
      [GC Worker Start (ms): Min: 28543.2, Avg: 28543.2, Max: 28543.2, Diff: 0.0]
      [Ext Root Scanning (ms): Min: 0.8, Avg: 0.8, Max: 0.9, Diff: 0.1, Sum: 3.4]
      [Update RS (ms): Min: 0.5, Avg: 0.5, Max: 0.5, Diff: 0.0, Sum: 1.9]
         [Processed Buffers: Min: 14, Avg: 18.0, Max: 22, Diff: 8, Sum: 72]
      [Scan RS (ms): Min: 0.0, Avg: 0.0, Max: 0.0, Diff: 0.0, Sum: 0.0]
      [Code Root Scanning (ms): Min: 0.0, Avg: 0.0, Max: 0.1, Diff: 0.1, Sum: 0.1]
      [Object Copy (ms): Min: 0.3, Avg: 0.3, Max: 0.3, Diff: 0.1, Sum: 1.2]
      [Termination (ms): Min: 0.0, Avg: 0.0, Max: 0.0, Diff: 0.0, Sum: 0.0]
         [Termination Attempts: Min: 1, Avg: 1.2, Max: 2, Diff: 1, Sum: 5]
      [GC Worker Other (ms): Min: 0.0, Avg: 0.0, Max: 0.0, Diff: 0.0, Sum: 0.1]
      [GC Worker Total (ms): Min: 1.6, Avg: 1.7, Max: 1.7, Diff: 0.0, Sum: 6.7]
      [GC Worker End (ms): Min: 28544.8, Avg: 28544.8, Max: 28544.8, Diff: 0.0]
   [Code Root Fixup: 0.1 ms]
   [Code Root Purge: 0.0 ms]
   [Clear CT: 0.1 ms]
   [Other: 0.4 ms]
      [Choose CSet: 0.0 ms]
      [Ref Proc: 0.2 ms]
      [Ref Enq: 0.0 ms]
      [Redirty Cards: 0.0 ms]
      [Humongous Register: 0.0 ms]
      [Humongous Reclaim: 0.0 ms]
      [Free CSet: 0.0 ms]
   [Eden: 49.0M(49.0M)->0.0B(49.0M) Survivors: 1024.0K->1024.0K Heap: 87.9M(100.0M)->38.9M(100.0M)]
 [Times: user=0.01 sys=0.00, real=0.01 secs] 
28.721: [GC pause (G1 Evacuation Pause) (young), 0.0034545 secs]
   [Parallel Time: 3.0 ms, GC Workers: 4]
      [GC Worker Start (ms): Min: 28721.1, Avg: 28721.2, Max: 28721.6, Diff: 0.5]
      [Ext Root Scanning (ms): Min: 0.6, Avg: 1.4, Max: 2.9, Diff: 2.3, Sum: 5.7]
      [Update RS (ms): Min: 0.0, Avg: 0.7, Max: 0.9, Diff: 0.9, Sum: 2.6]
         [Processed Buffers: Min: 0, Avg: 19.5, Max: 33, Diff: 33, Sum: 78]
      [Scan RS (ms): Min: 0.0, Avg: 0.0, Max: 0.0, Diff: 0.0, Sum: 0.0]
      [Code Root Scanning (ms): Min: 0.0, Avg: 0.0, Max: 0.1, Diff: 0.1, Sum: 0.1]
      [Object Copy (ms): Min: 0.1, Avg: 0.6, Max: 0.8, Diff: 0.8, Sum: 2.4]
      [Termination (ms): Min: 0.0, Avg: 0.1, Max: 0.2, Diff: 0.2, Sum: 0.5]
         [Termination Attempts: Min: 1, Avg: 1.0, Max: 1, Diff: 0, Sum: 4]
      [GC Worker Other (ms): Min: 0.0, Avg: 0.0, Max: 0.0, Diff: 0.0, Sum: 0.0]
      [GC Worker Total (ms): Min: 2.5, Avg: 2.8, Max: 3.0, Diff: 0.5, Sum: 11.4]
      [GC Worker End (ms): Min: 28724.0, Avg: 28724.1, Max: 28724.1, Diff: 0.1]
   [Code Root Fixup: 0.1 ms]
   [Code Root Purge: 0.0 ms]
   [Clear CT: 0.0 ms]
   [Other: 0.3 ms]
      [Choose CSet: 0.0 ms]
      [Ref Proc: 0.1 ms]
      [Ref Enq: 0.0 ms]
      [Redirty Cards: 0.0 ms]
      [Humongous Register: 0.0 ms]
      [Humongous Reclaim: 0.0 ms]
      [Free CSet: 0.0 ms]
   [Eden: 49.0M(49.0M)->0.0B(49.0M) Survivors: 1024.0K->1024.0K Heap: 87.9M(100.0M)->39.2M(100.0M)]
 [Times: user=0.01 sys=0.00, real=0.01 secs] 
28.928: [GC pause (G1 Evacuation Pause) (young), 0.0020249 secs]
   [Parallel Time: 1.6 ms, GC Workers: 4]
      [GC Worker Start (ms): Min: 28928.3, Avg: 28928.4, Max: 28928.4, Diff: 0.0]
      [Ext Root Scanning (ms): Min: 0.7, Avg: 0.8, Max: 0.8, Diff: 0.1, Sum: 3.0]
      [Update RS (ms): Min: 0.5, Avg: 0.5, Max: 0.5, Diff: 0.0, Sum: 2.2]
         [Processed Buffers: Min: 20, Avg: 26.8, Max: 41, Diff: 21, Sum: 107]
      [Scan RS (ms): Min: 0.0, Avg: 0.0, Max: 0.0, Diff: 0.0, Sum: 0.0]
      [Code Root Scanning (ms): Min: 0.0, Avg: 0.0, Max: 0.1, Diff: 0.1, Sum: 0.1]
      [Object Copy (ms): Min: 0.2, Avg: 0.3, Max: 0.3, Diff: 0.1, Sum: 1.0]
      [Termination (ms): Min: 0.0, Avg: 0.0, Max: 0.0, Diff: 0.0, Sum: 0.0]
         [Termination Attempts: Min: 1, Avg: 1.0, Max: 1, Diff: 0, Sum: 4]
      [GC Worker Other (ms): Min: 0.0, Avg: 0.0, Max: 0.0, Diff: 0.0, Sum: 0.0]
      [GC Worker Total (ms): Min: 1.6, Avg: 1.6, Max: 1.6, Diff: 0.0, Sum: 6.4]
      [GC Worker End (ms): Min: 28929.9, Avg: 28929.9, Max: 28929.9, Diff: 0.0]
   [Code Root Fixup: 0.1 ms]
   [Code Root Purge: 0.0 ms]
   [Clear CT: 0.0 ms]
   [Other: 0.3 ms]
      [Choose CSet: 0.0 ms]
      [Ref Proc: 0.1 ms]
      [Ref Enq: 0.0 ms]
      [Redirty Cards: 0.0 ms]
      [Humongous Register: 0.0 ms]
      [Humongous Reclaim: 0.0 ms]
      [Free CSet: 0.0 ms]
   [Eden: 49.0M(49.0M)->0.0B(49.0M) Survivors: 1024.0K->1024.0K Heap: 88.2M(100.0M)->38.9M(100.0M)]
 [Times: user=0.01 sys=0.00, real=0.00 secs] 
29.121: [GC pause (G1 Evacuation Pause) (young), 0.0020686 secs]
   [Parallel Time: 1.8 ms, GC Workers: 4]
      [GC Worker Start (ms): Min: 29120.8, Avg: 29120.8, Max: 29120.9, Diff: 0.1]
      [Ext Root Scanning (ms): Min: 0.7, Avg: 0.8, Max: 0.9, Diff: 0.1, Sum: 3.1]
      [Update RS (ms): Min: 0.5, Avg: 0.5, Max: 0.5, Diff: 0.0, Sum: 2.0]
         [Processed Buffers: Min: 13, Avg: 18.8, Max: 26, Diff: 13, Sum: 75]
      [Scan RS (ms): Min: 0.0, Avg: 0.0, Max: 0.0, Diff: 0.0, Sum: 0.0]
      [Code Root Scanning (ms): Min: 0.0, Avg: 0.0, Max: 0.1, Diff: 0.1, Sum: 0.1]
      [Object Copy (ms): Min: 0.3, Avg: 0.4, Max: 0.4, Diff: 0.1, Sum: 1.5]
      [Termination (ms): Min: 0.0, Avg: 0.0, Max: 0.0, Diff: 0.0, Sum: 0.0]
         [Termination Attempts: Min: 1, Avg: 1.0, Max: 1, Diff: 0, Sum: 4]
      [GC Worker Other (ms): Min: 0.0, Avg: 0.0, Max: 0.0, Diff: 0.0, Sum: 0.1]
      [GC Worker Total (ms): Min: 1.6, Avg: 1.7, Max: 1.7, Diff: 0.1, Sum: 6.7]
      [GC Worker End (ms): Min: 29122.5, Avg: 29122.5, Max: 29122.5, Diff: 0.0]
   [Code Root Fixup: 0.1 ms]
   [Code Root Purge: 0.0 ms]
   [Clear CT: 0.0 ms]
   [Other: 0.2 ms]
      [Choose CSet: 0.0 ms]
      [Ref Proc: 0.1 ms]
      [Ref Enq: 0.0 ms]
      [Redirty Cards: 0.0 ms]
      [Humongous Register: 0.0 ms]
      [Humongous Reclaim: 0.0 ms]
      [Free CSet: 0.0 ms]
   [Eden: 49.0M(49.0M)->0.0B(49.0M) Survivors: 1024.0K->1024.0K Heap: 87.9M(100.0M)->38.9M(100.0M)]
 [Times: user=0.01 sys=0.00, real=0.00 secs] 
29.311: [GC pause (G1 Evacuation Pause) (young), 0.0031854 secs]
   [Parallel Time: 2.8 ms, GC Workers: 4]
      [GC Worker Start (ms): Min: 29310.7, Avg: 29311.5, Max: 29313.5, Diff: 2.8]
      [Ext Root Scanning (ms): Min: 0.0, Avg: 0.7, Max: 1.2, Diff: 1.1, Sum: 2.8]
      [Update RS (ms): Min: 0.0, Avg: 0.5, Max: 0.7, Diff: 0.7, Sum: 2.0]
         [Processed Buffers: Min: 0, Avg: 26.5, Max: 41, Diff: 41, Sum: 106]
      [Scan RS (ms): Min: 0.0, Avg: 0.0, Max: 0.0, Diff: 0.0, Sum: 0.0]
      [Code Root Scanning (ms): Min: 0.0, Avg: 0.0, Max: 0.1, Diff: 0.1, Sum: 0.1]
      [Object Copy (ms): Min: 0.0, Avg: 0.3, Max: 0.4, Diff: 0.4, Sum: 1.1]
      [Termination (ms): Min: 0.0, Avg: 0.4, Max: 0.6, Diff: 0.6, Sum: 1.7]
         [Termination Attempts: Min: 1, Avg: 1.0, Max: 1, Diff: 0, Sum: 4]
      [GC Worker Other (ms): Min: 0.0, Avg: 0.0, Max: 0.0, Diff: 0.0, Sum: 0.0]
      [GC Worker Total (ms): Min: 0.0, Avg: 1.9, Max: 2.8, Diff: 2.8, Sum: 7.8]
      [GC Worker End (ms): Min: 29313.5, Avg: 29313.5, Max: 29313.5, Diff: 0.0]
   [Code Root Fixup: 0.1 ms]
   [Code Root Purge: 0.0 ms]
   [Clear CT: 0.0 ms]
   [Other: 0.2 ms]
      [Choose CSet: 0.0 ms]
      [Ref Proc: 0.1 ms]
      [Ref Enq: 0.0 ms]
      [Redirty Cards: 0.0 ms]
      [Humongous Register: 0.0 ms]
      [Humongous Reclaim: 0.0 ms]
      [Free CSet: 0.0 ms]
   [Eden: 49.0M(49.0M)->0.0B(49.0M) Survivors: 1024.0K->1024.0K Heap: 87.9M(100.0M)->38.8M(100.0M)]
 [Times: user=0.01 sys=0.00, real=0.01 secs] 
29.483: [GC pause (G1 Evacuation Pause) (young), 0.0017835 secs]
   [Parallel Time: 1.4 ms, GC Workers: 4]
      [GC Worker Start (ms): Min: 29483.4, Avg: 29483.4, Max: 29483.4, Diff: 0.0]
      [Ext Root Scanning (ms): Min: 0.6, Avg: 0.7, Max: 0.7, Diff: 0.1, Sum: 2.6]
      [Update RS (ms): Min: 0.4, Avg: 0.4, Max: 0.5, Diff: 0.0, Sum: 1.8]
         [Processed Buffers: Min: 8, Avg: 26.5, Max: 51, Diff: 43, Sum: 106]
      [Scan RS (ms): Min: 0.0, Avg: 0.0, Max: 0.0, Diff: 0.0, Sum: 0.0]
      [Code Root Scanning (ms): Min: 0.0, Avg: 0.0, Max: 0.1, Diff: 0.1, Sum: 0.1]
      [Object Copy (ms): Min: 0.2, Avg: 0.2, Max: 0.3, Diff: 0.1, Sum: 0.9]
      [Termination (ms): Min: 0.0, Avg: 0.0, Max: 0.0, Diff: 0.0, Sum: 0.0]
         [Termination Attempts: Min: 1, Avg: 1.0, Max: 1, Diff: 0, Sum: 4]
      [GC Worker Other (ms): Min: 0.0, Avg: 0.0, Max: 0.0, Diff: 0.0, Sum: 0.0]
      [GC Worker Total (ms): Min: 1.3, Avg: 1.4, Max: 1.4, Diff: 0.0, Sum: 5.5]
      [GC Worker End (ms): Min: 29484.8, Avg: 29484.8, Max: 29484.8, Diff: 0.0]
   [Code Root Fixup: 0.1 ms]
   [Code Root Purge: 0.0 ms]
   [Clear CT: 0.0 ms]
   [Other: 0.2 ms]
      [Choose CSet: 0.0 ms]
      [Ref Proc: 0.1 ms]
      [Ref Enq: 0.0 ms]
      [Redirty Cards: 0.0 ms]
      [Humongous Register: 0.0 ms]
      [Humongous Reclaim: 0.0 ms]
      [Free CSet: 0.0 ms]
   [Eden: 49.0M(49.0M)->0.0B(49.0M) Survivors: 1024.0K->1024.0K Heap: 87.8M(100.0M)->38.7M(100.0M)]
 [Times: user=0.01 sys=0.00, real=0.01 secs] 
29.658: [GC pause (G1 Evacuation Pause) (young), 0.0017358 secs]
   [Parallel Time: 1.4 ms, GC Workers: 4]
      [GC Worker Start (ms): Min: 29657.6, Avg: 29657.6, Max: 29657.6, Diff: 0.0]
      [Ext Root Scanning (ms): Min: 0.6, Avg: 0.6, Max: 0.7, Diff: 0.1, Sum: 2.6]
      [Update RS (ms): Min: 0.4, Avg: 0.4, Max: 0.4, Diff: 0.0, Sum: 1.7]
         [Processed Buffers: Min: 12, Avg: 24.0, Max: 43, Diff: 31, Sum: 96]
      [Scan RS (ms): Min: 0.0, Avg: 0.0, Max: 0.0, Diff: 0.0, Sum: 0.0]
      [Code Root Scanning (ms): Min: 0.0, Avg: 0.0, Max: 0.1, Diff: 0.1, Sum: 0.1]
      [Object Copy (ms): Min: 0.1, Avg: 0.2, Max: 0.3, Diff: 0.2, Sum: 0.9]
      [Termination (ms): Min: 0.0, Avg: 0.0, Max: 0.0, Diff: 0.0, Sum: 0.0]
         [Termination Attempts: Min: 1, Avg: 1.0, Max: 1, Diff: 0, Sum: 4]
      [GC Worker Other (ms): Min: 0.0, Avg: 0.0, Max: 0.0, Diff: 0.0, Sum: 0.0]
      [GC Worker Total (ms): Min: 1.3, Avg: 1.3, Max: 1.3, Diff: 0.0, Sum: 5.3]
      [GC Worker End (ms): Min: 29658.9, Avg: 29658.9, Max: 29658.9, Diff: 0.0]
   [Code Root Fixup: 0.1 ms]
   [Code Root Purge: 0.0 ms]
   [Clear CT: 0.0 ms]
   [Other: 0.2 ms]
      [Choose CSet: 0.0 ms]
      [Ref Proc: 0.1 ms]
      [Ref Enq: 0.0 ms]
      [Redirty Cards: 0.0 ms]
      [Humongous Register: 0.0 ms]
      [Humongous Reclaim: 0.0 ms]
      [Free CSet: 0.0 ms]
   [Eden: 49.0M(49.0M)->0.0B(49.0M) Survivors: 1024.0K->1024.0K Heap: 87.7M(100.0M)->38.8M(100.0M)]
 [Times: user=0.01 sys=0.00, real=0.00 secs] 
29.821: [GC pause (G1 Evacuation Pause) (young), 0.0017201 secs]
   [Parallel Time: 1.4 ms, GC Workers: 4]
      [GC Worker Start (ms): Min: 29820.9, Avg: 29821.0, Max: 29821.0, Diff: 0.0]
      [Ext Root Scanning (ms): Min: 0.6, Avg: 0.7, Max: 0.7, Diff: 0.1, Sum: 2.7]
      [Update RS (ms): Min: 0.4, Avg: 0.4, Max: 0.4, Diff: 0.0, Sum: 1.6]
         [Processed Buffers: Min: 6, Avg: 23.5, Max: 41, Diff: 35, Sum: 94]
      [Scan RS (ms): Min: 0.0, Avg: 0.0, Max: 0.0, Diff: 0.0, Sum: 0.0]
      [Code Root Scanning (ms): Min: 0.0, Avg: 0.0, Max: 0.1, Diff: 0.1, Sum: 0.1]
      [Object Copy (ms): Min: 0.2, Avg: 0.2, Max: 0.3, Diff: 0.1, Sum: 0.9]
      [Termination (ms): Min: 0.0, Avg: 0.0, Max: 0.0, Diff: 0.0, Sum: 0.0]
         [Termination Attempts: Min: 1, Avg: 1.0, Max: 1, Diff: 0, Sum: 4]
      [GC Worker Other (ms): Min: 0.0, Avg: 0.0, Max: 0.0, Diff: 0.0, Sum: 0.0]
      [GC Worker Total (ms): Min: 1.3, Avg: 1.3, Max: 1.3, Diff: 0.0, Sum: 5.3]
      [GC Worker End (ms): Min: 29822.3, Avg: 29822.3, Max: 29822.3, Diff: 0.0]
   [Code Root Fixup: 0.1 ms]
   [Code Root Purge: 0.0 ms]
   [Clear CT: 0.0 ms]
   [Other: 0.2 ms]
      [Choose CSet: 0.0 ms]
      [Ref Proc: 0.1 ms]
      [Ref Enq: 0.0 ms]
      [Redirty Cards: 0.0 ms]
      [Humongous Register: 0.0 ms]
      [Humongous Reclaim: 0.0 ms]
      [Free CSet: 0.0 ms]
   [Eden: 49.0M(49.0M)->0.0B(49.0M) Survivors: 1024.0K->1024.0K Heap: 87.8M(100.0M)->38.8M(100.0M)]
 [Times: user=0.00 sys=0.00, real=0.00 secs] 
29.989: [GC pause (G1 Evacuation Pause) (young), 0.0019493 secs]
   [Parallel Time: 1.5 ms, GC Workers: 4]
      [GC Worker Start (ms): Min: 29989.3, Avg: 29989.3, Max: 29989.3, Diff: 0.0]
      [Ext Root Scanning (ms): Min: 0.7, Avg: 0.7, Max: 0.8, Diff: 0.1, Sum: 2.8]
      [Update RS (ms): Min: 0.4, Avg: 0.4, Max: 0.4, Diff: 0.0, Sum: 1.7]
         [Processed Buffers: Min: 6, Avg: 23.5, Max: 47, Diff: 41, Sum: 94]
      [Scan RS (ms): Min: 0.0, Avg: 0.0, Max: 0.0, Diff: 0.0, Sum: 0.0]
      [Code Root Scanning (ms): Min: 0.0, Avg: 0.0, Max: 0.1, Diff: 0.1, Sum: 0.1]
      [Object Copy (ms): Min: 0.2, Avg: 0.2, Max: 0.3, Diff: 0.1, Sum: 1.0]
      [Termination (ms): Min: 0.0, Avg: 0.0, Max: 0.0, Diff: 0.0, Sum: 0.0]
         [Termination Attempts: Min: 1, Avg: 1.0, Max: 1, Diff: 0, Sum: 4]
      [GC Worker Other (ms): Min: 0.0, Avg: 0.0, Max: 0.0, Diff: 0.0, Sum: 0.0]
      [GC Worker Total (ms): Min: 1.4, Avg: 1.4, Max: 1.4, Diff: 0.0, Sum: 5.7]
      [GC Worker End (ms): Min: 29990.7, Avg: 29990.7, Max: 29990.7, Diff: 0.0]
   [Code Root Fixup: 0.1 ms]
   [Code Root Purge: 0.0 ms]
   [Clear CT: 0.0 ms]
   [Other: 0.3 ms]
      [Choose CSet: 0.0 ms]
      [Ref Proc: 0.1 ms]
      [Ref Enq: 0.0 ms]
      [Redirty Cards: 0.0 ms]
      [Humongous Register: 0.0 ms]
      [Humongous Reclaim: 0.0 ms]
      [Free CSet: 0.0 ms]
   [Eden: 49.0M(49.0M)->0.0B(49.0M) Survivors: 1024.0K->1024.0K Heap: 87.8M(100.0M)->38.9M(100.0M)]
 [Times: user=0.01 sys=0.00, real=0.00 secs] 
30.157: [GC pause (G1 Evacuation Pause) (young), 0.0019079 secs]
   [Parallel Time: 1.6 ms, GC Workers: 4]
      [GC Worker Start (ms): Min: 30156.8, Avg: 30156.8, Max: 30156.8, Diff: 0.0]
      [Ext Root Scanning (ms): Min: 0.6, Avg: 0.7, Max: 0.8, Diff: 0.2, Sum: 2.7]
      [Update RS (ms): Min: 0.4, Avg: 0.4, Max: 0.5, Diff: 0.0, Sum: 1.8]
         [Processed Buffers: Min: 8, Avg: 24.5, Max: 42, Diff: 34, Sum: 98]
      [Scan RS (ms): Min: 0.0, Avg: 0.0, Max: 0.0, Diff: 0.0, Sum: 0.0]
      [Code Root Scanning (ms): Min: 0.0, Avg: 0.0, Max: 0.1, Diff: 0.1, Sum: 0.1]
      [Object Copy (ms): Min: 0.2, Avg: 0.3, Max: 0.4, Diff: 0.1, Sum: 1.2]
      [Termination (ms): Min: 0.0, Avg: 0.1, Max: 0.1, Diff: 0.1, Sum: 0.3]
         [Termination Attempts: Min: 1, Avg: 1.0, Max: 1, Diff: 0, Sum: 4]
      [GC Worker Other (ms): Min: 0.0, Avg: 0.0, Max: 0.0, Diff: 0.0, Sum: 0.0]
      [GC Worker Total (ms): Min: 1.5, Avg: 1.5, Max: 1.5, Diff: 0.0, Sum: 6.1]
      [GC Worker End (ms): Min: 30158.3, Avg: 30158.3, Max: 30158.3, Diff: 0.0]
   [Code Root Fixup: 0.1 ms]
   [Code Root Purge: 0.0 ms]
   [Clear CT: 0.0 ms]
   [Other: 0.2 ms]
      [Choose CSet: 0.0 ms]
      [Ref Proc: 0.1 ms]
      [Ref Enq: 0.0 ms]
      [Redirty Cards: 0.0 ms]
      [Humongous Register: 0.0 ms]
      [Humongous Reclaim: 0.0 ms]
      [Free CSet: 0.0 ms]
   [Eden: 49.0M(49.0M)->0.0B(49.0M) Survivors: 1024.0K->1024.0K Heap: 87.9M(100.0M)->38.9M(100.0M)]
 [Times: user=0.00 sys=0.00, real=0.00 secs] 
30.311: [GC pause (G1 Evacuation Pause) (young), 0.0019906 secs]
   [Parallel Time: 1.6 ms, GC Workers: 4]
      [GC Worker Start (ms): Min: 30311.3, Avg: 30311.3, Max: 30311.4, Diff: 0.1]
      [Ext Root Scanning (ms): Min: 0.7, Avg: 0.8, Max: 0.8, Diff: 0.2, Sum: 3.1]
      [Update RS (ms): Min: 0.4, Avg: 0.4, Max: 0.4, Diff: 0.0, Sum: 1.7]
         [Processed Buffers: Min: 10, Avg: 21.8, Max: 32, Diff: 22, Sum: 87]
      [Scan RS (ms): Min: 0.0, Avg: 0.0, Max: 0.0, Diff: 0.0, Sum: 0.0]
      [Code Root Scanning (ms): Min: 0.0, Avg: 0.0, Max: 0.1, Diff: 0.1, Sum: 0.1]
      [Object Copy (ms): Min: 0.2, Avg: 0.3, Max: 0.4, Diff: 0.2, Sum: 1.4]
      [Termination (ms): Min: 0.0, Avg: 0.0, Max: 0.0, Diff: 0.0, Sum: 0.0]
         [Termination Attempts: Min: 1, Avg: 1.0, Max: 1, Diff: 0, Sum: 4]
      [GC Worker Other (ms): Min: 0.0, Avg: 0.0, Max: 0.0, Diff: 0.0, Sum: 0.0]
      [GC Worker Total (ms): Min: 1.5, Avg: 1.6, Max: 1.6, Diff: 0.1, Sum: 6.3]
      [GC Worker End (ms): Min: 30312.9, Avg: 30312.9, Max: 30312.9, Diff: 0.0]
   [Code Root Fixup: 0.1 ms]
   [Code Root Purge: 0.0 ms]
   [Clear CT: 0.0 ms]
   [Other: 0.2 ms]
      [Choose CSet: 0.0 ms]
      [Ref Proc: 0.1 ms]
      [Ref Enq: 0.0 ms]
      [Redirty Cards: 0.0 ms]
      [Humongous Register: 0.0 ms]
      [Humongous Reclaim: 0.0 ms]
      [Free CSet: 0.0 ms]
   [Eden: 49.0M(49.0M)->0.0B(49.0M) Survivors: 1024.0K->1024.0K Heap: 87.9M(100.0M)->38.9M(100.0M)]
 [Times: user=0.01 sys=0.00, real=0.00 secs] 
30.464: [GC pause (G1 Evacuation Pause) (young), 0.0020169 secs]
   [Parallel Time: 1.6 ms, GC Workers: 4]
      [GC Worker Start (ms): Min: 30464.4, Avg: 30464.4, Max: 30464.5, Diff: 0.0]
      [Ext Root Scanning (ms): Min: 0.7, Avg: 0.7, Max: 0.8, Diff: 0.1, Sum: 2.8]
      [Update RS (ms): Min: 0.6, Avg: 0.6, Max: 0.6, Diff: 0.0, Sum: 2.4]
         [Processed Buffers: Min: 16, Avg: 25.5, Max: 34, Diff: 18, Sum: 102]
      [Scan RS (ms): Min: 0.0, Avg: 0.0, Max: 0.0, Diff: 0.0, Sum: 0.0]
      [Code Root Scanning (ms): Min: 0.0, Avg: 0.0, Max: 0.1, Diff: 0.1, Sum: 0.1]
      [Object Copy (ms): Min: 0.2, Avg: 0.3, Max: 0.3, Diff: 0.1, Sum: 1.0]
      [Termination (ms): Min: 0.0, Avg: 0.0, Max: 0.0, Diff: 0.0, Sum: 0.0]
         [Termination Attempts: Min: 1, Avg: 1.0, Max: 1, Diff: 0, Sum: 4]
      [GC Worker Other (ms): Min: 0.0, Avg: 0.0, Max: 0.0, Diff: 0.0, Sum: 0.1]
      [GC Worker Total (ms): Min: 1.6, Avg: 1.6, Max: 1.6, Diff: 0.0, Sum: 6.4]
      [GC Worker End (ms): Min: 30466.0, Avg: 30466.0, Max: 30466.0, Diff: 0.0]
   [Code Root Fixup: 0.1 ms]
   [Code Root Purge: 0.0 ms]
   [Clear CT: 0.0 ms]
   [Other: 0.2 ms]
      [Choose CSet: 0.0 ms]
      [Ref Proc: 0.1 ms]
      [Ref Enq: 0.0 ms]
      [Redirty Cards: 0.0 ms]
      [Humongous Register: 0.0 ms]
      [Humongous Reclaim: 0.0 ms]
      [Free CSet: 0.0 ms]
   [Eden: 49.0M(49.0M)->0.0B(49.0M) Survivors: 1024.0K->1024.0K Heap: 87.9M(100.0M)->38.8M(100.0M)]
 [Times: user=0.01 sys=0.00, real=0.00 secs] 
30.621: [GC pause (G1 Evacuation Pause) (young), 0.0019112 secs]
   [Parallel Time: 1.5 ms, GC Workers: 4]
      [GC Worker Start (ms): Min: 30620.8, Avg: 30620.8, Max: 30620.8, Diff: 0.0]
      [Ext Root Scanning (ms): Min: 0.8, Avg: 0.8, Max: 0.8, Diff: 0.1, Sum: 3.2]
      [Update RS (ms): Min: 0.4, Avg: 0.4, Max: 0.4, Diff: 0.0, Sum: 1.6]
         [Processed Buffers: Min: 6, Avg: 25.2, Max: 45, Diff: 39, Sum: 101]
      [Scan RS (ms): Min: 0.0, Avg: 0.0, Max: 0.0, Diff: 0.0, Sum: 0.0]
      [Code Root Scanning (ms): Min: 0.0, Avg: 0.0, Max: 0.1, Diff: 0.1, Sum: 0.1]
      [Object Copy (ms): Min: 0.2, Avg: 0.2, Max: 0.3, Diff: 0.1, Sum: 0.9]
      [Termination (ms): Min: 0.0, Avg: 0.0, Max: 0.0, Diff: 0.0, Sum: 0.0]
         [Termination Attempts: Min: 1, Avg: 1.0, Max: 1, Diff: 0, Sum: 4]
      [GC Worker Other (ms): Min: 0.0, Avg: 0.0, Max: 0.0, Diff: 0.0, Sum: 0.1]
      [GC Worker Total (ms): Min: 1.4, Avg: 1.5, Max: 1.5, Diff: 0.0, Sum: 5.8]
      [GC Worker End (ms): Min: 30622.2, Avg: 30622.3, Max: 30622.3, Diff: 0.0]
   [Code Root Fixup: 0.1 ms]
   [Code Root Purge: 0.0 ms]
   [Clear CT: 0.0 ms]
   [Other: 0.3 ms]
      [Choose CSet: 0.0 ms]
      [Ref Proc: 0.1 ms]
      [Ref Enq: 0.0 ms]
      [Redirty Cards: 0.0 ms]
      [Humongous Register: 0.0 ms]
      [Humongous Reclaim: 0.0 ms]
      [Free CSet: 0.0 ms]
   [Eden: 49.0M(49.0M)->0.0B(49.0M) Survivors: 1024.0K->1024.0K Heap: 87.8M(100.0M)->38.8M(100.0M)]
 [Times: user=0.01 sys=0.00, real=0.00 secs] 
30.767: [GC pause (G1 Evacuation Pause) (young), 0.0018319 secs]
   [Parallel Time: 1.4 ms, GC Workers: 4]
      [GC Worker Start (ms): Min: 30767.5, Avg: 30767.6, Max: 30767.7, Diff: 0.1]
      [Ext Root Scanning (ms): Min: 0.6, Avg: 0.7, Max: 0.8, Diff: 0.2, Sum: 2.7]
      [Update RS (ms): Min: 0.4, Avg: 0.4, Max: 0.4, Diff: 0.0, Sum: 1.7]
         [Processed Buffers: Min: 18, Avg: 25.0, Max: 33, Diff: 15, Sum: 100]
      [Scan RS (ms): Min: 0.0, Avg: 0.0, Max: 0.0, Diff: 0.0, Sum: 0.0]
      [Code Root Scanning (ms): Min: 0.0, Avg: 0.0, Max: 0.1, Diff: 0.1, Sum: 0.1]
      [Object Copy (ms): Min: 0.2, Avg: 0.2, Max: 0.3, Diff: 0.1, Sum: 0.9]
      [Termination (ms): Min: 0.0, Avg: 0.0, Max: 0.0, Diff: 0.0, Sum: 0.0]
         [Termination Attempts: Min: 1, Avg: 1.0, Max: 1, Diff: 0, Sum: 4]
      [GC Worker Other (ms): Min: 0.0, Avg: 0.0, Max: 0.0, Diff: 0.0, Sum: 0.0]
      [GC Worker Total (ms): Min: 1.3, Avg: 1.4, Max: 1.4, Diff: 0.1, Sum: 5.4]
      [GC Worker End (ms): Min: 30768.9, Avg: 30768.9, Max: 30768.9, Diff: 0.0]
   [Code Root Fixup: 0.1 ms]
   [Code Root Purge: 0.0 ms]
   [Clear CT: 0.0 ms]
   [Other: 0.3 ms]
      [Choose CSet: 0.0 ms]
      [Ref Proc: 0.1 ms]
      [Ref Enq: 0.0 ms]
      [Redirty Cards: 0.0 ms]
      [Humongous Register: 0.0 ms]
      [Humongous Reclaim: 0.0 ms]
      [Free CSet: 0.0 ms]
   [Eden: 49.0M(49.0M)->0.0B(49.0M) Survivors: 1024.0K->1024.0K Heap: 87.8M(100.0M)->38.8M(100.0M)]
 [Times: user=0.01 sys=0.00, real=0.00 secs] 
30.922: [GC pause (G1 Evacuation Pause) (young), 0.0019168 secs]
   [Parallel Time: 1.5 ms, GC Workers: 4]
      [GC Worker Start (ms): Min: 30922.1, Avg: 30922.1, Max: 30922.2, Diff: 0.0]
      [Ext Root Scanning (ms): Min: 0.7, Avg: 0.7, Max: 0.8, Diff: 0.1, Sum: 2.9]
      [Update RS (ms): Min: 0.4, Avg: 0.4, Max: 0.4, Diff: 0.0, Sum: 1.7]
         [Processed Buffers: Min: 14, Avg: 21.5, Max: 31, Diff: 17, Sum: 86]
      [Scan RS (ms): Min: 0.0, Avg: 0.0, Max: 0.0, Diff: 0.0, Sum: 0.0]
      [Code Root Scanning (ms): Min: 0.0, Avg: 0.0, Max: 0.1, Diff: 0.1, Sum: 0.1]
      [Object Copy (ms): Min: 0.2, Avg: 0.3, Max: 0.3, Diff: 0.1, Sum: 1.1]
      [Termination (ms): Min: 0.0, Avg: 0.0, Max: 0.0, Diff: 0.0, Sum: 0.0]
         [Termination Attempts: Min: 1, Avg: 1.0, Max: 1, Diff: 0, Sum: 4]
      [GC Worker Other (ms): Min: 0.0, Avg: 0.0, Max: 0.0, Diff: 0.0, Sum: 0.1]
      [GC Worker Total (ms): Min: 1.4, Avg: 1.5, Max: 1.5, Diff: 0.0, Sum: 5.8]
      [GC Worker End (ms): Min: 30923.6, Avg: 30923.6, Max: 30923.6, Diff: 0.0]
   [Code Root Fixup: 0.1 ms]
   [Code Root Purge: 0.0 ms]
   [Clear CT: 0.0 ms]
   [Other: 0.2 ms]
      [Choose CSet: 0.0 ms]
      [Ref Proc: 0.1 ms]
      [Ref Enq: 0.0 ms]
      [Redirty Cards: 0.0 ms]
      [Humongous Register: 0.0 ms]
      [Humongous Reclaim: 0.0 ms]
      [Free CSet: 0.0 ms]
   [Eden: 49.0M(49.0M)->0.0B(49.0M) Survivors: 1024.0K->1024.0K Heap: 87.8M(100.0M)->38.9M(100.0M)]
 [Times: user=0.01 sys=0.00, real=0.01 secs] 
31.049: [GC pause (G1 Evacuation Pause) (young), 0.0056247 secs]
   [Parallel Time: 2.0 ms, GC Workers: 4]
      [GC Worker Start (ms): Min: 31048.6, Avg: 31048.9, Max: 31049.4, Diff: 0.8]
      [Ext Root Scanning (ms): Min: 0.3, Avg: 0.8, Max: 1.1, Diff: 0.8, Sum: 3.3]
      [Update RS (ms): Min: 0.5, Avg: 0.5, Max: 0.5, Diff: 0.0, Sum: 2.0]
         [Processed Buffers: Min: 18, Avg: 26.0, Max: 34, Diff: 16, Sum: 104]
      [Scan RS (ms): Min: 0.0, Avg: 0.0, Max: 0.0, Diff: 0.0, Sum: 0.0]
      [Code Root Scanning (ms): Min: 0.0, Avg: 0.0, Max: 0.1, Diff: 0.1, Sum: 0.1]
      [Object Copy (ms): Min: 0.3, Avg: 0.4, Max: 0.4, Diff: 0.0, Sum: 1.4]
      [Termination (ms): Min: 0.0, Avg: 0.0, Max: 0.0, Diff: 0.0, Sum: 0.0]
         [Termination Attempts: Min: 1, Avg: 1.0, Max: 1, Diff: 0, Sum: 4]
      [GC Worker Other (ms): Min: 0.0, Avg: 0.0, Max: 0.0, Diff: 0.0, Sum: 0.0]
      [GC Worker Total (ms): Min: 1.2, Avg: 1.7, Max: 1.9, Diff: 0.8, Sum: 6.8]
      [GC Worker End (ms): Min: 31050.6, Avg: 31050.6, Max: 31050.6, Diff: 0.0]
   [Code Root Fixup: 0.1 ms]
   [Code Root Purge: 0.0 ms]
   [Clear CT: 0.0 ms]
   [Other: 3.5 ms]
      [Choose CSet: 0.0 ms]
      [Ref Proc: 3.3 ms]
      [Ref Enq: 0.0 ms]
      [Redirty Cards: 0.0 ms]
      [Humongous Register: 0.0 ms]
      [Humongous Reclaim: 0.0 ms]
      [Free CSet: 0.0 ms]
   [Eden: 49.0M(49.0M)->0.0B(49.0M) Survivors: 1024.0K->1024.0K Heap: 87.9M(100.0M)->39.2M(100.0M)]
 [Times: user=0.01 sys=0.00, real=0.01 secs] 
31.180: [GC pause (G1 Evacuation Pause) (young), 0.0058370 secs]
   [Parallel Time: 4.9 ms, GC Workers: 4]
      [GC Worker Start (ms): Min: 31179.8, Avg: 31183.3, Max: 31184.7, Diff: 4.9]
      [Ext Root Scanning (ms): Min: 0.0, Avg: 0.6, Max: 2.2, Diff: 2.2, Sum: 2.2]
      [Update RS (ms): Min: 0.0, Avg: 0.3, Max: 1.3, Diff: 1.3, Sum: 1.3]
         [Processed Buffers: Min: 0, Avg: 21.8, Max: 87, Diff: 87, Sum: 87]
      [Scan RS (ms): Min: 0.0, Avg: 0.0, Max: 0.0, Diff: 0.0, Sum: 0.0]
      [Code Root Scanning (ms): Min: 0.0, Avg: 0.0, Max: 0.1, Diff: 0.1, Sum: 0.1]
      [Object Copy (ms): Min: 0.0, Avg: 0.2, Max: 0.7, Diff: 0.7, Sum: 0.8]
      [Termination (ms): Min: 0.0, Avg: 0.3, Max: 0.6, Diff: 0.6, Sum: 1.2]
         [Termination Attempts: Min: 1, Avg: 1.0, Max: 1, Diff: 0, Sum: 4]
      [GC Worker Other (ms): Min: 0.0, Avg: 0.0, Max: 0.0, Diff: 0.0, Sum: 0.0]
      [GC Worker Total (ms): Min: 0.0, Avg: 1.4, Max: 4.9, Diff: 4.9, Sum: 5.6]
      [GC Worker End (ms): Min: 31184.7, Avg: 31184.7, Max: 31184.8, Diff: 0.0]
   [Code Root Fixup: 0.1 ms]
   [Code Root Purge: 0.0 ms]
   [Clear CT: 0.0 ms]
   [Other: 0.8 ms]
      [Choose CSet: 0.0 ms]
      [Ref Proc: 0.6 ms]
      [Ref Enq: 0.0 ms]
      [Redirty Cards: 0.0 ms]
      [Humongous Register: 0.0 ms]
      [Humongous Reclaim: 0.0 ms]
      [Free CSet: 0.0 ms]
   [Eden: 49.0M(49.0M)->0.0B(49.0M) Survivors: 1024.0K->1024.0K Heap: 88.2M(100.0M)->39.1M(100.0M)]
 [Times: user=0.02 sys=0.00, real=0.01 secs] 
31.319: [GC pause (G1 Evacuation Pause) (young), 0.0033752 secs]
   [Parallel Time: 2.3 ms, GC Workers: 4]
      [GC Worker Start (ms): Min: 31318.7, Avg: 31318.7, Max: 31318.7, Diff: 0.1]
      [Ext Root Scanning (ms): Min: 0.8, Avg: 0.8, Max: 0.9, Diff: 0.1, Sum: 3.3]
      [Update RS (ms): Min: 0.5, Avg: 0.5, Max: 0.5, Diff: 0.0, Sum: 1.9]
         [Processed Buffers: Min: 6, Avg: 21.2, Max: 41, Diff: 35, Sum: 85]
      [Scan RS (ms): Min: 0.0, Avg: 0.0, Max: 0.0, Diff: 0.0, Sum: 0.0]
      [Code Root Scanning (ms): Min: 0.0, Avg: 0.0, Max: 0.1, Diff: 0.1, Sum: 0.1]
      [Object Copy (ms): Min: 0.3, Avg: 0.5, Max: 0.8, Diff: 0.5, Sum: 1.9]
      [Termination (ms): Min: 0.0, Avg: 0.4, Max: 0.6, Diff: 0.6, Sum: 1.7]
         [Termination Attempts: Min: 1, Avg: 1.0, Max: 1, Diff: 0, Sum: 4]
      [GC Worker Other (ms): Min: 0.0, Avg: 0.0, Max: 0.0, Diff: 0.0, Sum: 0.0]
      [GC Worker Total (ms): Min: 2.1, Avg: 2.2, Max: 2.3, Diff: 0.2, Sum: 8.9]
      [GC Worker End (ms): Min: 31320.8, Avg: 31320.9, Max: 31321.0, Diff: 0.2]
   [Code Root Fixup: 0.1 ms]
   [Code Root Purge: 0.0 ms]
   [Clear CT: 0.1 ms]
   [Other: 0.8 ms]
      [Choose CSet: 0.0 ms]
      [Ref Proc: 0.5 ms]
      [Ref Enq: 0.0 ms]
      [Redirty Cards: 0.1 ms]
      [Humongous Register: 0.0 ms]
      [Humongous Reclaim: 0.0 ms]
      [Free CSet: 0.1 ms]
   [Eden: 49.0M(49.0M)->0.0B(49.0M) Survivors: 1024.0K->1024.0K Heap: 88.1M(100.0M)->39.3M(100.0M)]
 [Times: user=0.01 sys=0.00, real=0.00 secs] 
31.438: [GC pause (G1 Evacuation Pause) (young), 0.0057269 secs]
   [Parallel Time: 2.9 ms, GC Workers: 4]
      [GC Worker Start (ms): Min: 31437.9, Avg: 31439.1, Max: 31440.0, Diff: 2.1]
      [Ext Root Scanning (ms): Min: 0.0, Avg: 0.8, Max: 1.9, Diff: 1.9, Sum: 3.0]
      [Update RS (ms): Min: 0.4, Avg: 0.5, Max: 0.5, Diff: 0.1, Sum: 2.0]
         [Processed Buffers: Min: 2, Avg: 25.0, Max: 48, Diff: 46, Sum: 100]
      [Scan RS (ms): Min: 0.0, Avg: 0.0, Max: 0.0, Diff: 0.0, Sum: 0.0]
      [Code Root Scanning (ms): Min: 0.0, Avg: 0.0, Max: 0.1, Diff: 0.1, Sum: 0.1]
      [Object Copy (ms): Min: 0.2, Avg: 0.3, Max: 0.4, Diff: 0.2, Sum: 1.3]
      [Termination (ms): Min: 0.0, Avg: 0.0, Max: 0.0, Diff: 0.0, Sum: 0.0]
         [Termination Attempts: Min: 1, Avg: 1.0, Max: 1, Diff: 0, Sum: 4]
      [GC Worker Other (ms): Min: 0.0, Avg: 0.0, Max: 0.0, Diff: 0.0, Sum: 0.0]
      [GC Worker Total (ms): Min: 0.7, Avg: 1.6, Max: 2.9, Diff: 2.1, Sum: 6.5]
      [GC Worker End (ms): Min: 31440.8, Avg: 31440.8, Max: 31440.8, Diff: 0.0]
   [Code Root Fixup: 0.1 ms]
   [Code Root Purge: 0.0 ms]
   [Clear CT: 0.0 ms]
   [Other: 2.6 ms]
      [Choose CSet: 0.0 ms]
      [Ref Proc: 2.4 ms]
      [Ref Enq: 0.0 ms]
      [Redirty Cards: 0.0 ms]
      [Humongous Register: 0.0 ms]
      [Humongous Reclaim: 0.0 ms]
      [Free CSet: 0.0 ms]
   [Eden: 49.0M(49.0M)->0.0B(49.0M) Survivors: 1024.0K->1024.0K Heap: 88.3M(100.0M)->39.3M(100.0M)]
 [Times: user=0.02 sys=0.00, real=0.01 secs] 
31.561: [GC pause (G1 Evacuation Pause) (young), 0.0021852 secs]
   [Parallel Time: 1.4 ms, GC Workers: 4]
      [GC Worker Start (ms): Min: 31561.2, Avg: 31561.2, Max: 31561.2, Diff: 0.0]
      [Ext Root Scanning (ms): Min: 0.6, Avg: 0.6, Max: 0.7, Diff: 0.1, Sum: 2.5]
      [Update RS (ms): Min: 0.4, Avg: 0.4, Max: 0.4, Diff: 0.0, Sum: 1.6]
         [Processed Buffers: Min: 7, Avg: 14.8, Max: 25, Diff: 18, Sum: 59]
      [Scan RS (ms): Min: 0.0, Avg: 0.0, Max: 0.0, Diff: 0.0, Sum: 0.0]
      [Code Root Scanning (ms): Min: 0.0, Avg: 0.0, Max: 0.1, Diff: 0.1, Sum: 0.1]
      [Object Copy (ms): Min: 0.2, Avg: 0.2, Max: 0.3, Diff: 0.1, Sum: 1.0]
      [Termination (ms): Min: 0.0, Avg: 0.0, Max: 0.0, Diff: 0.0, Sum: 0.0]
         [Termination Attempts: Min: 1, Avg: 1.0, Max: 1, Diff: 0, Sum: 4]
      [GC Worker Other (ms): Min: 0.0, Avg: 0.0, Max: 0.0, Diff: 0.0, Sum: 0.0]
      [GC Worker Total (ms): Min: 1.3, Avg: 1.3, Max: 1.4, Diff: 0.0, Sum: 5.3]
      [GC Worker End (ms): Min: 31562.6, Avg: 31562.6, Max: 31562.6, Diff: 0.0]
   [Code Root Fixup: 0.1 ms]
   [Code Root Purge: 0.0 ms]
   [Clear CT: 0.0 ms]
   [Other: 0.6 ms]
      [Choose CSet: 0.0 ms]
      [Ref Proc: 0.1 ms]
      [Ref Enq: 0.0 ms]
      [Redirty Cards: 0.4 ms]
      [Humongous Register: 0.0 ms]
      [Humongous Reclaim: 0.0 ms]
      [Free CSet: 0.0 ms]
   [Eden: 49.0M(49.0M)->0.0B(49.0M) Survivors: 1024.0K->1024.0K Heap: 88.3M(100.0M)->39.0M(100.0M)]
 [Times: user=0.01 sys=0.00, real=0.00 secs] 
31.667: [GC pause (G1 Evacuation Pause) (young), 0.0019758 secs]
   [Parallel Time: 1.5 ms, GC Workers: 4]
      [GC Worker Start (ms): Min: 31666.9, Avg: 31666.9, Max: 31666.9, Diff: 0.0]
      [Ext Root Scanning (ms): Min: 0.6, Avg: 0.7, Max: 0.7, Diff: 0.1, Sum: 2.6]
      [Update RS (ms): Min: 0.5, Avg: 0.6, Max: 0.6, Diff: 0.0, Sum: 2.2]
         [Processed Buffers: Min: 18, Avg: 24.2, Max: 29, Diff: 11, Sum: 97]
      [Scan RS (ms): Min: 0.0, Avg: 0.0, Max: 0.0, Diff: 0.0, Sum: 0.0]
      [Code Root Scanning (ms): Min: 0.0, Avg: 0.0, Max: 0.1, Diff: 0.1, Sum: 0.1]
      [Object Copy (ms): Min: 0.2, Avg: 0.2, Max: 0.3, Diff: 0.1, Sum: 0.9]
      [Termination (ms): Min: 0.0, Avg: 0.0, Max: 0.0, Diff: 0.0, Sum: 0.0]
         [Termination Attempts: Min: 1, Avg: 1.0, Max: 1, Diff: 0, Sum: 4]
      [GC Worker Other (ms): Min: 0.0, Avg: 0.0, Max: 0.0, Diff: 0.0, Sum: 0.0]
      [GC Worker Total (ms): Min: 1.5, Avg: 1.5, Max: 1.5, Diff: 0.0, Sum: 6.0]
      [GC Worker End (ms): Min: 31668.4, Avg: 31668.4, Max: 31668.4, Diff: 0.0]
   [Code Root Fixup: 0.1 ms]
   [Code Root Purge: 0.0 ms]
   [Clear CT: 0.0 ms]
   [Other: 0.3 ms]
      [Choose CSet: 0.0 ms]
      [Ref Proc: 0.1 ms]
      [Ref Enq: 0.0 ms]
      [Redirty Cards: 0.0 ms]
      [Humongous Register: 0.0 ms]
      [Humongous Reclaim: 0.0 ms]
      [Free CSet: 0.0 ms]
   [Eden: 49.0M(49.0M)->0.0B(49.0M) Survivors: 1024.0K->1024.0K Heap: 88.0M(100.0M)->38.9M(100.0M)]
 [Times: user=0.00 sys=0.00, real=0.00 secs] 
31.764: [GC pause (G1 Evacuation Pause) (young), 0.0034738 secs]
   [Parallel Time: 3.1 ms, GC Workers: 4]
      [GC Worker Start (ms): Min: 31764.5, Avg: 31764.9, Max: 31765.0, Diff: 0.6]
      [Ext Root Scanning (ms): Min: 0.7, Avg: 1.3, Max: 2.5, Diff: 1.8, Sum: 5.3]
      [Update RS (ms): Min: 0.0, Avg: 0.4, Max: 0.6, Diff: 0.6, Sum: 1.8]
         [Processed Buffers: Min: 0, Avg: 26.2, Max: 51, Diff: 51, Sum: 105]
      [Scan RS (ms): Min: 0.0, Avg: 0.0, Max: 0.0, Diff: 0.0, Sum: 0.0]
      [Code Root Scanning (ms): Min: 0.0, Avg: 0.0, Max: 0.1, Diff: 0.1, Sum: 0.1]
      [Object Copy (ms): Min: 0.0, Avg: 0.4, Max: 0.6, Diff: 0.6, Sum: 1.6]
      [Termination (ms): Min: 0.0, Avg: 0.4, Max: 0.6, Diff: 0.6, Sum: 1.8]
         [Termination Attempts: Min: 1, Avg: 1.2, Max: 2, Diff: 1, Sum: 5]
      [GC Worker Other (ms): Min: 0.0, Avg: 0.0, Max: 0.0, Diff: 0.0, Sum: 0.0]
      [GC Worker Total (ms): Min: 2.5, Avg: 2.7, Max: 3.1, Diff: 0.6, Sum: 10.6]
      [GC Worker End (ms): Min: 31767.5, Avg: 31767.5, Max: 31767.5, Diff: 0.0]
   [Code Root Fixup: 0.1 ms]
   [Code Root Purge: 0.0 ms]
   [Clear CT: 0.0 ms]
   [Other: 0.2 ms]
      [Choose CSet: 0.0 ms]
      [Ref Proc: 0.1 ms]
      [Ref Enq: 0.0 ms]
      [Redirty Cards: 0.0 ms]
      [Humongous Register: 0.0 ms]
      [Humongous Reclaim: 0.0 ms]
      [Free CSet: 0.0 ms]
   [Eden: 49.0M(49.0M)->0.0B(49.0M) Survivors: 1024.0K->1024.0K Heap: 87.9M(100.0M)->39.1M(100.0M)]
 [Times: user=0.02 sys=0.00, real=0.00 secs] 
31.872: [GC pause (G1 Evacuation Pause) (young), 0.0042867 secs]
   [Parallel Time: 3.2 ms, GC Workers: 4]
      [GC Worker Start (ms): Min: 31872.1, Avg: 31873.3, Max: 31874.6, Diff: 2.6]
      [Ext Root Scanning (ms): Min: 0.0, Avg: 0.6, Max: 1.3, Diff: 1.3, Sum: 2.5]
      [Update RS (ms): Min: 0.0, Avg: 0.4, Max: 0.8, Diff: 0.8, Sum: 1.6]
         [Processed Buffers: Min: 0, Avg: 25.5, Max: 70, Diff: 70, Sum: 102]
      [Scan RS (ms): Min: 0.0, Avg: 0.0, Max: 0.0, Diff: 0.0, Sum: 0.0]
      [Code Root Scanning (ms): Min: 0.0, Avg: 0.0, Max: 0.1, Diff: 0.1, Sum: 0.1]
      [Object Copy (ms): Min: 0.1, Avg: 0.4, Max: 0.9, Diff: 0.9, Sum: 1.6]
      [Termination (ms): Min: 0.0, Avg: 0.4, Max: 0.6, Diff: 0.6, Sum: 1.7]
         [Termination Attempts: Min: 1, Avg: 1.0, Max: 1, Diff: 0, Sum: 4]
      [GC Worker Other (ms): Min: 0.0, Avg: 0.0, Max: 0.0, Diff: 0.0, Sum: 0.0]
      [GC Worker Total (ms): Min: 0.6, Avg: 1.9, Max: 3.2, Diff: 2.6, Sum: 7.7]
      [GC Worker End (ms): Min: 31875.3, Avg: 31875.3, Max: 31875.3, Diff: 0.0]
   [Code Root Fixup: 0.1 ms]
   [Code Root Purge: 0.0 ms]
   [Clear CT: 0.0 ms]
   [Other: 0.9 ms]
      [Choose CSet: 0.0 ms]
      [Ref Proc: 0.7 ms]
      [Ref Enq: 0.0 ms]
      [Redirty Cards: 0.0 ms]
      [Humongous Register: 0.0 ms]
      [Humongous Reclaim: 0.0 ms]
      [Free CSet: 0.0 ms]
   [Eden: 49.0M(49.0M)->0.0B(49.0M) Survivors: 1024.0K->1024.0K Heap: 88.1M(100.0M)->39.0M(100.0M)]
 [Times: user=0.02 sys=0.00, real=0.01 secs] 
31.971: [GC pause (G1 Evacuation Pause) (young), 0.0022415 secs]
   [Parallel Time: 1.3 ms, GC Workers: 4]
      [GC Worker Start (ms): Min: 31971.3, Avg: 31971.3, Max: 31971.3, Diff: 0.0]
      [Ext Root Scanning (ms): Min: 0.6, Avg: 0.6, Max: 0.7, Diff: 0.1, Sum: 2.4]
      [Update RS (ms): Min: 0.3, Avg: 0.4, Max: 0.4, Diff: 0.1, Sum: 1.5]
         [Processed Buffers: Min: 1, Avg: 23.8, Max: 56, Diff: 55, Sum: 95]
      [Scan RS (ms): Min: 0.0, Avg: 0.0, Max: 0.0, Diff: 0.0, Sum: 0.0]
      [Code Root Scanning (ms): Min: 0.0, Avg: 0.0, Max: 0.1, Diff: 0.1, Sum: 0.1]
      [Object Copy (ms): Min: 0.2, Avg: 0.3, Max: 0.3, Diff: 0.2, Sum: 1.0]
      [Termination (ms): Min: 0.0, Avg: 0.0, Max: 0.0, Diff: 0.0, Sum: 0.0]
         [Termination Attempts: Min: 1, Avg: 1.0, Max: 1, Diff: 0, Sum: 4]
      [GC Worker Other (ms): Min: 0.0, Avg: 0.0, Max: 0.0, Diff: 0.0, Sum: 0.0]
      [GC Worker Total (ms): Min: 1.3, Avg: 1.3, Max: 1.3, Diff: 0.0, Sum: 5.1]
      [GC Worker End (ms): Min: 31972.6, Avg: 31972.6, Max: 31972.6, Diff: 0.0]
   [Code Root Fixup: 0.1 ms]
   [Code Root Purge: 0.0 ms]
   [Clear CT: 0.0 ms]
   [Other: 0.8 ms]
      [Choose CSet: 0.0 ms]
      [Ref Proc: 0.6 ms]
      [Ref Enq: 0.0 ms]
      [Redirty Cards: 0.1 ms]
      [Humongous Register: 0.0 ms]
      [Humongous Reclaim: 0.0 ms]
      [Free CSet: 0.0 ms]
   [Eden: 49.0M(49.0M)->0.0B(49.0M) Survivors: 1024.0K->1024.0K Heap: 88.0M(100.0M)->39.0M(100.0M)]
 [Times: user=0.00 sys=0.00, real=0.01 secs] 
32.065: [GC pause (G1 Evacuation Pause) (young), 0.0016777 secs]
   [Parallel Time: 1.3 ms, GC Workers: 4]
      [GC Worker Start (ms): Min: 32065.3, Avg: 32065.3, Max: 32065.3, Diff: 0.0]
      [Ext Root Scanning (ms): Min: 0.5, Avg: 0.6, Max: 0.7, Diff: 0.2, Sum: 2.5]
      [Update RS (ms): Min: 0.4, Avg: 0.4, Max: 0.4, Diff: 0.0, Sum: 1.5]
         [Processed Buffers: Min: 11, Avg: 25.8, Max: 37, Diff: 26, Sum: 103]
      [Scan RS (ms): Min: 0.0, Avg: 0.0, Max: 0.0, Diff: 0.0, Sum: 0.0]
      [Code Root Scanning (ms): Min: 0.0, Avg: 0.0, Max: 0.1, Diff: 0.1, Sum: 0.1]
      [Object Copy (ms): Min: 0.2, Avg: 0.2, Max: 0.3, Diff: 0.1, Sum: 0.9]
      [Termination (ms): Min: 0.0, Avg: 0.0, Max: 0.0, Diff: 0.0, Sum: 0.0]
         [Termination Attempts: Min: 1, Avg: 1.0, Max: 1, Diff: 0, Sum: 4]
      [GC Worker Other (ms): Min: 0.0, Avg: 0.0, Max: 0.0, Diff: 0.0, Sum: 0.0]
      [GC Worker Total (ms): Min: 1.3, Avg: 1.3, Max: 1.3, Diff: 0.0, Sum: 5.1]
      [GC Worker End (ms): Min: 32066.6, Avg: 32066.6, Max: 32066.6, Diff: 0.0]
   [Code Root Fixup: 0.1 ms]
   [Code Root Purge: 0.0 ms]
   [Clear CT: 0.0 ms]
   [Other: 0.2 ms]
      [Choose CSet: 0.0 ms]
      [Ref Proc: 0.1 ms]
      [Ref Enq: 0.0 ms]
      [Redirty Cards: 0.0 ms]
      [Humongous Register: 0.0 ms]
      [Humongous Reclaim: 0.0 ms]
      [Free CSet: 0.0 ms]
   [Eden: 49.0M(49.0M)->0.0B(49.0M) Survivors: 1024.0K->1024.0K Heap: 88.0M(100.0M)->39.0M(100.0M)]
 [Times: user=0.00 sys=0.00, real=0.00 secs] 
32.156: [GC pause (G1 Evacuation Pause) (young), 0.0053379 secs]
   [Parallel Time: 3.9 ms, GC Workers: 4]
      [GC Worker Start (ms): Min: 32155.6, Avg: 32157.9, Max: 32159.4, Diff: 3.8]
      [Ext Root Scanning (ms): Min: 0.0, Avg: 0.6, Max: 2.1, Diff: 2.0, Sum: 2.4]
      [Update RS (ms): Min: 0.0, Avg: 0.3, Max: 0.7, Diff: 0.7, Sum: 1.4]
         [Processed Buffers: Min: 0, Avg: 27.5, Max: 82, Diff: 82, Sum: 110]
      [Scan RS (ms): Min: 0.0, Avg: 0.0, Max: 0.0, Diff: 0.0, Sum: 0.0]
      [Code Root Scanning (ms): Min: 0.0, Avg: 0.0, Max: 0.1, Diff: 0.1, Sum: 0.1]
      [Object Copy (ms): Min: 0.0, Avg: 0.2, Max: 0.5, Diff: 0.5, Sum: 0.8]
      [Termination (ms): Min: 0.0, Avg: 0.3, Max: 0.6, Diff: 0.6, Sum: 1.4]
         [Termination Attempts: Min: 1, Avg: 1.0, Max: 1, Diff: 0, Sum: 4]
      [GC Worker Other (ms): Min: 0.0, Avg: 0.0, Max: 0.0, Diff: 0.0, Sum: 0.0]
      [GC Worker Total (ms): Min: 0.0, Avg: 1.5, Max: 3.8, Diff: 3.8, Sum: 6.1]
      [GC Worker End (ms): Min: 32159.4, Avg: 32159.4, Max: 32159.5, Diff: 0.0]
   [Code Root Fixup: 0.1 ms]
   [Code Root Purge: 0.0 ms]
   [Clear CT: 0.0 ms]
   [Other: 1.3 ms]
      [Choose CSet: 0.0 ms]
      [Ref Proc: 1.2 ms]
      [Ref Enq: 0.0 ms]
      [Redirty Cards: 0.0 ms]
      [Humongous Register: 0.0 ms]
      [Humongous Reclaim: 0.0 ms]
      [Free CSet: 0.0 ms]
   [Eden: 49.0M(49.0M)->0.0B(49.0M) Survivors: 1024.0K->1024.0K Heap: 88.0M(100.0M)->39.0M(100.0M)]
 [Times: user=0.02 sys=0.00, real=0.00 secs] 
32.256: [GC pause (G1 Evacuation Pause) (young), 0.0026856 secs]
   [Parallel Time: 2.3 ms, GC Workers: 4]
      [GC Worker Start (ms): Min: 32255.6, Avg: 32256.2, Max: 32257.9, Diff: 2.3]
      [Ext Root Scanning (ms): Min: 0.0, Avg: 0.6, Max: 0.9, Diff: 0.9, Sum: 2.5]
      [Update RS (ms): Min: 0.0, Avg: 0.4, Max: 0.5, Diff: 0.5, Sum: 1.5]
         [Processed Buffers: Min: 0, Avg: 25.5, Max: 63, Diff: 63, Sum: 102]
      [Scan RS (ms): Min: 0.0, Avg: 0.0, Max: 0.0, Diff: 0.0, Sum: 0.0]
      [Code Root Scanning (ms): Min: 0.0, Avg: 0.0, Max: 0.2, Diff: 0.2, Sum: 0.2]
      [Object Copy (ms): Min: 0.0, Avg: 0.2, Max: 0.4, Diff: 0.4, Sum: 0.9]
      [Termination (ms): Min: 0.0, Avg: 0.4, Max: 0.6, Diff: 0.6, Sum: 1.7]
         [Termination Attempts: Min: 1, Avg: 1.2, Max: 2, Diff: 1, Sum: 5]
      [GC Worker Other (ms): Min: 0.0, Avg: 0.0, Max: 0.0, Diff: 0.0, Sum: 0.0]
      [GC Worker Total (ms): Min: 0.0, Avg: 1.7, Max: 2.3, Diff: 2.3, Sum: 6.9]
      [GC Worker End (ms): Min: 32257.9, Avg: 32257.9, Max: 32257.9, Diff: 0.0]
   [Code Root Fixup: 0.1 ms]
   [Code Root Purge: 0.0 ms]
   [Clear CT: 0.0 ms]
   [Other: 0.2 ms]
      [Choose CSet: 0.0 ms]
      [Ref Proc: 0.1 ms]
      [Ref Enq: 0.0 ms]
      [Redirty Cards: 0.0 ms]
      [Humongous Register: 0.0 ms]
      [Humongous Reclaim: 0.0 ms]
      [Free CSet: 0.0 ms]
   [Eden: 49.0M(49.0M)->0.0B(49.0M) Survivors: 1024.0K->1024.0K Heap: 88.0M(100.0M)->39.0M(100.0M)]
 [Times: user=0.01 sys=0.00, real=0.00 secs] 
32.361: [GC pause (G1 Evacuation Pause) (young), 0.0044506 secs]
   [Parallel Time: 3.0 ms, GC Workers: 4]
      [GC Worker Start (ms): Min: 32360.7, Avg: 32362.0, Max: 32363.6, Diff: 2.9]
      [Ext Root Scanning (ms): Min: 0.0, Avg: 0.6, Max: 1.5, Diff: 1.5, Sum: 2.4]
      [Update RS (ms): Min: 0.0, Avg: 0.4, Max: 0.5, Diff: 0.5, Sum: 1.6]
         [Processed Buffers: Min: 0, Avg: 25.0, Max: 58, Diff: 58, Sum: 100]
      [Scan RS (ms): Min: 0.0, Avg: 0.0, Max: 0.0, Diff: 0.0, Sum: 0.0]
      [Code Root Scanning (ms): Min: 0.0, Avg: 0.0, Max: 0.1, Diff: 0.1, Sum: 0.1]
      [Object Copy (ms): Min: 0.0, Avg: 0.2, Max: 0.4, Diff: 0.4, Sum: 0.9]
      [Termination (ms): Min: 0.0, Avg: 0.4, Max: 0.6, Diff: 0.6, Sum: 1.7]
         [Termination Attempts: Min: 1, Avg: 1.0, Max: 1, Diff: 0, Sum: 4]
      [GC Worker Other (ms): Min: 0.0, Avg: 0.0, Max: 0.0, Diff: 0.0, Sum: 0.0]
      [GC Worker Total (ms): Min: 0.0, Avg: 1.7, Max: 3.0, Diff: 2.9, Sum: 6.8]
      [GC Worker End (ms): Min: 32363.7, Avg: 32363.7, Max: 32363.7, Diff: 0.0]
   [Code Root Fixup: 0.1 ms]
   [Code Root Purge: 0.0 ms]
   [Clear CT: 0.0 ms]
   [Other: 1.3 ms]
      [Choose CSet: 0.0 ms]
      [Ref Proc: 1.2 ms]
      [Ref Enq: 0.0 ms]
      [Redirty Cards: 0.0 ms]
      [Humongous Register: 0.0 ms]
      [Humongous Reclaim: 0.0 ms]
      [Free CSet: 0.0 ms]
   [Eden: 49.0M(49.0M)->0.0B(49.0M) Survivors: 1024.0K->1024.0K Heap: 88.0M(100.0M)->39.0M(100.0M)]
 [Times: user=0.01 sys=0.00, real=0.01 secs] 
32.457: [GC pause (G1 Evacuation Pause) (young), 0.0039368 secs]
   [Parallel Time: 3.0 ms, GC Workers: 4]
      [GC Worker Start (ms): Min: 32457.5, Avg: 32459.0, Max: 32460.5, Diff: 3.0]
      [Ext Root Scanning (ms): Min: 0.0, Avg: 0.5, Max: 1.4, Diff: 1.3, Sum: 2.2]
      [Update RS (ms): Min: 0.0, Avg: 0.3, Max: 0.6, Diff: 0.6, Sum: 1.2]
         [Processed Buffers: Min: 0, Avg: 25.5, Max: 63, Diff: 63, Sum: 102]
      [Scan RS (ms): Min: 0.0, Avg: 0.0, Max: 0.0, Diff: 0.0, Sum: 0.0]
      [Code Root Scanning (ms): Min: 0.0, Avg: 0.0, Max: 0.1, Diff: 0.1, Sum: 0.1]
      [Object Copy (ms): Min: 0.0, Avg: 0.2, Max: 0.4, Diff: 0.4, Sum: 0.8]
      [Termination (ms): Min: 0.0, Avg: 0.5, Max: 0.6, Diff: 0.6, Sum: 1.9]
         [Termination Attempts: Min: 1, Avg: 1.0, Max: 1, Diff: 0, Sum: 4]
      [GC Worker Other (ms): Min: 0.0, Avg: 0.0, Max: 0.0, Diff: 0.0, Sum: 0.0]
      [GC Worker Total (ms): Min: 0.0, Avg: 1.5, Max: 3.0, Diff: 3.0, Sum: 6.1]
      [GC Worker End (ms): Min: 32460.5, Avg: 32460.5, Max: 32460.5, Diff: 0.0]
   [Code Root Fixup: 0.1 ms]
   [Code Root Purge: 0.0 ms]
   [Clear CT: 0.0 ms]
   [Other: 0.8 ms]
      [Choose CSet: 0.0 ms]
      [Ref Proc: 0.6 ms]
      [Ref Enq: 0.0 ms]
      [Redirty Cards: 0.0 ms]
      [Humongous Register: 0.0 ms]
      [Humongous Reclaim: 0.0 ms]
      [Free CSet: 0.0 ms]
   [Eden: 49.0M(49.0M)->0.0B(49.0M) Survivors: 1024.0K->1024.0K Heap: 88.0M(100.0M)->39.0M(100.0M)]
 [Times: user=0.01 sys=0.00, real=0.00 secs] 
32.569: [GC pause (G1 Evacuation Pause) (young), 0.0046923 secs]
   [Parallel Time: 3.1 ms, GC Workers: 4]
      [GC Worker Start (ms): Min: 32568.7, Avg: 32570.6, Max: 32571.3, Diff: 2.5]
      [Ext Root Scanning (ms): Min: 0.0, Avg: 0.5, Max: 1.9, Diff: 1.9, Sum: 1.9]
      [Update RS (ms): Min: 0.2, Avg: 0.4, Max: 0.7, Diff: 0.5, Sum: 1.5]
         [Processed Buffers: Min: 7, Avg: 25.5, Max: 47, Diff: 40, Sum: 102]
      [Scan RS (ms): Min: 0.0, Avg: 0.0, Max: 0.0, Diff: 0.0, Sum: 0.0]
      [Code Root Scanning (ms): Min: 0.0, Avg: 0.0, Max: 0.1, Diff: 0.1, Sum: 0.1]
      [Object Copy (ms): Min: 0.2, Avg: 0.3, Max: 0.4, Diff: 0.2, Sum: 1.2]
      [Termination (ms): Min: 0.0, Avg: 0.0, Max: 0.0, Diff: 0.0, Sum: 0.0]
         [Termination Attempts: Min: 1, Avg: 1.8, Max: 3, Diff: 2, Sum: 7]
      [GC Worker Other (ms): Min: 0.0, Avg: 0.0, Max: 0.0, Diff: 0.0, Sum: 0.0]
      [GC Worker Total (ms): Min: 0.5, Avg: 1.2, Max: 3.0, Diff: 2.5, Sum: 4.7]
      [GC Worker End (ms): Min: 32571.8, Avg: 32571.8, Max: 32571.8, Diff: 0.0]
   [Code Root Fixup: 0.1 ms]
   [Code Root Purge: 0.0 ms]
   [Clear CT: 0.0 ms]
   [Other: 1.4 ms]
      [Choose CSet: 0.0 ms]
      [Ref Proc: 1.3 ms]
      [Ref Enq: 0.0 ms]
      [Redirty Cards: 0.0 ms]
      [Humongous Register: 0.0 ms]
      [Humongous Reclaim: 0.0 ms]
      [Free CSet: 0.0 ms]
   [Eden: 49.0M(49.0M)->0.0B(49.0M) Survivors: 1024.0K->1024.0K Heap: 88.0M(100.0M)->39.1M(100.0M)]
 [Times: user=0.01 sys=0.00, real=0.01 secs] 
32.665: [GC pause (G1 Evacuation Pause) (young), 0.0033679 secs]
   [Parallel Time: 2.4 ms, GC Workers: 4]
      [GC Worker Start (ms): Min: 32665.5, Avg: 32666.8, Max: 32667.2, Diff: 1.7]
      [Ext Root Scanning (ms): Min: 0.1, Avg: 0.5, Max: 1.7, Diff: 1.6, Sum: 2.1]
      [Update RS (ms): Min: 0.4, Avg: 0.4, Max: 0.4, Diff: 0.0, Sum: 1.5]
         [Processed Buffers: Min: 10, Avg: 27.8, Max: 40, Diff: 30, Sum: 111]
      [Scan RS (ms): Min: 0.0, Avg: 0.0, Max: 0.0, Diff: 0.0, Sum: 0.0]
      [Code Root Scanning (ms): Min: 0.0, Avg: 0.0, Max: 0.1, Diff: 0.1, Sum: 0.1]
      [Object Copy (ms): Min: 0.2, Avg: 0.2, Max: 0.3, Diff: 0.2, Sum: 0.9]
      [Termination (ms): Min: 0.0, Avg: 0.0, Max: 0.0, Diff: 0.0, Sum: 0.0]
         [Termination Attempts: Min: 1, Avg: 1.0, Max: 1, Diff: 0, Sum: 4]
      [GC Worker Other (ms): Min: 0.0, Avg: 0.0, Max: 0.0, Diff: 0.0, Sum: 0.0]
      [GC Worker Total (ms): Min: 0.7, Avg: 1.2, Max: 2.4, Diff: 1.7, Sum: 4.6]
      [GC Worker End (ms): Min: 32667.9, Avg: 32667.9, Max: 32667.9, Diff: 0.0]
   [Code Root Fixup: 0.1 ms]
   [Code Root Purge: 0.0 ms]
   [Clear CT: 0.0 ms]
   [Other: 0.8 ms]
      [Choose CSet: 0.0 ms]
      [Ref Proc: 0.7 ms]
      [Ref Enq: 0.0 ms]
      [Redirty Cards: 0.0 ms]
      [Humongous Register: 0.0 ms]
      [Humongous Reclaim: 0.0 ms]
      [Free CSet: 0.0 ms]
   [Eden: 49.0M(49.0M)->0.0B(49.0M) Survivors: 1024.0K->1024.0K Heap: 88.1M(100.0M)->39.0M(100.0M)]
 [Times: user=0.01 sys=0.00, real=0.00 secs] 
32.759: [GC pause (G1 Evacuation Pause) (young), 0.0039155 secs]
   [Parallel Time: 2.8 ms, GC Workers: 4]
      [GC Worker Start (ms): Min: 32759.2, Avg: 32760.1, Max: 32761.8, Diff: 2.6]
      [Ext Root Scanning (ms): Min: 0.0, Avg: 0.6, Max: 1.2, Diff: 1.2, Sum: 2.5]
      [Update RS (ms): Min: 0.0, Avg: 0.4, Max: 0.5, Diff: 0.5, Sum: 1.5]
         [Processed Buffers: Min: 0, Avg: 26.8, Max: 41, Diff: 41, Sum: 107]
      [Scan RS (ms): Min: 0.0, Avg: 0.0, Max: 0.0, Diff: 0.0, Sum: 0.0]
      [Code Root Scanning (ms): Min: 0.0, Avg: 0.0, Max: 0.1, Diff: 0.1, Sum: 0.1]
      [Object Copy (ms): Min: 0.0, Avg: 0.2, Max: 0.4, Diff: 0.4, Sum: 0.9]
      [Termination (ms): Min: 0.0, Avg: 0.5, Max: 0.7, Diff: 0.7, Sum: 2.0]
         [Termination Attempts: Min: 1, Avg: 1.0, Max: 1, Diff: 0, Sum: 4]
      [GC Worker Other (ms): Min: 0.0, Avg: 0.0, Max: 0.0, Diff: 0.0, Sum: 0.0]
      [GC Worker Total (ms): Min: 0.0, Avg: 1.8, Max: 2.8, Diff: 2.8, Sum: 7.0]
      [GC Worker End (ms): Min: 32761.8, Avg: 32761.9, Max: 32761.9, Diff: 0.1]
   [Code Root Fixup: 0.1 ms]
   [Code Root Purge: 0.0 ms]
   [Clear CT: 0.0 ms]
   [Other: 1.0 ms]
      [Choose CSet: 0.0 ms]
      [Ref Proc: 0.8 ms]
      [Ref Enq: 0.0 ms]
      [Redirty Cards: 0.0 ms]
      [Humongous Register: 0.0 ms]
      [Humongous Reclaim: 0.0 ms]
      [Free CSet: 0.0 ms]
   [Eden: 49.0M(49.0M)->0.0B(49.0M) Survivors: 1024.0K->1024.0K Heap: 88.0M(100.0M)->38.9M(100.0M)]
 [Times: user=0.01 sys=0.00, real=0.00 secs] 
32.869: [GC pause (G1 Evacuation Pause) (young), 0.0033905 secs]
   [Parallel Time: 2.4 ms, GC Workers: 4]
      [GC Worker Start (ms): Min: 32868.6, Avg: 32869.3, Max: 32871.0, Diff: 2.4]
      [Ext Root Scanning (ms): Min: 0.0, Avg: 0.6, Max: 1.0, Diff: 1.0, Sum: 2.6]
      [Update RS (ms): Min: 0.0, Avg: 0.4, Max: 0.5, Diff: 0.5, Sum: 1.4]
         [Processed Buffers: Min: 0, Avg: 24.5, Max: 39, Diff: 39, Sum: 98]
      [Scan RS (ms): Min: 0.0, Avg: 0.0, Max: 0.0, Diff: 0.0, Sum: 0.0]
      [Code Root Scanning (ms): Min: 0.0, Avg: 0.0, Max: 0.1, Diff: 0.1, Sum: 0.1]
      [Object Copy (ms): Min: 0.0, Avg: 0.2, Max: 0.4, Diff: 0.4, Sum: 1.0]
      [Termination (ms): Min: 0.0, Avg: 0.4, Max: 0.6, Diff: 0.6, Sum: 1.7]
         [Termination Attempts: Min: 1, Avg: 1.0, Max: 1, Diff: 0, Sum: 4]
      [GC Worker Other (ms): Min: 0.0, Avg: 0.0, Max: 0.0, Diff: 0.0, Sum: 0.0]
      [GC Worker Total (ms): Min: 0.0, Avg: 1.7, Max: 2.4, Diff: 2.4, Sum: 6.7]
      [GC Worker End (ms): Min: 32871.0, Avg: 32871.0, Max: 32871.0, Diff: 0.0]
   [Code Root Fixup: 0.1 ms]
   [Code Root Purge: 0.0 ms]
   [Clear CT: 0.0 ms]
   [Other: 0.8 ms]
      [Choose CSet: 0.0 ms]
      [Ref Proc: 0.6 ms]
      [Ref Enq: 0.0 ms]
      [Redirty Cards: 0.0 ms]
      [Humongous Register: 0.0 ms]
      [Humongous Reclaim: 0.0 ms]
      [Free CSet: 0.0 ms]
   [Eden: 49.0M(49.0M)->0.0B(49.0M) Survivors: 1024.0K->1024.0K Heap: 87.9M(100.0M)->39.0M(100.0M)]
 [Times: user=0.01 sys=0.00, real=0.00 secs] 
32.973: [GC pause (G1 Evacuation Pause) (young), 0.0045636 secs]
   [Parallel Time: 3.6 ms, GC Workers: 4]
      [GC Worker Start (ms): Min: 32973.0, Avg: 32974.9, Max: 32976.6, Diff: 3.5]
      [Ext Root Scanning (ms): Min: 0.0, Avg: 0.6, Max: 2.1, Diff: 2.1, Sum: 2.6]
      [Update RS (ms): Min: 0.0, Avg: 0.4, Max: 0.5, Diff: 0.5, Sum: 1.4]
         [Processed Buffers: Min: 0, Avg: 24.0, Max: 39, Diff: 39, Sum: 96]
      [Scan RS (ms): Min: 0.0, Avg: 0.0, Max: 0.0, Diff: 0.0, Sum: 0.0]
      [Code Root Scanning (ms): Min: 0.0, Avg: 0.0, Max: 0.0, Diff: 0.0, Sum: 0.0]
      [Object Copy (ms): Min: 0.0, Avg: 0.2, Max: 0.4, Diff: 0.4, Sum: 0.9]
      [Termination (ms): Min: 0.0, Avg: 0.4, Max: 0.6, Diff: 0.6, Sum: 1.8]
         [Termination Attempts: Min: 1, Avg: 1.0, Max: 1, Diff: 0, Sum: 4]
      [GC Worker Other (ms): Min: 0.0, Avg: 0.0, Max: 0.0, Diff: 0.0, Sum: 0.0]
      [GC Worker Total (ms): Min: 0.0, Avg: 1.7, Max: 3.6, Diff: 3.6, Sum: 6.8]
      [GC Worker End (ms): Min: 32976.6, Avg: 32976.6, Max: 32976.6, Diff: 0.0]
   [Code Root Fixup: 0.1 ms]
   [Code Root Purge: 0.0 ms]
   [Clear CT: 0.0 ms]
   [Other: 0.8 ms]
      [Choose CSet: 0.0 ms]
      [Ref Proc: 0.7 ms]
      [Ref Enq: 0.0 ms]
      [Redirty Cards: 0.0 ms]
      [Humongous Register: 0.0 ms]
      [Humongous Reclaim: 0.0 ms]
      [Free CSet: 0.0 ms]
   [Eden: 49.0M(49.0M)->0.0B(49.0M) Survivors: 1024.0K->1024.0K Heap: 88.0M(100.0M)->39.0M(100.0M)]
 [Times: user=0.01 sys=0.00, real=0.01 secs] 
33.071: [GC pause (G1 Evacuation Pause) (young), 0.0046394 secs]
   [Parallel Time: 2.6 ms, GC Workers: 4]
      [GC Worker Start (ms): Min: 33070.6, Avg: 33071.5, Max: 33073.2, Diff: 2.5]
      [Ext Root Scanning (ms): Min: 0.0, Avg: 0.6, Max: 1.2, Diff: 1.1, Sum: 2.5]
      [Update RS (ms): Min: 0.0, Avg: 0.4, Max: 0.5, Diff: 0.5, Sum: 1.5]
         [Processed Buffers: Min: 0, Avg: 24.5, Max: 38, Diff: 38, Sum: 98]
      [Scan RS (ms): Min: 0.0, Avg: 0.0, Max: 0.0, Diff: 0.0, Sum: 0.0]
      [Code Root Scanning (ms): Min: 0.0, Avg: 0.0, Max: 0.0, Diff: 0.0, Sum: 0.0]
      [Object Copy (ms): Min: 0.0, Avg: 0.2, Max: 0.3, Diff: 0.3, Sum: 0.9]
      [Termination (ms): Min: 0.0, Avg: 0.4, Max: 0.6, Diff: 0.6, Sum: 1.8]
         [Termination Attempts: Min: 1, Avg: 1.0, Max: 1, Diff: 0, Sum: 4]
      [GC Worker Other (ms): Min: 0.0, Avg: 0.0, Max: 0.0, Diff: 0.0, Sum: 0.0]
      [GC Worker Total (ms): Min: 0.0, Avg: 1.7, Max: 2.6, Diff: 2.6, Sum: 6.8]
      [GC Worker End (ms): Min: 33073.2, Avg: 33073.2, Max: 33073.2, Diff: 0.0]
   [Code Root Fixup: 0.1 ms]
   [Code Root Purge: 0.0 ms]
   [Clear CT: 0.1 ms]
   [Other: 1.9 ms]
      [Choose CSet: 0.0 ms]
      [Ref Proc: 1.7 ms]
      [Ref Enq: 0.0 ms]
      [Redirty Cards: 0.0 ms]
      [Humongous Register: 0.0 ms]
      [Humongous Reclaim: 0.0 ms]
      [Free CSet: 0.0 ms]
   [Eden: 49.0M(49.0M)->0.0B(49.0M) Survivors: 1024.0K->1024.0K Heap: 88.0M(100.0M)->39.0M(100.0M)]
 [Times: user=0.02 sys=0.00, real=0.01 secs] 
33.172: [GC pause (G1 Evacuation Pause) (young), 0.0031689 secs]
   [Parallel Time: 1.8 ms, GC Workers: 4]
      [GC Worker Start (ms): Min: 33172.3, Avg: 33172.8, Max: 33173.0, Diff: 0.7]
      [Ext Root Scanning (ms): Min: 0.4, Avg: 0.6, Max: 1.2, Diff: 0.8, Sum: 2.5]
      [Update RS (ms): Min: 0.3, Avg: 0.3, Max: 0.4, Diff: 0.0, Sum: 1.4]
         [Processed Buffers: Min: 8, Avg: 24.5, Max: 44, Diff: 36, Sum: 98]
      [Scan RS (ms): Min: 0.0, Avg: 0.0, Max: 0.0, Diff: 0.0, Sum: 0.0]
      [Code Root Scanning (ms): Min: 0.0, Avg: 0.0, Max: 0.0, Diff: 0.0, Sum: 0.0]
      [Object Copy (ms): Min: 0.2, Avg: 0.2, Max: 0.2, Diff: 0.0, Sum: 0.9]
      [Termination (ms): Min: 0.0, Avg: 0.0, Max: 0.0, Diff: 0.0, Sum: 0.0]
         [Termination Attempts: Min: 1, Avg: 1.0, Max: 1, Diff: 0, Sum: 4]
      [GC Worker Other (ms): Min: 0.0, Avg: 0.0, Max: 0.0, Diff: 0.0, Sum: 0.0]
      [GC Worker Total (ms): Min: 1.0, Avg: 1.2, Max: 1.7, Diff: 0.7, Sum: 4.9]
      [GC Worker End (ms): Min: 33174.0, Avg: 33174.0, Max: 33174.0, Diff: 0.0]
   [Code Root Fixup: 0.1 ms]
   [Code Root Purge: 0.0 ms]
   [Clear CT: 0.0 ms]
   [Other: 1.3 ms]
      [Choose CSet: 0.0 ms]
      [Ref Proc: 1.1 ms]
      [Ref Enq: 0.0 ms]
      [Redirty Cards: 0.0 ms]
      [Humongous Register: 0.0 ms]
      [Humongous Reclaim: 0.0 ms]
      [Free CSet: 0.0 ms]
   [Eden: 49.0M(49.0M)->0.0B(49.0M) Survivors: 1024.0K->1024.0K Heap: 88.0M(100.0M)->39.0M(100.0M)]
 [Times: user=0.01 sys=0.00, real=0.01 secs] 
33.265: [GC pause (G1 Evacuation Pause) (young), 0.0051822 secs]
   [Parallel Time: 4.1 ms, GC Workers: 4]
      [GC Worker Start (ms): Min: 33265.5, Avg: 33267.6, Max: 33269.6, Diff: 4.1]
      [Ext Root Scanning (ms): Min: 0.0, Avg: 0.7, Max: 1.7, Diff: 1.7, Sum: 2.6]
      [Update RS (ms): Min: 0.0, Avg: 0.4, Max: 0.8, Diff: 0.8, Sum: 1.5]
         [Processed Buffers: Min: 0, Avg: 25.5, Max: 67, Diff: 67, Sum: 102]
      [Scan RS (ms): Min: 0.0, Avg: 0.0, Max: 0.0, Diff: 0.0, Sum: 0.0]
      [Code Root Scanning (ms): Min: 0.0, Avg: 0.0, Max: 0.0, Diff: 0.0, Sum: 0.0]
      [Object Copy (ms): Min: 0.0, Avg: 0.2, Max: 0.5, Diff: 0.5, Sum: 0.9]
      [Termination (ms): Min: 0.0, Avg: 0.7, Max: 1.1, Diff: 1.1, Sum: 2.9]
         [Termination Attempts: Min: 1, Avg: 1.2, Max: 2, Diff: 1, Sum: 5]
      [GC Worker Other (ms): Min: 0.0, Avg: 0.0, Max: 0.0, Diff: 0.0, Sum: 0.0]
      [GC Worker Total (ms): Min: 0.0, Avg: 2.0, Max: 4.1, Diff: 4.1, Sum: 7.9]
      [GC Worker End (ms): Min: 33269.6, Avg: 33269.6, Max: 33269.6, Diff: 0.0]
   [Code Root Fixup: 0.1 ms]
   [Code Root Purge: 0.0 ms]
   [Clear CT: 0.0 ms]
   [Other: 0.9 ms]
      [Choose CSet: 0.0 ms]
      [Ref Proc: 0.7 ms]
      [Ref Enq: 0.0 ms]
      [Redirty Cards: 0.0 ms]
      [Humongous Register: 0.0 ms]
      [Humongous Reclaim: 0.0 ms]
      [Free CSet: 0.0 ms]
   [Eden: 49.0M(49.0M)->0.0B(49.0M) Survivors: 1024.0K->1024.0K Heap: 88.0M(100.0M)->39.0M(100.0M)]
 [Times: user=0.02 sys=0.00, real=0.00 secs] 
33.371: [GC pause (G1 Evacuation Pause) (young), 0.0035990 secs]
   [Parallel Time: 2.3 ms, GC Workers: 4]
      [GC Worker Start (ms): Min: 33370.8, Avg: 33371.3, Max: 33373.0, Diff: 2.2]
      [Ext Root Scanning (ms): Min: 0.0, Avg: 0.6, Max: 0.9, Diff: 0.9, Sum: 2.6]
      [Update RS (ms): Min: 0.0, Avg: 0.4, Max: 0.5, Diff: 0.5, Sum: 1.4]
         [Processed Buffers: Min: 0, Avg: 25.0, Max: 60, Diff: 60, Sum: 100]
      [Scan RS (ms): Min: 0.0, Avg: 0.0, Max: 0.0, Diff: 0.0, Sum: 0.0]
      [Code Root Scanning (ms): Min: 0.0, Avg: 0.0, Max: 0.0, Diff: 0.0, Sum: 0.0]
      [Object Copy (ms): Min: 0.0, Avg: 0.2, Max: 0.3, Diff: 0.3, Sum: 0.8]
      [Termination (ms): Min: 0.0, Avg: 0.5, Max: 0.7, Diff: 0.7, Sum: 1.9]
         [Termination Attempts: Min: 1, Avg: 1.0, Max: 1, Diff: 0, Sum: 4]
      [GC Worker Other (ms): Min: 0.0, Avg: 0.0, Max: 0.0, Diff: 0.0, Sum: 0.0]
      [GC Worker Total (ms): Min: 0.0, Avg: 1.7, Max: 2.3, Diff: 2.3, Sum: 6.8]
      [GC Worker End (ms): Min: 33373.0, Avg: 33373.0, Max: 33373.1, Diff: 0.1]
   [Code Root Fixup: 0.1 ms]
   [Code Root Purge: 0.0 ms]
   [Clear CT: 0.1 ms]
   [Other: 1.0 ms]
      [Choose CSet: 0.0 ms]
      [Ref Proc: 0.8 ms]
      [Ref Enq: 0.0 ms]
      [Redirty Cards: 0.0 ms]
      [Humongous Register: 0.0 ms]
      [Humongous Reclaim: 0.0 ms]
      [Free CSet: 0.0 ms]
   [Eden: 49.0M(49.0M)->0.0B(49.0M) Survivors: 1024.0K->1024.0K Heap: 88.0M(100.0M)->39.1M(100.0M)]
 [Times: user=0.01 sys=0.00, real=0.01 secs] 
33.466: [GC pause (G1 Evacuation Pause) (young), 0.0032486 secs]
   [Parallel Time: 2.5 ms, GC Workers: 4]
      [GC Worker Start (ms): Min: 33465.7, Avg: 33467.0, Max: 33468.2, Diff: 2.5]
      [Ext Root Scanning (ms): Min: 0.0, Avg: 0.5, Max: 1.0, Diff: 1.0, Sum: 2.1]
      [Update RS (ms): Min: 0.0, Avg: 0.3, Max: 0.6, Diff: 0.6, Sum: 1.1]
         [Processed Buffers: Min: 0, Avg: 27.0, Max: 64, Diff: 64, Sum: 108]
      [Scan RS (ms): Min: 0.0, Avg: 0.0, Max: 0.0, Diff: 0.0, Sum: 0.0]
      [Code Root Scanning (ms): Min: 0.0, Avg: 0.0, Max: 0.0, Diff: 0.0, Sum: 0.0]
      [Object Copy (ms): Min: 0.0, Avg: 0.1, Max: 0.3, Diff: 0.3, Sum: 0.5]
      [Termination (ms): Min: 0.0, Avg: 0.3, Max: 0.6, Diff: 0.6, Sum: 1.3]
         [Termination Attempts: Min: 1, Avg: 1.0, Max: 1, Diff: 0, Sum: 4]
      [GC Worker Other (ms): Min: 0.0, Avg: 0.0, Max: 0.0, Diff: 0.0, Sum: 0.0]
      [GC Worker Total (ms): Min: 0.0, Avg: 1.3, Max: 2.5, Diff: 2.5, Sum: 5.1]
      [GC Worker End (ms): Min: 33468.2, Avg: 33468.2, Max: 33468.2, Diff: 0.0]
   [Code Root Fixup: 0.1 ms]
   [Code Root Purge: 0.0 ms]
   [Clear CT: 0.0 ms]
   [Other: 0.5 ms]
      [Choose CSet: 0.0 ms]
      [Ref Proc: 0.4 ms]
      [Ref Enq: 0.0 ms]
      [Redirty Cards: 0.0 ms]
      [Humongous Register: 0.0 ms]
      [Humongous Reclaim: 0.0 ms]
      [Free CSet: 0.0 ms]
   [Eden: 49.0M(49.0M)->0.0B(49.0M) Survivors: 1024.0K->1024.0K Heap: 88.1M(100.0M)->39.0M(100.0M)]
 [Times: user=0.01 sys=0.00, real=0.00 secs] 
33.561: [GC pause (G1 Evacuation Pause) (young), 0.0044071 secs]
   [Parallel Time: 3.5 ms, GC Workers: 4]
      [GC Worker Start (ms): Min: 33560.7, Avg: 33562.2, Max: 33563.9, Diff: 3.2]
      [Ext Root Scanning (ms): Min: 0.0, Avg: 0.6, Max: 1.3, Diff: 1.3, Sum: 2.5]
      [Update RS (ms): Min: 0.0, Avg: 0.3, Max: 0.7, Diff: 0.7, Sum: 1.3]
         [Processed Buffers: Min: 0, Avg: 26.8, Max: 54, Diff: 54, Sum: 107]
      [Scan RS (ms): Min: 0.0, Avg: 0.0, Max: 0.0, Diff: 0.0, Sum: 0.0]
      [Code Root Scanning (ms): Min: 0.0, Avg: 0.0, Max: 0.0, Diff: 0.0, Sum: 0.0]
      [Object Copy (ms): Min: 0.0, Avg: 0.2, Max: 0.4, Diff: 0.4, Sum: 0.7]
      [Termination (ms): Min: 0.0, Avg: 0.6, Max: 1.1, Diff: 1.1, Sum: 2.5]
         [Termination Attempts: Min: 1, Avg: 1.0, Max: 1, Diff: 0, Sum: 4]
      [GC Worker Other (ms): Min: 0.0, Avg: 0.0, Max: 0.0, Diff: 0.0, Sum: 0.0]
      [GC Worker Total (ms): Min: 0.0, Avg: 1.8, Max: 3.4, Diff: 3.4, Sum: 7.1]
      [GC Worker End (ms): Min: 33563.9, Avg: 33564.0, Max: 33564.1, Diff: 0.2]
   [Code Root Fixup: 0.1 ms]
   [Code Root Purge: 0.0 ms]
   [Clear CT: 0.0 ms]
   [Other: 0.8 ms]
      [Choose CSet: 0.0 ms]
      [Ref Proc: 0.6 ms]
      [Ref Enq: 0.0 ms]
      [Redirty Cards: 0.0 ms]
      [Humongous Register: 0.0 ms]
      [Humongous Reclaim: 0.0 ms]
      [Free CSet: 0.0 ms]
   [Eden: 49.0M(49.0M)->0.0B(49.0M) Survivors: 1024.0K->1024.0K Heap: 88.0M(100.0M)->39.0M(100.0M)]
 [Times: user=0.01 sys=0.00, real=0.01 secs] 
33.652: [GC pause (G1 Evacuation Pause) (young), 0.0037001 secs]
   [Parallel Time: 2.7 ms, GC Workers: 4]
      [GC Worker Start (ms): Min: 33651.7, Avg: 33651.9, Max: 33652.1, Diff: 0.4]
      [Ext Root Scanning (ms): Min: 0.5, Avg: 1.1, Max: 2.5, Diff: 2.0, Sum: 4.4]
      [Update RS (ms): Min: 0.0, Avg: 0.3, Max: 0.5, Diff: 0.5, Sum: 1.4]
         [Processed Buffers: Min: 0, Avg: 27.2, Max: 46, Diff: 46, Sum: 109]
      [Scan RS (ms): Min: 0.0, Avg: 0.0, Max: 0.0, Diff: 0.0, Sum: 0.0]
      [Code Root Scanning (ms): Min: 0.0, Avg: 0.0, Max: 0.0, Diff: 0.0, Sum: 0.0]
      [Object Copy (ms): Min: 0.0, Avg: 0.2, Max: 0.3, Diff: 0.3, Sum: 0.8]
      [Termination (ms): Min: 0.0, Avg: 0.7, Max: 1.0, Diff: 1.0, Sum: 2.9]
         [Termination Attempts: Min: 1, Avg: 1.0, Max: 1, Diff: 0, Sum: 4]
      [GC Worker Other (ms): Min: 0.0, Avg: 0.0, Max: 0.0, Diff: 0.0, Sum: 0.0]
      [GC Worker Total (ms): Min: 2.2, Avg: 2.4, Max: 2.6, Diff: 0.4, Sum: 9.6]
      [GC Worker End (ms): Min: 33654.2, Avg: 33654.3, Max: 33654.3, Diff: 0.1]
   [Code Root Fixup: 0.1 ms]
   [Code Root Purge: 0.0 ms]
   [Clear CT: 0.1 ms]
   [Other: 0.8 ms]
      [Choose CSet: 0.0 ms]
      [Ref Proc: 0.6 ms]
      [Ref Enq: 0.0 ms]
      [Redirty Cards: 0.0 ms]
      [Humongous Register: 0.0 ms]
      [Humongous Reclaim: 0.0 ms]
      [Free CSet: 0.0 ms]
   [Eden: 49.0M(49.0M)->0.0B(49.0M) Survivors: 1024.0K->1024.0K Heap: 88.0M(100.0M)->39.0M(100.0M)]
 [Times: user=0.02 sys=0.00, real=0.01 secs] 
33.745: [GC pause (G1 Evacuation Pause) (young), 0.0079188 secs]
   [Parallel Time: 6.8 ms, GC Workers: 4]
      [GC Worker Start (ms): Min: 33745.0, Avg: 33747.6, Max: 33749.1, Diff: 4.1]
      [Ext Root Scanning (ms): Min: 0.0, Avg: 0.6, Max: 2.3, Diff: 2.3, Sum: 2.5]
      [Update RS (ms): Min: 0.0, Avg: 0.3, Max: 0.7, Diff: 0.7, Sum: 1.4]
         [Processed Buffers: Min: 0, Avg: 27.8, Max: 68, Diff: 68, Sum: 111]
      [Scan RS (ms): Min: 0.0, Avg: 0.0, Max: 0.0, Diff: 0.0, Sum: 0.0]
      [Code Root Scanning (ms): Min: 0.0, Avg: 0.0, Max: 0.0, Diff: 0.0, Sum: 0.0]
      [Object Copy (ms): Min: 0.0, Avg: 0.2, Max: 0.5, Diff: 0.5, Sum: 0.8]
      [Termination (ms): Min: 0.0, Avg: 1.7, Max: 3.3, Diff: 3.3, Sum: 6.6]
         [Termination Attempts: Min: 1, Avg: 1.0, Max: 1, Diff: 0, Sum: 4]
      [GC Worker Other (ms): Min: 0.0, Avg: 0.0, Max: 0.0, Diff: 0.0, Sum: 0.0]
      [GC Worker Total (ms): Min: 0.0, Avg: 2.8, Max: 6.7, Diff: 6.7, Sum: 11.3]
      [GC Worker End (ms): Min: 33749.1, Avg: 33750.4, Max: 33751.7, Diff: 2.7]
   [Code Root Fixup: 0.1 ms]
   [Code Root Purge: 0.0 ms]
   [Clear CT: 0.1 ms]
   [Other: 0.9 ms]
      [Choose CSet: 0.0 ms]
      [Ref Proc: 0.7 ms]
      [Ref Enq: 0.0 ms]
      [Redirty Cards: 0.0 ms]
      [Humongous Register: 0.0 ms]
      [Humongous Reclaim: 0.0 ms]
      [Free CSet: 0.0 ms]
   [Eden: 49.0M(49.0M)->0.0B(49.0M) Survivors: 1024.0K->1024.0K Heap: 88.0M(100.0M)->39.0M(100.0M)]
 [Times: user=0.02 sys=0.00, real=0.00 secs] 
33.844: [GC pause (G1 Evacuation Pause) (young), 0.0033284 secs]
   [Parallel Time: 1.6 ms, GC Workers: 4]
      [GC Worker Start (ms): Min: 33844.2, Avg: 33844.6, Max: 33844.8, Diff: 0.6]
      [Ext Root Scanning (ms): Min: 0.4, Avg: 0.7, Max: 1.1, Diff: 0.6, Sum: 2.7]
      [Update RS (ms): Min: 0.3, Avg: 0.3, Max: 0.3, Diff: 0.0, Sum: 1.3]
         [Processed Buffers: Min: 5, Avg: 26.8, Max: 45, Diff: 40, Sum: 107]
      [Scan RS (ms): Min: 0.0, Avg: 0.0, Max: 0.0, Diff: 0.0, Sum: 0.0]
      [Code Root Scanning (ms): Min: 0.0, Avg: 0.0, Max: 0.0, Diff: 0.0, Sum: 0.0]
      [Object Copy (ms): Min: 0.2, Avg: 0.2, Max: 0.2, Diff: 0.0, Sum: 0.8]
      [Termination (ms): Min: 0.0, Avg: 0.0, Max: 0.0, Diff: 0.0, Sum: 0.0]
         [Termination Attempts: Min: 1, Avg: 1.0, Max: 1, Diff: 0, Sum: 4]
      [GC Worker Other (ms): Min: 0.0, Avg: 0.0, Max: 0.0, Diff: 0.0, Sum: 0.0]
      [GC Worker Total (ms): Min: 1.0, Avg: 1.2, Max: 1.6, Diff: 0.6, Sum: 5.0]
      [GC Worker End (ms): Min: 33845.8, Avg: 33845.8, Max: 33845.8, Diff: 0.0]
   [Code Root Fixup: 0.1 ms]
   [Code Root Purge: 0.0 ms]
   [Clear CT: 0.0 ms]
   [Other: 1.5 ms]
      [Choose CSet: 0.0 ms]
      [Ref Proc: 1.3 ms]
      [Ref Enq: 0.0 ms]
      [Redirty Cards: 0.0 ms]
      [Humongous Register: 0.0 ms]
      [Humongous Reclaim: 0.0 ms]
      [Free CSet: 0.0 ms]
   [Eden: 49.0M(49.0M)->0.0B(49.0M) Survivors: 1024.0K->1024.0K Heap: 88.0M(100.0M)->39.1M(100.0M)]
 [Times: user=0.01 sys=0.00, real=0.00 secs] 
33.946: [GC pause (G1 Evacuation Pause) (young), 0.0040380 secs]
   [Parallel Time: 3.0 ms, GC Workers: 4]
      [GC Worker Start (ms): Min: 33946.1, Avg: 33947.9, Max: 33948.5, Diff: 2.4]
      [Ext Root Scanning (ms): Min: 0.1, Avg: 0.6, Max: 2.3, Diff: 2.2, Sum: 2.5]
      [Update RS (ms): Min: 0.3, Avg: 0.3, Max: 0.3, Diff: 0.0, Sum: 1.3]
         [Processed Buffers: Min: 19, Avg: 27.0, Max: 41, Diff: 22, Sum: 108]
      [Scan RS (ms): Min: 0.0, Avg: 0.0, Max: 0.0, Diff: 0.0, Sum: 0.0]
      [Code Root Scanning (ms): Min: 0.0, Avg: 0.0, Max: 0.0, Diff: 0.0, Sum: 0.0]
      [Object Copy (ms): Min: 0.1, Avg: 0.2, Max: 0.3, Diff: 0.2, Sum: 0.8]
      [Termination (ms): Min: 0.0, Avg: 0.0, Max: 0.0, Diff: 0.0, Sum: 0.0]
         [Termination Attempts: Min: 1, Avg: 1.0, Max: 1, Diff: 0, Sum: 4]
      [GC Worker Other (ms): Min: 0.0, Avg: 0.0, Max: 0.0, Diff: 0.0, Sum: 0.0]
      [GC Worker Total (ms): Min: 0.6, Avg: 1.2, Max: 3.0, Diff: 2.4, Sum: 4.7]
      [GC Worker End (ms): Min: 33949.0, Avg: 33949.0, Max: 33949.0, Diff: 0.0]
   [Code Root Fixup: 0.1 ms]
   [Code Root Purge: 0.0 ms]
   [Clear CT: 0.1 ms]
   [Other: 0.9 ms]
      [Choose CSet: 0.0 ms]
      [Ref Proc: 0.7 ms]
      [Ref Enq: 0.0 ms]
      [Redirty Cards: 0.0 ms]
      [Humongous Register: 0.0 ms]
      [Humongous Reclaim: 0.0 ms]
      [Free CSet: 0.0 ms]
   [Eden: 49.0M(49.0M)->0.0B(49.0M) Survivors: 1024.0K->1024.0K Heap: 88.1M(100.0M)->39.0M(100.0M)]
 [Times: user=0.02 sys=0.00, real=0.00 secs] 
34.037: [GC pause (G1 Evacuation Pause) (young), 0.0025479 secs]
   [Parallel Time: 1.3 ms, GC Workers: 4]
      [GC Worker Start (ms): Min: 34037.2, Avg: 34037.3, Max: 34037.4, Diff: 0.1]
      [Ext Root Scanning (ms): Min: 0.6, Avg: 0.7, Max: 0.8, Diff: 0.2, Sum: 2.6]
      [Update RS (ms): Min: 0.3, Avg: 0.3, Max: 0.3, Diff: 0.0, Sum: 1.3]
         [Processed Buffers: Min: 17, Avg: 27.2, Max: 46, Diff: 29, Sum: 109]
      [Scan RS (ms): Min: 0.0, Avg: 0.0, Max: 0.0, Diff: 0.0, Sum: 0.0]
      [Code Root Scanning (ms): Min: 0.0, Avg: 0.0, Max: 0.0, Diff: 0.0, Sum: 0.0]
      [Object Copy (ms): Min: 0.2, Avg: 0.2, Max: 0.2, Diff: 0.1, Sum: 0.8]
      [Termination (ms): Min: 0.0, Avg: 0.0, Max: 0.0, Diff: 0.0, Sum: 0.0]
         [Termination Attempts: Min: 1, Avg: 1.0, Max: 1, Diff: 0, Sum: 4]
      [GC Worker Other (ms): Min: 0.0, Avg: 0.0, Max: 0.0, Diff: 0.0, Sum: 0.0]
      [GC Worker Total (ms): Min: 1.2, Avg: 1.2, Max: 1.3, Diff: 0.1, Sum: 4.8]
      [GC Worker End (ms): Min: 34038.5, Avg: 34038.5, Max: 34038.5, Diff: 0.0]
   [Code Root Fixup: 0.1 ms]
   [Code Root Purge: 0.0 ms]
   [Clear CT: 0.0 ms]
   [Other: 1.1 ms]
      [Choose CSet: 0.0 ms]
      [Ref Proc: 0.9 ms]
      [Ref Enq: 0.0 ms]
      [Redirty Cards: 0.0 ms]
      [Humongous Register: 0.0 ms]
      [Humongous Reclaim: 0.0 ms]
      [Free CSet: 0.0 ms]
   [Eden: 49.0M(49.0M)->0.0B(49.0M) Survivors: 1024.0K->1024.0K Heap: 88.0M(100.0M)->39.1M(100.0M)]
 [Times: user=0.01 sys=0.00, real=0.00 secs] 
34.129: [GC pause (G1 Evacuation Pause) (young), 0.0045066 secs]
   [Parallel Time: 3.5 ms, GC Workers: 4]
      [GC Worker Start (ms): Min: 34128.6, Avg: 34129.6, Max: 34130.4, Diff: 1.7]
      [Ext Root Scanning (ms): Min: 0.1, Avg: 1.2, Max: 3.3, Diff: 3.2, Sum: 4.7]
      [Update RS (ms): Min: 0.0, Avg: 0.3, Max: 0.5, Diff: 0.5, Sum: 1.4]
         [Processed Buffers: Min: 0, Avg: 26.8, Max: 48, Diff: 48, Sum: 107]
      [Scan RS (ms): Min: 0.0, Avg: 0.0, Max: 0.0, Diff: 0.0, Sum: 0.0]
      [Code Root Scanning (ms): Min: 0.0, Avg: 0.0, Max: 0.0, Diff: 0.0, Sum: 0.0]
      [Object Copy (ms): Min: 0.0, Avg: 0.2, Max: 0.3, Diff: 0.3, Sum: 0.7]
      [Termination (ms): Min: 0.0, Avg: 0.7, Max: 1.0, Diff: 1.0, Sum: 2.7]
         [Termination Attempts: Min: 1, Avg: 1.0, Max: 1, Diff: 0, Sum: 4]
      [GC Worker Other (ms): Min: 0.0, Avg: 0.0, Max: 0.0, Diff: 0.0, Sum: 0.0]
      [GC Worker Total (ms): Min: 1.7, Avg: 2.4, Max: 3.3, Diff: 1.7, Sum: 9.6]
      [GC Worker End (ms): Min: 34132.0, Avg: 34132.0, Max: 34132.1, Diff: 0.1]
   [Code Root Fixup: 0.1 ms]
   [Code Root Purge: 0.0 ms]
   [Clear CT: 0.0 ms]
   [Other: 0.8 ms]
      [Choose CSet: 0.0 ms]
      [Ref Proc: 0.7 ms]
      [Ref Enq: 0.0 ms]
      [Redirty Cards: 0.0 ms]
      [Humongous Register: 0.0 ms]
      [Humongous Reclaim: 0.0 ms]
      [Free CSet: 0.0 ms]
   [Eden: 49.0M(49.0M)->0.0B(49.0M) Survivors: 1024.0K->1024.0K Heap: 88.1M(100.0M)->39.1M(100.0M)]
 [Times: user=0.01 sys=0.00, real=0.00 secs] 
34.231: [GC pause (G1 Evacuation Pause) (young), 0.0039564 secs]
   [Parallel Time: 2.9 ms, GC Workers: 4]
      [GC Worker Start (ms): Min: 34231.6, Avg: 34233.0, Max: 34234.4, Diff: 2.9]
      [Ext Root Scanning (ms): Min: 0.0, Avg: 0.6, Max: 1.3, Diff: 1.3, Sum: 2.5]
      [Update RS (ms): Min: 0.0, Avg: 0.3, Max: 0.7, Diff: 0.7, Sum: 1.3]
         [Processed Buffers: Min: 0, Avg: 27.2, Max: 68, Diff: 68, Sum: 109]
      [Scan RS (ms): Min: 0.0, Avg: 0.0, Max: 0.0, Diff: 0.0, Sum: 0.0]
      [Code Root Scanning (ms): Min: 0.0, Avg: 0.0, Max: 0.0, Diff: 0.0, Sum: 0.0]
      [Object Copy (ms): Min: 0.0, Avg: 0.2, Max: 0.4, Diff: 0.4, Sum: 0.7]
      [Termination (ms): Min: 0.0, Avg: 0.3, Max: 0.6, Diff: 0.6, Sum: 1.2]
         [Termination Attempts: Min: 1, Avg: 1.0, Max: 1, Diff: 0, Sum: 4]
      [GC Worker Other (ms): Min: 0.0, Avg: 0.0, Max: 0.0, Diff: 0.0, Sum: 0.0]
      [GC Worker Total (ms): Min: 0.0, Avg: 1.5, Max: 2.9, Diff: 2.9, Sum: 5.9]
      [GC Worker End (ms): Min: 34234.5, Avg: 34234.5, Max: 34234.5, Diff: 0.0]
   [Code Root Fixup: 0.1 ms]
   [Code Root Purge: 0.0 ms]
   [Clear CT: 0.0 ms]
   [Other: 0.8 ms]
      [Choose CSet: 0.0 ms]
      [Ref Proc: 0.7 ms]
      [Ref Enq: 0.0 ms]
      [Redirty Cards: 0.0 ms]
      [Humongous Register: 0.0 ms]
      [Humongous Reclaim: 0.0 ms]
      [Free CSet: 0.0 ms]
   [Eden: 49.0M(49.0M)->0.0B(49.0M) Survivors: 1024.0K->1024.0K Heap: 88.1M(100.0M)->39.0M(100.0M)]
 [Times: user=0.02 sys=0.00, real=0.01 secs] 
34.332: [GC pause (G1 Evacuation Pause) (young), 0.0037624 secs]
   [Parallel Time: 2.7 ms, GC Workers: 4]
      [GC Worker Start (ms): Min: 34332.0, Avg: 34332.8, Max: 34334.0, Diff: 2.0]
      [Ext Root Scanning (ms): Min: 0.0, Avg: 0.7, Max: 1.3, Diff: 1.3, Sum: 2.8]
      [Update RS (ms): Min: 0.0, Avg: 0.3, Max: 0.5, Diff: 0.5, Sum: 1.4]
         [Processed Buffers: Min: 0, Avg: 26.0, Max: 49, Diff: 49, Sum: 104]
      [Scan RS (ms): Min: 0.0, Avg: 0.2, Max: 0.8, Diff: 0.8, Sum: 0.9]
      [Code Root Scanning (ms): Min: 0.0, Avg: 0.0, Max: 0.0, Diff: 0.0, Sum: 0.0]
      [Object Copy (ms): Min: 0.1, Avg: 0.2, Max: 0.3, Diff: 0.2, Sum: 0.8]
      [Termination (ms): Min: 0.0, Avg: 0.4, Max: 0.6, Diff: 0.6, Sum: 1.8]
         [Termination Attempts: Min: 1, Avg: 1.0, Max: 1, Diff: 0, Sum: 4]
      [GC Worker Other (ms): Min: 0.0, Avg: 0.0, Max: 0.0, Diff: 0.0, Sum: 0.0]
      [GC Worker Total (ms): Min: 0.7, Avg: 1.9, Max: 2.7, Diff: 2.0, Sum: 7.6]
      [GC Worker End (ms): Min: 34334.7, Avg: 34334.7, Max: 34334.7, Diff: 0.0]
   [Code Root Fixup: 0.1 ms]
   [Code Root Purge: 0.0 ms]
   [Clear CT: 0.0 ms]
   [Other: 0.9 ms]
      [Choose CSet: 0.0 ms]
      [Ref Proc: 0.7 ms]
      [Ref Enq: 0.0 ms]
      [Redirty Cards: 0.0 ms]
      [Humongous Register: 0.0 ms]
      [Humongous Reclaim: 0.0 ms]
      [Free CSet: 0.0 ms]
   [Eden: 49.0M(49.0M)->0.0B(49.0M) Survivors: 1024.0K->1024.0K Heap: 88.0M(100.0M)->39.0M(100.0M)]
 [Times: user=0.01 sys=0.00, real=0.01 secs] 
34.432: [GC pause (G1 Evacuation Pause) (young), 0.0062900 secs]
   [Parallel Time: 4.4 ms, GC Workers: 4]
      [GC Worker Start (ms): Min: 34432.4, Avg: 34435.3, Max: 34436.7, Diff: 4.3]
      [Ext Root Scanning (ms): Min: 0.0, Avg: 0.5, Max: 1.8, Diff: 1.8, Sum: 1.8]
      [Update RS (ms): Min: 0.0, Avg: 0.2, Max: 0.9, Diff: 0.9, Sum: 0.9]
         [Processed Buffers: Min: 0, Avg: 27.5, Max: 110, Diff: 110, Sum: 110]
      [Scan RS (ms): Min: 0.0, Avg: 0.0, Max: 0.0, Diff: 0.0, Sum: 0.0]
      [Code Root Scanning (ms): Min: 0.0, Avg: 0.0, Max: 0.0, Diff: 0.0, Sum: 0.0]
      [Object Copy (ms): Min: 0.0, Avg: 0.1, Max: 0.4, Diff: 0.4, Sum: 0.4]
      [Termination (ms): Min: 0.0, Avg: 0.6, Max: 1.1, Diff: 1.1, Sum: 2.4]
         [Termination Attempts: Min: 1, Avg: 1.0, Max: 1, Diff: 0, Sum: 4]
      [GC Worker Other (ms): Min: 0.0, Avg: 0.0, Max: 0.0, Diff: 0.0, Sum: 0.0]
      [GC Worker Total (ms): Min: 0.0, Avg: 1.4, Max: 4.3, Diff: 4.3, Sum: 5.6]
      [GC Worker End (ms): Min: 34436.7, Avg: 34436.7, Max: 34436.8, Diff: 0.1]
   [Code Root Fixup: 0.1 ms]
   [Code Root Purge: 0.0 ms]
   [Clear CT: 0.1 ms]
   [Other: 1.7 ms]
      [Choose CSet: 0.0 ms]
      [Ref Proc: 1.6 ms]
      [Ref Enq: 0.0 ms]
      [Redirty Cards: 0.0 ms]
      [Humongous Register: 0.0 ms]
      [Humongous Reclaim: 0.0 ms]
      [Free CSet: 0.0 ms]
   [Eden: 49.0M(49.0M)->0.0B(49.0M) Survivors: 1024.0K->1024.0K Heap: 88.0M(100.0M)->39.0M(100.0M)]
 [Times: user=0.02 sys=0.00, real=0.01 secs] 
34.559: [GC pause (G1 Evacuation Pause) (young), 0.0016009 secs]
   [Parallel Time: 1.3 ms, GC Workers: 4]
      [GC Worker Start (ms): Min: 34559.4, Avg: 34559.4, Max: 34559.5, Diff: 0.0]
      [Ext Root Scanning (ms): Min: 0.5, Avg: 0.6, Max: 0.7, Diff: 0.1, Sum: 2.4]
      [Update RS (ms): Min: 0.3, Avg: 0.4, Max: 0.5, Diff: 0.2, Sum: 1.5]
         [Processed Buffers: Min: 1, Avg: 20.8, Max: 43, Diff: 42, Sum: 83]
      [Scan RS (ms): Min: 0.0, Avg: 0.0, Max: 0.0, Diff: 0.0, Sum: 0.0]
      [Code Root Scanning (ms): Min: 0.0, Avg: 0.0, Max: 0.0, Diff: 0.0, Sum: 0.0]
      [Object Copy (ms): Min: 0.0, Avg: 0.2, Max: 0.3, Diff: 0.3, Sum: 1.0]
      [Termination (ms): Min: 0.0, Avg: 0.0, Max: 0.0, Diff: 0.0, Sum: 0.0]
         [Termination Attempts: Min: 1, Avg: 1.2, Max: 2, Diff: 1, Sum: 5]
      [GC Worker Other (ms): Min: 0.0, Avg: 0.0, Max: 0.0, Diff: 0.0, Sum: 0.1]
      [GC Worker Total (ms): Min: 1.2, Avg: 1.2, Max: 1.2, Diff: 0.0, Sum: 5.0]
      [GC Worker End (ms): Min: 34560.7, Avg: 34560.7, Max: 34560.7, Diff: 0.0]
   [Code Root Fixup: 0.1 ms]
   [Code Root Purge: 0.0 ms]
   [Clear CT: 0.0 ms]
   [Other: 0.2 ms]
      [Choose CSet: 0.0 ms]
      [Ref Proc: 0.1 ms]
      [Ref Enq: 0.0 ms]
      [Redirty Cards: 0.0 ms]
      [Humongous Register: 0.0 ms]
      [Humongous Reclaim: 0.0 ms]
      [Free CSet: 0.0 ms]
   [Eden: 49.0M(49.0M)->0.0B(49.0M) Survivors: 1024.0K->1024.0K Heap: 88.0M(100.0M)->39.1M(100.0M)]
 [Times: user=0.00 sys=0.00, real=0.00 secs] 
34.654: [GC pause (G1 Evacuation Pause) (young), 0.0029068 secs]
   [Parallel Time: 1.4 ms, GC Workers: 4]
      [GC Worker Start (ms): Min: 34653.6, Avg: 34653.7, Max: 34653.9, Diff: 0.2]
      [Ext Root Scanning (ms): Min: 0.5, Avg: 0.7, Max: 0.8, Diff: 0.3, Sum: 2.7]
      [Update RS (ms): Min: 0.3, Avg: 0.4, Max: 0.4, Diff: 0.0, Sum: 1.5]
         [Processed Buffers: Min: 19, Avg: 27.0, Max: 35, Diff: 16, Sum: 108]
      [Scan RS (ms): Min: 0.0, Avg: 0.0, Max: 0.0, Diff: 0.0, Sum: 0.0]
      [Code Root Scanning (ms): Min: 0.0, Avg: 0.0, Max: 0.0, Diff: 0.0, Sum: 0.0]
      [Object Copy (ms): Min: 0.2, Avg: 0.3, Max: 0.3, Diff: 0.1, Sum: 1.0]
      [Termination (ms): Min: 0.0, Avg: 0.0, Max: 0.0, Diff: 0.0, Sum: 0.0]
         [Termination Attempts: Min: 1, Avg: 1.0, Max: 1, Diff: 0, Sum: 4]
      [GC Worker Other (ms): Min: 0.0, Avg: 0.0, Max: 0.0, Diff: 0.0, Sum: 0.0]
      [GC Worker Total (ms): Min: 1.2, Avg: 1.3, Max: 1.4, Diff: 0.2, Sum: 5.2]
      [GC Worker End (ms): Min: 34655.0, Avg: 34655.1, Max: 34655.1, Diff: 0.0]
   [Code Root Fixup: 0.1 ms]
   [Code Root Purge: 0.0 ms]
   [Clear CT: 0.0 ms]
   [Other: 1.3 ms]
      [Choose CSet: 0.0 ms]
      [Ref Proc: 1.2 ms]
      [Ref Enq: 0.0 ms]
      [Redirty Cards: 0.0 ms]
      [Humongous Register: 0.0 ms]
      [Humongous Reclaim: 0.0 ms]
      [Free CSet: 0.0 ms]
   [Eden: 49.0M(49.0M)->0.0B(49.0M) Survivors: 1024.0K->1024.0K Heap: 88.1M(100.0M)->39.1M(100.0M)]
 [Times: user=0.01 sys=0.00, real=0.00 secs] 
34.752: [GC pause (G1 Evacuation Pause) (young), 0.0017191 secs]
   [Parallel Time: 1.3 ms, GC Workers: 4]
      [GC Worker Start (ms): Min: 34752.4, Avg: 34752.5, Max: 34752.8, Diff: 0.4]
      [Ext Root Scanning (ms): Min: 0.3, Avg: 0.6, Max: 0.8, Diff: 0.4, Sum: 2.5]
      [Update RS (ms): Min: 0.3, Avg: 0.3, Max: 0.3, Diff: 0.0, Sum: 1.3]
         [Processed Buffers: Min: 16, Avg: 26.0, Max: 39, Diff: 23, Sum: 104]
      [Scan RS (ms): Min: 0.0, Avg: 0.0, Max: 0.0, Diff: 0.0, Sum: 0.0]
      [Code Root Scanning (ms): Min: 0.0, Avg: 0.0, Max: 0.0, Diff: 0.0, Sum: 0.0]
      [Object Copy (ms): Min: 0.2, Avg: 0.2, Max: 0.3, Diff: 0.1, Sum: 0.8]
      [Termination (ms): Min: 0.0, Avg: 0.0, Max: 0.0, Diff: 0.0, Sum: 0.0]
         [Termination Attempts: Min: 1, Avg: 1.0, Max: 1, Diff: 0, Sum: 4]
      [GC Worker Other (ms): Min: 0.0, Avg: 0.0, Max: 0.0, Diff: 0.0, Sum: 0.0]
      [GC Worker Total (ms): Min: 0.9, Avg: 1.2, Max: 1.3, Diff: 0.4, Sum: 4.8]
      [GC Worker End (ms): Min: 34753.7, Avg: 34753.7, Max: 34753.7, Diff: 0.0]
   [Code Root Fixup: 0.1 ms]
   [Code Root Purge: 0.0 ms]
   [Clear CT: 0.0 ms]
   [Other: 0.3 ms]
      [Choose CSet: 0.0 ms]
      [Ref Proc: 0.1 ms]
      [Ref Enq: 0.0 ms]
      [Redirty Cards: 0.0 ms]
      [Humongous Register: 0.0 ms]
      [Humongous Reclaim: 0.0 ms]
      [Free CSet: 0.0 ms]
   [Eden: 49.0M(49.0M)->0.0B(49.0M) Survivors: 1024.0K->1024.0K Heap: 88.1M(100.0M)->39.0M(100.0M)]
 [Times: user=0.01 sys=0.00, real=0.01 secs] 
34.845: [GC pause (G1 Evacuation Pause) (young), 0.0032576 secs]
   [Parallel Time: 2.2 ms, GC Workers: 4]
      [GC Worker Start (ms): Min: 34844.8, Avg: 34845.5, Max: 34846.1, Diff: 1.2]
      [Ext Root Scanning (ms): Min: 0.2, Avg: 0.7, Max: 1.2, Diff: 1.0, Sum: 2.9]
      [Update RS (ms): Min: 0.5, Avg: 0.5, Max: 0.5, Diff: 0.0, Sum: 2.0]
         [Processed Buffers: Min: 23, Avg: 27.0, Max: 35, Diff: 12, Sum: 108]
      [Scan RS (ms): Min: 0.0, Avg: 0.0, Max: 0.0, Diff: 0.0, Sum: 0.0]
      [Code Root Scanning (ms): Min: 0.0, Avg: 0.0, Max: 0.0, Diff: 0.0, Sum: 0.0]
      [Object Copy (ms): Min: 0.2, Avg: 0.3, Max: 0.5, Diff: 0.2, Sum: 1.2]
      [Termination (ms): Min: 0.0, Avg: 0.0, Max: 0.0, Diff: 0.0, Sum: 0.0]
         [Termination Attempts: Min: 1, Avg: 1.0, Max: 1, Diff: 0, Sum: 4]
      [GC Worker Other (ms): Min: 0.0, Avg: 0.0, Max: 0.0, Diff: 0.0, Sum: 0.0]
      [GC Worker Total (ms): Min: 1.0, Avg: 1.6, Max: 2.2, Diff: 1.2, Sum: 6.2]
      [GC Worker End (ms): Min: 34847.0, Avg: 34847.0, Max: 34847.0, Diff: 0.0]
   [Code Root Fixup: 0.2 ms]
   [Code Root Purge: 0.0 ms]
   [Clear CT: 0.0 ms]
   [Other: 0.8 ms]
      [Choose CSet: 0.0 ms]
      [Ref Proc: 0.6 ms]
      [Ref Enq: 0.0 ms]
      [Redirty Cards: 0.1 ms]
      [Humongous Register: 0.0 ms]
      [Humongous Reclaim: 0.0 ms]
      [Free CSet: 0.0 ms]
   [Eden: 49.0M(49.0M)->0.0B(49.0M) Survivors: 1024.0K->1024.0K Heap: 88.0M(100.0M)->39.1M(100.0M)]
 [Times: user=0.01 sys=0.00, real=0.00 secs] 
34.942: [GC pause (G1 Evacuation Pause) (young), 0.0046006 secs]
   [Parallel Time: 3.1 ms, GC Workers: 4]
      [GC Worker Start (ms): Min: 34941.7, Avg: 34943.0, Max: 34944.7, Diff: 3.0]
      [Ext Root Scanning (ms): Min: 0.0, Avg: 0.7, Max: 1.4, Diff: 1.3, Sum: 2.7]
      [Update RS (ms): Min: 0.0, Avg: 0.4, Max: 0.7, Diff: 0.7, Sum: 1.6]
         [Processed Buffers: Min: 0, Avg: 28.0, Max: 49, Diff: 49, Sum: 112]
      [Scan RS (ms): Min: 0.0, Avg: 0.0, Max: 0.0, Diff: 0.0, Sum: 0.0]
      [Code Root Scanning (ms): Min: 0.0, Avg: 0.0, Max: 0.0, Diff: 0.0, Sum: 0.0]
      [Object Copy (ms): Min: 0.0, Avg: 0.2, Max: 0.4, Diff: 0.4, Sum: 0.9]
      [Termination (ms): Min: 0.0, Avg: 0.4, Max: 0.6, Diff: 0.6, Sum: 1.8]
         [Termination Attempts: Min: 1, Avg: 1.0, Max: 1, Diff: 0, Sum: 4]
      [GC Worker Other (ms): Min: 0.0, Avg: 0.0, Max: 0.0, Diff: 0.0, Sum: 0.0]
      [GC Worker Total (ms): Min: 0.0, Avg: 1.8, Max: 3.0, Diff: 3.0, Sum: 7.1]
      [GC Worker End (ms): Min: 34944.8, Avg: 34944.8, Max: 34944.8, Diff: 0.0]
   [Code Root Fixup: 0.1 ms]
   [Code Root Purge: 0.0 ms]
   [Clear CT: 0.0 ms]
   [Other: 1.4 ms]
      [Choose CSet: 0.0 ms]
      [Ref Proc: 1.2 ms]
      [Ref Enq: 0.0 ms]
      [Redirty Cards: 0.0 ms]
      [Humongous Register: 0.0 ms]
      [Humongous Reclaim: 0.0 ms]
      [Free CSet: 0.0 ms]
   [Eden: 49.0M(49.0M)->0.0B(49.0M) Survivors: 1024.0K->1024.0K Heap: 88.1M(100.0M)->39.1M(100.0M)]
 [Times: user=0.01 sys=0.00, real=0.01 secs] 
35.041: [GC pause (G1 Evacuation Pause) (young), 0.0047358 secs]
   [Parallel Time: 3.6 ms, GC Workers: 4]
      [GC Worker Start (ms): Min: 35040.9, Avg: 35042.7, Max: 35044.3, Diff: 3.4]
      [Ext Root Scanning (ms): Min: 0.0, Avg: 0.7, Max: 1.6, Diff: 1.6, Sum: 2.8]
      [Update RS (ms): Min: 0.0, Avg: 0.4, Max: 0.8, Diff: 0.8, Sum: 1.5]
         [Processed Buffers: Min: 0, Avg: 25.2, Max: 71, Diff: 71, Sum: 101]
      [Scan RS (ms): Min: 0.0, Avg: 0.0, Max: 0.0, Diff: 0.0, Sum: 0.0]
      [Code Root Scanning (ms): Min: 0.0, Avg: 0.0, Max: 0.0, Diff: 0.0, Sum: 0.0]
      [Object Copy (ms): Min: 0.0, Avg: 0.2, Max: 0.4, Diff: 0.4, Sum: 0.9]
      [Termination (ms): Min: 0.0, Avg: 0.4, Max: 0.8, Diff: 0.8, Sum: 1.7]
         [Termination Attempts: Min: 1, Avg: 1.0, Max: 1, Diff: 0, Sum: 4]
      [GC Worker Other (ms): Min: 0.0, Avg: 0.0, Max: 0.0, Diff: 0.0, Sum: 0.0]
      [GC Worker Total (ms): Min: 0.0, Avg: 1.7, Max: 3.6, Diff: 3.6, Sum: 6.9]
      [GC Worker End (ms): Min: 35044.3, Avg: 35044.4, Max: 35044.5, Diff: 0.2]
   [Code Root Fixup: 0.1 ms]
   [Code Root Purge: 0.0 ms]
   [Clear CT: 0.1 ms]
   [Other: 0.9 ms]
      [Choose CSet: 0.0 ms]
      [Ref Proc: 0.7 ms]
      [Ref Enq: 0.0 ms]
      [Redirty Cards: 0.0 ms]
      [Humongous Register: 0.0 ms]
      [Humongous Reclaim: 0.0 ms]
      [Free CSet: 0.0 ms]
   [Eden: 49.0M(49.0M)->0.0B(49.0M) Survivors: 1024.0K->1024.0K Heap: 88.1M(100.0M)->39.1M(100.0M)]
 [Times: user=0.02 sys=0.00, real=0.01 secs] 
35.137: [GC pause (G1 Evacuation Pause) (young), 0.0056575 secs]
   [Parallel Time: 3.6 ms, GC Workers: 4]
      [GC Worker Start (ms): Min: 35137.4, Avg: 35139.6, Max: 35140.6, Diff: 3.3]
      [Ext Root Scanning (ms): Min: 0.0, Avg: 0.7, Max: 2.5, Diff: 2.5, Sum: 2.7]
      [Update RS (ms): Min: 0.1, Avg: 0.4, Max: 0.6, Diff: 0.6, Sum: 1.6]
         [Processed Buffers: Min: 2, Avg: 26.2, Max: 54, Diff: 52, Sum: 105]
      [Scan RS (ms): Min: 0.0, Avg: 0.0, Max: 0.0, Diff: 0.0, Sum: 0.0]
      [Code Root Scanning (ms): Min: 0.0, Avg: 0.0, Max: 0.0, Diff: 0.0, Sum: 0.0]
      [Object Copy (ms): Min: 0.2, Avg: 0.3, Max: 0.4, Diff: 0.2, Sum: 1.1]
      [Termination (ms): Min: 0.0, Avg: 0.0, Max: 0.0, Diff: 0.0, Sum: 0.0]
         [Termination Attempts: Min: 1, Avg: 1.2, Max: 2, Diff: 1, Sum: 5]
      [GC Worker Other (ms): Min: 0.0, Avg: 0.0, Max: 0.0, Diff: 0.0, Sum: 0.0]
      [GC Worker Total (ms): Min: 0.3, Avg: 1.4, Max: 3.6, Diff: 3.3, Sum: 5.4]
      [GC Worker End (ms): Min: 35140.9, Avg: 35140.9, Max: 35140.9, Diff: 0.0]
   [Code Root Fixup: 0.1 ms]
   [Code Root Purge: 0.0 ms]
   [Clear CT: 0.1 ms]
   [Other: 1.9 ms]
      [Choose CSet: 0.0 ms]
      [Ref Proc: 1.7 ms]
      [Ref Enq: 0.0 ms]
      [Redirty Cards: 0.0 ms]
      [Humongous Register: 0.0 ms]
      [Humongous Reclaim: 0.0 ms]
      [Free CSet: 0.0 ms]
   [Eden: 49.0M(49.0M)->0.0B(49.0M) Survivors: 1024.0K->1024.0K Heap: 88.1M(100.0M)->39.1M(100.0M)]
 [Times: user=0.02 sys=0.00, real=0.00 secs] 
35.231: [GC pause (G1 Evacuation Pause) (young), 0.0037658 secs]
   [Parallel Time: 2.3 ms, GC Workers: 4]
      [GC Worker Start (ms): Min: 35231.5, Avg: 35232.0, Max: 35233.8, Diff: 2.3]
      [Ext Root Scanning (ms): Min: 0.0, Avg: 0.7, Max: 0.9, Diff: 0.9, Sum: 2.7]
      [Update RS (ms): Min: 0.0, Avg: 0.4, Max: 0.5, Diff: 0.5, Sum: 1.5]
         [Processed Buffers: Min: 0, Avg: 27.0, Max: 48, Diff: 48, Sum: 108]
      [Scan RS (ms): Min: 0.0, Avg: 0.0, Max: 0.0, Diff: 0.0, Sum: 0.0]
      [Code Root Scanning (ms): Min: 0.0, Avg: 0.0, Max: 0.0, Diff: 0.0, Sum: 0.0]
      [Object Copy (ms): Min: 0.0, Avg: 0.2, Max: 0.3, Diff: 0.3, Sum: 0.9]
      [Termination (ms): Min: 0.0, Avg: 0.4, Max: 0.6, Diff: 0.6, Sum: 1.7]
         [Termination Attempts: Min: 1, Avg: 1.0, Max: 1, Diff: 0, Sum: 4]
      [GC Worker Other (ms): Min: 0.0, Avg: 0.0, Max: 0.0, Diff: 0.0, Sum: 0.0]
      [GC Worker Total (ms): Min: 0.0, Avg: 1.7, Max: 2.3, Diff: 2.3, Sum: 6.9]
      [GC Worker End (ms): Min: 35233.8, Avg: 35233.8, Max: 35233.8, Diff: 0.0]
   [Code Root Fixup: 0.1 ms]
   [Code Root Purge: 0.0 ms]
   [Clear CT: 0.0 ms]
   [Other: 1.3 ms]
      [Choose CSet: 0.0 ms]
      [Ref Proc: 1.2 ms]
      [Ref Enq: 0.0 ms]
      [Redirty Cards: 0.0 ms]
      [Humongous Register: 0.0 ms]
      [Humongous Reclaim: 0.0 ms]
      [Free CSet: 0.0 ms]
   [Eden: 49.0M(49.0M)->0.0B(49.0M) Survivors: 1024.0K->1024.0K Heap: 88.1M(100.0M)->39.1M(100.0M)]
 [Times: user=0.01 sys=0.00, real=0.01 secs] 
35.328: [GC pause (G1 Evacuation Pause) (young), 0.0059839 secs]
   [Parallel Time: 5.0 ms, GC Workers: 4]
      [GC Worker Start (ms): Min: 35328.1, Avg: 35331.5, Max: 35333.0, Diff: 4.9]
      [Ext Root Scanning (ms): Min: 0.0, Avg: 0.5, Max: 1.8, Diff: 1.8, Sum: 1.8]
      [Update RS (ms): Min: 0.0, Avg: 0.4, Max: 1.5, Diff: 1.5, Sum: 1.5]
         [Processed Buffers: Min: 0, Avg: 28.2, Max: 113, Diff: 113, Sum: 113]
      [Scan RS (ms): Min: 0.0, Avg: 0.0, Max: 0.0, Diff: 0.0, Sum: 0.0]
      [Code Root Scanning (ms): Min: 0.0, Avg: 0.0, Max: 0.0, Diff: 0.0, Sum: 0.0]
      [Object Copy (ms): Min: 0.0, Avg: 0.1, Max: 0.4, Diff: 0.4, Sum: 0.4]
      [Termination (ms): Min: 0.0, Avg: 0.6, Max: 1.1, Diff: 1.1, Sum: 2.2]
         [Termination Attempts: Min: 1, Avg: 1.0, Max: 1, Diff: 0, Sum: 4]
      [GC Worker Other (ms): Min: 0.0, Avg: 0.0, Max: 0.0, Diff: 0.0, Sum: 0.0]
      [GC Worker Total (ms): Min: 0.0, Avg: 1.5, Max: 4.9, Diff: 4.9, Sum: 6.1]
      [GC Worker End (ms): Min: 35333.0, Avg: 35333.0, Max: 35333.0, Diff: 0.0]
   [Code Root Fixup: 0.1 ms]
   [Code Root Purge: 0.0 ms]
   [Clear CT: 0.0 ms]
   [Other: 0.9 ms]
      [Choose CSet: 0.0 ms]
      [Ref Proc: 0.7 ms]
      [Ref Enq: 0.0 ms]
      [Redirty Cards: 0.0 ms]
      [Humongous Register: 0.0 ms]
      [Humongous Reclaim: 0.0 ms]
      [Free CSet: 0.0 ms]
   [Eden: 49.0M(49.0M)->0.0B(49.0M) Survivors: 1024.0K->1024.0K Heap: 88.1M(100.0M)->39.0M(100.0M)]
 [Times: user=0.01 sys=0.00, real=0.01 secs] 
35.429: [GC pause (G1 Evacuation Pause) (young), 0.0036758 secs]
   [Parallel Time: 2.2 ms, GC Workers: 4]
      [GC Worker Start (ms): Min: 35429.5, Avg: 35430.1, Max: 35431.6, Diff: 2.1]
      [Ext Root Scanning (ms): Min: 0.0, Avg: 0.6, Max: 0.9, Diff: 0.9, Sum: 2.3]
      [Update RS (ms): Min: 0.0, Avg: 0.3, Max: 0.5, Diff: 0.5, Sum: 1.4]
         [Processed Buffers: Min: 0, Avg: 27.5, Max: 77, Diff: 77, Sum: 110]
      [Scan RS (ms): Min: 0.0, Avg: 0.0, Max: 0.0, Diff: 0.0, Sum: 0.0]
      [Code Root Scanning (ms): Min: 0.0, Avg: 0.0, Max: 0.0, Diff: 0.0, Sum: 0.0]
      [Object Copy (ms): Min: 0.0, Avg: 0.2, Max: 0.3, Diff: 0.3, Sum: 0.7]
      [Termination (ms): Min: 0.0, Avg: 0.4, Max: 0.6, Diff: 0.6, Sum: 1.7]
         [Termination Attempts: Min: 1, Avg: 1.0, Max: 1, Diff: 0, Sum: 4]
      [GC Worker Other (ms): Min: 0.0, Avg: 0.0, Max: 0.0, Diff: 0.0, Sum: 0.0]
      [GC Worker Total (ms): Min: 0.0, Avg: 1.5, Max: 2.2, Diff: 2.2, Sum: 6.1]
      [GC Worker End (ms): Min: 35431.6, Avg: 35431.6, Max: 35431.6, Diff: 0.0]
   [Code Root Fixup: 0.1 ms]
   [Code Root Purge: 0.0 ms]
   [Clear CT: 0.1 ms]
   [Other: 1.3 ms]
      [Choose CSet: 0.0 ms]
      [Ref Proc: 1.1 ms]
      [Ref Enq: 0.0 ms]
      [Redirty Cards: 0.1 ms]
      [Humongous Register: 0.0 ms]
      [Humongous Reclaim: 0.0 ms]
      [Free CSet: 0.0 ms]
   [Eden: 49.0M(49.0M)->0.0B(49.0M) Survivors: 1024.0K->1024.0K Heap: 88.0M(100.0M)->39.1M(100.0M)]
 [Times: user=0.01 sys=0.00, real=0.00 secs] 
35.524: [GC pause (G1 Evacuation Pause) (young), 0.0027873 secs]
   [Parallel Time: 2.5 ms, GC Workers: 4]
      [GC Worker Start (ms): Min: 35524.6, Avg: 35524.7, Max: 35525.1, Diff: 0.5]
      [Ext Root Scanning (ms): Min: 1.0, Avg: 1.2, Max: 1.9, Diff: 0.9, Sum: 4.9]
      [Update RS (ms): Min: 0.0, Avg: 0.4, Max: 0.5, Diff: 0.5, Sum: 1.5]
         [Processed Buffers: Min: 0, Avg: 27.5, Max: 51, Diff: 51, Sum: 110]
      [Scan RS (ms): Min: 0.0, Avg: 0.0, Max: 0.0, Diff: 0.0, Sum: 0.0]
      [Code Root Scanning (ms): Min: 0.0, Avg: 0.0, Max: 0.0, Diff: 0.0, Sum: 0.0]
      [Object Copy (ms): Min: 0.0, Avg: 0.2, Max: 0.3, Diff: 0.3, Sum: 0.9]
      [Termination (ms): Min: 0.0, Avg: 0.4, Max: 0.6, Diff: 0.6, Sum: 1.8]
         [Termination Attempts: Min: 1, Avg: 1.0, Max: 1, Diff: 0, Sum: 4]
      [GC Worker Other (ms): Min: 0.0, Avg: 0.0, Max: 0.0, Diff: 0.0, Sum: 0.0]
      [GC Worker Total (ms): Min: 1.9, Avg: 2.3, Max: 2.4, Diff: 0.5, Sum: 9.2]
      [GC Worker End (ms): Min: 35527.0, Avg: 35527.0, Max: 35527.0, Diff: 0.0]
   [Code Root Fixup: 0.1 ms]
   [Code Root Purge: 0.0 ms]
   [Clear CT: 0.0 ms]
   [Other: 0.2 ms]
      [Choose CSet: 0.0 ms]
      [Ref Proc: 0.1 ms]
      [Ref Enq: 0.0 ms]
      [Redirty Cards: 0.0 ms]
      [Humongous Register: 0.0 ms]
      [Humongous Reclaim: 0.0 ms]
      [Free CSet: 0.0 ms]
   [Eden: 49.0M(49.0M)->0.0B(49.0M) Survivors: 1024.0K->1024.0K Heap: 88.1M(100.0M)->39.1M(100.0M)]
 [Times: user=0.01 sys=0.00, real=0.00 secs] 
35.617: [GC pause (G1 Evacuation Pause) (young), 0.0025609 secs]
   [Parallel Time: 2.2 ms, GC Workers: 4]
      [GC Worker Start (ms): Min: 35617.2, Avg: 35618.2, Max: 35618.6, Diff: 1.3]
      [Ext Root Scanning (ms): Min: 0.2, Avg: 0.6, Max: 1.5, Diff: 1.3, Sum: 2.3]
      [Update RS (ms): Min: 0.4, Avg: 0.4, Max: 0.4, Diff: 0.0, Sum: 1.5]
         [Processed Buffers: Min: 10, Avg: 27.8, Max: 47, Diff: 37, Sum: 111]
      [Scan RS (ms): Min: 0.0, Avg: 0.0, Max: 0.0, Diff: 0.0, Sum: 0.0]
      [Code Root Scanning (ms): Min: 0.0, Avg: 0.0, Max: 0.0, Diff: 0.0, Sum: 0.0]
      [Object Copy (ms): Min: 0.2, Avg: 0.2, Max: 0.2, Diff: 0.0, Sum: 0.9]
      [Termination (ms): Min: 0.0, Avg: 0.0, Max: 0.0, Diff: 0.0, Sum: 0.0]
         [Termination Attempts: Min: 1, Avg: 1.0, Max: 1, Diff: 0, Sum: 4]
      [GC Worker Other (ms): Min: 0.0, Avg: 0.0, Max: 0.0, Diff: 0.0, Sum: 0.0]
      [GC Worker Total (ms): Min: 0.8, Avg: 1.2, Max: 2.2, Diff: 1.3, Sum: 4.7]
      [GC Worker End (ms): Min: 35619.4, Avg: 35619.4, Max: 35619.4, Diff: 0.0]
   [Code Root Fixup: 0.1 ms]
   [Code Root Purge: 0.0 ms]
   [Clear CT: 0.0 ms]
   [Other: 0.2 ms]
      [Choose CSet: 0.0 ms]
      [Ref Proc: 0.1 ms]
      [Ref Enq: 0.0 ms]
      [Redirty Cards: 0.1 ms]
      [Humongous Register: 0.0 ms]
      [Humongous Reclaim: 0.0 ms]
      [Free CSet: 0.0 ms]
   [Eden: 49.0M(49.0M)->0.0B(49.0M) Survivors: 1024.0K->1024.0K Heap: 88.1M(100.0M)->39.1M(100.0M)]
 [Times: user=0.01 sys=0.00, real=0.00 secs] 
35.710: [GC pause (G1 Evacuation Pause) (young), 0.0029593 secs]
   [Parallel Time: 2.1 ms, GC Workers: 4]
      [GC Worker Start (ms): Min: 35709.6, Avg: 35710.1, Max: 35711.7, Diff: 2.1]
      [Ext Root Scanning (ms): Min: 0.0, Avg: 0.6, Max: 0.8, Diff: 0.8, Sum: 2.3]
      [Update RS (ms): Min: 0.0, Avg: 0.4, Max: 0.5, Diff: 0.5, Sum: 1.5]
         [Processed Buffers: Min: 0, Avg: 29.2, Max: 49, Diff: 49, Sum: 117]
      [Scan RS (ms): Min: 0.0, Avg: 0.0, Max: 0.0, Diff: 0.0, Sum: 0.0]
      [Code Root Scanning (ms): Min: 0.0, Avg: 0.0, Max: 0.0, Diff: 0.0, Sum: 0.0]
      [Object Copy (ms): Min: 0.0, Avg: 0.2, Max: 0.3, Diff: 0.3, Sum: 0.8]
      [Termination (ms): Min: 0.0, Avg: 0.4, Max: 0.6, Diff: 0.6, Sum: 1.7]
         [Termination Attempts: Min: 1, Avg: 1.0, Max: 1, Diff: 0, Sum: 4]
      [GC Worker Other (ms): Min: 0.0, Avg: 0.0, Max: 0.0, Diff: 0.0, Sum: 0.0]
      [GC Worker Total (ms): Min: 0.0, Avg: 1.6, Max: 2.1, Diff: 2.1, Sum: 6.3]
      [GC Worker End (ms): Min: 35711.7, Avg: 35711.7, Max: 35711.7, Diff: 0.0]
   [Code Root Fixup: 0.1 ms]
   [Code Root Purge: 0.0 ms]
   [Clear CT: 0.0 ms]
   [Other: 0.7 ms]
      [Choose CSet: 0.0 ms]
      [Ref Proc: 0.6 ms]
      [Ref Enq: 0.0 ms]
      [Redirty Cards: 0.0 ms]
      [Humongous Register: 0.0 ms]
      [Humongous Reclaim: 0.0 ms]
      [Free CSet: 0.0 ms]
   [Eden: 49.0M(49.0M)->0.0B(49.0M) Survivors: 1024.0K->1024.0K Heap: 88.1M(100.0M)->39.1M(100.0M)]
 [Times: user=0.01 sys=0.00, real=0.00 secs] 
35.801: [GC pause (G1 Evacuation Pause) (young), 0.0044261 secs]
   [Parallel Time: 4.1 ms, GC Workers: 4]
      [GC Worker Start (ms): Min: 35801.1, Avg: 35803.5, Max: 35805.1, Diff: 4.0]
      [Ext Root Scanning (ms): Min: 0.0, Avg: 0.6, Max: 2.2, Diff: 2.2, Sum: 2.4]
      [Update RS (ms): Min: 0.0, Avg: 0.4, Max: 0.8, Diff: 0.8, Sum: 1.5]
         [Processed Buffers: Min: 0, Avg: 26.8, Max: 65, Diff: 65, Sum: 107]
      [Scan RS (ms): Min: 0.0, Avg: 0.0, Max: 0.0, Diff: 0.0, Sum: 0.0]
      [Code Root Scanning (ms): Min: 0.0, Avg: 0.0, Max: 0.0, Diff: 0.0, Sum: 0.0]
      [Object Copy (ms): Min: 0.0, Avg: 0.2, Max: 0.4, Diff: 0.4, Sum: 0.8]
      [Termination (ms): Min: 0.0, Avg: 0.4, Max: 0.6, Diff: 0.6, Sum: 1.7]
         [Termination Attempts: Min: 1, Avg: 1.0, Max: 1, Diff: 0, Sum: 4]
      [GC Worker Other (ms): Min: 0.0, Avg: 0.0, Max: 0.0, Diff: 0.0, Sum: 0.0]
      [GC Worker Total (ms): Min: 0.0, Avg: 1.6, Max: 4.0, Diff: 4.0, Sum: 6.4]
      [GC Worker End (ms): Min: 35805.1, Avg: 35805.1, Max: 35805.2, Diff: 0.1]
   [Code Root Fixup: 0.1 ms]
   [Code Root Purge: 0.0 ms]
   [Clear CT: 0.0 ms]
   [Other: 0.2 ms]
      [Choose CSet: 0.0 ms]
      [Ref Proc: 0.1 ms]
      [Ref Enq: 0.0 ms]
      [Redirty Cards: 0.0 ms]
      [Humongous Register: 0.0 ms]
      [Humongous Reclaim: 0.0 ms]
      [Free CSet: 0.0 ms]
   [Eden: 49.0M(49.0M)->0.0B(49.0M) Survivors: 1024.0K->1024.0K Heap: 88.1M(100.0M)->39.0M(100.0M)]
 [Times: user=0.01 sys=0.00, real=0.01 secs] 
35.897: [GC pause (G1 Evacuation Pause) (young), 0.0060712 secs]
   [Parallel Time: 3.9 ms, GC Workers: 4]
      [GC Worker Start (ms): Min: 35897.5, Avg: 35899.6, Max: 35901.2, Diff: 3.7]
      [Ext Root Scanning (ms): Min: 0.0, Avg: 0.6, Max: 2.2, Diff: 2.2, Sum: 2.5]
      [Update RS (ms): Min: 0.0, Avg: 0.4, Max: 0.5, Diff: 0.5, Sum: 1.5]
         [Processed Buffers: Min: 0, Avg: 25.2, Max: 63, Diff: 63, Sum: 101]
      [Scan RS (ms): Min: 0.0, Avg: 0.0, Max: 0.0, Diff: 0.0, Sum: 0.0]
      [Code Root Scanning (ms): Min: 0.0, Avg: 0.0, Max: 0.0, Diff: 0.0, Sum: 0.0]
      [Object Copy (ms): Min: 0.0, Avg: 0.2, Max: 0.4, Diff: 0.4, Sum: 0.8]
      [Termination (ms): Min: 0.0, Avg: 0.5, Max: 0.7, Diff: 0.7, Sum: 2.1]
         [Termination Attempts: Min: 1, Avg: 1.0, Max: 1, Diff: 0, Sum: 4]
      [GC Worker Other (ms): Min: 0.0, Avg: 0.0, Max: 0.0, Diff: 0.0, Sum: 0.0]
      [GC Worker Total (ms): Min: 0.0, Avg: 1.7, Max: 3.8, Diff: 3.8, Sum: 7.0]
      [GC Worker End (ms): Min: 35901.2, Avg: 35901.3, Max: 35901.4, Diff: 0.1]
   [Code Root Fixup: 0.1 ms]
   [Code Root Purge: 0.0 ms]
   [Clear CT: 0.0 ms]
   [Other: 2.0 ms]
      [Choose CSet: 0.0 ms]
      [Ref Proc: 1.8 ms]
      [Ref Enq: 0.0 ms]
      [Redirty Cards: 0.0 ms]
      [Humongous Register: 0.0 ms]
      [Humongous Reclaim: 0.0 ms]
      [Free CSet: 0.0 ms]
   [Eden: 49.0M(49.0M)->0.0B(49.0M) Survivors: 1024.0K->1024.0K Heap: 88.0M(100.0M)->39.1M(100.0M)]
 [Times: user=0.01 sys=0.00, real=0.01 secs] 
35.989: [GC pause (G1 Evacuation Pause) (young), 0.0060769 secs]
   [Parallel Time: 4.3 ms, GC Workers: 4]
      [GC Worker Start (ms): Min: 35989.6, Avg: 35991.3, Max: 35992.1, Diff: 2.5]
      [Ext Root Scanning (ms): Min: 0.0, Avg: 0.6, Max: 2.1, Diff: 2.1, Sum: 2.6]
      [Update RS (ms): Min: 0.5, Avg: 1.1, Max: 1.9, Diff: 1.4, Sum: 4.4]
         [Processed Buffers: Min: 1, Avg: 26.8, Max: 52, Diff: 51, Sum: 107]
      [Scan RS (ms): Min: 0.0, Avg: 0.0, Max: 0.0, Diff: 0.0, Sum: 0.0]
      [Code Root Scanning (ms): Min: 0.0, Avg: 0.0, Max: 0.0, Diff: 0.0, Sum: 0.0]
      [Object Copy (ms): Min: 0.2, Avg: 0.3, Max: 0.3, Diff: 0.1, Sum: 1.0]
      [Termination (ms): Min: 0.0, Avg: 0.5, Max: 1.0, Diff: 1.0, Sum: 2.1]
         [Termination Attempts: Min: 1, Avg: 22.5, Max: 87, Diff: 86, Sum: 90]
      [GC Worker Other (ms): Min: 0.0, Avg: 0.0, Max: 0.0, Diff: 0.0, Sum: 0.0]
      [GC Worker Total (ms): Min: 1.8, Avg: 2.5, Max: 4.1, Diff: 2.3, Sum: 10.2]
      [GC Worker End (ms): Min: 35993.7, Avg: 35993.8, Max: 35993.9, Diff: 0.2]
   [Code Root Fixup: 0.1 ms]
   [Code Root Purge: 0.0 ms]
   [Clear CT: 0.1 ms]
   [Other: 1.6 ms]
      [Choose CSet: 0.0 ms]
      [Ref Proc: 1.4 ms]
      [Ref Enq: 0.0 ms]
      [Redirty Cards: 0.0 ms]
      [Humongous Register: 0.0 ms]
      [Humongous Reclaim: 0.0 ms]
      [Free CSet: 0.0 ms]
   [Eden: 49.0M(49.0M)->0.0B(49.0M) Survivors: 1024.0K->1024.0K Heap: 88.1M(100.0M)->39.1M(100.0M)]
 [Times: user=0.02 sys=0.00, real=0.01 secs] 
36.087: [GC pause (G1 Evacuation Pause) (young), 0.0039363 secs]
   [Parallel Time: 3.0 ms, GC Workers: 4]
      [GC Worker Start (ms): Min: 36087.0, Avg: 36088.2, Max: 36089.9, Diff: 2.9]
      [Ext Root Scanning (ms): Min: 0.0, Avg: 0.7, Max: 1.5, Diff: 1.5, Sum: 2.7]
      [Update RS (ms): Min: 0.0, Avg: 0.4, Max: 0.5, Diff: 0.5, Sum: 1.5]
         [Processed Buffers: Min: 0, Avg: 28.8, Max: 52, Diff: 52, Sum: 115]
      [Scan RS (ms): Min: 0.0, Avg: 0.0, Max: 0.0, Diff: 0.0, Sum: 0.1]
      [Code Root Scanning (ms): Min: 0.0, Avg: 0.0, Max: 0.0, Diff: 0.0, Sum: 0.0]
      [Object Copy (ms): Min: 0.0, Avg: 0.2, Max: 0.3, Diff: 0.3, Sum: 0.8]
      [Termination (ms): Min: 0.0, Avg: 0.5, Max: 0.6, Diff: 0.6, Sum: 1.8]
         [Termination Attempts: Min: 1, Avg: 1.0, Max: 1, Diff: 0, Sum: 4]
      [GC Worker Other (ms): Min: 0.0, Avg: 0.0, Max: 0.0, Diff: 0.0, Sum: 0.0]
      [GC Worker Total (ms): Min: 0.0, Avg: 1.7, Max: 3.0, Diff: 3.0, Sum: 6.9]
      [GC Worker End (ms): Min: 36089.9, Avg: 36089.9, Max: 36090.0, Diff: 0.1]
   [Code Root Fixup: 0.1 ms]
   [Code Root Purge: 0.0 ms]
   [Clear CT: 0.0 ms]
   [Other: 0.8 ms]
      [Choose CSet: 0.0 ms]
      [Ref Proc: 0.6 ms]
      [Ref Enq: 0.0 ms]
      [Redirty Cards: 0.0 ms]
      [Humongous Register: 0.0 ms]
      [Humongous Reclaim: 0.0 ms]
      [Free CSet: 0.0 ms]
   [Eden: 49.0M(49.0M)->0.0B(49.0M) Survivors: 1024.0K->1024.0K Heap: 88.1M(100.0M)->39.0M(100.0M)]
 [Times: user=0.01 sys=0.00, real=0.00 secs] 
36.184: [GC pause (G1 Evacuation Pause) (young), 0.0047451 secs]
   [Parallel Time: 3.7 ms, GC Workers: 4]
      [GC Worker Start (ms): Min: 36184.3, Avg: 36186.2, Max: 36187.9, Diff: 3.6]
      [Ext Root Scanning (ms): Min: 0.0, Avg: 0.5, Max: 1.5, Diff: 1.5, Sum: 2.1]
      [Update RS (ms): Min: 0.0, Avg: 0.5, Max: 0.9, Diff: 0.9, Sum: 1.9]
         [Processed Buffers: Min: 0, Avg: 28.5, Max: 72, Diff: 72, Sum: 114]
      [Scan RS (ms): Min: 0.0, Avg: 0.0, Max: 0.0, Diff: 0.0, Sum: 0.0]
      [Code Root Scanning (ms): Min: 0.0, Avg: 0.0, Max: 0.0, Diff: 0.0, Sum: 0.0]
      [Object Copy (ms): Min: 0.0, Avg: 0.1, Max: 0.3, Diff: 0.3, Sum: 0.6]
      [Termination (ms): Min: 0.0, Avg: 0.6, Max: 1.0, Diff: 1.0, Sum: 2.5]
         [Termination Attempts: Min: 1, Avg: 1.0, Max: 1, Diff: 0, Sum: 4]
      [GC Worker Other (ms): Min: 0.0, Avg: 0.0, Max: 0.0, Diff: 0.0, Sum: 0.0]
      [GC Worker Total (ms): Min: 0.0, Avg: 1.8, Max: 3.7, Diff: 3.6, Sum: 7.1]
      [GC Worker End (ms): Min: 36187.9, Avg: 36188.0, Max: 36188.0, Diff: 0.1]
   [Code Root Fixup: 0.1 ms]
   [Code Root Purge: 0.0 ms]
   [Clear CT: 0.0 ms]
   [Other: 0.9 ms]
      [Choose CSet: 0.0 ms]
      [Ref Proc: 0.7 ms]
      [Ref Enq: 0.0 ms]
      [Redirty Cards: 0.0 ms]
      [Humongous Register: 0.0 ms]
      [Humongous Reclaim: 0.0 ms]
      [Free CSet: 0.0 ms]
   [Eden: 49.0M(49.0M)->0.0B(49.0M) Survivors: 1024.0K->1024.0K Heap: 88.0M(100.0M)->39.1M(100.0M)]
 [Times: user=0.01 sys=0.00, real=0.00 secs] 
36.277: [GC pause (G1 Evacuation Pause) (young), 0.0042242 secs]
   [Parallel Time: 3.2 ms, GC Workers: 4]
      [GC Worker Start (ms): Min: 36277.3, Avg: 36278.9, Max: 36280.4, Diff: 3.1]
      [Ext Root Scanning (ms): Min: 0.0, Avg: 0.6, Max: 1.2, Diff: 1.2, Sum: 2.5]
      [Update RS (ms): Min: 0.0, Avg: 0.4, Max: 0.9, Diff: 0.9, Sum: 1.7]
         [Processed Buffers: Min: 0, Avg: 27.8, Max: 76, Diff: 76, Sum: 111]
      [Scan RS (ms): Min: 0.0, Avg: 0.0, Max: 0.0, Diff: 0.0, Sum: 0.0]
      [Code Root Scanning (ms): Min: 0.0, Avg: 0.0, Max: 0.0, Diff: 0.0, Sum: 0.0]
      [Object Copy (ms): Min: 0.0, Avg: 0.2, Max: 0.4, Diff: 0.4, Sum: 0.8]
      [Termination (ms): Min: 0.0, Avg: 0.3, Max: 0.6, Diff: 0.6, Sum: 1.3]
         [Termination Attempts: Min: 1, Avg: 1.0, Max: 1, Diff: 0, Sum: 4]
      [GC Worker Other (ms): Min: 0.0, Avg: 0.0, Max: 0.0, Diff: 0.0, Sum: 0.0]
      [GC Worker Total (ms): Min: 0.0, Avg: 1.6, Max: 3.1, Diff: 3.1, Sum: 6.3]
      [GC Worker End (ms): Min: 36280.4, Avg: 36280.4, Max: 36280.5, Diff: 0.0]
   [Code Root Fixup: 0.1 ms]
   [Code Root Purge: 0.0 ms]
   [Clear CT: 0.1 ms]
   [Other: 0.9 ms]
      [Choose CSet: 0.0 ms]
      [Ref Proc: 0.7 ms]
      [Ref Enq: 0.0 ms]
      [Redirty Cards: 0.1 ms]
      [Humongous Register: 0.0 ms]
      [Humongous Reclaim: 0.0 ms]
      [Free CSet: 0.0 ms]
   [Eden: 49.0M(49.0M)->0.0B(49.0M) Survivors: 1024.0K->1024.0K Heap: 88.1M(100.0M)->39.0M(100.0M)]
 [Times: user=0.01 sys=0.00, real=0.00 secs] 
36.368: [GC pause (G1 Evacuation Pause) (young), 0.0015874 secs]
   [Parallel Time: 1.3 ms, GC Workers: 4]
      [GC Worker Start (ms): Min: 36368.5, Avg: 36368.6, Max: 36368.6, Diff: 0.1]
      [Ext Root Scanning (ms): Min: 0.6, Avg: 0.6, Max: 0.7, Diff: 0.2, Sum: 2.4]
      [Update RS (ms): Min: 0.3, Avg: 0.4, Max: 0.4, Diff: 0.0, Sum: 1.5]
         [Processed Buffers: Min: 15, Avg: 28.8, Max: 43, Diff: 28, Sum: 115]
      [Scan RS (ms): Min: 0.0, Avg: 0.0, Max: 0.0, Diff: 0.0, Sum: 0.0]
      [Code Root Scanning (ms): Min: 0.0, Avg: 0.0, Max: 0.0, Diff: 0.0, Sum: 0.0]
      [Object Copy (ms): Min: 0.1, Avg: 0.2, Max: 0.2, Diff: 0.1, Sum: 0.8]
      [Termination (ms): Min: 0.0, Avg: 0.0, Max: 0.0, Diff: 0.0, Sum: 0.0]
         [Termination Attempts: Min: 1, Avg: 1.0, Max: 1, Diff: 0, Sum: 4]
      [GC Worker Other (ms): Min: 0.0, Avg: 0.0, Max: 0.0, Diff: 0.0, Sum: 0.0]
      [GC Worker Total (ms): Min: 1.1, Avg: 1.2, Max: 1.2, Diff: 0.1, Sum: 4.8]
      [GC Worker End (ms): Min: 36369.7, Avg: 36369.8, Max: 36369.8, Diff: 0.0]
   [Code Root Fixup: 0.1 ms]
   [Code Root Purge: 0.0 ms]
   [Clear CT: 0.0 ms]
   [Other: 0.2 ms]
      [Choose CSet: 0.0 ms]
      [Ref Proc: 0.1 ms]
      [Ref Enq: 0.0 ms]
      [Redirty Cards: 0.0 ms]
      [Humongous Register: 0.0 ms]
      [Humongous Reclaim: 0.0 ms]
      [Free CSet: 0.0 ms]
   [Eden: 49.0M(49.0M)->0.0B(49.0M) Survivors: 1024.0K->1024.0K Heap: 88.0M(100.0M)->39.1M(100.0M)]
 [Times: user=0.01 sys=0.00, real=0.00 secs] 
36.469: [GC pause (G1 Evacuation Pause) (young), 0.0040688 secs]
   [Parallel Time: 3.1 ms, GC Workers: 4]
      [GC Worker Start (ms): Min: 36468.7, Avg: 36470.2, Max: 36471.7, Diff: 3.0]
      [Ext Root Scanning (ms): Min: 0.0, Avg: 0.7, Max: 1.3, Diff: 1.3, Sum: 2.7]
      [Update RS (ms): Min: 0.0, Avg: 0.4, Max: 0.8, Diff: 0.8, Sum: 1.6]
         [Processed Buffers: Min: 0, Avg: 28.8, Max: 61, Diff: 61, Sum: 115]
      [Scan RS (ms): Min: 0.0, Avg: 0.0, Max: 0.0, Diff: 0.0, Sum: 0.0]
      [Code Root Scanning (ms): Min: 0.0, Avg: 0.0, Max: 0.0, Diff: 0.0, Sum: 0.0]
      [Object Copy (ms): Min: 0.0, Avg: 0.2, Max: 0.4, Diff: 0.4, Sum: 0.8]
      [Termination (ms): Min: 0.0, Avg: 0.3, Max: 0.6, Diff: 0.6, Sum: 1.1]
         [Termination Attempts: Min: 1, Avg: 1.0, Max: 1, Diff: 0, Sum: 4]
      [GC Worker Other (ms): Min: 0.0, Avg: 0.0, Max: 0.0, Diff: 0.0, Sum: 0.0]
      [GC Worker Total (ms): Min: 0.0, Avg: 1.5, Max: 3.1, Diff: 3.1, Sum: 6.2]
      [GC Worker End (ms): Min: 36471.7, Avg: 36471.8, Max: 36471.8, Diff: 0.1]
   [Code Root Fixup: 0.1 ms]
   [Code Root Purge: 0.0 ms]
   [Clear CT: 0.0 ms]
   [Other: 0.8 ms]
      [Choose CSet: 0.0 ms]
      [Ref Proc: 0.6 ms]
      [Ref Enq: 0.0 ms]
      [Redirty Cards: 0.0 ms]
      [Humongous Register: 0.0 ms]
      [Humongous Reclaim: 0.0 ms]
      [Free CSet: 0.0 ms]
   [Eden: 49.0M(49.0M)->0.0B(49.0M) Survivors: 1024.0K->1024.0K Heap: 88.1M(100.0M)->39.0M(100.0M)]
 [Times: user=0.02 sys=0.00, real=0.00 secs] 
36.562: [GC pause (G1 Evacuation Pause) (young), 0.0040272 secs]
   [Parallel Time: 3.0 ms, GC Workers: 4]
      [GC Worker Start (ms): Min: 36562.0, Avg: 36563.5, Max: 36565.0, Diff: 3.0]
      [Ext Root Scanning (ms): Min: 0.0, Avg: 0.7, Max: 1.5, Diff: 1.4, Sum: 2.9]
      [Update RS (ms): Min: 0.0, Avg: 0.4, Max: 0.8, Diff: 0.8, Sum: 1.5]
         [Processed Buffers: Min: 0, Avg: 27.2, Max: 55, Diff: 55, Sum: 109]
      [Scan RS (ms): Min: 0.0, Avg: 0.0, Max: 0.0, Diff: 0.0, Sum: 0.0]
      [Code Root Scanning (ms): Min: 0.0, Avg: 0.0, Max: 0.0, Diff: 0.0, Sum: 0.0]
      [Object Copy (ms): Min: 0.0, Avg: 0.2, Max: 0.4, Diff: 0.4, Sum: 0.8]
      [Termination (ms): Min: 0.0, Avg: 0.2, Max: 0.4, Diff: 0.4, Sum: 0.7]
         [Termination Attempts: Min: 1, Avg: 1.0, Max: 1, Diff: 0, Sum: 4]
      [GC Worker Other (ms): Min: 0.0, Avg: 0.0, Max: 0.0, Diff: 0.0, Sum: 0.0]
      [GC Worker Total (ms): Min: 0.0, Avg: 1.5, Max: 3.0, Diff: 3.0, Sum: 6.0]
      [GC Worker End (ms): Min: 36565.0, Avg: 36565.0, Max: 36565.0, Diff: 0.0]
   [Code Root Fixup: 0.1 ms]
   [Code Root Purge: 0.0 ms]
   [Clear CT: 0.1 ms]
   [Other: 0.8 ms]
      [Choose CSet: 0.0 ms]
      [Ref Proc: 0.7 ms]
      [Ref Enq: 0.0 ms]
      [Redirty Cards: 0.0 ms]
      [Humongous Register: 0.0 ms]
      [Humongous Reclaim: 0.0 ms]
      [Free CSet: 0.0 ms]
   [Eden: 49.0M(49.0M)->0.0B(49.0M) Survivors: 1024.0K->1024.0K Heap: 88.0M(100.0M)->39.1M(100.0M)]
 [Times: user=0.02 sys=0.00, real=0.01 secs] 
36.663: [GC pause (G1 Evacuation Pause) (young), 0.0035052 secs]
   [Parallel Time: 2.3 ms, GC Workers: 4]
      [GC Worker Start (ms): Min: 36663.5, Avg: 36664.4, Max: 36664.8, Diff: 1.3]
      [Ext Root Scanning (ms): Min: 0.4, Avg: 0.8, Max: 1.7, Diff: 1.3, Sum: 3.0]
      [Update RS (ms): Min: 0.3, Avg: 0.3, Max: 0.4, Diff: 0.0, Sum: 1.4]
         [Processed Buffers: Min: 6, Avg: 26.8, Max: 54, Diff: 48, Sum: 107]
      [Scan RS (ms): Min: 0.0, Avg: 0.0, Max: 0.0, Diff: 0.0, Sum: 0.0]
      [Code Root Scanning (ms): Min: 0.0, Avg: 0.0, Max: 0.0, Diff: 0.0, Sum: 0.0]
      [Object Copy (ms): Min: 0.2, Avg: 0.2, Max: 0.2, Diff: 0.0, Sum: 0.8]
      [Termination (ms): Min: 0.0, Avg: 0.0, Max: 0.0, Diff: 0.0, Sum: 0.0]
         [Termination Attempts: Min: 1, Avg: 1.0, Max: 1, Diff: 0, Sum: 4]
      [GC Worker Other (ms): Min: 0.0, Avg: 0.0, Max: 0.0, Diff: 0.0, Sum: 0.0]
      [GC Worker Total (ms): Min: 1.0, Avg: 1.3, Max: 2.3, Diff: 1.3, Sum: 5.3]
      [GC Worker End (ms): Min: 36665.8, Avg: 36665.8, Max: 36665.8, Diff: 0.0]
   [Code Root Fixup: 0.1 ms]
   [Code Root Purge: 0.0 ms]
   [Clear CT: 0.0 ms]
   [Other: 1.1 ms]
      [Choose CSet: 0.0 ms]
      [Ref Proc: 0.9 ms]
      [Ref Enq: 0.0 ms]
      [Redirty Cards: 0.0 ms]
      [Humongous Register: 0.0 ms]
      [Humongous Reclaim: 0.0 ms]
      [Free CSet: 0.0 ms]
   [Eden: 49.0M(49.0M)->0.0B(49.0M) Survivors: 1024.0K->1024.0K Heap: 88.1M(100.0M)->39.1M(100.0M)]
 [Times: user=0.01 sys=0.00, real=0.01 secs] 
36.759: [GC pause (G1 Evacuation Pause) (young), 0.0048229 secs]
   [Parallel Time: 3.8 ms, GC Workers: 4]
      [GC Worker Start (ms): Min: 36758.7, Avg: 36760.3, Max: 36762.1, Diff: 3.4]
      [Ext Root Scanning (ms): Min: 0.0, Avg: 0.7, Max: 1.3, Diff: 1.3, Sum: 2.6]
      [Update RS (ms): Min: 0.0, Avg: 0.4, Max: 0.8, Diff: 0.8, Sum: 1.5]
         [Processed Buffers: Min: 0, Avg: 27.2, Max: 59, Diff: 59, Sum: 109]
      [Scan RS (ms): Min: 0.0, Avg: 0.0, Max: 0.0, Diff: 0.0, Sum: 0.0]
      [Code Root Scanning (ms): Min: 0.0, Avg: 0.0, Max: 0.0, Diff: 0.0, Sum: 0.0]
      [Object Copy (ms): Min: 0.0, Avg: 0.2, Max: 0.4, Diff: 0.4, Sum: 0.8]
      [Termination (ms): Min: 0.0, Avg: 0.8, Max: 1.2, Diff: 1.2, Sum: 3.1]
         [Termination Attempts: Min: 1, Avg: 1.0, Max: 1, Diff: 0, Sum: 4]
      [GC Worker Other (ms): Min: 0.0, Avg: 0.0, Max: 0.0, Diff: 0.0, Sum: 0.0]
      [GC Worker Total (ms): Min: 0.0, Avg: 2.0, Max: 3.7, Diff: 3.6, Sum: 8.1]
      [GC Worker End (ms): Min: 36762.1, Avg: 36762.4, Max: 36762.5, Diff: 0.4]
   [Code Root Fixup: 0.1 ms]
   [Code Root Purge: 0.0 ms]
   [Clear CT: 0.0 ms]
   [Other: 0.9 ms]
      [Choose CSet: 0.0 ms]
      [Ref Proc: 0.7 ms]
      [Ref Enq: 0.0 ms]
      [Redirty Cards: 0.0 ms]
      [Humongous Register: 0.0 ms]
      [Humongous Reclaim: 0.0 ms]
      [Free CSet: 0.0 ms]
   [Eden: 49.0M(49.0M)->0.0B(49.0M) Survivors: 1024.0K->1024.0K Heap: 88.1M(100.0M)->39.1M(100.0M)]
 [Times: user=0.02 sys=0.00, real=0.01 secs] 
36.865: [GC pause (G1 Evacuation Pause) (young), 0.0021544 secs]
   [Parallel Time: 1.7 ms, GC Workers: 4]
      [GC Worker Start (ms): Min: 36865.1, Avg: 36865.5, Max: 36865.7, Diff: 0.6]
      [Ext Root Scanning (ms): Min: 0.4, Avg: 0.6, Max: 1.1, Diff: 0.6, Sum: 2.4]
      [Update RS (ms): Min: 0.3, Avg: 0.4, Max: 0.4, Diff: 0.0, Sum: 1.4]
         [Processed Buffers: Min: 9, Avg: 27.2, Max: 51, Diff: 42, Sum: 109]
      [Scan RS (ms): Min: 0.0, Avg: 0.0, Max: 0.0, Diff: 0.0, Sum: 0.0]
      [Code Root Scanning (ms): Min: 0.0, Avg: 0.0, Max: 0.0, Diff: 0.0, Sum: 0.0]
      [Object Copy (ms): Min: 0.2, Avg: 0.2, Max: 0.2, Diff: 0.0, Sum: 0.8]
      [Termination (ms): Min: 0.0, Avg: 0.0, Max: 0.0, Diff: 0.0, Sum: 0.0]
         [Termination Attempts: Min: 1, Avg: 1.0, Max: 1, Diff: 0, Sum: 4]
      [GC Worker Other (ms): Min: 0.0, Avg: 0.0, Max: 0.0, Diff: 0.0, Sum: 0.0]
      [GC Worker Total (ms): Min: 1.0, Avg: 1.2, Max: 1.6, Diff: 0.6, Sum: 4.7]
      [GC Worker End (ms): Min: 36866.7, Avg: 36866.7, Max: 36866.7, Diff: 0.0]
   [Code Root Fixup: 0.1 ms]
   [Code Root Purge: 0.0 ms]
   [Clear CT: 0.0 ms]
   [Other: 0.4 ms]
      [Choose CSet: 0.0 ms]
      [Ref Proc: 0.2 ms]
      [Ref Enq: 0.0 ms]
      [Redirty Cards: 0.0 ms]
      [Humongous Register: 0.0 ms]
      [Humongous Reclaim: 0.0 ms]
      [Free CSet: 0.0 ms]
   [Eden: 49.0M(49.0M)->0.0B(49.0M) Survivors: 1024.0K->1024.0K Heap: 88.1M(100.0M)->39.1M(100.0M)]
 [Times: user=0.00 sys=0.00, real=0.00 secs] 
36.975: [GC pause (G1 Evacuation Pause) (young), 0.0016206 secs]
   [Parallel Time: 1.3 ms, GC Workers: 4]
      [GC Worker Start (ms): Min: 36975.5, Avg: 36975.6, Max: 36975.6, Diff: 0.0]
      [Ext Root Scanning (ms): Min: 0.6, Avg: 0.6, Max: 0.7, Diff: 0.1, Sum: 2.5]
      [Update RS (ms): Min: 0.3, Avg: 0.4, Max: 0.4, Diff: 0.1, Sum: 1.4]
         [Processed Buffers: Min: 14, Avg: 27.2, Max: 47, Diff: 33, Sum: 109]
      [Scan RS (ms): Min: 0.0, Avg: 0.0, Max: 0.0, Diff: 0.0, Sum: 0.0]
      [Code Root Scanning (ms): Min: 0.0, Avg: 0.0, Max: 0.0, Diff: 0.0, Sum: 0.0]
      [Object Copy (ms): Min: 0.2, Avg: 0.2, Max: 0.3, Diff: 0.1, Sum: 0.8]
      [Termination (ms): Min: 0.0, Avg: 0.0, Max: 0.0, Diff: 0.0, Sum: 0.0]
         [Termination Attempts: Min: 1, Avg: 1.0, Max: 1, Diff: 0, Sum: 4]
      [GC Worker Other (ms): Min: 0.0, Avg: 0.0, Max: 0.0, Diff: 0.0, Sum: 0.1]
      [GC Worker Total (ms): Min: 1.2, Avg: 1.2, Max: 1.2, Diff: 0.0, Sum: 4.8]
      [GC Worker End (ms): Min: 36976.8, Avg: 36976.8, Max: 36976.8, Diff: 0.0]
   [Code Root Fixup: 0.1 ms]
   [Code Root Purge: 0.0 ms]
   [Clear CT: 0.0 ms]
   [Other: 0.2 ms]
      [Choose CSet: 0.0 ms]
      [Ref Proc: 0.1 ms]
      [Ref Enq: 0.0 ms]
      [Redirty Cards: 0.0 ms]
      [Humongous Register: 0.0 ms]
      [Humongous Reclaim: 0.0 ms]
      [Free CSet: 0.0 ms]
   [Eden: 49.0M(49.0M)->0.0B(49.0M) Survivors: 1024.0K->1024.0K Heap: 88.1M(100.0M)->39.1M(100.0M)]
 [Times: user=0.01 sys=0.00, real=0.00 secs] 
37.065: [GC pause (G1 Evacuation Pause) (young), 0.0016361 secs]
   [Parallel Time: 1.3 ms, GC Workers: 4]
      [GC Worker Start (ms): Min: 37065.2, Avg: 37065.2, Max: 37065.2, Diff: 0.0]
      [Ext Root Scanning (ms): Min: 0.6, Avg: 0.7, Max: 0.7, Diff: 0.1, Sum: 2.7]
      [Update RS (ms): Min: 0.3, Avg: 0.3, Max: 0.4, Diff: 0.1, Sum: 1.3]
         [Processed Buffers: Min: 14, Avg: 24.8, Max: 32, Diff: 18, Sum: 99]
      [Scan RS (ms): Min: 0.0, Avg: 0.0, Max: 0.0, Diff: 0.0, Sum: 0.0]
      [Code Root Scanning (ms): Min: 0.0, Avg: 0.0, Max: 0.0, Diff: 0.0, Sum: 0.0]
      [Object Copy (ms): Min: 0.2, Avg: 0.2, Max: 0.2, Diff: 0.1, Sum: 0.8]
      [Termination (ms): Min: 0.0, Avg: 0.0, Max: 0.0, Diff: 0.0, Sum: 0.0]
         [Termination Attempts: Min: 1, Avg: 1.0, Max: 1, Diff: 0, Sum: 4]
      [GC Worker Other (ms): Min: 0.0, Avg: 0.0, Max: 0.0, Diff: 0.0, Sum: 0.1]
      [GC Worker Total (ms): Min: 1.2, Avg: 1.2, Max: 1.2, Diff: 0.0, Sum: 4.9]
      [GC Worker End (ms): Min: 37066.4, Avg: 37066.4, Max: 37066.4, Diff: 0.0]
   [Code Root Fixup: 0.1 ms]
   [Code Root Purge: 0.0 ms]
   [Clear CT: 0.0 ms]
   [Other: 0.2 ms]
      [Choose CSet: 0.0 ms]
      [Ref Proc: 0.1 ms]
      [Ref Enq: 0.0 ms]
      [Redirty Cards: 0.0 ms]
      [Humongous Register: 0.0 ms]
      [Humongous Reclaim: 0.0 ms]
      [Free CSet: 0.0 ms]
   [Eden: 49.0M(49.0M)->0.0B(49.0M) Survivors: 1024.0K->1024.0K Heap: 88.1M(100.0M)->39.1M(100.0M)]
 [Times: user=0.01 sys=0.00, real=0.00 secs] 
37.156: [GC pause (G1 Evacuation Pause) (young), 0.0018293 secs]
   [Parallel Time: 1.4 ms, GC Workers: 4]
      [GC Worker Start (ms): Min: 37155.9, Avg: 37156.0, Max: 37156.0, Diff: 0.0]
      [Ext Root Scanning (ms): Min: 0.7, Avg: 0.7, Max: 0.8, Diff: 0.1, Sum: 2.9]
      [Update RS (ms): Min: 0.4, Avg: 0.4, Max: 0.4, Diff: 0.0, Sum: 1.5]
         [Processed Buffers: Min: 17, Avg: 19.8, Max: 24, Diff: 7, Sum: 79]
      [Scan RS (ms): Min: 0.0, Avg: 0.0, Max: 0.0, Diff: 0.0, Sum: 0.0]
      [Code Root Scanning (ms): Min: 0.0, Avg: 0.0, Max: 0.0, Diff: 0.0, Sum: 0.0]
      [Object Copy (ms): Min: 0.2, Avg: 0.2, Max: 0.3, Diff: 0.1, Sum: 0.9]
      [Termination (ms): Min: 0.0, Avg: 0.0, Max: 0.0, Diff: 0.0, Sum: 0.0]
         [Termination Attempts: Min: 1, Avg: 1.0, Max: 1, Diff: 0, Sum: 4]
      [GC Worker Other (ms): Min: 0.0, Avg: 0.0, Max: 0.0, Diff: 0.0, Sum: 0.0]
      [GC Worker Total (ms): Min: 1.3, Avg: 1.4, Max: 1.4, Diff: 0.0, Sum: 5.4]
      [GC Worker End (ms): Min: 37157.3, Avg: 37157.3, Max: 37157.3, Diff: 0.0]
   [Code Root Fixup: 0.1 ms]
   [Code Root Purge: 0.0 ms]
   [Clear CT: 0.0 ms]
   [Other: 0.3 ms]
      [Choose CSet: 0.0 ms]
      [Ref Proc: 0.1 ms]
      [Ref Enq: 0.0 ms]
      [Redirty Cards: 0.0 ms]
      [Humongous Register: 0.0 ms]
      [Humongous Reclaim: 0.0 ms]
      [Free CSet: 0.0 ms]
   [Eden: 49.0M(49.0M)->0.0B(49.0M) Survivors: 1024.0K->1024.0K Heap: 88.1M(100.0M)->39.2M(100.0M)]
 [Times: user=0.01 sys=0.00, real=0.00 secs] 
37.248: [GC pause (G1 Evacuation Pause) (young), 0.0052641 secs]
   [Parallel Time: 3.6 ms, GC Workers: 4]
      [GC Worker Start (ms): Min: 37247.7, Avg: 37248.7, Max: 37251.0, Diff: 3.3]
      [Ext Root Scanning (ms): Min: 0.0, Avg: 1.4, Max: 3.4, Diff: 3.4, Sum: 5.4]
      [Update RS (ms): Min: 0.0, Avg: 0.4, Max: 0.9, Diff: 0.9, Sum: 1.8]
         [Processed Buffers: Min: 0, Avg: 27.8, Max: 59, Diff: 59, Sum: 111]
      [Scan RS (ms): Min: 0.0, Avg: 0.0, Max: 0.0, Diff: 0.0, Sum: 0.0]
      [Code Root Scanning (ms): Min: 0.0, Avg: 0.0, Max: 0.0, Diff: 0.0, Sum: 0.0]
      [Object Copy (ms): Min: 0.0, Avg: 0.2, Max: 0.5, Diff: 0.5, Sum: 0.9]
      [Termination (ms): Min: 0.0, Avg: 0.4, Max: 0.8, Diff: 0.8, Sum: 1.6]
         [Termination Attempts: Min: 1, Avg: 1.2, Max: 2, Diff: 1, Sum: 5]
      [GC Worker Other (ms): Min: 0.0, Avg: 0.0, Max: 0.0, Diff: 0.0, Sum: 0.0]
      [GC Worker Total (ms): Min: 0.1, Avg: 2.4, Max: 3.5, Diff: 3.4, Sum: 9.7]
      [GC Worker End (ms): Min: 37251.1, Avg: 37251.2, Max: 37251.2, Diff: 0.1]
   [Code Root Fixup: 0.1 ms]
   [Code Root Purge: 0.0 ms]
   [Clear CT: 0.0 ms]
   [Other: 1.6 ms]
      [Choose CSet: 0.0 ms]
      [Ref Proc: 1.4 ms]
      [Ref Enq: 0.0 ms]
      [Redirty Cards: 0.0 ms]
      [Humongous Register: 0.0 ms]
      [Humongous Reclaim: 0.0 ms]
      [Free CSet: 0.0 ms]
   [Eden: 49.0M(49.0M)->0.0B(49.0M) Survivors: 1024.0K->1024.0K Heap: 88.2M(100.0M)->39.1M(100.0M)]
 [Times: user=0.02 sys=0.00, real=0.00 secs] 
37.343: [GC pause (G1 Evacuation Pause) (young), 0.0052308 secs]
   [Parallel Time: 4.2 ms, GC Workers: 4]
      [GC Worker Start (ms): Min: 37343.2, Avg: 37346.3, Max: 37347.3, Diff: 4.1]
      [Ext Root Scanning (ms): Min: 0.0, Avg: 0.5, Max: 1.9, Diff: 1.9, Sum: 1.9]
      [Update RS (ms): Min: 0.0, Avg: 0.3, Max: 1.1, Diff: 1.1, Sum: 1.1]
         [Processed Buffers: Min: 0, Avg: 26.0, Max: 104, Diff: 104, Sum: 104]
      [Scan RS (ms): Min: 0.0, Avg: 0.0, Max: 0.0, Diff: 0.0, Sum: 0.0]
      [Code Root Scanning (ms): Min: 0.0, Avg: 0.0, Max: 0.0, Diff: 0.0, Sum: 0.0]
      [Object Copy (ms): Min: 0.0, Avg: 0.1, Max: 0.5, Diff: 0.5, Sum: 0.5]
      [Termination (ms): Min: 0.0, Avg: 0.3, Max: 0.7, Diff: 0.7, Sum: 1.1]
         [Termination Attempts: Min: 1, Avg: 1.0, Max: 1, Diff: 0, Sum: 4]
      [GC Worker Other (ms): Min: 0.0, Avg: 0.0, Max: 0.0, Diff: 0.0, Sum: 0.0]
      [GC Worker Total (ms): Min: 0.0, Avg: 1.1, Max: 4.2, Diff: 4.2, Sum: 4.6]
      [GC Worker End (ms): Min: 37347.3, Avg: 37347.4, Max: 37347.4, Diff: 0.1]
   [Code Root Fixup: 0.1 ms]
   [Code Root Purge: 0.0 ms]
   [Clear CT: 0.0 ms]
   [Other: 0.8 ms]
      [Choose CSet: 0.0 ms]
      [Ref Proc: 0.7 ms]
      [Ref Enq: 0.0 ms]
      [Redirty Cards: 0.0 ms]
      [Humongous Register: 0.0 ms]
      [Humongous Reclaim: 0.0 ms]
      [Free CSet: 0.0 ms]
   [Eden: 49.0M(49.0M)->0.0B(49.0M) Survivors: 1024.0K->1024.0K Heap: 88.1M(100.0M)->39.0M(100.0M)]
 [Times: user=0.02 sys=0.00, real=0.01 secs] 
37.447: [GC pause (G1 Evacuation Pause) (young), 0.0064069 secs]
   [Parallel Time: 4.8 ms, GC Workers: 4]
      [GC Worker Start (ms): Min: 37447.0, Avg: 37450.2, Max: 37451.7, Diff: 4.7]
      [Ext Root Scanning (ms): Min: 0.0, Avg: 0.5, Max: 1.9, Diff: 1.9, Sum: 1.9]
      [Update RS (ms): Min: 0.0, Avg: 0.3, Max: 1.1, Diff: 1.1, Sum: 1.1]
         [Processed Buffers: Min: 0, Avg: 27.8, Max: 111, Diff: 111, Sum: 111]
      [Scan RS (ms): Min: 0.0, Avg: 0.0, Max: 0.0, Diff: 0.0, Sum: 0.0]
      [Code Root Scanning (ms): Min: 0.0, Avg: 0.0, Max: 0.0, Diff: 0.0, Sum: 0.0]
      [Object Copy (ms): Min: 0.0, Avg: 0.1, Max: 0.5, Diff: 0.5, Sum: 0.5]
      [Termination (ms): Min: 0.0, Avg: 0.6, Max: 1.2, Diff: 1.2, Sum: 2.5]
         [Termination Attempts: Min: 1, Avg: 1.0, Max: 1, Diff: 0, Sum: 4]
      [GC Worker Other (ms): Min: 0.0, Avg: 0.0, Max: 0.0, Diff: 0.0, Sum: 0.0]
      [GC Worker Total (ms): Min: 0.0, Avg: 1.5, Max: 4.7, Diff: 4.7, Sum: 6.0]
      [GC Worker End (ms): Min: 37451.7, Avg: 37451.7, Max: 37451.7, Diff: 0.0]
   [Code Root Fixup: 0.1 ms]
   [Code Root Purge: 0.0 ms]
   [Clear CT: 0.1 ms]
   [Other: 1.5 ms]
      [Choose CSet: 0.0 ms]
      [Ref Proc: 1.3 ms]
      [Ref Enq: 0.0 ms]
      [Redirty Cards: 0.0 ms]
      [Humongous Register: 0.0 ms]
      [Humongous Reclaim: 0.0 ms]
      [Free CSet: 0.0 ms]
   [Eden: 49.0M(49.0M)->0.0B(49.0M) Survivors: 1024.0K->1024.0K Heap: 88.0M(100.0M)->39.1M(100.0M)]
 [Times: user=0.02 sys=0.00, real=0.00 secs] 
37.548: [GC pause (G1 Evacuation Pause) (young), 0.0054256 secs]
   [Parallel Time: 4.1 ms, GC Workers: 4]
      [GC Worker Start (ms): Min: 37548.2, Avg: 37550.8, Max: 37552.1, Diff: 3.9]
      [Ext Root Scanning (ms): Min: 0.0, Avg: 0.5, Max: 1.9, Diff: 1.9, Sum: 1.9]
      [Update RS (ms): Min: 0.0, Avg: 0.3, Max: 1.0, Diff: 1.0, Sum: 1.0]
         [Processed Buffers: Min: 0, Avg: 26.2, Max: 105, Diff: 105, Sum: 105]
      [Scan RS (ms): Min: 0.0, Avg: 0.0, Max: 0.0, Diff: 0.0, Sum: 0.0]
      [Code Root Scanning (ms): Min: 0.0, Avg: 0.0, Max: 0.0, Diff: 0.0, Sum: 0.0]
      [Object Copy (ms): Min: 0.0, Avg: 0.2, Max: 0.5, Diff: 0.5, Sum: 0.8]
      [Termination (ms): Min: 0.0, Avg: 0.4, Max: 0.6, Diff: 0.6, Sum: 1.8]
         [Termination Attempts: Min: 1, Avg: 1.0, Max: 1, Diff: 0, Sum: 4]
      [GC Worker Other (ms): Min: 0.0, Avg: 0.0, Max: 0.0, Diff: 0.0, Sum: 0.0]
      [GC Worker Total (ms): Min: 0.0, Avg: 1.4, Max: 4.1, Diff: 4.0, Sum: 5.6]
      [GC Worker End (ms): Min: 37552.1, Avg: 37552.2, Max: 37552.3, Diff: 0.1]
   [Code Root Fixup: 0.1 ms]
   [Code Root Purge: 0.0 ms]
   [Clear CT: 0.1 ms]
   [Other: 1.2 ms]
      [Choose CSet: 0.0 ms]
      [Ref Proc: 1.0 ms]
      [Ref Enq: 0.0 ms]
      [Redirty Cards: 0.0 ms]
      [Humongous Register: 0.0 ms]
      [Humongous Reclaim: 0.0 ms]
      [Free CSet: 0.0 ms]
   [Eden: 49.0M(49.0M)->0.0B(49.0M) Survivors: 1024.0K->1024.0K Heap: 88.1M(100.0M)->39.1M(100.0M)]
 [Times: user=0.02 sys=0.00, real=0.01 secs] 
37.643: [GC pause (G1 Evacuation Pause) (young), 0.0026440 secs]
   [Parallel Time: 1.6 ms, GC Workers: 4]
      [GC Worker Start (ms): Min: 37643.0, Avg: 37643.0, Max: 37643.0, Diff: 0.0]
      [Ext Root Scanning (ms): Min: 0.7, Avg: 0.8, Max: 1.2, Diff: 0.5, Sum: 3.2]
      [Update RS (ms): Min: 0.2, Avg: 0.5, Max: 0.6, Diff: 0.4, Sum: 2.1]
         [Processed Buffers: Min: 12, Avg: 29.0, Max: 43, Diff: 31, Sum: 116]
      [Scan RS (ms): Min: 0.0, Avg: 0.0, Max: 0.0, Diff: 0.0, Sum: 0.0]
      [Code Root Scanning (ms): Min: 0.0, Avg: 0.0, Max: 0.0, Diff: 0.0, Sum: 0.0]
      [Object Copy (ms): Min: 0.2, Avg: 0.2, Max: 0.3, Diff: 0.1, Sum: 0.9]
      [Termination (ms): Min: 0.0, Avg: 0.0, Max: 0.0, Diff: 0.0, Sum: 0.0]
         [Termination Attempts: Min: 1, Avg: 1.2, Max: 2, Diff: 1, Sum: 5]
      [GC Worker Other (ms): Min: 0.0, Avg: 0.0, Max: 0.0, Diff: 0.0, Sum: 0.1]
      [GC Worker Total (ms): Min: 1.6, Avg: 1.6, Max: 1.6, Diff: 0.0, Sum: 6.3]
      [GC Worker End (ms): Min: 37644.6, Avg: 37644.6, Max: 37644.6, Diff: 0.0]
   [Code Root Fixup: 0.2 ms]
   [Code Root Purge: 0.0 ms]
   [Clear CT: 0.0 ms]
   [Other: 0.8 ms]
      [Choose CSet: 0.0 ms]
      [Ref Proc: 0.6 ms]
      [Ref Enq: 0.0 ms]
      [Redirty Cards: 0.0 ms]
      [Humongous Register: 0.0 ms]
      [Humongous Reclaim: 0.0 ms]
      [Free CSet: 0.0 ms]
   [Eden: 49.0M(49.0M)->0.0B(49.0M) Survivors: 1024.0K->1024.0K Heap: 88.1M(100.0M)->39.1M(100.0M)]
 [Times: user=0.01 sys=0.00, real=0.01 secs] 
37.732: [GC pause (G1 Evacuation Pause) (young), 0.0020417 secs]
   [Parallel Time: 1.2 ms, GC Workers: 4]
      [GC Worker Start (ms): Min: 37732.2, Avg: 37732.2, Max: 37732.3, Diff: 0.1]
      [Ext Root Scanning (ms): Min: 0.5, Avg: 0.6, Max: 0.7, Diff: 0.2, Sum: 2.5]
      [Update RS (ms): Min: 0.3, Avg: 0.4, Max: 0.4, Diff: 0.1, Sum: 1.4]
         [Processed Buffers: Min: 16, Avg: 27.0, Max: 35, Diff: 19, Sum: 108]
      [Scan RS (ms): Min: 0.0, Avg: 0.0, Max: 0.0, Diff: 0.0, Sum: 0.0]
      [Code Root Scanning (ms): Min: 0.0, Avg: 0.0, Max: 0.0, Diff: 0.0, Sum: 0.0]
      [Object Copy (ms): Min: 0.1, Avg: 0.2, Max: 0.2, Diff: 0.1, Sum: 0.8]
      [Termination (ms): Min: 0.0, Avg: 0.0, Max: 0.0, Diff: 0.0, Sum: 0.0]
         [Termination Attempts: Min: 1, Avg: 1.0, Max: 1, Diff: 0, Sum: 4]
      [GC Worker Other (ms): Min: 0.0, Avg: 0.0, Max: 0.0, Diff: 0.0, Sum: 0.0]
      [GC Worker Total (ms): Min: 1.2, Avg: 1.2, Max: 1.2, Diff: 0.0, Sum: 4.7]
      [GC Worker End (ms): Min: 37733.4, Avg: 37733.4, Max: 37733.4, Diff: 0.0]
   [Code Root Fixup: 0.1 ms]
   [Code Root Purge: 0.0 ms]
   [Clear CT: 0.0 ms]
   [Other: 0.7 ms]
      [Choose CSet: 0.0 ms]
      [Ref Proc: 0.6 ms]
      [Ref Enq: 0.0 ms]
      [Redirty Cards: 0.0 ms]
      [Humongous Register: 0.0 ms]
      [Humongous Reclaim: 0.0 ms]
      [Free CSet: 0.0 ms]
   [Eden: 49.0M(49.0M)->0.0B(49.0M) Survivors: 1024.0K->1024.0K Heap: 88.1M(100.0M)->39.0M(100.0M)]
 [Times: user=0.01 sys=0.00, real=0.01 secs] 
37.830: [GC pause (G1 Evacuation Pause) (young), 0.0016090 secs]
   [Parallel Time: 1.2 ms, GC Workers: 4]
      [GC Worker Start (ms): Min: 37830.0, Avg: 37830.0, Max: 37830.0, Diff: 0.0]
      [Ext Root Scanning (ms): Min: 0.6, Avg: 0.6, Max: 0.7, Diff: 0.1, Sum: 2.5]
      [Update RS (ms): Min: 0.3, Avg: 0.3, Max: 0.4, Diff: 0.0, Sum: 1.4]
         [Processed Buffers: Min: 15, Avg: 26.5, Max: 39, Diff: 24, Sum: 106]
      [Scan RS (ms): Min: 0.0, Avg: 0.0, Max: 0.0, Diff: 0.0, Sum: 0.0]
      [Code Root Scanning (ms): Min: 0.0, Avg: 0.0, Max: 0.0, Diff: 0.0, Sum: 0.0]
      [Object Copy (ms): Min: 0.1, Avg: 0.2, Max: 0.2, Diff: 0.1, Sum: 0.8]
      [Termination (ms): Min: 0.0, Avg: 0.0, Max: 0.0, Diff: 0.0, Sum: 0.0]
         [Termination Attempts: Min: 1, Avg: 1.0, Max: 1, Diff: 0, Sum: 4]
      [GC Worker Other (ms): Min: 0.0, Avg: 0.0, Max: 0.0, Diff: 0.0, Sum: 0.0]
      [GC Worker Total (ms): Min: 1.2, Avg: 1.2, Max: 1.2, Diff: 0.0, Sum: 4.8]
      [GC Worker End (ms): Min: 37831.2, Avg: 37831.2, Max: 37831.2, Diff: 0.0]
   [Code Root Fixup: 0.1 ms]
   [Code Root Purge: 0.0 ms]
   [Clear CT: 0.0 ms]
   [Other: 0.3 ms]
      [Choose CSet: 0.0 ms]
      [Ref Proc: 0.1 ms]
      [Ref Enq: 0.0 ms]
      [Redirty Cards: 0.0 ms]
      [Humongous Register: 0.0 ms]
      [Humongous Reclaim: 0.0 ms]
      [Free CSet: 0.0 ms]
   [Eden: 49.0M(49.0M)->0.0B(49.0M) Survivors: 1024.0K->1024.0K Heap: 88.0M(100.0M)->39.1M(100.0M)]
 [Times: user=0.00 sys=0.00, real=0.00 secs] 
37.918: [GC pause (G1 Evacuation Pause) (young), 0.0022636 secs]
   [Parallel Time: 1.4 ms, GC Workers: 4]
      [GC Worker Start (ms): Min: 37918.2, Avg: 37918.3, Max: 37918.4, Diff: 0.2]
      [Ext Root Scanning (ms): Min: 0.5, Avg: 0.7, Max: 0.8, Diff: 0.3, Sum: 2.8]
      [Update RS (ms): Min: 0.4, Avg: 0.4, Max: 0.4, Diff: 0.0, Sum: 1.5]
         [Processed Buffers: Min: 18, Avg: 27.0, Max: 37, Diff: 19, Sum: 108]
      [Scan RS (ms): Min: 0.0, Avg: 0.0, Max: 0.0, Diff: 0.0, Sum: 0.0]
      [Code Root Scanning (ms): Min: 0.0, Avg: 0.0, Max: 0.0, Diff: 0.0, Sum: 0.0]
      [Object Copy (ms): Min: 0.2, Avg: 0.2, Max: 0.3, Diff: 0.1, Sum: 0.8]
      [Termination (ms): Min: 0.0, Avg: 0.0, Max: 0.0, Diff: 0.0, Sum: 0.0]
         [Termination Attempts: Min: 1, Avg: 1.5, Max: 2, Diff: 1, Sum: 6]
      [GC Worker Other (ms): Min: 0.0, Avg: 0.0, Max: 0.0, Diff: 0.0, Sum: 0.0]
      [GC Worker Total (ms): Min: 1.1, Avg: 1.3, Max: 1.4, Diff: 0.2, Sum: 5.2]
      [GC Worker End (ms): Min: 37919.6, Avg: 37919.6, Max: 37919.6, Diff: 0.0]
   [Code Root Fixup: 0.1 ms]
   [Code Root Purge: 0.0 ms]
   [Clear CT: 0.0 ms]
   [Other: 0.7 ms]
      [Choose CSet: 0.0 ms]
      [Ref Proc: 0.5 ms]
      [Ref Enq: 0.0 ms]
      [Redirty Cards: 0.0 ms]
      [Humongous Register: 0.0 ms]
      [Humongous Reclaim: 0.0 ms]
      [Free CSet: 0.0 ms]
   [Eden: 49.0M(49.0M)->0.0B(49.0M) Survivors: 1024.0K->1024.0K Heap: 88.1M(100.0M)->39.1M(100.0M)]
 [Times: user=0.01 sys=0.00, real=0.00 secs] 
38.009: [GC pause (G1 Evacuation Pause) (young), 0.0037236 secs]
   [Parallel Time: 2.6 ms, GC Workers: 4]
      [GC Worker Start (ms): Min: 38008.7, Avg: 38009.7, Max: 38011.3, Diff: 2.6]
      [Ext Root Scanning (ms): Min: 0.0, Avg: 0.6, Max: 1.3, Diff: 1.3, Sum: 2.5]
      [Update RS (ms): Min: 0.0, Avg: 0.4, Max: 0.5, Diff: 0.5, Sum: 1.5]
         [Processed Buffers: Min: 0, Avg: 27.2, Max: 48, Diff: 48, Sum: 109]
      [Scan RS (ms): Min: 0.0, Avg: 0.0, Max: 0.0, Diff: 0.0, Sum: 0.0]
      [Code Root Scanning (ms): Min: 0.0, Avg: 0.0, Max: 0.0, Diff: 0.0, Sum: 0.0]
      [Object Copy (ms): Min: 0.0, Avg: 0.2, Max: 0.3, Diff: 0.3, Sum: 0.8]
      [Termination (ms): Min: 0.0, Avg: 0.5, Max: 0.6, Diff: 0.6, Sum: 1.8]
         [Termination Attempts: Min: 1, Avg: 1.0, Max: 1, Diff: 0, Sum: 4]
      [GC Worker Other (ms): Min: 0.0, Avg: 0.0, Max: 0.0, Diff: 0.0, Sum: 0.0]
      [GC Worker Total (ms): Min: 0.0, Avg: 1.7, Max: 2.6, Diff: 2.6, Sum: 6.6]
      [GC Worker End (ms): Min: 38011.3, Avg: 38011.4, Max: 38011.4, Diff: 0.0]
   [Code Root Fixup: 0.1 ms]
   [Code Root Purge: 0.0 ms]
   [Clear CT: 0.0 ms]
   [Other: 0.9 ms]
      [Choose CSet: 0.0 ms]
      [Ref Proc: 0.8 ms]
      [Ref Enq: 0.0 ms]
      [Redirty Cards: 0.0 ms]
      [Humongous Register: 0.0 ms]
      [Humongous Reclaim: 0.0 ms]
      [Free CSet: 0.0 ms]
   [Eden: 49.0M(49.0M)->0.0B(49.0M) Survivors: 1024.0K->1024.0K Heap: 88.1M(100.0M)->39.1M(100.0M)]
 [Times: user=0.02 sys=0.00, real=0.00 secs] 
38.115: [GC pause (G1 Evacuation Pause) (young), 0.0037920 secs]
   [Parallel Time: 2.4 ms, GC Workers: 4]
      [GC Worker Start (ms): Min: 38115.3, Avg: 38116.0, Max: 38117.5, Diff: 2.2]
      [Ext Root Scanning (ms): Min: 0.0, Avg: 0.7, Max: 1.1, Diff: 1.1, Sum: 2.6]
      [Update RS (ms): Min: 0.0, Avg: 0.3, Max: 0.5, Diff: 0.5, Sum: 1.3]
         [Processed Buffers: Min: 0, Avg: 25.5, Max: 49, Diff: 49, Sum: 102]
      [Scan RS (ms): Min: 0.0, Avg: 0.0, Max: 0.0, Diff: 0.0, Sum: 0.0]
      [Code Root Scanning (ms): Min: 0.0, Avg: 0.0, Max: 0.0, Diff: 0.0, Sum: 0.0]
      [Object Copy (ms): Min: 0.0, Avg: 0.2, Max: 0.3, Diff: 0.3, Sum: 0.9]
      [Termination (ms): Min: 0.0, Avg: 0.4, Max: 0.5, Diff: 0.5, Sum: 1.6]
         [Termination Attempts: Min: 1, Avg: 1.0, Max: 1, Diff: 0, Sum: 4]
      [GC Worker Other (ms): Min: 0.0, Avg: 0.0, Max: 0.0, Diff: 0.0, Sum: 0.0]
      [GC Worker Total (ms): Min: 0.0, Avg: 1.6, Max: 2.3, Diff: 2.3, Sum: 6.5]
      [GC Worker End (ms): Min: 38117.5, Avg: 38117.6, Max: 38117.6, Diff: 0.1]
   [Code Root Fixup: 0.1 ms]
   [Code Root Purge: 0.0 ms]
   [Clear CT: 0.0 ms]
   [Other: 1.3 ms]
      [Choose CSet: 0.0 ms]
      [Ref Proc: 1.1 ms]
      [Ref Enq: 0.0 ms]
      [Redirty Cards: 0.0 ms]
      [Humongous Register: 0.0 ms]
      [Humongous Reclaim: 0.0 ms]
      [Free CSet: 0.0 ms]
   [Eden: 49.0M(49.0M)->0.0B(49.0M) Survivors: 1024.0K->1024.0K Heap: 88.1M(100.0M)->39.1M(100.0M)]
 [Times: user=0.02 sys=0.01, real=0.00 secs] 
38.212: [GC pause (G1 Evacuation Pause) (young), 0.0016829 secs]
   [Parallel Time: 1.3 ms, GC Workers: 4]
      [GC Worker Start (ms): Min: 38212.6, Avg: 38212.6, Max: 38212.6, Diff: 0.0]
      [Ext Root Scanning (ms): Min: 0.6, Avg: 0.7, Max: 0.7, Diff: 0.1, Sum: 2.6]
      [Update RS (ms): Min: 0.3, Avg: 0.3, Max: 0.3, Diff: 0.0, Sum: 1.3]
         [Processed Buffers: Min: 5, Avg: 24.8, Max: 47, Diff: 42, Sum: 99]
      [Scan RS (ms): Min: 0.0, Avg: 0.0, Max: 0.0, Diff: 0.0, Sum: 0.0]
      [Code Root Scanning (ms): Min: 0.0, Avg: 0.0, Max: 0.0, Diff: 0.0, Sum: 0.0]
      [Object Copy (ms): Min: 0.2, Avg: 0.2, Max: 0.2, Diff: 0.1, Sum: 0.8]
      [Termination (ms): Min: 0.0, Avg: 0.0, Max: 0.0, Diff: 0.0, Sum: 0.0]
         [Termination Attempts: Min: 1, Avg: 1.0, Max: 1, Diff: 0, Sum: 4]
      [GC Worker Other (ms): Min: 0.0, Avg: 0.0, Max: 0.0, Diff: 0.0, Sum: 0.0]
      [GC Worker Total (ms): Min: 1.2, Avg: 1.2, Max: 1.2, Diff: 0.0, Sum: 4.9]
      [GC Worker End (ms): Min: 38213.8, Avg: 38213.8, Max: 38213.8, Diff: 0.0]
   [Code Root Fixup: 0.1 ms]
   [Code Root Purge: 0.0 ms]
   [Clear CT: 0.0 ms]
   [Other: 0.3 ms]
      [Choose CSet: 0.0 ms]
      [Ref Proc: 0.1 ms]
      [Ref Enq: 0.0 ms]
      [Redirty Cards: 0.0 ms]
      [Humongous Register: 0.0 ms]
      [Humongous Reclaim: 0.0 ms]
      [Free CSet: 0.0 ms]
   [Eden: 49.0M(49.0M)->0.0B(49.0M) Survivors: 1024.0K->1024.0K Heap: 88.1M(100.0M)->39.1M(100.0M)]
 [Times: user=0.01 sys=0.00, real=0.01 secs] 
38.301: [GC pause (G1 Evacuation Pause) (young), 0.0017270 secs]
   [Parallel Time: 1.3 ms, GC Workers: 4]
      [GC Worker Start (ms): Min: 38300.8, Avg: 38300.8, Max: 38300.8, Diff: 0.0]
      [Ext Root Scanning (ms): Min: 0.6, Avg: 0.7, Max: 0.7, Diff: 0.1, Sum: 2.7]
      [Update RS (ms): Min: 0.4, Avg: 0.4, Max: 0.4, Diff: 0.0, Sum: 1.5]
         [Processed Buffers: Min: 13, Avg: 28.0, Max: 46, Diff: 33, Sum: 112]
      [Scan RS (ms): Min: 0.0, Avg: 0.0, Max: 0.0, Diff: 0.0, Sum: 0.0]
      [Code Root Scanning (ms): Min: 0.0, Avg: 0.0, Max: 0.0, Diff: 0.0, Sum: 0.0]
      [Object Copy (ms): Min: 0.1, Avg: 0.2, Max: 0.2, Diff: 0.1, Sum: 0.8]
      [Termination (ms): Min: 0.0, Avg: 0.0, Max: 0.0, Diff: 0.0, Sum: 0.0]
         [Termination Attempts: Min: 1, Avg: 1.0, Max: 1, Diff: 0, Sum: 4]
      [GC Worker Other (ms): Min: 0.0, Avg: 0.0, Max: 0.0, Diff: 0.0, Sum: 0.0]
      [GC Worker Total (ms): Min: 1.2, Avg: 1.2, Max: 1.3, Diff: 0.0, Sum: 5.0]
      [GC Worker End (ms): Min: 38302.0, Avg: 38302.0, Max: 38302.0, Diff: 0.0]
   [Code Root Fixup: 0.1 ms]
   [Code Root Purge: 0.0 ms]
   [Clear CT: 0.0 ms]
   [Other: 0.3 ms]
      [Choose CSet: 0.0 ms]
      [Ref Proc: 0.1 ms]
      [Ref Enq: 0.0 ms]
      [Redirty Cards: 0.0 ms]
      [Humongous Register: 0.0 ms]
      [Humongous Reclaim: 0.0 ms]
      [Free CSet: 0.0 ms]
   [Eden: 49.0M(49.0M)->0.0B(49.0M) Survivors: 1024.0K->1024.0K Heap: 88.1M(100.0M)->39.1M(100.0M)]
 [Times: user=0.01 sys=0.00, real=0.00 secs] 
38.388: [GC pause (G1 Evacuation Pause) (young), 0.0018890 secs]
   [Parallel Time: 1.4 ms, GC Workers: 4]
      [GC Worker Start (ms): Min: 38388.3, Avg: 38388.3, Max: 38388.3, Diff: 0.0]
      [Ext Root Scanning (ms): Min: 0.7, Avg: 0.8, Max: 0.8, Diff: 0.1, Sum: 3.1]
      [Update RS (ms): Min: 0.4, Avg: 0.4, Max: 0.4, Diff: 0.0, Sum: 1.5]
         [Processed Buffers: Min: 14, Avg: 27.2, Max: 45, Diff: 31, Sum: 109]
      [Scan RS (ms): Min: 0.0, Avg: 0.0, Max: 0.0, Diff: 0.0, Sum: 0.0]
      [Code Root Scanning (ms): Min: 0.0, Avg: 0.0, Max: 0.0, Diff: 0.0, Sum: 0.0]
      [Object Copy (ms): Min: 0.2, Avg: 0.2, Max: 0.2, Diff: 0.1, Sum: 0.9]
      [Termination (ms): Min: 0.0, Avg: 0.0, Max: 0.0, Diff: 0.0, Sum: 0.0]
         [Termination Attempts: Min: 1, Avg: 1.0, Max: 1, Diff: 0, Sum: 4]
      [GC Worker Other (ms): Min: 0.0, Avg: 0.0, Max: 0.0, Diff: 0.0, Sum: 0.0]
      [GC Worker Total (ms): Min: 1.4, Avg: 1.4, Max: 1.4, Diff: 0.0, Sum: 5.6]
      [GC Worker End (ms): Min: 38389.7, Avg: 38389.7, Max: 38389.7, Diff: 0.0]
   [Code Root Fixup: 0.1 ms]
   [Code Root Purge: 0.0 ms]
   [Clear CT: 0.0 ms]
   [Other: 0.3 ms]
      [Choose CSet: 0.0 ms]
      [Ref Proc: 0.1 ms]
      [Ref Enq: 0.0 ms]
      [Redirty Cards: 0.0 ms]
      [Humongous Register: 0.0 ms]
      [Humongous Reclaim: 0.0 ms]
      [Free CSet: 0.0 ms]
   [Eden: 49.0M(49.0M)->0.0B(49.0M) Survivors: 1024.0K->1024.0K Heap: 88.1M(100.0M)->39.1M(100.0M)]
 [Times: user=0.01 sys=0.00, real=0.00 secs] 
38.485: [GC pause (G1 Evacuation Pause) (young), 0.0016159 secs]
   [Parallel Time: 1.2 ms, GC Workers: 4]
      [GC Worker Start (ms): Min: 38485.3, Avg: 38485.3, Max: 38485.3, Diff: 0.0]
      [Ext Root Scanning (ms): Min: 0.6, Avg: 0.6, Max: 0.7, Diff: 0.1, Sum: 2.6]
      [Update RS (ms): Min: 0.3, Avg: 0.3, Max: 0.4, Diff: 0.0, Sum: 1.4]
         [Processed Buffers: Min: 7, Avg: 25.5, Max: 44, Diff: 37, Sum: 102]
      [Scan RS (ms): Min: 0.0, Avg: 0.0, Max: 0.0, Diff: 0.0, Sum: 0.0]
      [Code Root Scanning (ms): Min: 0.0, Avg: 0.0, Max: 0.0, Diff: 0.0, Sum: 0.0]
      [Object Copy (ms): Min: 0.1, Avg: 0.2, Max: 0.2, Diff: 0.1, Sum: 0.8]
      [Termination (ms): Min: 0.0, Avg: 0.0, Max: 0.0, Diff: 0.0, Sum: 0.0]
         [Termination Attempts: Min: 1, Avg: 1.0, Max: 1, Diff: 0, Sum: 4]
      [GC Worker Other (ms): Min: 0.0, Avg: 0.0, Max: 0.0, Diff: 0.0, Sum: 0.1]
      [GC Worker Total (ms): Min: 1.2, Avg: 1.2, Max: 1.2, Diff: 0.0, Sum: 4.8]
      [GC Worker End (ms): Min: 38486.5, Avg: 38486.5, Max: 38486.5, Diff: 0.0]
   [Code Root Fixup: 0.1 ms]
   [Code Root Purge: 0.0 ms]
   [Clear CT: 0.0 ms]
   [Other: 0.3 ms]
      [Choose CSet: 0.0 ms]
      [Ref Proc: 0.1 ms]
      [Ref Enq: 0.0 ms]
      [Redirty Cards: 0.0 ms]
      [Humongous Register: 0.0 ms]
      [Humongous Reclaim: 0.0 ms]
      [Free CSet: 0.0 ms]
   [Eden: 49.0M(49.0M)->0.0B(49.0M) Survivors: 1024.0K->1024.0K Heap: 88.1M(100.0M)->39.1M(100.0M)]
 [Times: user=0.00 sys=0.00, real=0.00 secs] 
38.575: [GC pause (G1 Evacuation Pause) (young), 0.0027896 secs]
   [Parallel Time: 1.3 ms, GC Workers: 4]
      [GC Worker Start (ms): Min: 38574.9, Avg: 38574.9, Max: 38575.0, Diff: 0.0]
      [Ext Root Scanning (ms): Min: 0.6, Avg: 0.6, Max: 0.7, Diff: 0.1, Sum: 2.5]
      [Update RS (ms): Min: 0.3, Avg: 0.3, Max: 0.3, Diff: 0.0, Sum: 1.4]
         [Processed Buffers: Min: 13, Avg: 25.2, Max: 44, Diff: 31, Sum: 101]
      [Scan RS (ms): Min: 0.0, Avg: 0.0, Max: 0.0, Diff: 0.0, Sum: 0.0]
      [Code Root Scanning (ms): Min: 0.0, Avg: 0.0, Max: 0.0, Diff: 0.0, Sum: 0.0]
      [Object Copy (ms): Min: 0.2, Avg: 0.2, Max: 0.2, Diff: 0.1, Sum: 0.8]
      [Termination (ms): Min: 0.0, Avg: 0.0, Max: 0.0, Diff: 0.0, Sum: 0.0]
         [Termination Attempts: Min: 1, Avg: 1.0, Max: 1, Diff: 0, Sum: 4]
      [GC Worker Other (ms): Min: 0.0, Avg: 0.0, Max: 0.0, Diff: 0.0, Sum: 0.1]
      [GC Worker Total (ms): Min: 1.2, Avg: 1.2, Max: 1.2, Diff: 0.0, Sum: 4.8]
      [GC Worker End (ms): Min: 38576.1, Avg: 38576.1, Max: 38576.2, Diff: 0.0]
   [Code Root Fixup: 0.1 ms]
   [Code Root Purge: 0.0 ms]
   [Clear CT: 0.1 ms]
   [Other: 1.4 ms]
      [Choose CSet: 0.0 ms]
      [Ref Proc: 1.2 ms]
      [Ref Enq: 0.0 ms]
      [Redirty Cards: 0.0 ms]
      [Humongous Register: 0.0 ms]
      [Humongous Reclaim: 0.0 ms]
      [Free CSet: 0.0 ms]
   [Eden: 49.0M(49.0M)->0.0B(49.0M) Survivors: 1024.0K->1024.0K Heap: 88.1M(100.0M)->39.1M(100.0M)]
 [Times: user=0.01 sys=0.00, real=0.00 secs] 
38.671: [GC pause (G1 Evacuation Pause) (young), 0.0055390 secs]
   [Parallel Time: 4.4 ms, GC Workers: 4]
      [GC Worker Start (ms): Min: 38670.6, Avg: 38673.1, Max: 38675.0, Diff: 4.3]
      [Ext Root Scanning (ms): Min: 0.0, Avg: 0.6, Max: 2.1, Diff: 2.1, Sum: 2.6]
      [Update RS (ms): Min: 0.0, Avg: 0.4, Max: 0.7, Diff: 0.7, Sum: 1.4]
         [Processed Buffers: Min: 0, Avg: 25.0, Max: 62, Diff: 62, Sum: 100]
      [Scan RS (ms): Min: 0.0, Avg: 0.0, Max: 0.0, Diff: 0.0, Sum: 0.0]
      [Code Root Scanning (ms): Min: 0.0, Avg: 0.0, Max: 0.0, Diff: 0.0, Sum: 0.0]
      [Object Copy (ms): Min: 0.0, Avg: 0.2, Max: 0.4, Diff: 0.4, Sum: 0.7]
      [Termination (ms): Min: 0.0, Avg: 0.7, Max: 1.2, Diff: 1.2, Sum: 2.9]
         [Termination Attempts: Min: 1, Avg: 1.0, Max: 1, Diff: 0, Sum: 4]
      [GC Worker Other (ms): Min: 0.0, Avg: 0.0, Max: 0.0, Diff: 0.0, Sum: 0.0]
      [GC Worker Total (ms): Min: 0.0, Avg: 1.9, Max: 4.4, Diff: 4.4, Sum: 7.6]
      [GC Worker End (ms): Min: 38675.0, Avg: 38675.0, Max: 38675.0, Diff: 0.0]
   [Code Root Fixup: 0.1 ms]
   [Code Root Purge: 0.0 ms]
   [Clear CT: 0.0 ms]
   [Other: 1.0 ms]
      [Choose CSet: 0.0 ms]
      [Ref Proc: 0.8 ms]
      [Ref Enq: 0.0 ms]
      [Redirty Cards: 0.0 ms]
      [Humongous Register: 0.0 ms]
      [Humongous Reclaim: 0.0 ms]
      [Free CSet: 0.0 ms]
   [Eden: 49.0M(49.0M)->0.0B(49.0M) Survivors: 1024.0K->1024.0K Heap: 88.1M(100.0M)->39.1M(100.0M)]
 [Times: user=0.02 sys=0.00, real=0.01 secs] 
38.765: [GC pause (G1 Evacuation Pause) (young), 0.0048840 secs]
   [Parallel Time: 3.9 ms, GC Workers: 4]
      [GC Worker Start (ms): Min: 38764.7, Avg: 38766.6, Max: 38768.4, Diff: 3.8]
      [Ext Root Scanning (ms): Min: 0.0, Avg: 0.6, Max: 1.6, Diff: 1.6, Sum: 2.5]
      [Update RS (ms): Min: 0.0, Avg: 0.4, Max: 0.7, Diff: 0.7, Sum: 1.5]
         [Processed Buffers: Min: 0, Avg: 27.2, Max: 67, Diff: 67, Sum: 109]
      [Scan RS (ms): Min: 0.0, Avg: 0.0, Max: 0.0, Diff: 0.0, Sum: 0.0]
      [Code Root Scanning (ms): Min: 0.0, Avg: 0.0, Max: 0.0, Diff: 0.0, Sum: 0.0]
      [Object Copy (ms): Min: 0.0, Avg: 0.2, Max: 0.4, Diff: 0.4, Sum: 0.7]
      [Termination (ms): Min: 0.0, Avg: 0.7, Max: 1.1, Diff: 1.1, Sum: 2.8]
         [Termination Attempts: Min: 1, Avg: 1.0, Max: 1, Diff: 0, Sum: 4]
      [GC Worker Other (ms): Min: 0.0, Avg: 0.0, Max: 0.0, Diff: 0.0, Sum: 0.0]
      [GC Worker Total (ms): Min: 0.0, Avg: 1.9, Max: 3.8, Diff: 3.8, Sum: 7.6]
      [GC Worker End (ms): Min: 38768.5, Avg: 38768.5, Max: 38768.5, Diff: 0.1]
   [Code Root Fixup: 0.1 ms]
   [Code Root Purge: 0.0 ms]
   [Clear CT: 0.0 ms]
   [Other: 0.8 ms]
      [Choose CSet: 0.0 ms]
      [Ref Proc: 0.6 ms]
      [Ref Enq: 0.0 ms]
      [Redirty Cards: 0.0 ms]
      [Humongous Register: 0.0 ms]
      [Humongous Reclaim: 0.0 ms]
      [Free CSet: 0.0 ms]
   [Eden: 49.0M(49.0M)->0.0B(49.0M) Survivors: 1024.0K->1024.0K Heap: 88.1M(100.0M)->39.1M(100.0M)]
 [Times: user=0.01 sys=0.00, real=0.00 secs] 
38.857: [GC pause (G1 Evacuation Pause) (young), 0.0046175 secs]
   [Parallel Time: 2.6 ms, GC Workers: 4]
      [GC Worker Start (ms): Min: 38856.8, Avg: 38858.3, Max: 38859.1, Diff: 2.2]
      [Ext Root Scanning (ms): Min: 0.0, Avg: 0.5, Max: 1.8, Diff: 1.8, Sum: 2.0]
      [Update RS (ms): Min: 0.2, Avg: 0.4, Max: 0.5, Diff: 0.3, Sum: 1.5]
         [Processed Buffers: Min: 13, Avg: 27.5, Max: 59, Diff: 46, Sum: 110]
      [Scan RS (ms): Min: 0.0, Avg: 0.0, Max: 0.0, Diff: 0.0, Sum: 0.0]
      [Code Root Scanning (ms): Min: 0.0, Avg: 0.0, Max: 0.0, Diff: 0.0, Sum: 0.0]
      [Object Copy (ms): Min: 0.1, Avg: 0.2, Max: 0.3, Diff: 0.1, Sum: 0.8]
      [Termination (ms): Min: 0.0, Avg: 0.0, Max: 0.0, Diff: 0.0, Sum: 0.0]
         [Termination Attempts: Min: 1, Avg: 1.0, Max: 1, Diff: 0, Sum: 4]
      [GC Worker Other (ms): Min: 0.0, Avg: 0.0, Max: 0.0, Diff: 0.0, Sum: 0.0]
      [GC Worker Total (ms): Min: 0.3, Avg: 1.1, Max: 2.5, Diff: 2.2, Sum: 4.3]
      [GC Worker End (ms): Min: 38859.4, Avg: 38859.4, Max: 38859.4, Diff: 0.0]
   [Code Root Fixup: 0.1 ms]
   [Code Root Purge: 0.0 ms]
   [Clear CT: 0.0 ms]
   [Other: 1.9 ms]
      [Choose CSet: 0.0 ms]
      [Ref Proc: 1.8 ms]
      [Ref Enq: 0.0 ms]
      [Redirty Cards: 0.0 ms]
      [Humongous Register: 0.0 ms]
      [Humongous Reclaim: 0.0 ms]
      [Free CSet: 0.0 ms]
   [Eden: 49.0M(49.0M)->0.0B(49.0M) Survivors: 1024.0K->1024.0K Heap: 88.1M(100.0M)->39.1M(100.0M)]
 [Times: user=0.02 sys=0.00, real=0.00 secs] 
38.951: [GC pause (G1 Evacuation Pause) (young), 0.0040605 secs]
   [Parallel Time: 3.0 ms, GC Workers: 4]
      [GC Worker Start (ms): Min: 38951.6, Avg: 38952.6, Max: 38953.7, Diff: 2.1]
      [Ext Root Scanning (ms): Min: 0.0, Avg: 0.6, Max: 1.3, Diff: 1.3, Sum: 2.5]
      [Update RS (ms): Min: 0.0, Avg: 0.4, Max: 0.7, Diff: 0.7, Sum: 1.4]
         [Processed Buffers: Min: 0, Avg: 24.5, Max: 64, Diff: 64, Sum: 98]
      [Scan RS (ms): Min: 0.0, Avg: 0.0, Max: 0.0, Diff: 0.0, Sum: 0.0]
      [Code Root Scanning (ms): Min: 0.0, Avg: 0.0, Max: 0.0, Diff: 0.0, Sum: 0.0]
      [Object Copy (ms): Min: 0.2, Avg: 0.5, Max: 1.0, Diff: 0.8, Sum: 1.9]
      [Termination (ms): Min: 0.0, Avg: 0.4, Max: 0.6, Diff: 0.6, Sum: 1.8]
         [Termination Attempts: Min: 1, Avg: 1.5, Max: 2, Diff: 1, Sum: 6]
      [GC Worker Other (ms): Min: 0.0, Avg: 0.0, Max: 0.0, Diff: 0.0, Sum: 0.0]
      [GC Worker Total (ms): Min: 0.8, Avg: 1.9, Max: 3.0, Diff: 2.2, Sum: 7.6]
      [GC Worker End (ms): Min: 38954.5, Avg: 38954.6, Max: 38954.6, Diff: 0.0]
   [Code Root Fixup: 0.1 ms]
   [Code Root Purge: 0.0 ms]
   [Clear CT: 0.0 ms]
   [Other: 0.9 ms]
      [Choose CSet: 0.0 ms]
      [Ref Proc: 0.7 ms]
      [Ref Enq: 0.0 ms]
      [Redirty Cards: 0.0 ms]
      [Humongous Register: 0.0 ms]
      [Humongous Reclaim: 0.0 ms]
      [Free CSet: 0.0 ms]
   [Eden: 49.0M(49.0M)->0.0B(49.0M) Survivors: 1024.0K->1024.0K Heap: 88.1M(100.0M)->39.2M(100.0M)]
 [Times: user=0.01 sys=0.00, real=0.01 secs] 
39.044: [GC pause (G1 Evacuation Pause) (young), 0.0040446 secs]
   [Parallel Time: 1.7 ms, GC Workers: 4]
      [GC Worker Start (ms): Min: 39044.1, Avg: 39044.5, Max: 39045.2, Diff: 1.1]
      [Ext Root Scanning (ms): Min: 0.0, Avg: 0.7, Max: 1.1, Diff: 1.1, Sum: 2.9]
      [Update RS (ms): Min: 0.3, Avg: 0.4, Max: 0.4, Diff: 0.0, Sum: 1.5]
         [Processed Buffers: Min: 14, Avg: 27.5, Max: 46, Diff: 32, Sum: 110]
      [Scan RS (ms): Min: 0.0, Avg: 0.0, Max: 0.0, Diff: 0.0, Sum: 0.0]
      [Code Root Scanning (ms): Min: 0.0, Avg: 0.0, Max: 0.0, Diff: 0.0, Sum: 0.0]
      [Object Copy (ms): Min: 0.2, Avg: 0.2, Max: 0.2, Diff: 0.1, Sum: 0.8]
      [Termination (ms): Min: 0.0, Avg: 0.0, Max: 0.0, Diff: 0.0, Sum: 0.0]
         [Termination Attempts: Min: 1, Avg: 1.0, Max: 1, Diff: 0, Sum: 4]
      [GC Worker Other (ms): Min: 0.0, Avg: 0.0, Max: 0.0, Diff: 0.0, Sum: 0.0]
      [GC Worker Total (ms): Min: 0.6, Avg: 1.3, Max: 1.7, Diff: 1.1, Sum: 5.3]
      [GC Worker End (ms): Min: 39045.8, Avg: 39045.8, Max: 39045.8, Diff: 0.0]
   [Code Root Fixup: 0.1 ms]
   [Code Root Purge: 0.0 ms]
   [Clear CT: 0.1 ms]
   [Other: 2.1 ms]
      [Choose CSet: 0.0 ms]
      [Ref Proc: 1.9 ms]
      [Ref Enq: 0.0 ms]
      [Redirty Cards: 0.0 ms]
      [Humongous Register: 0.0 ms]
      [Humongous Reclaim: 0.0 ms]
      [Free CSet: 0.0 ms]
   [Eden: 49.0M(49.0M)->0.0B(49.0M) Survivors: 1024.0K->1024.0K Heap: 88.2M(100.0M)->39.1M(100.0M)]
 [Times: user=0.01 sys=0.01, real=0.00 secs] 
39.134: [GC pause (G1 Evacuation Pause) (young), 0.0046548 secs]
   [Parallel Time: 3.1 ms, GC Workers: 4]
      [GC Worker Start (ms): Min: 39133.7, Avg: 39135.0, Max: 39136.5, Diff: 2.8]
      [Ext Root Scanning (ms): Min: 0.0, Avg: 0.7, Max: 1.7, Diff: 1.7, Sum: 2.7]
      [Update RS (ms): Min: 0.0, Avg: 0.4, Max: 0.5, Diff: 0.5, Sum: 1.4]
         [Processed Buffers: Min: 0, Avg: 28.0, Max: 42, Diff: 42, Sum: 112]
      [Scan RS (ms): Min: 0.0, Avg: 0.0, Max: 0.0, Diff: 0.0, Sum: 0.0]
      [Code Root Scanning (ms): Min: 0.0, Avg: 0.0, Max: 0.0, Diff: 0.0, Sum: 0.0]
      [Object Copy (ms): Min: 0.0, Avg: 0.2, Max: 0.3, Diff: 0.3, Sum: 0.8]
      [Termination (ms): Min: 0.0, Avg: 0.4, Max: 0.5, Diff: 0.5, Sum: 1.5]
         [Termination Attempts: Min: 1, Avg: 1.0, Max: 1, Diff: 0, Sum: 4]
      [GC Worker Other (ms): Min: 0.0, Avg: 0.0, Max: 0.0, Diff: 0.0, Sum: 0.0]
      [GC Worker Total (ms): Min: 0.0, Avg: 1.6, Max: 3.0, Diff: 3.0, Sum: 6.4]
      [GC Worker End (ms): Min: 39136.5, Avg: 39136.6, Max: 39136.7, Diff: 0.2]
   [Code Root Fixup: 0.1 ms]
   [Code Root Purge: 0.0 ms]
   [Clear CT: 0.0 ms]
   [Other: 1.4 ms]
      [Choose CSet: 0.0 ms]
      [Ref Proc: 1.2 ms]
      [Ref Enq: 0.0 ms]
      [Redirty Cards: 0.1 ms]
      [Humongous Register: 0.0 ms]
      [Humongous Reclaim: 0.0 ms]
      [Free CSet: 0.0 ms]
   [Eden: 49.0M(49.0M)->0.0B(49.0M) Survivors: 1024.0K->1024.0K Heap: 88.1M(100.0M)->39.1M(100.0M)]
 [Times: user=0.01 sys=0.00, real=0.00 secs] 
39.227: [GC pause (G1 Evacuation Pause) (young), 0.0022937 secs]
   [Parallel Time: 1.2 ms, GC Workers: 4]
      [GC Worker Start (ms): Min: 39227.4, Avg: 39227.5, Max: 39227.5, Diff: 0.0]
      [Ext Root Scanning (ms): Min: 0.6, Avg: 0.6, Max: 0.7, Diff: 0.2, Sum: 2.5]
      [Update RS (ms): Min: 0.3, Avg: 0.3, Max: 0.3, Diff: 0.0, Sum: 1.3]
         [Processed Buffers: Min: 16, Avg: 28.0, Max: 40, Diff: 24, Sum: 112]
      [Scan RS (ms): Min: 0.0, Avg: 0.0, Max: 0.0, Diff: 0.0, Sum: 0.0]
      [Code Root Scanning (ms): Min: 0.0, Avg: 0.0, Max: 0.0, Diff: 0.0, Sum: 0.0]
      [Object Copy (ms): Min: 0.1, Avg: 0.2, Max: 0.2, Diff: 0.1, Sum: 0.7]
      [Termination (ms): Min: 0.0, Avg: 0.0, Max: 0.0, Diff: 0.0, Sum: 0.0]
         [Termination Attempts: Min: 1, Avg: 1.0, Max: 1, Diff: 0, Sum: 4]
      [GC Worker Other (ms): Min: 0.0, Avg: 0.0, Max: 0.0, Diff: 0.0, Sum: 0.1]
      [GC Worker Total (ms): Min: 1.1, Avg: 1.2, Max: 1.2, Diff: 0.0, Sum: 4.7]
      [GC Worker End (ms): Min: 39228.6, Avg: 39228.6, Max: 39228.6, Diff: 0.0]
   [Code Root Fixup: 0.1 ms]
   [Code Root Purge: 0.0 ms]
   [Clear CT: 0.0 ms]
   [Other: 0.9 ms]
      [Choose CSet: 0.0 ms]
      [Ref Proc: 0.8 ms]
      [Ref Enq: 0.0 ms]
      [Redirty Cards: 0.0 ms]
      [Humongous Register: 0.0 ms]
      [Humongous Reclaim: 0.0 ms]
      [Free CSet: 0.0 ms]
   [Eden: 49.0M(49.0M)->0.0B(49.0M) Survivors: 1024.0K->1024.0K Heap: 88.1M(100.0M)->39.1M(100.0M)]
 [Times: user=0.01 sys=0.00, real=0.00 secs] 
39.328: [GC pause (G1 Evacuation Pause) (young), 0.0016050 secs]
   [Parallel Time: 1.2 ms, GC Workers: 4]
      [GC Worker Start (ms): Min: 39328.0, Avg: 39328.0, Max: 39328.0, Diff: 0.0]
      [Ext Root Scanning (ms): Min: 0.6, Avg: 0.6, Max: 0.7, Diff: 0.1, Sum: 2.5]
      [Update RS (ms): Min: 0.3, Avg: 0.3, Max: 0.3, Diff: 0.0, Sum: 1.2]
         [Processed Buffers: Min: 13, Avg: 26.5, Max: 54, Diff: 41, Sum: 106]
      [Scan RS (ms): Min: 0.0, Avg: 0.0, Max: 0.0, Diff: 0.0, Sum: 0.0]
      [Code Root Scanning (ms): Min: 0.0, Avg: 0.0, Max: 0.0, Diff: 0.0, Sum: 0.0]
      [Object Copy (ms): Min: 0.1, Avg: 0.2, Max: 0.2, Diff: 0.1, Sum: 0.8]
      [Termination (ms): Min: 0.0, Avg: 0.0, Max: 0.0, Diff: 0.0, Sum: 0.0]
         [Termination Attempts: Min: 1, Avg: 1.0, Max: 1, Diff: 0, Sum: 4]
      [GC Worker Other (ms): Min: 0.0, Avg: 0.0, Max: 0.0, Diff: 0.0, Sum: 0.1]
      [GC Worker Total (ms): Min: 1.2, Avg: 1.2, Max: 1.2, Diff: 0.0, Sum: 4.7]
      [GC Worker End (ms): Min: 39329.2, Avg: 39329.2, Max: 39329.2, Diff: 0.0]
   [Code Root Fixup: 0.1 ms]
   [Code Root Purge: 0.0 ms]
   [Clear CT: 0.0 ms]
   [Other: 0.2 ms]
      [Choose CSet: 0.0 ms]
      [Ref Proc: 0.1 ms]
      [Ref Enq: 0.0 ms]
      [Redirty Cards: 0.0 ms]
      [Humongous Register: 0.0 ms]
      [Humongous Reclaim: 0.0 ms]
      [Free CSet: 0.0 ms]
   [Eden: 49.0M(49.0M)->0.0B(49.0M) Survivors: 1024.0K->1024.0K Heap: 88.1M(100.0M)->39.1M(100.0M)]
 [Times: user=0.00 sys=0.00, real=0.00 secs] 
39.415: [GC pause (G1 Evacuation Pause) (young), 0.0016915 secs]
   [Parallel Time: 1.2 ms, GC Workers: 4]
      [GC Worker Start (ms): Min: 39414.7, Avg: 39414.8, Max: 39414.8, Diff: 0.0]
      [Ext Root Scanning (ms): Min: 0.6, Avg: 0.6, Max: 0.7, Diff: 0.1, Sum: 2.6]
      [Update RS (ms): Min: 0.3, Avg: 0.3, Max: 0.4, Diff: 0.0, Sum: 1.4]
         [Processed Buffers: Min: 17, Avg: 27.2, Max: 44, Diff: 27, Sum: 109]
      [Scan RS (ms): Min: 0.0, Avg: 0.0, Max: 0.0, Diff: 0.0, Sum: 0.0]
      [Code Root Scanning (ms): Min: 0.0, Avg: 0.0, Max: 0.0, Diff: 0.0, Sum: 0.0]
      [Object Copy (ms): Min: 0.1, Avg: 0.2, Max: 0.2, Diff: 0.1, Sum: 0.8]
      [Termination (ms): Min: 0.0, Avg: 0.0, Max: 0.0, Diff: 0.0, Sum: 0.0]
         [Termination Attempts: Min: 1, Avg: 1.0, Max: 1, Diff: 0, Sum: 4]
      [GC Worker Other (ms): Min: 0.0, Avg: 0.0, Max: 0.0, Diff: 0.0, Sum: 0.0]
      [GC Worker Total (ms): Min: 1.2, Avg: 1.2, Max: 1.2, Diff: 0.0, Sum: 4.8]
      [GC Worker End (ms): Min: 39416.0, Avg: 39416.0, Max: 39416.0, Diff: 0.0]
   [Code Root Fixup: 0.1 ms]
   [Code Root Purge: 0.0 ms]
   [Clear CT: 0.0 ms]
   [Other: 0.3 ms]
      [Choose CSet: 0.0 ms]
      [Ref Proc: 0.1 ms]
      [Ref Enq: 0.0 ms]
      [Redirty Cards: 0.0 ms]
      [Humongous Register: 0.0 ms]
      [Humongous Reclaim: 0.0 ms]
      [Free CSet: 0.0 ms]
   [Eden: 49.0M(49.0M)->0.0B(49.0M) Survivors: 1024.0K->1024.0K Heap: 88.1M(100.0M)->39.2M(100.0M)]
 [Times: user=0.01 sys=0.00, real=0.00 secs] 
39.506: [GC pause (G1 Evacuation Pause) (young), 0.0015854 secs]
   [Parallel Time: 1.2 ms, GC Workers: 4]
      [GC Worker Start (ms): Min: 39505.8, Avg: 39505.9, Max: 39505.9, Diff: 0.0]
      [Ext Root Scanning (ms): Min: 0.6, Avg: 0.6, Max: 0.7, Diff: 0.1, Sum: 2.5]
      [Update RS (ms): Min: 0.3, Avg: 0.3, Max: 0.4, Diff: 0.0, Sum: 1.4]
         [Processed Buffers: Min: 25, Avg: 29.0, Max: 36, Diff: 11, Sum: 116]
      [Scan RS (ms): Min: 0.0, Avg: 0.0, Max: 0.0, Diff: 0.0, Sum: 0.0]
      [Code Root Scanning (ms): Min: 0.0, Avg: 0.0, Max: 0.0, Diff: 0.0, Sum: 0.0]
      [Object Copy (ms): Min: 0.1, Avg: 0.2, Max: 0.2, Diff: 0.1, Sum: 0.8]
      [Termination (ms): Min: 0.0, Avg: 0.0, Max: 0.0, Diff: 0.0, Sum: 0.0]
         [Termination Attempts: Min: 1, Avg: 1.0, Max: 1, Diff: 0, Sum: 4]
      [GC Worker Other (ms): Min: 0.0, Avg: 0.0, Max: 0.0, Diff: 0.0, Sum: 0.0]
      [GC Worker Total (ms): Min: 1.2, Avg: 1.2, Max: 1.2, Diff: 0.0, Sum: 4.7]
      [GC Worker End (ms): Min: 39507.1, Avg: 39507.1, Max: 39507.1, Diff: 0.0]
   [Code Root Fixup: 0.1 ms]
   [Code Root Purge: 0.0 ms]
   [Clear CT: 0.0 ms]
   [Other: 0.2 ms]
      [Choose CSet: 0.0 ms]
      [Ref Proc: 0.1 ms]
      [Ref Enq: 0.0 ms]
      [Redirty Cards: 0.0 ms]
      [Humongous Register: 0.0 ms]
      [Humongous Reclaim: 0.0 ms]
      [Free CSet: 0.0 ms]
   [Eden: 49.0M(49.0M)->0.0B(49.0M) Survivors: 1024.0K->1024.0K Heap: 88.2M(100.0M)->39.1M(100.0M)]
 [Times: user=0.01 sys=0.00, real=0.00 secs] 
39.596: [GC pause (G1 Evacuation Pause) (young), 0.0034731 secs]
   [Parallel Time: 1.9 ms, GC Workers: 4]
      [GC Worker Start (ms): Min: 39596.3, Avg: 39597.0, Max: 39597.5, Diff: 1.2]
      [Ext Root Scanning (ms): Min: 0.2, Avg: 0.7, Max: 1.4, Diff: 1.1, Sum: 2.7]
      [Update RS (ms): Min: 0.3, Avg: 0.3, Max: 0.3, Diff: 0.0, Sum: 1.3]
         [Processed Buffers: Min: 14, Avg: 27.0, Max: 41, Diff: 27, Sum: 108]
      [Scan RS (ms): Min: 0.0, Avg: 0.0, Max: 0.0, Diff: 0.0, Sum: 0.0]
      [Code Root Scanning (ms): Min: 0.0, Avg: 0.0, Max: 0.0, Diff: 0.0, Sum: 0.0]
      [Object Copy (ms): Min: 0.2, Avg: 0.2, Max: 0.2, Diff: 0.0, Sum: 0.8]
      [Termination (ms): Min: 0.0, Avg: 0.0, Max: 0.0, Diff: 0.0, Sum: 0.0]
         [Termination Attempts: Min: 1, Avg: 1.0, Max: 1, Diff: 0, Sum: 4]
      [GC Worker Other (ms): Min: 0.0, Avg: 0.0, Max: 0.0, Diff: 0.0, Sum: 0.0]
      [GC Worker Total (ms): Min: 0.7, Avg: 1.2, Max: 1.9, Diff: 1.2, Sum: 4.8]
      [GC Worker End (ms): Min: 39598.2, Avg: 39598.2, Max: 39598.2, Diff: 0.0]
   [Code Root Fixup: 0.1 ms]
   [Code Root Purge: 0.0 ms]
   [Clear CT: 0.0 ms]
   [Other: 1.4 ms]
      [Choose CSet: 0.0 ms]
      [Ref Proc: 1.2 ms]
      [Ref Enq: 0.0 ms]
      [Redirty Cards: 0.0 ms]
      [Humongous Register: 0.0 ms]
      [Humongous Reclaim: 0.0 ms]
      [Free CSet: 0.0 ms]
   [Eden: 49.0M(49.0M)->0.0B(49.0M) Survivors: 1024.0K->1024.0K Heap: 88.1M(100.0M)->39.1M(100.0M)]
 [Times: user=0.01 sys=0.00, real=0.00 secs] 
39.687: [GC pause (G1 Evacuation Pause) (young), 0.0037560 secs]
   [Parallel Time: 2.6 ms, GC Workers: 4]
      [GC Worker Start (ms): Min: 39686.9, Avg: 39688.1, Max: 39689.3, Diff: 2.5]
      [Ext Root Scanning (ms): Min: 0.0, Avg: 0.6, Max: 1.2, Diff: 1.2, Sum: 2.5]
      [Update RS (ms): Min: 0.0, Avg: 0.3, Max: 0.7, Diff: 0.7, Sum: 1.3]
         [Processed Buffers: Min: 0, Avg: 25.2, Max: 54, Diff: 54, Sum: 101]
      [Scan RS (ms): Min: 0.0, Avg: 0.0, Max: 0.0, Diff: 0.0, Sum: 0.0]
      [Code Root Scanning (ms): Min: 0.0, Avg: 0.0, Max: 0.0, Diff: 0.0, Sum: 0.0]
      [Object Copy (ms): Min: 0.0, Avg: 0.2, Max: 0.4, Diff: 0.4, Sum: 0.8]
      [Termination (ms): Min: 0.0, Avg: 0.1, Max: 0.2, Diff: 0.2, Sum: 0.5]
         [Termination Attempts: Min: 1, Avg: 1.0, Max: 1, Diff: 0, Sum: 4]
      [GC Worker Other (ms): Min: 0.0, Avg: 0.0, Max: 0.0, Diff: 0.0, Sum: 0.0]
      [GC Worker Total (ms): Min: 0.0, Avg: 1.3, Max: 2.6, Diff: 2.5, Sum: 5.2]
      [GC Worker End (ms): Min: 39689.4, Avg: 39689.4, Max: 39689.4, Diff: 0.1]
   [Code Root Fixup: 0.1 ms]
   [Code Root Purge: 0.0 ms]
   [Clear CT: 0.0 ms]
   [Other: 1.0 ms]
      [Choose CSet: 0.0 ms]
      [Ref Proc: 0.8 ms]
      [Ref Enq: 0.0 ms]
      [Redirty Cards: 0.0 ms]
      [Humongous Register: 0.0 ms]
      [Humongous Reclaim: 0.0 ms]
      [Free CSet: 0.0 ms]
   [Eden: 49.0M(49.0M)->0.0B(49.0M) Survivors: 1024.0K->1024.0K Heap: 88.1M(100.0M)->39.1M(100.0M)]
 [Times: user=0.01 sys=0.01, real=0.00 secs] 
39.790: [GC pause (G1 Evacuation Pause) (young), 0.0031438 secs]
   [Parallel Time: 2.2 ms, GC Workers: 4]
      [GC Worker Start (ms): Min: 39789.8, Avg: 39790.9, Max: 39791.9, Diff: 2.1]
      [Ext Root Scanning (ms): Min: 0.0, Avg: 0.6, Max: 1.3, Diff: 1.3, Sum: 2.3]
      [Update RS (ms): Min: 0.0, Avg: 0.3, Max: 0.6, Diff: 0.6, Sum: 1.4]
         [Processed Buffers: Min: 0, Avg: 27.5, Max: 44, Diff: 44, Sum: 110]
      [Scan RS (ms): Min: 0.0, Avg: 0.0, Max: 0.0, Diff: 0.0, Sum: 0.0]
      [Code Root Scanning (ms): Min: 0.0, Avg: 0.0, Max: 0.0, Diff: 0.0, Sum: 0.0]
      [Object Copy (ms): Min: 0.1, Avg: 0.2, Max: 0.3, Diff: 0.2, Sum: 0.8]
      [Termination (ms): Min: 0.0, Avg: 0.0, Max: 0.0, Diff: 0.0, Sum: 0.0]
         [Termination Attempts: Min: 1, Avg: 1.5, Max: 2, Diff: 1, Sum: 6]
      [GC Worker Other (ms): Min: 0.0, Avg: 0.0, Max: 0.0, Diff: 0.0, Sum: 0.0]
      [GC Worker Total (ms): Min: 0.1, Avg: 1.2, Max: 2.2, Diff: 2.1, Sum: 4.6]
      [GC Worker End (ms): Min: 39792.0, Avg: 39792.0, Max: 39792.0, Diff: 0.0]
   [Code Root Fixup: 0.1 ms]
   [Code Root Purge: 0.0 ms]
   [Clear CT: 0.0 ms]
   [Other: 0.8 ms]
      [Choose CSet: 0.0 ms]
      [Ref Proc: 0.6 ms]
      [Ref Enq: 0.0 ms]
      [Redirty Cards: 0.0 ms]
      [Humongous Register: 0.0 ms]
      [Humongous Reclaim: 0.0 ms]
      [Free CSet: 0.0 ms]
   [Eden: 49.0M(49.0M)->0.0B(49.0M) Survivors: 1024.0K->1024.0K Heap: 88.1M(100.0M)->39.1M(100.0M)]
 [Times: user=0.01 sys=0.00, real=0.00 secs] 
39.883: [GC pause (G1 Evacuation Pause) (young), 0.0057912 secs]
   [Parallel Time: 4.2 ms, GC Workers: 4]
      [GC Worker Start (ms): Min: 39883.2, Avg: 39886.1, Max: 39887.2, Diff: 4.1]
      [Ext Root Scanning (ms): Min: 0.0, Avg: 0.5, Max: 1.8, Diff: 1.8, Sum: 1.9]
      [Update RS (ms): Min: 0.0, Avg: 0.2, Max: 0.9, Diff: 0.9, Sum: 0.9]
         [Processed Buffers: Min: 0, Avg: 26.2, Max: 105, Diff: 105, Sum: 105]
      [Scan RS (ms): Min: 0.0, Avg: 0.0, Max: 0.0, Diff: 0.0, Sum: 0.0]
      [Code Root Scanning (ms): Min: 0.0, Avg: 0.0, Max: 0.0, Diff: 0.0, Sum: 0.0]
      [Object Copy (ms): Min: 0.0, Avg: 0.1, Max: 0.4, Diff: 0.4, Sum: 0.4]
      [Termination (ms): Min: 0.0, Avg: 0.4, Max: 1.0, Diff: 1.0, Sum: 1.4]
         [Termination Attempts: Min: 1, Avg: 1.0, Max: 1, Diff: 0, Sum: 4]
      [GC Worker Other (ms): Min: 0.0, Avg: 0.0, Max: 0.0, Diff: 0.0, Sum: 0.0]
      [GC Worker Total (ms): Min: 0.0, Avg: 1.2, Max: 4.1, Diff: 4.1, Sum: 4.6]
      [GC Worker End (ms): Min: 39887.2, Avg: 39887.3, Max: 39887.3, Diff: 0.1]
   [Code Root Fixup: 0.1 ms]
   [Code Root Purge: 0.0 ms]
   [Clear CT: 0.0 ms]
   [Other: 1.4 ms]
      [Choose CSet: 0.0 ms]
      [Ref Proc: 1.3 ms]
      [Ref Enq: 0.0 ms]
      [Redirty Cards: 0.0 ms]
      [Humongous Register: 0.0 ms]
      [Humongous Reclaim: 0.0 ms]
      [Free CSet: 0.0 ms]
   [Eden: 49.0M(49.0M)->0.0B(49.0M) Survivors: 1024.0K->1024.0K Heap: 88.1M(100.0M)->39.1M(100.0M)]
 [Times: user=0.01 sys=0.00, real=0.01 secs] 
39.976: [GC pause (G1 Evacuation Pause) (young), 0.0028580 secs]
   [Parallel Time: 2.4 ms, GC Workers: 4]
      [GC Worker Start (ms): Min: 39976.7, Avg: 39976.8, Max: 39976.8, Diff: 0.1]
      [Ext Root Scanning (ms): Min: 1.4, Avg: 1.6, Max: 1.9, Diff: 0.4, Sum: 6.5]
      [Update RS (ms): Min: 0.3, Avg: 0.3, Max: 0.5, Diff: 0.2, Sum: 1.3]
         [Processed Buffers: Min: 1, Avg: 25.8, Max: 41, Diff: 40, Sum: 103]
      [Scan RS (ms): Min: 0.0, Avg: 0.0, Max: 0.0, Diff: 0.0, Sum: 0.0]
      [Code Root Scanning (ms): Min: 0.0, Avg: 0.0, Max: 0.0, Diff: 0.0, Sum: 0.0]
      [Object Copy (ms): Min: 0.2, Avg: 0.3, Max: 0.5, Diff: 0.3, Sum: 1.4]
      [Termination (ms): Min: 0.0, Avg: 0.0, Max: 0.0, Diff: 0.0, Sum: 0.0]
         [Termination Attempts: Min: 1, Avg: 1.2, Max: 2, Diff: 1, Sum: 5]
      [GC Worker Other (ms): Min: 0.0, Avg: 0.0, Max: 0.0, Diff: 0.0, Sum: 0.1]
      [GC Worker Total (ms): Min: 2.3, Avg: 2.3, Max: 2.4, Diff: 0.1, Sum: 9.2]
      [GC Worker End (ms): Min: 39979.1, Avg: 39979.1, Max: 39979.1, Diff: 0.0]
   [Code Root Fixup: 0.1 ms]
   [Code Root Purge: 0.0 ms]
   [Clear CT: 0.0 ms]
   [Other: 0.3 ms]
      [Choose CSet: 0.0 ms]
      [Ref Proc: 0.1 ms]
      [Ref Enq: 0.0 ms]
      [Redirty Cards: 0.0 ms]
      [Humongous Register: 0.0 ms]
      [Humongous Reclaim: 0.0 ms]
      [Free CSet: 0.0 ms]
   [Eden: 49.0M(49.0M)->0.0B(49.0M) Survivors: 1024.0K->1024.0K Heap: 88.1M(100.0M)->39.1M(100.0M)]
 [Times: user=0.01 sys=0.00, real=0.00 secs] 
40.064: [GC pause (G1 Evacuation Pause) (young), 0.0039798 secs]
   [Parallel Time: 3.2 ms, GC Workers: 4]
      [GC Worker Start (ms): Min: 40064.3, Avg: 40065.9, Max: 40067.4, Diff: 3.1]
      [Ext Root Scanning (ms): Min: 0.0, Avg: 0.5, Max: 1.8, Diff: 1.8, Sum: 2.1]
      [Update RS (ms): Min: 0.0, Avg: 0.3, Max: 0.4, Diff: 0.4, Sum: 1.3]
         [Processed Buffers: Min: 0, Avg: 27.2, Max: 42, Diff: 42, Sum: 109]
      [Scan RS (ms): Min: 0.0, Avg: 0.0, Max: 0.0, Diff: 0.0, Sum: 0.0]
      [Code Root Scanning (ms): Min: 0.0, Avg: 0.0, Max: 0.0, Diff: 0.0, Sum: 0.0]
      [Object Copy (ms): Min: 0.0, Avg: 0.2, Max: 0.3, Diff: 0.3, Sum: 0.8]
      [Termination (ms): Min: 0.0, Avg: 0.4, Max: 0.6, Diff: 0.6, Sum: 1.8]
         [Termination Attempts: Min: 1, Avg: 1.0, Max: 1, Diff: 0, Sum: 4]
      [GC Worker Other (ms): Min: 0.0, Avg: 0.0, Max: 0.0, Diff: 0.0, Sum: 0.0]
      [GC Worker Total (ms): Min: 0.0, Avg: 1.5, Max: 3.1, Diff: 3.1, Sum: 6.0]
      [GC Worker End (ms): Min: 40067.4, Avg: 40067.4, Max: 40067.4, Diff: 0.0]
   [Code Root Fixup: 0.1 ms]
   [Code Root Purge: 0.0 ms]
   [Clear CT: 0.1 ms]
   [Other: 0.6 ms]
      [Choose CSet: 0.0 ms]
      [Ref Proc: 0.5 ms]
      [Ref Enq: 0.0 ms]
      [Redirty Cards: 0.0 ms]
      [Humongous Register: 0.0 ms]
      [Humongous Reclaim: 0.0 ms]
      [Free CSet: 0.0 ms]
   [Eden: 49.0M(49.0M)->0.0B(49.0M) Survivors: 1024.0K->1024.0K Heap: 88.1M(100.0M)->39.1M(100.0M)]
 [Times: user=0.01 sys=0.00, real=0.00 secs] 
40.151: [GC pause (G1 Evacuation Pause) (young), 0.0036118 secs]
   [Parallel Time: 2.7 ms, GC Workers: 4]
      [GC Worker Start (ms): Min: 40151.5, Avg: 40152.5, Max: 40154.1, Diff: 2.6]
      [Ext Root Scanning (ms): Min: 0.0, Avg: 0.6, Max: 1.3, Diff: 1.3, Sum: 2.6]
      [Update RS (ms): Min: 0.0, Avg: 0.3, Max: 0.5, Diff: 0.5, Sum: 1.4]
         [Processed Buffers: Min: 0, Avg: 27.8, Max: 44, Diff: 44, Sum: 111]
      [Scan RS (ms): Min: 0.0, Avg: 0.0, Max: 0.0, Diff: 0.0, Sum: 0.0]
      [Code Root Scanning (ms): Min: 0.0, Avg: 0.0, Max: 0.0, Diff: 0.0, Sum: 0.0]
      [Object Copy (ms): Min: 0.0, Avg: 0.2, Max: 0.3, Diff: 0.3, Sum: 0.7]
      [Termination (ms): Min: 0.0, Avg: 0.4, Max: 0.6, Diff: 0.6, Sum: 1.7]
         [Termination Attempts: Min: 1, Avg: 1.0, Max: 1, Diff: 0, Sum: 4]
      [GC Worker Other (ms): Min: 0.0, Avg: 0.0, Max: 0.0, Diff: 0.0, Sum: 0.0]
      [GC Worker Total (ms): Min: 0.0, Avg: 1.6, Max: 2.6, Diff: 2.6, Sum: 6.5]
      [GC Worker End (ms): Min: 40154.1, Avg: 40154.1, Max: 40154.1, Diff: 0.0]
   [Code Root Fixup: 0.1 ms]
   [Code Root Purge: 0.0 ms]
   [Clear CT: 0.1 ms]
   [Other: 0.8 ms]
      [Choose CSet: 0.0 ms]
      [Ref Proc: 0.6 ms]
      [Ref Enq: 0.0 ms]
      [Redirty Cards: 0.0 ms]
      [Humongous Register: 0.0 ms]
      [Humongous Reclaim: 0.0 ms]
      [Free CSet: 0.0 ms]
   [Eden: 49.0M(49.0M)->0.0B(49.0M) Survivors: 1024.0K->1024.0K Heap: 88.1M(100.0M)->39.1M(100.0M)]
 [Times: user=0.01 sys=0.01, real=0.01 secs] 
40.251: [GC pause (G1 Evacuation Pause) (young), 0.0048858 secs]
   [Parallel Time: 3.3 ms, GC Workers: 4]
      [GC Worker Start (ms): Min: 40251.0, Avg: 40252.8, Max: 40254.3, Diff: 3.3]
      [Ext Root Scanning (ms): Min: 0.0, Avg: 0.6, Max: 1.6, Diff: 1.5, Sum: 2.6]
      [Update RS (ms): Min: 0.0, Avg: 0.4, Max: 0.7, Diff: 0.7, Sum: 1.4]
         [Processed Buffers: Min: 0, Avg: 28.2, Max: 66, Diff: 66, Sum: 113]
      [Scan RS (ms): Min: 0.0, Avg: 0.0, Max: 0.0, Diff: 0.0, Sum: 0.0]
      [Code Root Scanning (ms): Min: 0.0, Avg: 0.0, Max: 0.0, Diff: 0.0, Sum: 0.0]
      [Object Copy (ms): Min: 0.0, Avg: 0.2, Max: 0.4, Diff: 0.4, Sum: 0.7]
      [Termination (ms): Min: 0.0, Avg: 0.3, Max: 0.6, Diff: 0.6, Sum: 1.3]
         [Termination Attempts: Min: 1, Avg: 1.0, Max: 1, Diff: 0, Sum: 4]
      [GC Worker Other (ms): Min: 0.0, Avg: 0.0, Max: 0.0, Diff: 0.0, Sum: 0.0]
      [GC Worker Total (ms): Min: 0.0, Avg: 1.5, Max: 3.3, Diff: 3.3, Sum: 6.1]
      [GC Worker End (ms): Min: 40254.3, Avg: 40254.3, Max: 40254.4, Diff: 0.0]
   [Code Root Fixup: 0.1 ms]
   [Code Root Purge: 0.0 ms]
   [Clear CT: 0.0 ms]
   [Other: 1.4 ms]
      [Choose CSet: 0.0 ms]
      [Ref Proc: 1.2 ms]
      [Ref Enq: 0.0 ms]
      [Redirty Cards: 0.0 ms]
      [Humongous Register: 0.0 ms]
      [Humongous Reclaim: 0.0 ms]
      [Free CSet: 0.0 ms]
   [Eden: 49.0M(49.0M)->0.0B(49.0M) Survivors: 1024.0K->1024.0K Heap: 88.1M(100.0M)->39.1M(100.0M)]
 [Times: user=0.01 sys=0.00, real=0.01 secs] 
40.344: [GC pause (G1 Evacuation Pause) (young), 0.0031530 secs]
   [Parallel Time: 2.1 ms, GC Workers: 4]
      [GC Worker Start (ms): Min: 40343.9, Avg: 40344.8, Max: 40345.5, Diff: 1.6]
      [Ext Root Scanning (ms): Min: 0.0, Avg: 0.6, Max: 1.5, Diff: 1.5, Sum: 2.5]
      [Update RS (ms): Min: 0.3, Avg: 0.4, Max: 0.4, Diff: 0.1, Sum: 1.4]
         [Processed Buffers: Min: 9, Avg: 27.0, Max: 49, Diff: 40, Sum: 108]
      [Scan RS (ms): Min: 0.0, Avg: 0.0, Max: 0.0, Diff: 0.0, Sum: 0.0]
      [Code Root Scanning (ms): Min: 0.0, Avg: 0.0, Max: 0.0, Diff: 0.0, Sum: 0.0]
      [Object Copy (ms): Min: 0.1, Avg: 0.2, Max: 0.2, Diff: 0.1, Sum: 0.8]
      [Termination (ms): Min: 0.0, Avg: 0.0, Max: 0.0, Diff: 0.0, Sum: 0.0]
         [Termination Attempts: Min: 1, Avg: 1.0, Max: 1, Diff: 0, Sum: 4]
      [GC Worker Other (ms): Min: 0.0, Avg: 0.0, Max: 0.0, Diff: 0.0, Sum: 0.0]
      [GC Worker Total (ms): Min: 0.5, Avg: 1.2, Max: 2.1, Diff: 1.6, Sum: 4.7]
      [GC Worker End (ms): Min: 40346.0, Avg: 40346.0, Max: 40346.0, Diff: 0.0]
   [Code Root Fixup: 0.1 ms]
   [Code Root Purge: 0.0 ms]
   [Clear CT: 0.0 ms]
   [Other: 0.9 ms]
      [Choose CSet: 0.0 ms]
      [Ref Proc: 0.7 ms]
      [Ref Enq: 0.0 ms]
      [Redirty Cards: 0.0 ms]
      [Humongous Register: 0.0 ms]
      [Humongous Reclaim: 0.0 ms]
      [Free CSet: 0.0 ms]
   [Eden: 49.0M(49.0M)->0.0B(49.0M) Survivors: 1024.0K->1024.0K Heap: 88.1M(100.0M)->39.1M(100.0M)]
 [Times: user=0.01 sys=0.01, real=0.00 secs] 
40.428: [GC pause (G1 Evacuation Pause) (young), 0.0050847 secs]
   [Parallel Time: 3.7 ms, GC Workers: 4]
      [GC Worker Start (ms): Min: 40428.5, Avg: 40431.2, Max: 40432.2, Diff: 3.6]
      [Ext Root Scanning (ms): Min: 0.0, Avg: 0.5, Max: 1.8, Diff: 1.8, Sum: 1.8]
      [Update RS (ms): Min: 0.0, Avg: 0.2, Max: 0.8, Diff: 0.8, Sum: 0.8]
         [Processed Buffers: Min: 0, Avg: 25.2, Max: 101, Diff: 101, Sum: 101]
      [Scan RS (ms): Min: 0.0, Avg: 0.0, Max: 0.0, Diff: 0.0, Sum: 0.0]
      [Code Root Scanning (ms): Min: 0.0, Avg: 0.0, Max: 0.0, Diff: 0.0, Sum: 0.0]
      [Object Copy (ms): Min: 0.0, Avg: 0.1, Max: 0.4, Diff: 0.4, Sum: 0.4]
      [Termination (ms): Min: 0.0, Avg: 0.2, Max: 0.6, Diff: 0.6, Sum: 0.7]
         [Termination Attempts: Min: 1, Avg: 1.0, Max: 1, Diff: 0, Sum: 4]
      [GC Worker Other (ms): Min: 0.0, Avg: 0.0, Max: 0.1, Diff: 0.1, Sum: 0.1]
      [GC Worker Total (ms): Min: 0.0, Avg: 1.0, Max: 3.7, Diff: 3.7, Sum: 3.8]
      [GC Worker End (ms): Min: 40432.2, Avg: 40432.2, Max: 40432.2, Diff: 0.0]
   [Code Root Fixup: 0.1 ms]
   [Code Root Purge: 0.0 ms]
   [Clear CT: 0.0 ms]
   [Other: 1.3 ms]
      [Choose CSet: 0.0 ms]
      [Ref Proc: 1.1 ms]
      [Ref Enq: 0.0 ms]
      [Redirty Cards: 0.0 ms]
      [Humongous Register: 0.0 ms]
      [Humongous Reclaim: 0.0 ms]
      [Free CSet: 0.0 ms]
   [Eden: 49.0M(49.0M)->0.0B(49.0M) Survivors: 1024.0K->1024.0K Heap: 88.1M(100.0M)->39.1M(100.0M)]
 [Times: user=0.01 sys=0.00, real=0.01 secs] 
40.529: [GC pause (G1 Evacuation Pause) (young), 0.0031224 secs]
   [Parallel Time: 1.7 ms, GC Workers: 4]
      [GC Worker Start (ms): Min: 40528.8, Avg: 40529.2, Max: 40529.9, Diff: 1.1]
      [Ext Root Scanning (ms): Min: 0.0, Avg: 0.7, Max: 1.0, Diff: 1.0, Sum: 2.6]
      [Update RS (ms): Min: 0.3, Avg: 0.4, Max: 0.5, Diff: 0.2, Sum: 1.4]
         [Processed Buffers: Min: 1, Avg: 27.2, Max: 41, Diff: 40, Sum: 109]
      [Scan RS (ms): Min: 0.0, Avg: 0.0, Max: 0.0, Diff: 0.0, Sum: 0.0]
      [Code Root Scanning (ms): Min: 0.0, Avg: 0.0, Max: 0.0, Diff: 0.0, Sum: 0.0]
      [Object Copy (ms): Min: 0.1, Avg: 0.2, Max: 0.3, Diff: 0.3, Sum: 0.9]
      [Termination (ms): Min: 0.0, Avg: 0.0, Max: 0.0, Diff: 0.0, Sum: 0.0]
         [Termination Attempts: Min: 1, Avg: 1.0, Max: 1, Diff: 0, Sum: 4]
      [GC Worker Other (ms): Min: 0.0, Avg: 0.0, Max: 0.0, Diff: 0.0, Sum: 0.0]
      [GC Worker Total (ms): Min: 0.5, Avg: 1.2, Max: 1.6, Diff: 1.1, Sum: 5.0]
      [GC Worker End (ms): Min: 40530.5, Avg: 40530.5, Max: 40530.5, Diff: 0.0]
   [Code Root Fixup: 0.1 ms]
   [Code Root Purge: 0.0 ms]
   [Clear CT: 0.0 ms]
   [Other: 1.4 ms]
      [Choose CSet: 0.0 ms]
      [Ref Proc: 1.2 ms]
      [Ref Enq: 0.0 ms]
      [Redirty Cards: 0.0 ms]
      [Humongous Register: 0.0 ms]
      [Humongous Reclaim: 0.0 ms]
      [Free CSet: 0.0 ms]
   [Eden: 49.0M(49.0M)->0.0B(49.0M) Survivors: 1024.0K->1024.0K Heap: 88.1M(100.0M)->39.2M(100.0M)]
 [Times: user=0.01 sys=0.00, real=0.00 secs] 
40.620: [GC pause (G1 Evacuation Pause) (young), 0.0045562 secs]
   [Parallel Time: 3.6 ms, GC Workers: 4]
      [GC Worker Start (ms): Min: 40620.5, Avg: 40622.9, Max: 40624.0, Diff: 3.5]
      [Ext Root Scanning (ms): Min: 0.0, Avg: 0.5, Max: 1.8, Diff: 1.8, Sum: 1.9]
      [Update RS (ms): Min: 0.0, Avg: 0.2, Max: 0.8, Diff: 0.8, Sum: 0.9]
         [Processed Buffers: Min: 0, Avg: 28.2, Max: 91, Diff: 91, Sum: 113]
      [Scan RS (ms): Min: 0.0, Avg: 0.0, Max: 0.0, Diff: 0.0, Sum: 0.0]
      [Code Root Scanning (ms): Min: 0.0, Avg: 0.0, Max: 0.0, Diff: 0.0, Sum: 0.0]
      [Object Copy (ms): Min: 0.0, Avg: 0.1, Max: 0.3, Diff: 0.3, Sum: 0.5]
      [Termination (ms): Min: 0.0, Avg: 0.3, Max: 0.6, Diff: 0.6, Sum: 1.2]
         [Termination Attempts: Min: 1, Avg: 1.0, Max: 1, Diff: 0, Sum: 4]
      [GC Worker Other (ms): Min: 0.0, Avg: 0.0, Max: 0.0, Diff: 0.0, Sum: 0.0]
      [GC Worker Total (ms): Min: 0.0, Avg: 1.1, Max: 3.6, Diff: 3.6, Sum: 4.6]
      [GC Worker End (ms): Min: 40624.0, Avg: 40624.0, Max: 40624.1, Diff: 0.0]
   [Code Root Fixup: 0.1 ms]
   [Code Root Purge: 0.0 ms]
   [Clear CT: 0.1 ms]
   [Other: 0.8 ms]
      [Choose CSet: 0.0 ms]
      [Ref Proc: 0.6 ms]
      [Ref Enq: 0.0 ms]
      [Redirty Cards: 0.1 ms]
      [Humongous Register: 0.0 ms]
      [Humongous Reclaim: 0.0 ms]
      [Free CSet: 0.0 ms]
   [Eden: 49.0M(49.0M)->0.0B(49.0M) Survivors: 1024.0K->1024.0K Heap: 88.2M(100.0M)->39.1M(100.0M)]
 [Times: user=0.01 sys=0.00, real=0.01 secs] 
40.721: [GC pause (G1 Evacuation Pause) (young), 0.0030827 secs]
   [Parallel Time: 2.6 ms, GC Workers: 4]
      [GC Worker Start (ms): Min: 40721.5, Avg: 40722.1, Max: 40723.9, Diff: 2.4]
      [Ext Root Scanning (ms): Min: 0.0, Avg: 0.6, Max: 0.9, Diff: 0.9, Sum: 2.5]
      [Update RS (ms): Min: 0.0, Avg: 0.6, Max: 0.9, Diff: 0.9, Sum: 2.6]
         [Processed Buffers: Min: 0, Avg: 28.8, Max: 44, Diff: 44, Sum: 115]
      [Scan RS (ms): Min: 0.0, Avg: 0.0, Max: 0.0, Diff: 0.0, Sum: 0.0]
      [Code Root Scanning (ms): Min: 0.0, Avg: 0.0, Max: 0.0, Diff: 0.0, Sum: 0.0]
      [Object Copy (ms): Min: 0.0, Avg: 0.2, Max: 0.3, Diff: 0.3, Sum: 0.9]
      [Termination (ms): Min: 0.0, Avg: 0.4, Max: 0.6, Diff: 0.6, Sum: 1.7]
         [Termination Attempts: Min: 1, Avg: 1.0, Max: 1, Diff: 0, Sum: 4]
      [GC Worker Other (ms): Min: 0.0, Avg: 0.0, Max: 0.0, Diff: 0.0, Sum: 0.0]
      [GC Worker Total (ms): Min: 0.0, Avg: 1.9, Max: 2.6, Diff: 2.6, Sum: 7.8]
      [GC Worker End (ms): Min: 40723.9, Avg: 40724.0, Max: 40724.1, Diff: 0.2]
   [Code Root Fixup: 0.1 ms]
   [Code Root Purge: 0.0 ms]
   [Clear CT: 0.0 ms]
   [Other: 0.3 ms]
      [Choose CSet: 0.0 ms]
      [Ref Proc: 0.1 ms]
      [Ref Enq: 0.0 ms]
      [Redirty Cards: 0.0 ms]
      [Humongous Register: 0.0 ms]
      [Humongous Reclaim: 0.0 ms]
      [Free CSet: 0.0 ms]
   [Eden: 49.0M(49.0M)->0.0B(49.0M) Survivors: 1024.0K->1024.0K Heap: 88.1M(100.0M)->39.1M(100.0M)]
 [Times: user=0.01 sys=0.00, real=0.01 secs] 
40.809: [GC pause (G1 Evacuation Pause) (young), 0.0027949 secs]
   [Parallel Time: 1.9 ms, GC Workers: 4]
      [GC Worker Start (ms): Min: 40809.0, Avg: 40809.7, Max: 40810.0, Diff: 0.9]
      [Ext Root Scanning (ms): Min: 0.4, Avg: 0.6, Max: 1.3, Diff: 0.9, Sum: 2.5]
      [Update RS (ms): Min: 0.4, Avg: 0.4, Max: 0.4, Diff: 0.0, Sum: 1.5]
         [Processed Buffers: Min: 9, Avg: 25.8, Max: 40, Diff: 31, Sum: 103]
      [Scan RS (ms): Min: 0.0, Avg: 0.0, Max: 0.0, Diff: 0.0, Sum: 0.0]
      [Code Root Scanning (ms): Min: 0.0, Avg: 0.0, Max: 0.0, Diff: 0.0, Sum: 0.0]
      [Object Copy (ms): Min: 0.2, Avg: 0.2, Max: 0.2, Diff: 0.0, Sum: 0.8]
      [Termination (ms): Min: 0.0, Avg: 0.0, Max: 0.0, Diff: 0.0, Sum: 0.0]
         [Termination Attempts: Min: 1, Avg: 1.0, Max: 1, Diff: 0, Sum: 4]
      [GC Worker Other (ms): Min: 0.0, Avg: 0.0, Max: 0.0, Diff: 0.0, Sum: 0.1]
      [GC Worker Total (ms): Min: 1.0, Avg: 1.2, Max: 1.9, Diff: 0.9, Sum: 4.9]
      [GC Worker End (ms): Min: 40810.9, Avg: 40810.9, Max: 40811.0, Diff: 0.0]
   [Code Root Fixup: 0.1 ms]
   [Code Root Purge: 0.0 ms]
   [Clear CT: 0.0 ms]
   [Other: 0.7 ms]
      [Choose CSet: 0.0 ms]
      [Ref Proc: 0.6 ms]
      [Ref Enq: 0.0 ms]
      [Redirty Cards: 0.0 ms]
      [Humongous Register: 0.0 ms]
      [Humongous Reclaim: 0.0 ms]
      [Free CSet: 0.0 ms]
   [Eden: 49.0M(49.0M)->0.0B(49.0M) Survivors: 1024.0K->1024.0K Heap: 88.1M(100.0M)->39.2M(100.0M)]
 [Times: user=0.01 sys=0.00, real=0.00 secs] 
40.903: [GC pause (G1 Evacuation Pause) (young), 0.0050922 secs]
   [Parallel Time: 4.0 ms, GC Workers: 4]
      [GC Worker Start (ms): Min: 40902.6, Avg: 40905.0, Max: 40906.5, Diff: 3.9]
      [Ext Root Scanning (ms): Min: 0.0, Avg: 0.6, Max: 2.0, Diff: 2.0, Sum: 2.4]
      [Update RS (ms): Min: 0.0, Avg: 0.4, Max: 0.7, Diff: 0.7, Sum: 1.5]
         [Processed Buffers: Min: 0, Avg: 27.0, Max: 59, Diff: 59, Sum: 108]
      [Scan RS (ms): Min: 0.0, Avg: 0.0, Max: 0.0, Diff: 0.0, Sum: 0.0]
      [Code Root Scanning (ms): Min: 0.0, Avg: 0.0, Max: 0.0, Diff: 0.0, Sum: 0.0]
      [Object Copy (ms): Min: 0.0, Avg: 0.2, Max: 0.4, Diff: 0.4, Sum: 0.8]
      [Termination (ms): Min: 0.0, Avg: 0.4, Max: 0.8, Diff: 0.8, Sum: 1.8]
         [Termination Attempts: Min: 1, Avg: 1.0, Max: 1, Diff: 0, Sum: 4]
      [GC Worker Other (ms): Min: 0.0, Avg: 0.0, Max: 0.0, Diff: 0.0, Sum: 0.0]
      [GC Worker Total (ms): Min: 0.0, Avg: 1.6, Max: 3.9, Diff: 3.9, Sum: 6.5]
      [GC Worker End (ms): Min: 40906.5, Avg: 40906.6, Max: 40906.6, Diff: 0.1]
   [Code Root Fixup: 0.1 ms]
   [Code Root Purge: 0.0 ms]
   [Clear CT: 0.0 ms]
   [Other: 0.9 ms]
      [Choose CSet: 0.0 ms]
      [Ref Proc: 0.7 ms]
      [Ref Enq: 0.0 ms]
      [Redirty Cards: 0.0 ms]
      [Humongous Register: 0.0 ms]
      [Humongous Reclaim: 0.0 ms]
      [Free CSet: 0.0 ms]
   [Eden: 49.0M(49.0M)->0.0B(49.0M) Survivors: 1024.0K->1024.0K Heap: 88.2M(100.0M)->39.1M(100.0M)]
 [Times: user=0.02 sys=0.00, real=0.01 secs] 
41.003: [GC pause (G1 Evacuation Pause) (young), 0.0016192 secs]
   [Parallel Time: 1.2 ms, GC Workers: 4]
      [GC Worker Start (ms): Min: 41003.1, Avg: 41003.1, Max: 41003.1, Diff: 0.0]
      [Ext Root Scanning (ms): Min: 0.6, Avg: 0.6, Max: 0.7, Diff: 0.1, Sum: 2.4]
      [Update RS (ms): Min: 0.3, Avg: 0.4, Max: 0.4, Diff: 0.0, Sum: 1.5]
         [Processed Buffers: Min: 6, Avg: 26.5, Max: 48, Diff: 42, Sum: 106]
      [Scan RS (ms): Min: 0.0, Avg: 0.0, Max: 0.0, Diff: 0.0, Sum: 0.0]
      [Code Root Scanning (ms): Min: 0.0, Avg: 0.0, Max: 0.0, Diff: 0.0, Sum: 0.0]
      [Object Copy (ms): Min: 0.1, Avg: 0.2, Max: 0.2, Diff: 0.1, Sum: 0.8]
      [Termination (ms): Min: 0.0, Avg: 0.0, Max: 0.0, Diff: 0.0, Sum: 0.0]
         [Termination Attempts: Min: 1, Avg: 1.0, Max: 1, Diff: 0, Sum: 4]
      [GC Worker Other (ms): Min: 0.0, Avg: 0.0, Max: 0.0, Diff: 0.0, Sum: 0.0]
      [GC Worker Total (ms): Min: 1.2, Avg: 1.2, Max: 1.2, Diff: 0.0, Sum: 4.7]
      [GC Worker End (ms): Min: 41004.3, Avg: 41004.3, Max: 41004.3, Diff: 0.0]
   [Code Root Fixup: 0.1 ms]
   [Code Root Purge: 0.0 ms]
   [Clear CT: 0.0 ms]
   [Other: 0.3 ms]
      [Choose CSet: 0.0 ms]
      [Ref Proc: 0.2 ms]
      [Ref Enq: 0.0 ms]
      [Redirty Cards: 0.0 ms]
      [Humongous Register: 0.0 ms]
      [Humongous Reclaim: 0.0 ms]
      [Free CSet: 0.0 ms]
   [Eden: 49.0M(49.0M)->0.0B(49.0M) Survivors: 1024.0K->1024.0K Heap: 88.1M(100.0M)->39.2M(100.0M)]
 [Times: user=0.00 sys=0.00, real=0.01 secs] 
41.092: [GC pause (G1 Evacuation Pause) (young), 0.0029406 secs]
   [Parallel Time: 2.5 ms, GC Workers: 4]
      [GC Worker Start (ms): Min: 41091.7, Avg: 41092.3, Max: 41093.9, Diff: 2.2]
      [Ext Root Scanning (ms): Min: 0.0, Avg: 0.7, Max: 1.0, Diff: 1.0, Sum: 2.6]
      [Update RS (ms): Min: 0.0, Avg: 0.6, Max: 0.7, Diff: 0.7, Sum: 2.2]
         [Processed Buffers: Min: 0, Avg: 28.8, Max: 43, Diff: 43, Sum: 115]
      [Scan RS (ms): Min: 0.0, Avg: 0.0, Max: 0.0, Diff: 0.0, Sum: 0.0]
      [Code Root Scanning (ms): Min: 0.0, Avg: 0.0, Max: 0.0, Diff: 0.0, Sum: 0.0]
      [Object Copy (ms): Min: 0.0, Avg: 0.2, Max: 0.4, Diff: 0.4, Sum: 0.9]
      [Termination (ms): Min: 0.0, Avg: 0.3, Max: 0.4, Diff: 0.4, Sum: 1.1]
         [Termination Attempts: Min: 1, Avg: 1.0, Max: 1, Diff: 0, Sum: 4]
      [GC Worker Other (ms): Min: 0.0, Avg: 0.0, Max: 0.0, Diff: 0.0, Sum: 0.0]
      [GC Worker Total (ms): Min: 0.0, Avg: 1.7, Max: 2.4, Diff: 2.4, Sum: 6.9]
      [GC Worker End (ms): Min: 41093.9, Avg: 41094.0, Max: 41094.1, Diff: 0.2]
   [Code Root Fixup: 0.1 ms]
   [Code Root Purge: 0.0 ms]
   [Clear CT: 0.0 ms]
   [Other: 0.3 ms]
      [Choose CSet: 0.0 ms]
      [Ref Proc: 0.1 ms]
      [Ref Enq: 0.0 ms]
      [Redirty Cards: 0.1 ms]
      [Humongous Register: 0.0 ms]
      [Humongous Reclaim: 0.0 ms]
      [Free CSet: 0.0 ms]
   [Eden: 49.0M(49.0M)->0.0B(49.0M) Survivors: 1024.0K->1024.0K Heap: 88.2M(100.0M)->39.1M(100.0M)]
 [Times: user=0.01 sys=0.01, real=0.01 secs] 
41.186: [GC pause (G1 Evacuation Pause) (young), 0.0033888 secs]
   [Parallel Time: 2.4 ms, GC Workers: 4]
      [GC Worker Start (ms): Min: 41185.9, Avg: 41187.0, Max: 41187.6, Diff: 1.7]
      [Ext Root Scanning (ms): Min: 0.1, Avg: 0.5, Max: 1.7, Diff: 1.6, Sum: 2.2]
      [Update RS (ms): Min: 0.4, Avg: 0.4, Max: 0.4, Diff: 0.0, Sum: 1.5]
         [Processed Buffers: Min: 13, Avg: 25.0, Max: 49, Diff: 36, Sum: 100]
      [Scan RS (ms): Min: 0.0, Avg: 0.0, Max: 0.0, Diff: 0.0, Sum: 0.0]
      [Code Root Scanning (ms): Min: 0.0, Avg: 0.0, Max: 0.0, Diff: 0.0, Sum: 0.0]
      [Object Copy (ms): Min: 0.2, Avg: 0.2, Max: 0.3, Diff: 0.1, Sum: 0.9]
      [Termination (ms): Min: 0.0, Avg: 0.0, Max: 0.0, Diff: 0.0, Sum: 0.0]
         [Termination Attempts: Min: 1, Avg: 1.2, Max: 2, Diff: 1, Sum: 5]
      [GC Worker Other (ms): Min: 0.0, Avg: 0.0, Max: 0.0, Diff: 0.0, Sum: 0.0]
      [GC Worker Total (ms): Min: 0.6, Avg: 1.2, Max: 2.3, Diff: 1.7, Sum: 4.6]
      [GC Worker End (ms): Min: 41188.2, Avg: 41188.2, Max: 41188.2, Diff: 0.0]
   [Code Root Fixup: 0.1 ms]
   [Code Root Purge: 0.0 ms]
   [Clear CT: 0.0 ms]
   [Other: 0.9 ms]
      [Choose CSet: 0.0 ms]
      [Ref Proc: 0.7 ms]
      [Ref Enq: 0.0 ms]
      [Redirty Cards: 0.1 ms]
      [Humongous Register: 0.0 ms]
      [Humongous Reclaim: 0.0 ms]
      [Free CSet: 0.0 ms]
   [Eden: 49.0M(49.0M)->0.0B(49.0M) Survivors: 1024.0K->1024.0K Heap: 88.1M(100.0M)->39.2M(100.0M)]
 [Times: user=0.01 sys=0.00, real=0.00 secs] 
41.268: [GC pause (G1 Evacuation Pause) (young), 0.0016482 secs]
   [Parallel Time: 1.3 ms, GC Workers: 4]
      [GC Worker Start (ms): Min: 41268.0, Avg: 41268.0, Max: 41268.0, Diff: 0.0]
      [Ext Root Scanning (ms): Min: 0.6, Avg: 0.6, Max: 0.7, Diff: 0.1, Sum: 2.6]
      [Update RS (ms): Min: 0.4, Avg: 0.4, Max: 0.4, Diff: 0.0, Sum: 1.5]
         [Processed Buffers: Min: 17, Avg: 27.8, Max: 44, Diff: 27, Sum: 111]
      [Scan RS (ms): Min: 0.0, Avg: 0.0, Max: 0.0, Diff: 0.0, Sum: 0.0]
      [Code Root Scanning (ms): Min: 0.0, Avg: 0.0, Max: 0.0, Diff: 0.0, Sum: 0.0]
      [Object Copy (ms): Min: 0.1, Avg: 0.2, Max: 0.2, Diff: 0.1, Sum: 0.8]
      [Termination (ms): Min: 0.0, Avg: 0.0, Max: 0.0, Diff: 0.0, Sum: 0.0]
         [Termination Attempts: Min: 1, Avg: 1.0, Max: 1, Diff: 0, Sum: 4]
      [GC Worker Other (ms): Min: 0.0, Avg: 0.0, Max: 0.0, Diff: 0.0, Sum: 0.0]
      [GC Worker Total (ms): Min: 1.2, Avg: 1.2, Max: 1.3, Diff: 0.0, Sum: 4.9]
      [GC Worker End (ms): Min: 41269.2, Avg: 41269.2, Max: 41269.2, Diff: 0.0]
   [Code Root Fixup: 0.1 ms]
   [Code Root Purge: 0.0 ms]
   [Clear CT: 0.0 ms]
   [Other: 0.3 ms]
      [Choose CSet: 0.0 ms]
      [Ref Proc: 0.1 ms]
      [Ref Enq: 0.0 ms]
      [Redirty Cards: 0.0 ms]
      [Humongous Register: 0.0 ms]
      [Humongous Reclaim: 0.0 ms]
      [Free CSet: 0.0 ms]
   [Eden: 49.0M(49.0M)->0.0B(49.0M) Survivors: 1024.0K->1024.0K Heap: 88.2M(100.0M)->39.2M(100.0M)]
 [Times: user=0.01 sys=0.00, real=0.00 secs] 
41.350: [GC pause (G1 Evacuation Pause) (young), 0.0039215 secs]
   [Parallel Time: 2.4 ms, GC Workers: 4]
      [GC Worker Start (ms): Min: 41350.0, Avg: 41350.5, Max: 41352.1, Diff: 2.1]
      [Ext Root Scanning (ms): Min: 0.0, Avg: 0.6, Max: 0.8, Diff: 0.8, Sum: 2.4]
      [Update RS (ms): Min: 0.0, Avg: 0.4, Max: 0.5, Diff: 0.5, Sum: 1.5]
         [Processed Buffers: Min: 0, Avg: 29.0, Max: 48, Diff: 48, Sum: 116]
      [Scan RS (ms): Min: 0.0, Avg: 0.0, Max: 0.0, Diff: 0.0, Sum: 0.0]
      [Code Root Scanning (ms): Min: 0.0, Avg: 0.0, Max: 0.0, Diff: 0.0, Sum: 0.0]
      [Object Copy (ms): Min: 0.0, Avg: 0.2, Max: 0.3, Diff: 0.3, Sum: 0.8]
      [Termination (ms): Min: 0.0, Avg: 0.5, Max: 0.8, Diff: 0.8, Sum: 2.1]
         [Termination Attempts: Min: 1, Avg: 1.0, Max: 1, Diff: 0, Sum: 4]
      [GC Worker Other (ms): Min: 0.0, Avg: 0.0, Max: 0.0, Diff: 0.0, Sum: 0.0]
      [GC Worker Total (ms): Min: 0.0, Avg: 1.7, Max: 2.3, Diff: 2.3, Sum: 6.9]
      [GC Worker End (ms): Min: 41352.1, Avg: 41352.2, Max: 41352.3, Diff: 0.2]
   [Code Root Fixup: 0.1 ms]
   [Code Root Purge: 0.0 ms]
   [Clear CT: 0.0 ms]
   [Other: 1.4 ms]
      [Choose CSet: 0.0 ms]
      [Ref Proc: 1.2 ms]
      [Ref Enq: 0.0 ms]
      [Redirty Cards: 0.0 ms]
      [Humongous Register: 0.0 ms]
      [Humongous Reclaim: 0.0 ms]
      [Free CSet: 0.0 ms]
   [Eden: 49.0M(49.0M)->0.0B(49.0M) Survivors: 1024.0K->1024.0K Heap: 88.2M(100.0M)->39.2M(100.0M)]
 [Times: user=0.01 sys=0.00, real=0.01 secs] 
41.440: [GC pause (G1 Evacuation Pause) (young), 0.0016399 secs]
   [Parallel Time: 1.3 ms, GC Workers: 4]
      [GC Worker Start (ms): Min: 41440.1, Avg: 41440.2, Max: 41440.4, Diff: 0.4]
      [Ext Root Scanning (ms): Min: 0.3, Avg: 0.6, Max: 0.7, Diff: 0.4, Sum: 2.5]
      [Update RS (ms): Min: 0.3, Avg: 0.3, Max: 0.4, Diff: 0.0, Sum: 1.4]
         [Processed Buffers: Min: 13, Avg: 26.2, Max: 43, Diff: 30, Sum: 105]
      [Scan RS (ms): Min: 0.0, Avg: 0.0, Max: 0.0, Diff: 0.0, Sum: 0.0]
      [Code Root Scanning (ms): Min: 0.0, Avg: 0.0, Max: 0.0, Diff: 0.0, Sum: 0.0]
      [Object Copy (ms): Min: 0.2, Avg: 0.2, Max: 0.2, Diff: 0.1, Sum: 0.8]
      [Termination (ms): Min: 0.0, Avg: 0.0, Max: 0.0, Diff: 0.0, Sum: 0.0]
         [Termination Attempts: Min: 1, Avg: 1.0, Max: 1, Diff: 0, Sum: 4]
      [GC Worker Other (ms): Min: 0.0, Avg: 0.0, Max: 0.0, Diff: 0.0, Sum: 0.0]
      [GC Worker Total (ms): Min: 0.9, Avg: 1.2, Max: 1.3, Diff: 0.4, Sum: 4.7]
      [GC Worker End (ms): Min: 41441.3, Avg: 41441.3, Max: 41441.3, Diff: 0.0]
   [Code Root Fixup: 0.1 ms]
   [Code Root Purge: 0.0 ms]
   [Clear CT: 0.0 ms]
   [Other: 0.2 ms]
      [Choose CSet: 0.0 ms]
      [Ref Proc: 0.1 ms]
      [Ref Enq: 0.0 ms]
      [Redirty Cards: 0.0 ms]
      [Humongous Register: 0.0 ms]
      [Humongous Reclaim: 0.0 ms]
      [Free CSet: 0.0 ms]
   [Eden: 49.0M(49.0M)->0.0B(49.0M) Survivors: 1024.0K->1024.0K Heap: 88.2M(100.0M)->39.2M(100.0M)]
 [Times: user=0.00 sys=0.00, real=0.00 secs] 
41.531: [GC pause (G1 Evacuation Pause) (young), 0.0016659 secs]
   [Parallel Time: 1.2 ms, GC Workers: 4]
      [GC Worker Start (ms): Min: 41531.4, Avg: 41531.4, Max: 41531.4, Diff: 0.1]
      [Ext Root Scanning (ms): Min: 0.6, Avg: 0.6, Max: 0.7, Diff: 0.1, Sum: 2.4]
      [Update RS (ms): Min: 0.3, Avg: 0.4, Max: 0.4, Diff: 0.0, Sum: 1.4]
         [Processed Buffers: Min: 11, Avg: 27.5, Max: 54, Diff: 43, Sum: 110]
      [Scan RS (ms): Min: 0.0, Avg: 0.0, Max: 0.0, Diff: 0.0, Sum: 0.0]
      [Code Root Scanning (ms): Min: 0.0, Avg: 0.0, Max: 0.0, Diff: 0.0, Sum: 0.0]
      [Object Copy (ms): Min: 0.2, Avg: 0.2, Max: 0.2, Diff: 0.1, Sum: 0.8]
      [Termination (ms): Min: 0.0, Avg: 0.0, Max: 0.0, Diff: 0.0, Sum: 0.0]
         [Termination Attempts: Min: 1, Avg: 1.0, Max: 1, Diff: 0, Sum: 4]
      [GC Worker Other (ms): Min: 0.0, Avg: 0.0, Max: 0.0, Diff: 0.0, Sum: 0.0]
      [GC Worker Total (ms): Min: 1.2, Avg: 1.2, Max: 1.2, Diff: 0.0, Sum: 4.8]
      [GC Worker End (ms): Min: 41532.6, Avg: 41532.6, Max: 41532.6, Diff: 0.0]
   [Code Root Fixup: 0.1 ms]
   [Code Root Purge: 0.0 ms]
   [Clear CT: 0.1 ms]
   [Other: 0.3 ms]
      [Choose CSet: 0.0 ms]
      [Ref Proc: 0.1 ms]
      [Ref Enq: 0.0 ms]
      [Redirty Cards: 0.0 ms]
      [Humongous Register: 0.0 ms]
      [Humongous Reclaim: 0.0 ms]
      [Free CSet: 0.0 ms]
   [Eden: 49.0M(49.0M)->0.0B(49.0M) Survivors: 1024.0K->1024.0K Heap: 88.2M(100.0M)->39.2M(100.0M)]
 [Times: user=0.01 sys=0.00, real=0.00 secs] 
41.611: [GC pause (G1 Evacuation Pause) (young), 0.0015933 secs]
   [Parallel Time: 1.2 ms, GC Workers: 4]
      [GC Worker Start (ms): Min: 41610.8, Avg: 41610.8, Max: 41610.8, Diff: 0.0]
      [Ext Root Scanning (ms): Min: 0.5, Avg: 0.6, Max: 0.7, Diff: 0.2, Sum: 2.4]
      [Update RS (ms): Min: 0.3, Avg: 0.4, Max: 0.4, Diff: 0.1, Sum: 1.4]
         [Processed Buffers: Min: 11, Avg: 29.0, Max: 43, Diff: 32, Sum: 116]
      [Scan RS (ms): Min: 0.0, Avg: 0.0, Max: 0.0, Diff: 0.0, Sum: 0.0]
      [Code Root Scanning (ms): Min: 0.0, Avg: 0.0, Max: 0.0, Diff: 0.0, Sum: 0.0]
      [Object Copy (ms): Min: 0.1, Avg: 0.2, Max: 0.2, Diff: 0.1, Sum: 0.7]
      [Termination (ms): Min: 0.0, Avg: 0.0, Max: 0.0, Diff: 0.0, Sum: 0.0]
         [Termination Attempts: Min: 1, Avg: 1.0, Max: 1, Diff: 0, Sum: 4]
      [GC Worker Other (ms): Min: 0.0, Avg: 0.0, Max: 0.0, Diff: 0.0, Sum: 0.0]
      [GC Worker Total (ms): Min: 1.1, Avg: 1.2, Max: 1.2, Diff: 0.0, Sum: 4.6]
      [GC Worker End (ms): Min: 41611.9, Avg: 41611.9, Max: 41611.9, Diff: 0.0]
   [Code Root Fixup: 0.1 ms]
   [Code Root Purge: 0.0 ms]
   [Clear CT: 0.0 ms]
   [Other: 0.3 ms]
      [Choose CSet: 0.0 ms]
      [Ref Proc: 0.1 ms]
      [Ref Enq: 0.0 ms]
      [Redirty Cards: 0.0 ms]
      [Humongous Register: 0.0 ms]
      [Humongous Reclaim: 0.0 ms]
      [Free CSet: 0.0 ms]
   [Eden: 49.0M(49.0M)->0.0B(49.0M) Survivors: 1024.0K->1024.0K Heap: 88.2M(100.0M)->39.1M(100.0M)]
 [Times: user=0.00 sys=0.00, real=0.00 secs] 
41.694: [GC pause (G1 Evacuation Pause) (young), 0.0015986 secs]
   [Parallel Time: 1.2 ms, GC Workers: 4]
      [GC Worker Start (ms): Min: 41694.3, Avg: 41694.3, Max: 41694.4, Diff: 0.0]
      [Ext Root Scanning (ms): Min: 0.5, Avg: 0.6, Max: 0.7, Diff: 0.2, Sum: 2.4]
      [Update RS (ms): Min: 0.3, Avg: 0.4, Max: 0.4, Diff: 0.0, Sum: 1.4]
         [Processed Buffers: Min: 16, Avg: 27.2, Max: 37, Diff: 21, Sum: 109]
      [Scan RS (ms): Min: 0.0, Avg: 0.0, Max: 0.0, Diff: 0.0, Sum: 0.0]
      [Code Root Scanning (ms): Min: 0.0, Avg: 0.0, Max: 0.0, Diff: 0.0, Sum: 0.0]
      [Object Copy (ms): Min: 0.1, Avg: 0.2, Max: 0.2, Diff: 0.1, Sum: 0.8]
      [Termination (ms): Min: 0.0, Avg: 0.0, Max: 0.0, Diff: 0.0, Sum: 0.0]
         [Termination Attempts: Min: 1, Avg: 1.2, Max: 2, Diff: 1, Sum: 5]
      [GC Worker Other (ms): Min: 0.0, Avg: 0.0, Max: 0.0, Diff: 0.0, Sum: 0.1]
      [GC Worker Total (ms): Min: 1.2, Avg: 1.2, Max: 1.2, Diff: 0.0, Sum: 4.7]
      [GC Worker End (ms): Min: 41695.5, Avg: 41695.5, Max: 41695.5, Diff: 0.0]
   [Code Root Fixup: 0.1 ms]
   [Code Root Purge: 0.0 ms]
   [Clear CT: 0.0 ms]
   [Other: 0.2 ms]
      [Choose CSet: 0.0 ms]
      [Ref Proc: 0.1 ms]
      [Ref Enq: 0.0 ms]
      [Redirty Cards: 0.0 ms]
      [Humongous Register: 0.0 ms]
      [Humongous Reclaim: 0.0 ms]
      [Free CSet: 0.0 ms]
   [Eden: 49.0M(49.0M)->0.0B(49.0M) Survivors: 1024.0K->1024.0K Heap: 88.1M(100.0M)->39.2M(100.0M)]
 [Times: user=0.01 sys=0.00, real=0.00 secs] 
41.780: [GC pause (G1 Evacuation Pause) (young), 0.0039287 secs]
   [Parallel Time: 3.0 ms, GC Workers: 4]
      [GC Worker Start (ms): Min: 41780.0, Avg: 41781.5, Max: 41783.0, Diff: 2.9]
      [Ext Root Scanning (ms): Min: 0.0, Avg: 0.6, Max: 1.2, Diff: 1.2, Sum: 2.4]
      [Update RS (ms): Min: 0.0, Avg: 0.4, Max: 0.8, Diff: 0.8, Sum: 1.5]
         [Processed Buffers: Min: 0, Avg: 26.0, Max: 63, Diff: 63, Sum: 104]
      [Scan RS (ms): Min: 0.0, Avg: 0.0, Max: 0.0, Diff: 0.0, Sum: 0.0]
      [Code Root Scanning (ms): Min: 0.0, Avg: 0.0, Max: 0.0, Diff: 0.0, Sum: 0.0]
      [Object Copy (ms): Min: 0.0, Avg: 0.2, Max: 0.4, Diff: 0.4, Sum: 0.8]
      [Termination (ms): Min: 0.0, Avg: 0.3, Max: 0.6, Diff: 0.6, Sum: 1.3]
         [Termination Attempts: Min: 1, Avg: 1.0, Max: 1, Diff: 0, Sum: 4]
      [GC Worker Other (ms): Min: 0.0, Avg: 0.0, Max: 0.0, Diff: 0.0, Sum: 0.0]
      [GC Worker Total (ms): Min: 0.0, Avg: 1.5, Max: 3.0, Diff: 3.0, Sum: 6.0]
      [GC Worker End (ms): Min: 41783.0, Avg: 41783.0, Max: 41783.0, Diff: 0.0]
   [Code Root Fixup: 0.1 ms]
   [Code Root Purge: 0.0 ms]
   [Clear CT: 0.0 ms]
   [Other: 0.8 ms]
      [Choose CSet: 0.0 ms]
      [Ref Proc: 0.7 ms]
      [Ref Enq: 0.0 ms]
      [Redirty Cards: 0.0 ms]
      [Humongous Register: 0.0 ms]
      [Humongous Reclaim: 0.0 ms]
      [Free CSet: 0.0 ms]
   [Eden: 49.0M(49.0M)->0.0B(49.0M) Survivors: 1024.0K->1024.0K Heap: 88.2M(100.0M)->39.1M(100.0M)]
 [Times: user=0.01 sys=0.00, real=0.01 secs] 
41.868: [GC pause (G1 Evacuation Pause) (young), 0.0035587 secs]
   [Parallel Time: 2.6 ms, GC Workers: 4]
      [GC Worker Start (ms): Min: 41868.3, Avg: 41869.0, Max: 41870.3, Diff: 2.0]
      [Ext Root Scanning (ms): Min: 0.0, Avg: 0.6, Max: 1.1, Diff: 1.1, Sum: 2.4]
      [Update RS (ms): Min: 0.0, Avg: 0.3, Max: 0.5, Diff: 0.5, Sum: 1.4]
         [Processed Buffers: Min: 0, Avg: 26.8, Max: 72, Diff: 72, Sum: 107]
      [Scan RS (ms): Min: 0.0, Avg: 0.0, Max: 0.0, Diff: 0.0, Sum: 0.0]
      [Code Root Scanning (ms): Min: 0.0, Avg: 0.0, Max: 0.0, Diff: 0.0, Sum: 0.0]
      [Object Copy (ms): Min: 0.0, Avg: 0.4, Max: 0.9, Diff: 0.9, Sum: 1.5]
      [Termination (ms): Min: 0.0, Avg: 0.5, Max: 0.7, Diff: 0.7, Sum: 1.8]
         [Termination Attempts: Min: 1, Avg: 1.0, Max: 1, Diff: 0, Sum: 4]
      [GC Worker Other (ms): Min: 0.0, Avg: 0.0, Max: 0.0, Diff: 0.0, Sum: 0.0]
      [GC Worker Total (ms): Min: 0.5, Avg: 1.8, Max: 2.4, Diff: 1.9, Sum: 7.2]
      [GC Worker End (ms): Min: 41870.8, Avg: 41870.8, Max: 41870.9, Diff: 0.2]
   [Code Root Fixup: 0.1 ms]
   [Code Root Purge: 0.0 ms]
   [Clear CT: 0.0 ms]
   [Other: 0.8 ms]
      [Choose CSet: 0.0 ms]
      [Ref Proc: 0.6 ms]
      [Ref Enq: 0.0 ms]
      [Redirty Cards: 0.0 ms]
      [Humongous Register: 0.0 ms]
      [Humongous Reclaim: 0.0 ms]
      [Free CSet: 0.0 ms]
   [Eden: 49.0M(49.0M)->0.0B(49.0M) Survivors: 1024.0K->1024.0K Heap: 88.1M(100.0M)->39.1M(100.0M)]
 [Times: user=0.01 sys=0.00, real=0.00 secs] 
41.960: [GC pause (G1 Evacuation Pause) (young), 0.0015522 secs]
   [Parallel Time: 1.2 ms, GC Workers: 4]
      [GC Worker Start (ms): Min: 41960.1, Avg: 41960.1, Max: 41960.1, Diff: 0.0]
      [Ext Root Scanning (ms): Min: 0.5, Avg: 0.6, Max: 0.7, Diff: 0.2, Sum: 2.4]
      [Update RS (ms): Min: 0.3, Avg: 0.4, Max: 0.4, Diff: 0.1, Sum: 1.4]
         [Processed Buffers: Min: 8, Avg: 25.8, Max: 47, Diff: 39, Sum: 103]
      [Scan RS (ms): Min: 0.0, Avg: 0.0, Max: 0.0, Diff: 0.0, Sum: 0.0]
      [Code Root Scanning (ms): Min: 0.0, Avg: 0.0, Max: 0.0, Diff: 0.0, Sum: 0.0]
      [Object Copy (ms): Min: 0.2, Avg: 0.2, Max: 0.2, Diff: 0.1, Sum: 0.8]
      [Termination (ms): Min: 0.0, Avg: 0.0, Max: 0.0, Diff: 0.0, Sum: 0.0]
         [Termination Attempts: Min: 1, Avg: 1.0, Max: 1, Diff: 0, Sum: 4]
      [GC Worker Other (ms): Min: 0.0, Avg: 0.0, Max: 0.0, Diff: 0.0, Sum: 0.0]
      [GC Worker Total (ms): Min: 1.2, Avg: 1.2, Max: 1.2, Diff: 0.0, Sum: 4.7]
      [GC Worker End (ms): Min: 41961.3, Avg: 41961.3, Max: 41961.3, Diff: 0.0]
   [Code Root Fixup: 0.1 ms]
   [Code Root Purge: 0.0 ms]
   [Clear CT: 0.0 ms]
   [Other: 0.2 ms]
      [Choose CSet: 0.0 ms]
      [Ref Proc: 0.1 ms]
      [Ref Enq: 0.0 ms]
      [Redirty Cards: 0.0 ms]
      [Humongous Register: 0.0 ms]
      [Humongous Reclaim: 0.0 ms]
      [Free CSet: 0.0 ms]
   [Eden: 49.0M(49.0M)->0.0B(49.0M) Survivors: 1024.0K->1024.0K Heap: 88.1M(100.0M)->39.2M(100.0M)]
 [Times: user=0.01 sys=0.00, real=0.00 secs] 
42.049: [GC pause (G1 Evacuation Pause) (young), 0.0020931 secs]
   [Parallel Time: 1.4 ms, GC Workers: 4]
      [GC Worker Start (ms): Min: 42049.2, Avg: 42049.3, Max: 42049.3, Diff: 0.0]
      [Ext Root Scanning (ms): Min: 0.6, Avg: 0.7, Max: 0.8, Diff: 0.1, Sum: 2.8]
      [Update RS (ms): Min: 0.4, Avg: 0.4, Max: 0.4, Diff: 0.0, Sum: 1.5]
         [Processed Buffers: Min: 9, Avg: 27.0, Max: 46, Diff: 37, Sum: 108]
      [Scan RS (ms): Min: 0.0, Avg: 0.0, Max: 0.0, Diff: 0.0, Sum: 0.0]
      [Code Root Scanning (ms): Min: 0.0, Avg: 0.0, Max: 0.0, Diff: 0.0, Sum: 0.0]
      [Object Copy (ms): Min: 0.1, Avg: 0.2, Max: 0.3, Diff: 0.1, Sum: 0.8]
      [Termination (ms): Min: 0.0, Avg: 0.0, Max: 0.0, Diff: 0.0, Sum: 0.0]
         [Termination Attempts: Min: 1, Avg: 1.0, Max: 1, Diff: 0, Sum: 4]
      [GC Worker Other (ms): Min: 0.0, Avg: 0.0, Max: 0.0, Diff: 0.0, Sum: 0.1]
      [GC Worker Total (ms): Min: 1.3, Avg: 1.3, Max: 1.3, Diff: 0.0, Sum: 5.2]
      [GC Worker End (ms): Min: 42050.5, Avg: 42050.5, Max: 42050.6, Diff: 0.0]
   [Code Root Fixup: 0.1 ms]
   [Code Root Purge: 0.0 ms]
   [Clear CT: 0.0 ms]
   [Other: 0.6 ms]
      [Choose CSet: 0.0 ms]
      [Ref Proc: 0.4 ms]
      [Ref Enq: 0.0 ms]
      [Redirty Cards: 0.0 ms]
      [Humongous Register: 0.0 ms]
      [Humongous Reclaim: 0.0 ms]
      [Free CSet: 0.0 ms]
   [Eden: 49.0M(49.0M)->0.0B(49.0M) Survivors: 1024.0K->1024.0K Heap: 88.2M(100.0M)->39.1M(100.0M)]
 [Times: user=0.01 sys=0.00, real=0.00 secs] 
42.131: [GC pause (G1 Evacuation Pause) (young), 0.0017002 secs]
   [Parallel Time: 1.3 ms, GC Workers: 4]
      [GC Worker Start (ms): Min: 42130.6, Avg: 42130.7, Max: 42130.7, Diff: 0.1]
      [Ext Root Scanning (ms): Min: 0.6, Avg: 0.6, Max: 0.7, Diff: 0.1, Sum: 2.5]
      [Update RS (ms): Min: 0.4, Avg: 0.4, Max: 0.4, Diff: 0.0, Sum: 1.5]
         [Processed Buffers: Min: 17, Avg: 28.5, Max: 42, Diff: 25, Sum: 114]
      [Scan RS (ms): Min: 0.0, Avg: 0.0, Max: 0.0, Diff: 0.0, Sum: 0.0]
      [Code Root Scanning (ms): Min: 0.0, Avg: 0.0, Max: 0.0, Diff: 0.0, Sum: 0.0]
      [Object Copy (ms): Min: 0.1, Avg: 0.2, Max: 0.2, Diff: 0.1, Sum: 0.7]
      [Termination (ms): Min: 0.0, Avg: 0.0, Max: 0.0, Diff: 0.0, Sum: 0.0]
         [Termination Attempts: Min: 1, Avg: 1.0, Max: 1, Diff: 0, Sum: 4]
      [GC Worker Other (ms): Min: 0.0, Avg: 0.0, Max: 0.0, Diff: 0.0, Sum: 0.1]
      [GC Worker Total (ms): Min: 1.2, Avg: 1.2, Max: 1.2, Diff: 0.1, Sum: 4.7]
      [GC Worker End (ms): Min: 42131.8, Avg: 42131.8, Max: 42131.9, Diff: 0.0]
   [Code Root Fixup: 0.1 ms]
   [Code Root Purge: 0.0 ms]
   [Clear CT: 0.1 ms]
   [Other: 0.3 ms]
      [Choose CSet: 0.0 ms]
      [Ref Proc: 0.1 ms]
      [Ref Enq: 0.0 ms]
      [Redirty Cards: 0.0 ms]
      [Humongous Register: 0.0 ms]
      [Humongous Reclaim: 0.0 ms]
      [Free CSet: 0.0 ms]
   [Eden: 49.0M(49.0M)->0.0B(49.0M) Survivors: 1024.0K->1024.0K Heap: 88.1M(100.0M)->39.1M(100.0M)]
 [Times: user=0.01 sys=0.00, real=0.00 secs] 
42.215: [GC pause (G1 Evacuation Pause) (young), 0.0017121 secs]
   [Parallel Time: 1.3 ms, GC Workers: 4]
      [GC Worker Start (ms): Min: 42215.1, Avg: 42215.2, Max: 42215.3, Diff: 0.2]
      [Ext Root Scanning (ms): Min: 0.5, Avg: 0.6, Max: 0.7, Diff: 0.2, Sum: 2.5]
      [Update RS (ms): Min: 0.4, Avg: 0.4, Max: 0.4, Diff: 0.0, Sum: 1.5]
         [Processed Buffers: Min: 22, Avg: 28.0, Max: 32, Diff: 10, Sum: 112]
      [Scan RS (ms): Min: 0.0, Avg: 0.0, Max: 0.0, Diff: 0.0, Sum: 0.0]
      [Code Root Scanning (ms): Min: 0.0, Avg: 0.0, Max: 0.0, Diff: 0.0, Sum: 0.0]
      [Object Copy (ms): Min: 0.1, Avg: 0.2, Max: 0.2, Diff: 0.1, Sum: 0.8]
      [Termination (ms): Min: 0.0, Avg: 0.0, Max: 0.0, Diff: 0.0, Sum: 0.0]
         [Termination Attempts: Min: 1, Avg: 1.0, Max: 1, Diff: 0, Sum: 4]
      [GC Worker Other (ms): Min: 0.0, Avg: 0.0, Max: 0.0, Diff: 0.0, Sum: 0.0]
      [GC Worker Total (ms): Min: 1.1, Avg: 1.2, Max: 1.3, Diff: 0.2, Sum: 4.8]
      [GC Worker End (ms): Min: 42216.4, Avg: 42216.4, Max: 42216.4, Diff: 0.0]
   [Code Root Fixup: 0.1 ms]
   [Code Root Purge: 0.0 ms]
   [Clear CT: 0.0 ms]
   [Other: 0.3 ms]
      [Choose CSet: 0.0 ms]
      [Ref Proc: 0.1 ms]
      [Ref Enq: 0.0 ms]
      [Redirty Cards: 0.0 ms]
      [Humongous Register: 0.0 ms]
      [Humongous Reclaim: 0.0 ms]
      [Free CSet: 0.0 ms]
   [Eden: 49.0M(49.0M)->0.0B(49.0M) Survivors: 1024.0K->1024.0K Heap: 88.1M(100.0M)->39.2M(100.0M)]
 [Times: user=0.01 sys=0.00, real=0.00 secs] 
42.295: [GC pause (G1 Evacuation Pause) (young), 0.0056985 secs]
   [Parallel Time: 4.3 ms, GC Workers: 4]
      [GC Worker Start (ms): Min: 42295.6, Avg: 42298.6, Max: 42299.7, Diff: 4.2]
      [Ext Root Scanning (ms): Min: 0.0, Avg: 0.5, Max: 1.8, Diff: 1.8, Sum: 1.8]
      [Update RS (ms): Min: 0.0, Avg: 0.3, Max: 1.0, Diff: 1.0, Sum: 1.0]
         [Processed Buffers: Min: 0, Avg: 27.5, Max: 110, Diff: 110, Sum: 110]
      [Scan RS (ms): Min: 0.0, Avg: 0.0, Max: 0.0, Diff: 0.0, Sum: 0.0]
      [Code Root Scanning (ms): Min: 0.0, Avg: 0.0, Max: 0.0, Diff: 0.0, Sum: 0.0]
      [Object Copy (ms): Min: 0.0, Avg: 0.1, Max: 0.4, Diff: 0.4, Sum: 0.4]
      [Termination (ms): Min: 0.0, Avg: 0.4, Max: 1.0, Diff: 0.9, Sum: 1.5]
         [Termination Attempts: Min: 1, Avg: 1.0, Max: 1, Diff: 0, Sum: 4]
      [GC Worker Other (ms): Min: 0.0, Avg: 0.0, Max: 0.0, Diff: 0.0, Sum: 0.0]
      [GC Worker Total (ms): Min: 0.0, Avg: 1.2, Max: 4.2, Diff: 4.2, Sum: 4.8]
      [GC Worker End (ms): Min: 42299.7, Avg: 42299.8, Max: 42299.8, Diff: 0.1]
   [Code Root Fixup: 0.1 ms]
   [Code Root Purge: 0.0 ms]
   [Clear CT: 0.0 ms]
   [Other: 1.3 ms]
      [Choose CSet: 0.0 ms]
      [Ref Proc: 1.2 ms]
      [Ref Enq: 0.0 ms]
      [Redirty Cards: 0.0 ms]
      [Humongous Register: 0.0 ms]
      [Humongous Reclaim: 0.0 ms]
      [Free CSet: 0.0 ms]
   [Eden: 49.0M(49.0M)->0.0B(49.0M) Survivors: 1024.0K->1024.0K Heap: 88.2M(100.0M)->39.1M(100.0M)]
 [Times: user=0.01 sys=0.00, real=0.00 secs] 
42.380: [GC pause (G1 Evacuation Pause) (young), 0.0025380 secs]
   [Parallel Time: 2.2 ms, GC Workers: 4]
      [GC Worker Start (ms): Min: 42380.0, Avg: 42380.5, Max: 42382.1, Diff: 2.2]
      [Ext Root Scanning (ms): Min: 0.0, Avg: 0.6, Max: 0.8, Diff: 0.8, Sum: 2.4]
      [Update RS (ms): Min: 0.0, Avg: 0.4, Max: 0.5, Diff: 0.5, Sum: 1.5]
         [Processed Buffers: Min: 0, Avg: 27.0, Max: 61, Diff: 61, Sum: 108]
      [Scan RS (ms): Min: 0.0, Avg: 0.0, Max: 0.0, Diff: 0.0, Sum: 0.0]
      [Code Root Scanning (ms): Min: 0.0, Avg: 0.0, Max: 0.0, Diff: 0.0, Sum: 0.0]
      [Object Copy (ms): Min: 0.0, Avg: 0.2, Max: 0.3, Diff: 0.3, Sum: 0.8]
      [Termination (ms): Min: 0.0, Avg: 0.4, Max: 0.6, Diff: 0.6, Sum: 1.7]
         [Termination Attempts: Min: 1, Avg: 1.0, Max: 1, Diff: 0, Sum: 4]
      [GC Worker Other (ms): Min: 0.0, Avg: 0.0, Max: 0.0, Diff: 0.0, Sum: 0.0]
      [GC Worker Total (ms): Min: 0.0, Avg: 1.6, Max: 2.2, Diff: 2.2, Sum: 6.5]
      [GC Worker End (ms): Min: 42382.1, Avg: 42382.1, Max: 42382.1, Diff: 0.0]
   [Code Root Fixup: 0.1 ms]
   [Code Root Purge: 0.0 ms]
   [Clear CT: 0.0 ms]
   [Other: 0.2 ms]
      [Choose CSet: 0.0 ms]
      [Ref Proc: 0.1 ms]
      [Ref Enq: 0.0 ms]
      [Redirty Cards: 0.0 ms]
      [Humongous Register: 0.0 ms]
      [Humongous Reclaim: 0.0 ms]
      [Free CSet: 0.0 ms]
   [Eden: 49.0M(49.0M)->0.0B(49.0M) Survivors: 1024.0K->1024.0K Heap: 88.1M(100.0M)->39.2M(100.0M)]
 [Times: user=0.01 sys=0.00, real=0.00 secs] 
42.469: [GC pause (G1 Evacuation Pause) (young), 0.0040275 secs]
   [Parallel Time: 3.0 ms, GC Workers: 4]
      [GC Worker Start (ms): Min: 42468.9, Avg: 42470.3, Max: 42471.8, Diff: 2.9]
      [Ext Root Scanning (ms): Min: 0.0, Avg: 0.5, Max: 1.5, Diff: 1.5, Sum: 2.2]
      [Update RS (ms): Min: 0.0, Avg: 0.4, Max: 0.5, Diff: 0.5, Sum: 1.5]
         [Processed Buffers: Min: 0, Avg: 27.2, Max: 52, Diff: 52, Sum: 109]
      [Scan RS (ms): Min: 0.0, Avg: 0.0, Max: 0.0, Diff: 0.0, Sum: 0.0]
      [Code Root Scanning (ms): Min: 0.0, Avg: 0.0, Max: 0.0, Diff: 0.0, Sum: 0.0]
      [Object Copy (ms): Min: 0.0, Avg: 0.2, Max: 0.3, Diff: 0.3, Sum: 0.8]
      [Termination (ms): Min: 0.0, Avg: 0.5, Max: 0.7, Diff: 0.7, Sum: 1.9]
         [Termination Attempts: Min: 1, Avg: 1.0, Max: 1, Diff: 0, Sum: 4]
      [GC Worker Other (ms): Min: 0.0, Avg: 0.0, Max: 0.0, Diff: 0.0, Sum: 0.0]
      [GC Worker Total (ms): Min: 0.0, Avg: 1.6, Max: 3.0, Diff: 3.0, Sum: 6.4]
      [GC Worker End (ms): Min: 42471.9, Avg: 42471.9, Max: 42471.9, Diff: 0.0]
   [Code Root Fixup: 0.1 ms]
   [Code Root Purge: 0.0 ms]
   [Clear CT: 0.0 ms]
   [Other: 0.8 ms]
      [Choose CSet: 0.0 ms]
      [Ref Proc: 0.7 ms]
      [Ref Enq: 0.0 ms]
      [Redirty Cards: 0.0 ms]
      [Humongous Register: 0.0 ms]
      [Humongous Reclaim: 0.0 ms]
      [Free CSet: 0.0 ms]
   [Eden: 49.0M(49.0M)->0.0B(49.0M) Survivors: 1024.0K->1024.0K Heap: 88.2M(100.0M)->39.2M(100.0M)]
 [Times: user=0.02 sys=0.00, real=0.00 secs] 
42.559: [GC pause (G1 Evacuation Pause) (young), 0.0031750 secs]
   [Parallel Time: 1.7 ms, GC Workers: 4]
      [GC Worker Start (ms): Min: 42559.3, Avg: 42559.7, Max: 42560.9, Diff: 1.6]
      [Ext Root Scanning (ms): Min: 0.0, Avg: 0.6, Max: 0.9, Diff: 0.9, Sum: 2.5]
      [Update RS (ms): Min: 0.0, Avg: 0.3, Max: 0.5, Diff: 0.5, Sum: 1.4]
         [Processed Buffers: Min: 0, Avg: 28.5, Max: 43, Diff: 43, Sum: 114]
      [Scan RS (ms): Min: 0.0, Avg: 0.0, Max: 0.0, Diff: 0.0, Sum: 0.0]
      [Code Root Scanning (ms): Min: 0.0, Avg: 0.0, Max: 0.0, Diff: 0.0, Sum: 0.0]
      [Object Copy (ms): Min: 0.0, Avg: 0.2, Max: 0.3, Diff: 0.3, Sum: 0.7]
      [Termination (ms): Min: 0.0, Avg: 0.1, Max: 0.1, Diff: 0.1, Sum: 0.3]
         [Termination Attempts: Min: 1, Avg: 1.0, Max: 1, Diff: 0, Sum: 4]
      [GC Worker Other (ms): Min: 0.0, Avg: 0.0, Max: 0.2, Diff: 0.1, Sum: 0.2]
      [GC Worker Total (ms): Min: 0.0, Avg: 1.3, Max: 1.7, Diff: 1.7, Sum: 5.1]
      [GC Worker End (ms): Min: 42561.0, Avg: 42561.0, Max: 42561.0, Diff: 0.0]
   [Code Root Fixup: 0.1 ms]
   [Code Root Purge: 0.0 ms]
   [Clear CT: 0.0 ms]
   [Other: 1.3 ms]
      [Choose CSet: 0.0 ms]
      [Ref Proc: 1.2 ms]
      [Ref Enq: 0.0 ms]
      [Redirty Cards: 0.0 ms]
      [Humongous Register: 0.0 ms]
      [Humongous Reclaim: 0.0 ms]
      [Free CSet: 0.0 ms]
   [Eden: 49.0M(49.0M)->0.0B(49.0M) Survivors: 1024.0K->1024.0K Heap: 88.2M(100.0M)->39.2M(100.0M)]
 [Times: user=0.01 sys=0.00, real=0.00 secs] 
42.645: [GC pause (G1 Evacuation Pause) (young), 0.0052736 secs]
   [Parallel Time: 4.3 ms, GC Workers: 4]
      [GC Worker Start (ms): Min: 42645.0, Avg: 42648.0, Max: 42649.3, Diff: 4.3]
      [Ext Root Scanning (ms): Min: 0.0, Avg: 0.4, Max: 1.8, Diff: 1.8, Sum: 1.8]
      [Update RS (ms): Min: 0.0, Avg: 0.2, Max: 0.9, Diff: 0.9, Sum: 0.9]
         [Processed Buffers: Min: 0, Avg: 27.5, Max: 110, Diff: 110, Sum: 110]
      [Scan RS (ms): Min: 0.0, Avg: 0.0, Max: 0.0, Diff: 0.0, Sum: 0.0]
      [Code Root Scanning (ms): Min: 0.0, Avg: 0.0, Max: 0.0, Diff: 0.0, Sum: 0.0]
      [Object Copy (ms): Min: 0.0, Avg: 0.1, Max: 0.4, Diff: 0.4, Sum: 0.4]
      [Termination (ms): Min: 0.0, Avg: 0.5, Max: 1.2, Diff: 1.2, Sum: 1.8]
         [Termination Attempts: Min: 1, Avg: 1.0, Max: 1, Diff: 0, Sum: 4]
      [GC Worker Other (ms): Min: 0.0, Avg: 0.0, Max: 0.0, Diff: 0.0, Sum: 0.0]
      [GC Worker Total (ms): Min: 0.0, Avg: 1.2, Max: 4.3, Diff: 4.3, Sum: 5.0]
      [GC Worker End (ms): Min: 42649.3, Avg: 42649.3, Max: 42649.3, Diff: 0.0]
   [Code Root Fixup: 0.1 ms]
   [Code Root Purge: 0.0 ms]
   [Clear CT: 0.0 ms]
   [Other: 0.9 ms]
      [Choose CSet: 0.0 ms]
      [Ref Proc: 0.7 ms]
      [Ref Enq: 0.0 ms]
      [Redirty Cards: 0.0 ms]
      [Humongous Register: 0.0 ms]
      [Humongous Reclaim: 0.0 ms]
      [Free CSet: 0.0 ms]
   [Eden: 49.0M(49.0M)->0.0B(49.0M) Survivors: 1024.0K->1024.0K Heap: 88.2M(100.0M)->39.1M(100.0M)]
 [Times: user=0.02 sys=0.00, real=0.00 secs] 
42.728: [GC pause (G1 Evacuation Pause) (young), 0.0043711 secs]
   [Parallel Time: 3.4 ms, GC Workers: 4]
      [GC Worker Start (ms): Min: 42727.7, Avg: 42729.2, Max: 42731.0, Diff: 3.3]
      [Ext Root Scanning (ms): Min: 0.0, Avg: 0.6, Max: 1.3, Diff: 1.3, Sum: 2.4]
      [Update RS (ms): Min: 0.0, Avg: 0.3, Max: 0.7, Diff: 0.7, Sum: 1.4]
         [Processed Buffers: Min: 0, Avg: 28.2, Max: 85, Diff: 85, Sum: 113]
      [Scan RS (ms): Min: 0.0, Avg: 0.0, Max: 0.0, Diff: 0.0, Sum: 0.0]
      [Code Root Scanning (ms): Min: 0.0, Avg: 0.0, Max: 0.0, Diff: 0.0, Sum: 0.0]
      [Object Copy (ms): Min: 0.0, Avg: 0.2, Max: 0.4, Diff: 0.4, Sum: 0.8]
      [Termination (ms): Min: 0.0, Avg: 0.6, Max: 1.0, Diff: 1.0, Sum: 2.5]
         [Termination Attempts: Min: 1, Avg: 1.0, Max: 1, Diff: 0, Sum: 4]
      [GC Worker Other (ms): Min: 0.0, Avg: 0.0, Max: 0.0, Diff: 0.0, Sum: 0.0]
      [GC Worker Total (ms): Min: 0.0, Avg: 1.8, Max: 3.4, Diff: 3.3, Sum: 7.2]
      [GC Worker End (ms): Min: 42731.0, Avg: 42731.0, Max: 42731.1, Diff: 0.0]
   [Code Root Fixup: 0.1 ms]
   [Code Root Purge: 0.0 ms]
   [Clear CT: 0.0 ms]
   [Other: 0.8 ms]
      [Choose CSet: 0.0 ms]
      [Ref Proc: 0.6 ms]
      [Ref Enq: 0.0 ms]
      [Redirty Cards: 0.0 ms]
      [Humongous Register: 0.0 ms]
      [Humongous Reclaim: 0.0 ms]
      [Free CSet: 0.0 ms]
   [Eden: 49.0M(49.0M)->0.0B(49.0M) Survivors: 1024.0K->1024.0K Heap: 88.1M(100.0M)->39.1M(100.0M)]
 [Times: user=0.01 sys=0.00, real=0.00 secs] 
42.806: [GC pause (G1 Evacuation Pause) (young), 0.0029110 secs]
   [Parallel Time: 2.0 ms, GC Workers: 4]
      [GC Worker Start (ms): Min: 42806.1, Avg: 42806.9, Max: 42807.7, Diff: 1.6]
      [Ext Root Scanning (ms): Min: 0.0, Avg: 0.6, Max: 1.3, Diff: 1.3, Sum: 2.3]
      [Update RS (ms): Min: 0.2, Avg: 0.3, Max: 0.4, Diff: 0.2, Sum: 1.3]
         [Processed Buffers: Min: 17, Avg: 27.8, Max: 45, Diff: 28, Sum: 111]
      [Scan RS (ms): Min: 0.0, Avg: 0.0, Max: 0.0, Diff: 0.0, Sum: 0.0]
      [Code Root Scanning (ms): Min: 0.0, Avg: 0.0, Max: 0.0, Diff: 0.0, Sum: 0.0]
      [Object Copy (ms): Min: 0.1, Avg: 0.2, Max: 0.2, Diff: 0.1, Sum: 0.8]
      [Termination (ms): Min: 0.0, Avg: 0.0, Max: 0.0, Diff: 0.0, Sum: 0.0]
         [Termination Attempts: Min: 1, Avg: 1.0, Max: 1, Diff: 0, Sum: 4]
      [GC Worker Other (ms): Min: 0.0, Avg: 0.0, Max: 0.0, Diff: 0.0, Sum: 0.0]
      [GC Worker Total (ms): Min: 0.3, Avg: 1.1, Max: 1.9, Diff: 1.6, Sum: 4.5]
      [GC Worker End (ms): Min: 42808.0, Avg: 42808.0, Max: 42808.0, Diff: 0.0]
   [Code Root Fixup: 0.1 ms]
   [Code Root Purge: 0.0 ms]
   [Clear CT: 0.0 ms]
   [Other: 0.8 ms]
      [Choose CSet: 0.0 ms]
      [Ref Proc: 0.7 ms]
      [Ref Enq: 0.0 ms]
      [Redirty Cards: 0.0 ms]
      [Humongous Register: 0.0 ms]
      [Humongous Reclaim: 0.0 ms]
      [Free CSet: 0.0 ms]
   [Eden: 49.0M(49.0M)->0.0B(49.0M) Survivors: 1024.0K->1024.0K Heap: 88.1M(100.0M)->39.2M(100.0M)]
 [Times: user=0.01 sys=0.00, real=0.00 secs] 
42.896: [GC pause (G1 Evacuation Pause) (young), 0.0041676 secs]
   [Parallel Time: 2.4 ms, GC Workers: 4]
      [GC Worker Start (ms): Min: 42896.3, Avg: 42897.1, Max: 42898.7, Diff: 2.4]
      [Ext Root Scanning (ms): Min: 0.0, Avg: 0.6, Max: 1.1, Diff: 1.1, Sum: 2.6]
      [Update RS (ms): Min: 0.0, Avg: 0.3, Max: 0.5, Diff: 0.5, Sum: 1.4]
         [Processed Buffers: Min: 0, Avg: 28.0, Max: 44, Diff: 44, Sum: 112]
      [Scan RS (ms): Min: 0.0, Avg: 0.0, Max: 0.0, Diff: 0.0, Sum: 0.0]
      [Code Root Scanning (ms): Min: 0.0, Avg: 0.0, Max: 0.0, Diff: 0.0, Sum: 0.0]
      [Object Copy (ms): Min: 0.0, Avg: 0.2, Max: 0.3, Diff: 0.3, Sum: 0.7]
      [Termination (ms): Min: 0.0, Avg: 0.4, Max: 0.6, Diff: 0.6, Sum: 1.8]
         [Termination Attempts: Min: 1, Avg: 1.0, Max: 1, Diff: 0, Sum: 4]
      [GC Worker Other (ms): Min: 0.0, Avg: 0.0, Max: 0.0, Diff: 0.0, Sum: 0.0]
      [GC Worker Total (ms): Min: 0.0, Avg: 1.6, Max: 2.4, Diff: 2.4, Sum: 6.4]
      [GC Worker End (ms): Min: 42898.7, Avg: 42898.7, Max: 42898.7, Diff: 0.0]
   [Code Root Fixup: 0.1 ms]
   [Code Root Purge: 0.0 ms]
   [Clear CT: 0.1 ms]
   [Other: 1.5 ms]
      [Choose CSet: 0.0 ms]
      [Ref Proc: 1.3 ms]
      [Ref Enq: 0.0 ms]
      [Redirty Cards: 0.0 ms]
      [Humongous Register: 0.0 ms]
      [Humongous Reclaim: 0.0 ms]
      [Free CSet: 0.0 ms]
   [Eden: 49.0M(49.0M)->0.0B(49.0M) Survivors: 1024.0K->1024.0K Heap: 88.2M(100.0M)->39.1M(100.0M)]
 [Times: user=0.02 sys=0.00, real=0.00 secs] 
42.978: [GC pause (G1 Evacuation Pause) (young), 0.0027057 secs]
   [Parallel Time: 1.3 ms, GC Workers: 4]
      [GC Worker Start (ms): Min: 42978.1, Avg: 42978.2, Max: 42978.3, Diff: 0.2]
      [Ext Root Scanning (ms): Min: 0.5, Avg: 0.6, Max: 0.9, Diff: 0.4, Sum: 2.6]
      [Update RS (ms): Min: 0.2, Avg: 0.3, Max: 0.4, Diff: 0.1, Sum: 1.3]
         [Processed Buffers: Min: 25, Avg: 29.0, Max: 34, Diff: 9, Sum: 116]
      [Scan RS (ms): Min: 0.0, Avg: 0.0, Max: 0.0, Diff: 0.0, Sum: 0.0]
      [Code Root Scanning (ms): Min: 0.0, Avg: 0.0, Max: 0.0, Diff: 0.0, Sum: 0.0]
      [Object Copy (ms): Min: 0.1, Avg: 0.2, Max: 0.2, Diff: 0.1, Sum: 0.8]
      [Termination (ms): Min: 0.0, Avg: 0.0, Max: 0.0, Diff: 0.0, Sum: 0.0]
         [Termination Attempts: Min: 1, Avg: 1.0, Max: 1, Diff: 0, Sum: 4]
      [GC Worker Other (ms): Min: 0.0, Avg: 0.0, Max: 0.0, Diff: 0.0, Sum: 0.0]
      [GC Worker Total (ms): Min: 1.1, Avg: 1.2, Max: 1.3, Diff: 0.2, Sum: 4.8]
      [GC Worker End (ms): Min: 42979.4, Avg: 42979.4, Max: 42979.4, Diff: 0.0]
   [Code Root Fixup: 0.1 ms]
   [Code Root Purge: 0.0 ms]
   [Clear CT: 0.0 ms]
   [Other: 1.3 ms]
      [Choose CSet: 0.0 ms]
      [Ref Proc: 1.1 ms]
      [Ref Enq: 0.0 ms]
      [Redirty Cards: 0.0 ms]
      [Humongous Register: 0.0 ms]
      [Humongous Reclaim: 0.0 ms]
      [Free CSet: 0.0 ms]
   [Eden: 49.0M(49.0M)->0.0B(49.0M) Survivors: 1024.0K->1024.0K Heap: 88.1M(100.0M)->39.2M(100.0M)]
 [Times: user=0.00 sys=0.00, real=0.00 secs] 
43.064: [GC pause (G1 Evacuation Pause) (young), 0.0038528 secs]
   [Parallel Time: 3.5 ms, GC Workers: 4]
      [GC Worker Start (ms): Min: 43064.5, Avg: 43066.8, Max: 43067.8, Diff: 3.2]
      [Ext Root Scanning (ms): Min: 0.0, Avg: 0.5, Max: 1.8, Diff: 1.8, Sum: 1.9]
      [Update RS (ms): Min: 0.0, Avg: 0.3, Max: 0.9, Diff: 0.9, Sum: 1.0]
         [Processed Buffers: Min: 0, Avg: 27.2, Max: 93, Diff: 93, Sum: 109]
      [Scan RS (ms): Min: 0.0, Avg: 0.0, Max: 0.0, Diff: 0.0, Sum: 0.0]
      [Code Root Scanning (ms): Min: 0.0, Avg: 0.0, Max: 0.0, Diff: 0.0, Sum: 0.0]
      [Object Copy (ms): Min: 0.0, Avg: 0.2, Max: 0.4, Diff: 0.4, Sum: 0.6]
      [Termination (ms): Min: 0.0, Avg: 0.2, Max: 0.4, Diff: 0.4, Sum: 0.8]
         [Termination Attempts: Min: 1, Avg: 1.0, Max: 1, Diff: 0, Sum: 4]
      [GC Worker Other (ms): Min: 0.0, Avg: 0.0, Max: 0.0, Diff: 0.0, Sum: 0.0]
      [GC Worker Total (ms): Min: 0.1, Avg: 1.1, Max: 3.4, Diff: 3.3, Sum: 4.4]
      [GC Worker End (ms): Min: 43067.8, Avg: 43067.9, Max: 43068.0, Diff: 0.1]
   [Code Root Fixup: 0.1 ms]
   [Code Root Purge: 0.0 ms]
   [Clear CT: 0.0 ms]
   [Other: 0.3 ms]
      [Choose CSet: 0.0 ms]
      [Ref Proc: 0.1 ms]
      [Ref Enq: 0.0 ms]
      [Redirty Cards: 0.0 ms]
      [Humongous Register: 0.0 ms]
      [Humongous Reclaim: 0.0 ms]
      [Free CSet: 0.0 ms]
   [Eden: 49.0M(49.0M)->0.0B(49.0M) Survivors: 1024.0K->1024.0K Heap: 88.2M(100.0M)->39.2M(100.0M)]
 [Times: user=0.01 sys=0.00, real=0.00 secs] 
43.149: [GC pause (G1 Evacuation Pause) (young), 0.0017599 secs]
   [Parallel Time: 1.2 ms, GC Workers: 4]
      [GC Worker Start (ms): Min: 43149.2, Avg: 43149.2, Max: 43149.2, Diff: 0.0]
      [Ext Root Scanning (ms): Min: 0.6, Avg: 0.6, Max: 0.7, Diff: 0.1, Sum: 2.5]
      [Update RS (ms): Min: 0.3, Avg: 0.4, Max: 0.4, Diff: 0.0, Sum: 1.4]
         [Processed Buffers: Min: 8, Avg: 29.5, Max: 49, Diff: 41, Sum: 118]
      [Scan RS (ms): Min: 0.0, Avg: 0.0, Max: 0.0, Diff: 0.0, Sum: 0.0]
      [Code Root Scanning (ms): Min: 0.0, Avg: 0.0, Max: 0.0, Diff: 0.0, Sum: 0.0]
      [Object Copy (ms): Min: 0.1, Avg: 0.2, Max: 0.2, Diff: 0.1, Sum: 0.8]
      [Termination (ms): Min: 0.0, Avg: 0.0, Max: 0.0, Diff: 0.0, Sum: 0.0]
         [Termination Attempts: Min: 1, Avg: 1.0, Max: 1, Diff: 0, Sum: 4]
      [GC Worker Other (ms): Min: 0.0, Avg: 0.0, Max: 0.0, Diff: 0.0, Sum: 0.0]
      [GC Worker Total (ms): Min: 1.2, Avg: 1.2, Max: 1.2, Diff: 0.0, Sum: 4.8]
      [GC Worker End (ms): Min: 43150.4, Avg: 43150.4, Max: 43150.4, Diff: 0.0]
   [Code Root Fixup: 0.1 ms]
   [Code Root Purge: 0.0 ms]
   [Clear CT: 0.0 ms]
   [Other: 0.4 ms]
      [Choose CSet: 0.0 ms]
      [Ref Proc: 0.2 ms]
      [Ref Enq: 0.0 ms]
      [Redirty Cards: 0.0 ms]
      [Humongous Register: 0.0 ms]
      [Humongous Reclaim: 0.0 ms]
      [Free CSet: 0.0 ms]
   [Eden: 49.0M(49.0M)->0.0B(49.0M) Survivors: 1024.0K->1024.0K Heap: 88.2M(100.0M)->39.2M(100.0M)]
 [Times: user=0.00 sys=0.01, real=0.00 secs] 
43.229: [GC pause (G1 Evacuation Pause) (young), 0.0041667 secs]
   [Parallel Time: 3.2 ms, GC Workers: 4]
      [GC Worker Start (ms): Min: 43229.3, Avg: 43230.8, Max: 43232.3, Diff: 3.0]
      [Ext Root Scanning (ms): Min: 0.0, Avg: 0.7, Max: 1.4, Diff: 1.4, Sum: 2.7]
      [Update RS (ms): Min: 0.0, Avg: 0.4, Max: 0.9, Diff: 0.9, Sum: 1.7]
         [Processed Buffers: Min: 0, Avg: 28.8, Max: 63, Diff: 63, Sum: 115]
      [Scan RS (ms): Min: 0.0, Avg: 0.0, Max: 0.0, Diff: 0.0, Sum: 0.0]
      [Code Root Scanning (ms): Min: 0.0, Avg: 0.0, Max: 0.0, Diff: 0.0, Sum: 0.0]
      [Object Copy (ms): Min: 0.0, Avg: 0.3, Max: 0.6, Diff: 0.6, Sum: 1.2]
      [Termination (ms): Min: 0.0, Avg: 0.2, Max: 0.4, Diff: 0.4, Sum: 0.8]
         [Termination Attempts: Min: 1, Avg: 1.0, Max: 1, Diff: 0, Sum: 4]
      [GC Worker Other (ms): Min: 0.0, Avg: 0.0, Max: 0.0, Diff: 0.0, Sum: 0.0]
      [GC Worker Total (ms): Min: 0.0, Avg: 1.6, Max: 3.2, Diff: 3.1, Sum: 6.3]
      [GC Worker End (ms): Min: 43232.3, Avg: 43232.4, Max: 43232.4, Diff: 0.1]
   [Code Root Fixup: 0.1 ms]
   [Code Root Purge: 0.0 ms]
   [Clear CT: 0.1 ms]
   [Other: 0.8 ms]
      [Choose CSet: 0.0 ms]
      [Ref Proc: 0.6 ms]
      [Ref Enq: 0.0 ms]
      [Redirty Cards: 0.0 ms]
      [Humongous Register: 0.0 ms]
      [Humongous Reclaim: 0.0 ms]
      [Free CSet: 0.0 ms]
   [Eden: 49.0M(49.0M)->0.0B(49.0M) Survivors: 1024.0K->1024.0K Heap: 88.2M(100.0M)->39.2M(100.0M)]
 [Times: user=0.02 sys=0.00, real=0.01 secs] 
43.307: [GC pause (G1 Evacuation Pause) (young), 0.0022382 secs]
   [Parallel Time: 1.3 ms, GC Workers: 4]
      [GC Worker Start (ms): Min: 43307.5, Avg: 43307.6, Max: 43307.6, Diff: 0.1]
      [Ext Root Scanning (ms): Min: 0.5, Avg: 0.6, Max: 0.7, Diff: 0.2, Sum: 2.5]
      [Update RS (ms): Min: 0.4, Avg: 0.4, Max: 0.4, Diff: 0.0, Sum: 1.5]
         [Processed Buffers: Min: 13, Avg: 28.0, Max: 43, Diff: 30, Sum: 112]
      [Scan RS (ms): Min: 0.0, Avg: 0.0, Max: 0.0, Diff: 0.0, Sum: 0.0]
      [Code Root Scanning (ms): Min: 0.0, Avg: 0.0, Max: 0.0, Diff: 0.0, Sum: 0.0]
      [Object Copy (ms): Min: 0.2, Avg: 0.2, Max: 0.2, Diff: 0.1, Sum: 0.9]
      [Termination (ms): Min: 0.0, Avg: 0.0, Max: 0.0, Diff: 0.0, Sum: 0.0]
         [Termination Attempts: Min: 1, Avg: 1.0, Max: 1, Diff: 0, Sum: 4]
      [GC Worker Other (ms): Min: 0.0, Avg: 0.0, Max: 0.0, Diff: 0.0, Sum: 0.0]
      [GC Worker Total (ms): Min: 1.1, Avg: 1.2, Max: 1.3, Diff: 0.1, Sum: 4.8]
      [GC Worker End (ms): Min: 43308.8, Avg: 43308.8, Max: 43308.8, Diff: 0.0]
   [Code Root Fixup: 0.1 ms]
   [Code Root Purge: 0.0 ms]
   [Clear CT: 0.0 ms]
   [Other: 0.8 ms]
      [Choose CSet: 0.0 ms]
      [Ref Proc: 0.6 ms]
      [Ref Enq: 0.0 ms]
      [Redirty Cards: 0.0 ms]
      [Humongous Register: 0.0 ms]
      [Humongous Reclaim: 0.0 ms]
      [Free CSet: 0.0 ms]
   [Eden: 49.0M(49.0M)->0.0B(49.0M) Survivors: 1024.0K->1024.0K Heap: 88.2M(100.0M)->39.2M(100.0M)]
 [Times: user=0.00 sys=0.00, real=0.00 secs] 
43.385: [GC pause (G1 Evacuation Pause) (young), 0.0043263 secs]
   [Parallel Time: 3.4 ms, GC Workers: 4]
      [GC Worker Start (ms): Min: 43385.0, Avg: 43387.2, Max: 43388.3, Diff: 3.4]
      [Ext Root Scanning (ms): Min: 0.0, Avg: 0.4, Max: 1.7, Diff: 1.7, Sum: 1.7]
      [Update RS (ms): Min: 0.0, Avg: 0.2, Max: 0.7, Diff: 0.7, Sum: 0.9]
         [Processed Buffers: Min: 0, Avg: 25.5, Max: 81, Diff: 81, Sum: 102]
      [Scan RS (ms): Min: 0.0, Avg: 0.0, Max: 0.0, Diff: 0.0, Sum: 0.0]
      [Code Root Scanning (ms): Min: 0.0, Avg: 0.0, Max: 0.0, Diff: 0.0, Sum: 0.0]
      [Object Copy (ms): Min: 0.0, Avg: 0.1, Max: 0.3, Diff: 0.3, Sum: 0.6]
      [Termination (ms): Min: 0.0, Avg: 0.3, Max: 0.6, Diff: 0.6, Sum: 1.1]
         [Termination Attempts: Min: 1, Avg: 1.0, Max: 1, Diff: 0, Sum: 4]
      [GC Worker Other (ms): Min: 0.0, Avg: 0.0, Max: 0.0, Diff: 0.0, Sum: 0.0]
      [GC Worker Total (ms): Min: 0.0, Avg: 1.1, Max: 3.4, Diff: 3.4, Sum: 4.5]
      [GC Worker End (ms): Min: 43388.3, Avg: 43388.4, Max: 43388.4, Diff: 0.0]
   [Code Root Fixup: 0.1 ms]
   [Code Root Purge: 0.0 ms]
   [Clear CT: 0.0 ms]
   [Other: 0.8 ms]
      [Choose CSet: 0.0 ms]
      [Ref Proc: 0.6 ms]
      [Ref Enq: 0.0 ms]
      [Redirty Cards: 0.0 ms]
      [Humongous Register: 0.0 ms]
      [Humongous Reclaim: 0.0 ms]
      [Free CSet: 0.0 ms]
   [Eden: 49.0M(49.0M)->0.0B(49.0M) Survivors: 1024.0K->1024.0K Heap: 88.2M(100.0M)->39.1M(100.0M)]
 [Times: user=0.01 sys=0.00, real=0.00 secs] 
43.466: [GC pause (G1 Evacuation Pause) (young), 0.0020370 secs]
   [Parallel Time: 1.2 ms, GC Workers: 4]
      [GC Worker Start (ms): Min: 43466.0, Avg: 43466.0, Max: 43466.0, Diff: 0.0]
      [Ext Root Scanning (ms): Min: 0.5, Avg: 0.6, Max: 0.7, Diff: 0.2, Sum: 2.4]
      [Update RS (ms): Min: 0.3, Avg: 0.3, Max: 0.4, Diff: 0.1, Sum: 1.2]
         [Processed Buffers: Min: 8, Avg: 26.2, Max: 39, Diff: 31, Sum: 105]
      [Scan RS (ms): Min: 0.0, Avg: 0.0, Max: 0.0, Diff: 0.0, Sum: 0.0]
      [Code Root Scanning (ms): Min: 0.0, Avg: 0.0, Max: 0.0, Diff: 0.0, Sum: 0.0]
      [Object Copy (ms): Min: 0.2, Avg: 0.2, Max: 0.2, Diff: 0.1, Sum: 0.8]
      [Termination (ms): Min: 0.0, Avg: 0.0, Max: 0.0, Diff: 0.0, Sum: 0.0]
         [Termination Attempts: Min: 1, Avg: 1.0, Max: 1, Diff: 0, Sum: 4]
      [GC Worker Other (ms): Min: 0.0, Avg: 0.0, Max: 0.0, Diff: 0.0, Sum: 0.0]
      [GC Worker Total (ms): Min: 1.1, Avg: 1.1, Max: 1.1, Diff: 0.0, Sum: 4.5]
      [GC Worker End (ms): Min: 43467.1, Avg: 43467.1, Max: 43467.1, Diff: 0.0]
   [Code Root Fixup: 0.1 ms]
   [Code Root Purge: 0.0 ms]
   [Clear CT: 0.0 ms]
   [Other: 0.8 ms]
      [Choose CSet: 0.0 ms]
      [Ref Proc: 0.6 ms]
      [Ref Enq: 0.0 ms]
      [Redirty Cards: 0.0 ms]
      [Humongous Register: 0.0 ms]
      [Humongous Reclaim: 0.0 ms]
      [Free CSet: 0.0 ms]
   [Eden: 49.0M(49.0M)->0.0B(49.0M) Survivors: 1024.0K->1024.0K Heap: 88.1M(100.0M)->39.2M(100.0M)]
 [Times: user=0.01 sys=0.00, real=0.00 secs] 
43.550: [GC pause (G1 Evacuation Pause) (young), 0.0035284 secs]
   [Parallel Time: 1.3 ms, GC Workers: 4]
      [GC Worker Start (ms): Min: 43549.7, Avg: 43549.8, Max: 43550.0, Diff: 0.2]
      [Ext Root Scanning (ms): Min: 0.5, Avg: 0.6, Max: 0.8, Diff: 0.3, Sum: 2.5]
      [Update RS (ms): Min: 0.3, Avg: 0.3, Max: 0.4, Diff: 0.0, Sum: 1.3]
         [Processed Buffers: Min: 25, Avg: 29.0, Max: 36, Diff: 11, Sum: 116]
      [Scan RS (ms): Min: 0.0, Avg: 0.0, Max: 0.0, Diff: 0.0, Sum: 0.0]
      [Code Root Scanning (ms): Min: 0.0, Avg: 0.0, Max: 0.0, Diff: 0.0, Sum: 0.0]
      [Object Copy (ms): Min: 0.1, Avg: 0.2, Max: 0.2, Diff: 0.1, Sum: 0.7]
      [Termination (ms): Min: 0.0, Avg: 0.0, Max: 0.0, Diff: 0.0, Sum: 0.0]
         [Termination Attempts: Min: 1, Avg: 1.0, Max: 1, Diff: 0, Sum: 4]
      [GC Worker Other (ms): Min: 0.0, Avg: 0.0, Max: 0.0, Diff: 0.0, Sum: 0.0]
      [GC Worker Total (ms): Min: 1.0, Avg: 1.2, Max: 1.3, Diff: 0.2, Sum: 4.7]
      [GC Worker End (ms): Min: 43551.0, Avg: 43551.0, Max: 43551.0, Diff: 0.0]
   [Code Root Fixup: 0.1 ms]
   [Code Root Purge: 0.0 ms]
   [Clear CT: 0.0 ms]
   [Other: 2.1 ms]
      [Choose CSet: 0.0 ms]
      [Ref Proc: 1.8 ms]
      [Ref Enq: 0.0 ms]
      [Redirty Cards: 0.1 ms]
      [Humongous Register: 0.0 ms]
      [Humongous Reclaim: 0.0 ms]
      [Free CSet: 0.0 ms]
   [Eden: 49.0M(49.0M)->0.0B(49.0M) Survivors: 1024.0K->1024.0K Heap: 88.2M(100.0M)->39.2M(100.0M)]
 [Times: user=0.01 sys=0.00, real=0.00 secs] 
43.634: [GC pause (G1 Evacuation Pause) (young), 0.0036783 secs]
   [Parallel Time: 2.6 ms, GC Workers: 4]
      [GC Worker Start (ms): Min: 43634.2, Avg: 43635.3, Max: 43636.7, Diff: 2.6]
      [Ext Root Scanning (ms): Min: 0.0, Avg: 0.6, Max: 1.4, Diff: 1.4, Sum: 2.2]
      [Update RS (ms): Min: 0.0, Avg: 0.3, Max: 0.4, Diff: 0.4, Sum: 1.1]
         [Processed Buffers: Min: 0, Avg: 28.2, Max: 40, Diff: 40, Sum: 113]
      [Scan RS (ms): Min: 0.0, Avg: 0.0, Max: 0.0, Diff: 0.0, Sum: 0.0]
      [Code Root Scanning (ms): Min: 0.0, Avg: 0.0, Max: 0.0, Diff: 0.0, Sum: 0.0]
      [Object Copy (ms): Min: 0.0, Avg: 0.1, Max: 0.2, Diff: 0.2, Sum: 0.6]
      [Termination (ms): Min: 0.0, Avg: 0.4, Max: 0.6, Diff: 0.6, Sum: 1.7]
         [Termination Attempts: Min: 1, Avg: 1.0, Max: 1, Diff: 0, Sum: 4]
      [GC Worker Other (ms): Min: 0.0, Avg: 0.0, Max: 0.0, Diff: 0.0, Sum: 0.0]
      [GC Worker Total (ms): Min: 0.0, Avg: 1.4, Max: 2.6, Diff: 2.6, Sum: 5.7]
      [GC Worker End (ms): Min: 43636.8, Avg: 43636.8, Max: 43636.8, Diff: 0.0]
   [Code Root Fixup: 0.1 ms]
   [Code Root Purge: 0.0 ms]
   [Clear CT: 0.0 ms]
   [Other: 1.0 ms]
      [Choose CSet: 0.0 ms]
      [Ref Proc: 0.7 ms]
      [Ref Enq: 0.0 ms]
      [Redirty Cards: 0.0 ms]
      [Humongous Register: 0.0 ms]
      [Humongous Reclaim: 0.0 ms]
      [Free CSet: 0.0 ms]
   [Eden: 49.0M(49.0M)->0.0B(49.0M) Survivors: 1024.0K->1024.0K Heap: 88.2M(100.0M)->39.1M(100.0M)]
 [Times: user=0.01 sys=0.00, real=0.00 secs] 
43.721: [GC pause (G1 Evacuation Pause) (young), 0.0024708 secs]
   [Parallel Time: 1.5 ms, GC Workers: 4]
      [GC Worker Start (ms): Min: 43720.6, Avg: 43720.9, Max: 43721.6, Diff: 0.9]
      [Ext Root Scanning (ms): Min: 0.0, Avg: 0.6, Max: 0.9, Diff: 0.9, Sum: 2.5]
      [Update RS (ms): Min: 0.3, Avg: 0.3, Max: 0.4, Diff: 0.0, Sum: 1.3]
         [Processed Buffers: Min: 21, Avg: 27.2, Max: 32, Diff: 11, Sum: 109]
      [Scan RS (ms): Min: 0.0, Avg: 0.0, Max: 0.0, Diff: 0.0, Sum: 0.0]
      [Code Root Scanning (ms): Min: 0.0, Avg: 0.0, Max: 0.0, Diff: 0.0, Sum: 0.0]
      [Object Copy (ms): Min: 0.1, Avg: 0.2, Max: 0.2, Diff: 0.1, Sum: 0.8]
      [Termination (ms): Min: 0.0, Avg: 0.0, Max: 0.0, Diff: 0.0, Sum: 0.0]
         [Termination Attempts: Min: 1, Avg: 1.0, Max: 1, Diff: 0, Sum: 4]
      [GC Worker Other (ms): Min: 0.0, Avg: 0.0, Max: 0.0, Diff: 0.0, Sum: 0.0]
      [GC Worker Total (ms): Min: 0.5, Avg: 1.2, Max: 1.4, Diff: 0.9, Sum: 4.6]
      [GC Worker End (ms): Min: 43722.1, Avg: 43722.1, Max: 43722.1, Diff: 0.0]
   [Code Root Fixup: 0.1 ms]
   [Code Root Purge: 0.0 ms]
   [Clear CT: 0.0 ms]
   [Other: 0.9 ms]
      [Choose CSet: 0.0 ms]
      [Ref Proc: 0.7 ms]
      [Ref Enq: 0.0 ms]
      [Redirty Cards: 0.0 ms]
      [Humongous Register: 0.0 ms]
      [Humongous Reclaim: 0.0 ms]
      [Free CSet: 0.0 ms]
   [Eden: 49.0M(49.0M)->0.0B(49.0M) Survivors: 1024.0K->1024.0K Heap: 88.1M(100.0M)->39.2M(100.0M)]
 [Times: user=0.01 sys=0.00, real=0.00 secs] 
43.799: [GC pause (G1 Evacuation Pause) (young), 0.0034642 secs]
   [Parallel Time: 2.4 ms, GC Workers: 4]
      [GC Worker Start (ms): Min: 43799.2, Avg: 43800.2, Max: 43801.5, Diff: 2.3]
      [Ext Root Scanning (ms): Min: 0.0, Avg: 0.6, Max: 1.3, Diff: 1.3, Sum: 2.5]
      [Update RS (ms): Min: 0.0, Avg: 0.3, Max: 0.5, Diff: 0.5, Sum: 1.3]
         [Processed Buffers: Min: 0, Avg: 26.8, Max: 38, Diff: 38, Sum: 107]
      [Scan RS (ms): Min: 0.0, Avg: 0.0, Max: 0.0, Diff: 0.0, Sum: 0.0]
      [Code Root Scanning (ms): Min: 0.0, Avg: 0.0, Max: 0.0, Diff: 0.0, Sum: 0.0]
      [Object Copy (ms): Min: 0.0, Avg: 0.2, Max: 0.3, Diff: 0.3, Sum: 0.7]
      [Termination (ms): Min: 0.0, Avg: 0.3, Max: 0.4, Diff: 0.4, Sum: 1.1]
         [Termination Attempts: Min: 1, Avg: 1.0, Max: 1, Diff: 0, Sum: 4]
      [GC Worker Other (ms): Min: 0.0, Avg: 0.0, Max: 0.0, Diff: 0.0, Sum: 0.0]
      [GC Worker Total (ms): Min: 0.0, Avg: 1.4, Max: 2.4, Diff: 2.4, Sum: 5.7]
      [GC Worker End (ms): Min: 43801.5, Avg: 43801.6, Max: 43801.6, Diff: 0.1]
   [Code Root Fixup: 0.1 ms]
   [Code Root Purge: 0.0 ms]
   [Clear CT: 0.1 ms]
   [Other: 0.9 ms]
      [Choose CSet: 0.0 ms]
      [Ref Proc: 0.7 ms]
      [Ref Enq: 0.0 ms]
      [Redirty Cards: 0.0 ms]
      [Humongous Register: 0.0 ms]
      [Humongous Reclaim: 0.0 ms]
      [Free CSet: 0.0 ms]
   [Eden: 49.0M(49.0M)->0.0B(49.0M) Survivors: 1024.0K->1024.0K Heap: 88.2M(100.0M)->39.1M(100.0M)]
 [Times: user=0.01 sys=0.00, real=0.00 secs] 
43.882: [GC pause (G1 Evacuation Pause) (young), 0.0032470 secs]
   [Parallel Time: 1.4 ms, GC Workers: 4]
      [GC Worker Start (ms): Min: 43881.6, Avg: 43881.8, Max: 43882.2, Diff: 0.5]
      [Ext Root Scanning (ms): Min: 0.3, Avg: 0.6, Max: 0.8, Diff: 0.6, Sum: 2.6]
      [Update RS (ms): Min: 0.3, Avg: 0.3, Max: 0.3, Diff: 0.0, Sum: 1.3]
         [Processed Buffers: Min: 16, Avg: 27.5, Max: 42, Diff: 26, Sum: 110]
      [Scan RS (ms): Min: 0.0, Avg: 0.0, Max: 0.0, Diff: 0.0, Sum: 0.0]
      [Code Root Scanning (ms): Min: 0.0, Avg: 0.0, Max: 0.0, Diff: 0.0, Sum: 0.0]
      [Object Copy (ms): Min: 0.2, Avg: 0.2, Max: 0.2, Diff: 0.1, Sum: 0.8]
      [Termination (ms): Min: 0.0, Avg: 0.0, Max: 0.0, Diff: 0.0, Sum: 0.0]
         [Termination Attempts: Min: 1, Avg: 1.0, Max: 1, Diff: 0, Sum: 4]
      [GC Worker Other (ms): Min: 0.0, Avg: 0.0, Max: 0.0, Diff: 0.0, Sum: 0.0]
      [GC Worker Total (ms): Min: 0.8, Avg: 1.2, Max: 1.3, Diff: 0.5, Sum: 4.7]
      [GC Worker End (ms): Min: 43883.0, Avg: 43883.0, Max: 43883.0, Diff: 0.0]
   [Code Root Fixup: 0.1 ms]
   [Code Root Purge: 0.0 ms]
   [Clear CT: 0.0 ms]
   [Other: 1.7 ms]
      [Choose CSet: 0.0 ms]
      [Ref Proc: 1.5 ms]
      [Ref Enq: 0.0 ms]
      [Redirty Cards: 0.0 ms]
      [Humongous Register: 0.0 ms]
      [Humongous Reclaim: 0.0 ms]
      [Free CSet: 0.0 ms]
   [Eden: 49.0M(49.0M)->0.0B(49.0M) Survivors: 1024.0K->1024.0K Heap: 88.1M(100.0M)->39.2M(100.0M)]
 [Times: user=0.01 sys=0.00, real=0.01 secs] 
43.960: [GC pause (G1 Evacuation Pause) (young), 0.0029003 secs]
   [Parallel Time: 1.8 ms, GC Workers: 4]
      [GC Worker Start (ms): Min: 43960.0, Avg: 43960.5, Max: 43961.1, Diff: 1.1]
      [Ext Root Scanning (ms): Min: 0.1, Avg: 0.7, Max: 1.2, Diff: 1.1, Sum: 2.6]
      [Update RS (ms): Min: 0.3, Avg: 0.3, Max: 0.3, Diff: 0.0, Sum: 1.3]
         [Processed Buffers: Min: 20, Avg: 27.2, Max: 46, Diff: 26, Sum: 109]
      [Scan RS (ms): Min: 0.0, Avg: 0.0, Max: 0.0, Diff: 0.0, Sum: 0.0]
      [Code Root Scanning (ms): Min: 0.0, Avg: 0.0, Max: 0.0, Diff: 0.0, Sum: 0.0]
      [Object Copy (ms): Min: 0.1, Avg: 0.2, Max: 0.2, Diff: 0.1, Sum: 0.7]
      [Termination (ms): Min: 0.0, Avg: 0.0, Max: 0.0, Diff: 0.0, Sum: 0.0]
         [Termination Attempts: Min: 1, Avg: 1.8, Max: 3, Diff: 2, Sum: 7]
      [GC Worker Other (ms): Min: 0.0, Avg: 0.0, Max: 0.0, Diff: 0.0, Sum: 0.0]
      [GC Worker Total (ms): Min: 0.6, Avg: 1.2, Max: 1.7, Diff: 1.1, Sum: 4.8]
      [GC Worker End (ms): Min: 43961.7, Avg: 43961.7, Max: 43961.7, Diff: 0.0]
   [Code Root Fixup: 0.1 ms]
   [Code Root Purge: 0.0 ms]
   [Clear CT: 0.0 ms]
   [Other: 1.0 ms]
      [Choose CSet: 0.0 ms]
      [Ref Proc: 0.8 ms]
      [Ref Enq: 0.0 ms]
      [Redirty Cards: 0.0 ms]
      [Humongous Register: 0.0 ms]
      [Humongous Reclaim: 0.0 ms]
      [Free CSet: 0.0 ms]
   [Eden: 49.0M(49.0M)->0.0B(49.0M) Survivors: 1024.0K->1024.0K Heap: 88.2M(100.0M)->39.1M(100.0M)]
 [Times: user=0.01 sys=0.00, real=0.00 secs] 
44.050: [GC pause (G1 Evacuation Pause) (young), 0.0033763 secs]
   [Parallel Time: 2.3 ms, GC Workers: 4]
      [GC Worker Start (ms): Min: 44050.3, Avg: 44051.4, Max: 44052.4, Diff: 2.1]
      [Ext Root Scanning (ms): Min: 0.0, Avg: 0.6, Max: 1.3, Diff: 1.3, Sum: 2.5]
      [Update RS (ms): Min: 0.0, Avg: 0.3, Max: 0.7, Diff: 0.7, Sum: 1.4]
         [Processed Buffers: Min: 0, Avg: 26.2, Max: 62, Diff: 62, Sum: 105]
      [Scan RS (ms): Min: 0.0, Avg: 0.0, Max: 0.0, Diff: 0.0, Sum: 0.0]
      [Code Root Scanning (ms): Min: 0.0, Avg: 0.0, Max: 0.0, Diff: 0.0, Sum: 0.0]
      [Object Copy (ms): Min: 0.1, Avg: 0.2, Max: 0.4, Diff: 0.2, Sum: 0.9]
      [Termination (ms): Min: 0.0, Avg: 0.0, Max: 0.0, Diff: 0.0, Sum: 0.0]
         [Termination Attempts: Min: 1, Avg: 1.0, Max: 1, Diff: 0, Sum: 4]
      [GC Worker Other (ms): Min: 0.0, Avg: 0.0, Max: 0.0, Diff: 0.0, Sum: 0.0]
      [GC Worker Total (ms): Min: 0.2, Avg: 1.2, Max: 2.2, Diff: 2.1, Sum: 4.8]
      [GC Worker End (ms): Min: 44052.6, Avg: 44052.6, Max: 44052.6, Diff: 0.0]
   [Code Root Fixup: 0.1 ms]
   [Code Root Purge: 0.0 ms]
   [Clear CT: 0.1 ms]
   [Other: 0.9 ms]
      [Choose CSet: 0.0 ms]
      [Ref Proc: 0.7 ms]
      [Ref Enq: 0.0 ms]
      [Redirty Cards: 0.0 ms]
      [Humongous Register: 0.0 ms]
      [Humongous Reclaim: 0.0 ms]
      [Free CSet: 0.0 ms]
   [Eden: 49.0M(49.0M)->0.0B(49.0M) Survivors: 1024.0K->1024.0K Heap: 88.1M(100.0M)->39.2M(100.0M)]
 [Times: user=0.01 sys=0.00, real=0.01 secs] 
44.129: [GC pause (G1 Evacuation Pause) (young), 0.0030876 secs]
   [Parallel Time: 2.1 ms, GC Workers: 4]
      [GC Worker Start (ms): Min: 44129.0, Avg: 44129.5, Max: 44131.0, Diff: 2.0]
      [Ext Root Scanning (ms): Min: 0.0, Avg: 0.6, Max: 0.8, Diff: 0.8, Sum: 2.4]
      [Update RS (ms): Min: 0.0, Avg: 0.3, Max: 0.5, Diff: 0.5, Sum: 1.3]
         [Processed Buffers: Min: 0, Avg: 28.8, Max: 52, Diff: 52, Sum: 115]
      [Scan RS (ms): Min: 0.0, Avg: 0.0, Max: 0.0, Diff: 0.0, Sum: 0.0]
      [Code Root Scanning (ms): Min: 0.0, Avg: 0.0, Max: 0.0, Diff: 0.0, Sum: 0.0]
      [Object Copy (ms): Min: 0.0, Avg: 0.2, Max: 0.3, Diff: 0.3, Sum: 0.7]
      [Termination (ms): Min: 0.0, Avg: 0.4, Max: 0.6, Diff: 0.6, Sum: 1.7]
         [Termination Attempts: Min: 1, Avg: 1.0, Max: 1, Diff: 0, Sum: 4]
      [GC Worker Other (ms): Min: 0.0, Avg: 0.0, Max: 0.0, Diff: 0.0, Sum: 0.0]
      [GC Worker Total (ms): Min: 0.0, Avg: 1.5, Max: 2.1, Diff: 2.0, Sum: 6.2]
      [GC Worker End (ms): Min: 44131.0, Avg: 44131.0, Max: 44131.1, Diff: 0.0]
   [Code Root Fixup: 0.1 ms]
   [Code Root Purge: 0.0 ms]
   [Clear CT: 0.0 ms]
   [Other: 0.9 ms]
      [Choose CSet: 0.0 ms]
      [Ref Proc: 0.7 ms]
      [Ref Enq: 0.0 ms]
      [Redirty Cards: 0.0 ms]
      [Humongous Register: 0.0 ms]
      [Humongous Reclaim: 0.0 ms]
      [Free CSet: 0.0 ms]
   [Eden: 49.0M(49.0M)->0.0B(49.0M) Survivors: 1024.0K->1024.0K Heap: 88.2M(100.0M)->39.2M(100.0M)]
 [Times: user=0.01 sys=0.00, real=0.00 secs] 
44.212: [GC pause (G1 Evacuation Pause) (young), 0.0050943 secs]
   [Parallel Time: 3.5 ms, GC Workers: 4]
      [GC Worker Start (ms): Min: 44212.4, Avg: 44214.0, Max: 44215.9, Diff: 3.5]
      [Ext Root Scanning (ms): Min: 0.0, Avg: 0.6, Max: 1.3, Diff: 1.3, Sum: 2.4]
      [Update RS (ms): Min: 0.0, Avg: 0.3, Max: 0.7, Diff: 0.7, Sum: 1.3]
         [Processed Buffers: Min: 0, Avg: 27.2, Max: 74, Diff: 74, Sum: 109]
      [Scan RS (ms): Min: 0.0, Avg: 0.0, Max: 0.0, Diff: 0.0, Sum: 0.0]
      [Code Root Scanning (ms): Min: 0.0, Avg: 0.0, Max: 0.0, Diff: 0.0, Sum: 0.0]
      [Object Copy (ms): Min: 0.0, Avg: 0.2, Max: 0.4, Diff: 0.4, Sum: 0.7]
      [Termination (ms): Min: 0.0, Avg: 0.8, Max: 1.3, Diff: 1.3, Sum: 3.2]
         [Termination Attempts: Min: 1, Avg: 1.0, Max: 1, Diff: 0, Sum: 4]
      [GC Worker Other (ms): Min: 0.0, Avg: 0.0, Max: 0.0, Diff: 0.0, Sum: 0.0]
      [GC Worker Total (ms): Min: 0.0, Avg: 1.9, Max: 3.5, Diff: 3.5, Sum: 7.6]
      [GC Worker End (ms): Min: 44215.9, Avg: 44215.9, Max: 44215.9, Diff: 0.0]
   [Code Root Fixup: 0.1 ms]
   [Code Root Purge: 0.0 ms]
   [Clear CT: 0.0 ms]
   [Other: 1.4 ms]
      [Choose CSet: 0.0 ms]
      [Ref Proc: 1.2 ms]
      [Ref Enq: 0.0 ms]
      [Redirty Cards: 0.0 ms]
      [Humongous Register: 0.0 ms]
      [Humongous Reclaim: 0.0 ms]
      [Free CSet: 0.0 ms]
   [Eden: 49.0M(49.0M)->0.0B(49.0M) Survivors: 1024.0K->1024.0K Heap: 88.2M(100.0M)->39.1M(100.0M)]
 [Times: user=0.01 sys=0.00, real=0.01 secs] 
44.292: [GC pause (G1 Evacuation Pause) (young), 0.0031752 secs]
   [Parallel Time: 2.2 ms, GC Workers: 4]
      [GC Worker Start (ms): Min: 44292.4, Avg: 44293.0, Max: 44294.5, Diff: 2.1]
      [Ext Root Scanning (ms): Min: 0.0, Avg: 0.6, Max: 0.9, Diff: 0.9, Sum: 2.5]
      [Update RS (ms): Min: 0.0, Avg: 0.3, Max: 0.4, Diff: 0.4, Sum: 1.3]
         [Processed Buffers: Min: 0, Avg: 25.5, Max: 51, Diff: 51, Sum: 102]
      [Scan RS (ms): Min: 0.0, Avg: 0.0, Max: 0.0, Diff: 0.0, Sum: 0.0]
      [Code Root Scanning (ms): Min: 0.0, Avg: 0.0, Max: 0.0, Diff: 0.0, Sum: 0.0]
      [Object Copy (ms): Min: 0.0, Avg: 0.2, Max: 0.3, Diff: 0.3, Sum: 0.7]
      [Termination (ms): Min: 0.0, Avg: 0.5, Max: 0.6, Diff: 0.6, Sum: 1.8]
         [Termination Attempts: Min: 1, Avg: 1.0, Max: 1, Diff: 0, Sum: 4]
      [GC Worker Other (ms): Min: 0.0, Avg: 0.0, Max: 0.0, Diff: 0.0, Sum: 0.0]
      [GC Worker Total (ms): Min: 0.0, Avg: 1.6, Max: 2.1, Diff: 2.1, Sum: 6.4]
      [GC Worker End (ms): Min: 44294.5, Avg: 44294.6, Max: 44294.6, Diff: 0.0]
   [Code Root Fixup: 0.1 ms]
   [Code Root Purge: 0.0 ms]
   [Clear CT: 0.0 ms]
   [Other: 0.8 ms]
      [Choose CSet: 0.0 ms]
      [Ref Proc: 0.6 ms]
      [Ref Enq: 0.0 ms]
      [Redirty Cards: 0.0 ms]
      [Humongous Register: 0.0 ms]
      [Humongous Reclaim: 0.0 ms]
      [Free CSet: 0.0 ms]
   [Eden: 49.0M(49.0M)->0.0B(49.0M) Survivors: 1024.0K->1024.0K Heap: 88.1M(100.0M)->39.2M(100.0M)]
 [Times: user=0.01 sys=0.00, real=0.01 secs] 
44.376: [GC pause (G1 Evacuation Pause) (young), 0.0037938 secs]
   [Parallel Time: 2.9 ms, GC Workers: 4]
      [GC Worker Start (ms): Min: 44376.3, Avg: 44376.5, Max: 44376.6, Diff: 0.3]
      [Ext Root Scanning (ms): Min: 0.6, Avg: 1.1, Max: 2.6, Diff: 2.0, Sum: 4.5]
      [Update RS (ms): Min: 0.0, Avg: 0.3, Max: 0.5, Diff: 0.5, Sum: 1.4]
         [Processed Buffers: Min: 0, Avg: 27.5, Max: 50, Diff: 50, Sum: 110]
      [Scan RS (ms): Min: 0.0, Avg: 0.0, Max: 0.0, Diff: 0.0, Sum: 0.0]
      [Code Root Scanning (ms): Min: 0.0, Avg: 0.0, Max: 0.0, Diff: 0.0, Sum: 0.0]
      [Object Copy (ms): Min: 0.0, Avg: 0.2, Max: 0.3, Diff: 0.3, Sum: 0.8]
      [Termination (ms): Min: 0.0, Avg: 0.8, Max: 1.2, Diff: 1.2, Sum: 3.1]
         [Termination Attempts: Min: 1, Avg: 1.0, Max: 1, Diff: 0, Sum: 4]
      [GC Worker Other (ms): Min: 0.0, Avg: 0.0, Max: 0.0, Diff: 0.0, Sum: 0.0]
      [GC Worker Total (ms): Min: 2.3, Avg: 2.5, Max: 2.7, Diff: 0.3, Sum: 9.8]
      [GC Worker End (ms): Min: 44378.9, Avg: 44379.0, Max: 44379.1, Diff: 0.2]
   [Code Root Fixup: 0.1 ms]
   [Code Root Purge: 0.0 ms]
   [Clear CT: 0.0 ms]
   [Other: 0.8 ms]
      [Choose CSet: 0.0 ms]
      [Ref Proc: 0.6 ms]
      [Ref Enq: 0.0 ms]
      [Redirty Cards: 0.0 ms]
      [Humongous Register: 0.0 ms]
      [Humongous Reclaim: 0.0 ms]
      [Free CSet: 0.0 ms]
   [Eden: 49.0M(49.0M)->0.0B(49.0M) Survivors: 1024.0K->1024.0K Heap: 88.2M(100.0M)->39.2M(100.0M)]
 [Times: user=0.01 sys=0.00, real=0.00 secs] 
44.456: [GC pause (G1 Evacuation Pause) (young), 0.0030152 secs]
   [Parallel Time: 2.1 ms, GC Workers: 4]
      [GC Worker Start (ms): Min: 44456.2, Avg: 44456.8, Max: 44458.3, Diff: 2.0]
      [Ext Root Scanning (ms): Min: 0.0, Avg: 0.6, Max: 0.8, Diff: 0.8, Sum: 2.3]
      [Update RS (ms): Min: 0.0, Avg: 0.3, Max: 0.4, Diff: 0.4, Sum: 1.3]
         [Processed Buffers: Min: 0, Avg: 27.8, Max: 41, Diff: 41, Sum: 111]
      [Scan RS (ms): Min: 0.0, Avg: 0.0, Max: 0.0, Diff: 0.0, Sum: 0.0]
      [Code Root Scanning (ms): Min: 0.0, Avg: 0.0, Max: 0.0, Diff: 0.0, Sum: 0.0]
      [Object Copy (ms): Min: 0.0, Avg: 0.2, Max: 0.3, Diff: 0.3, Sum: 0.7]
      [Termination (ms): Min: 0.0, Avg: 0.4, Max: 0.6, Diff: 0.6, Sum: 1.7]
         [Termination Attempts: Min: 1, Avg: 1.0, Max: 1, Diff: 0, Sum: 4]
      [GC Worker Other (ms): Min: 0.0, Avg: 0.0, Max: 0.0, Diff: 0.0, Sum: 0.0]
      [GC Worker Total (ms): Min: 0.0, Avg: 1.5, Max: 2.0, Diff: 2.0, Sum: 6.1]
      [GC Worker End (ms): Min: 44458.3, Avg: 44458.3, Max: 44458.3, Diff: 0.0]
   [Code Root Fixup: 0.1 ms]
   [Code Root Purge: 0.0 ms]
   [Clear CT: 0.0 ms]
   [Other: 0.8 ms]
      [Choose CSet: 0.0 ms]
      [Ref Proc: 0.6 ms]
      [Ref Enq: 0.0 ms]
      [Redirty Cards: 0.0 ms]
      [Humongous Register: 0.0 ms]
      [Humongous Reclaim: 0.0 ms]
      [Free CSet: 0.0 ms]
   [Eden: 49.0M(49.0M)->0.0B(49.0M) Survivors: 1024.0K->1024.0K Heap: 88.2M(100.0M)->39.2M(100.0M)]
 [Times: user=0.01 sys=0.00, real=0.00 secs] 
44.531: [GC pause (G1 Evacuation Pause) (young), 0.0026034 secs]
   [Parallel Time: 1.4 ms, GC Workers: 4]
      [GC Worker Start (ms): Min: 44531.4, Avg: 44531.5, Max: 44531.6, Diff: 0.2]
      [Ext Root Scanning (ms): Min: 0.6, Avg: 0.7, Max: 0.9, Diff: 0.3, Sum: 2.8]
      [Update RS (ms): Min: 0.3, Avg: 0.3, Max: 0.4, Diff: 0.1, Sum: 1.4]
         [Processed Buffers: Min: 18, Avg: 27.2, Max: 41, Diff: 23, Sum: 109]
      [Scan RS (ms): Min: 0.0, Avg: 0.0, Max: 0.0, Diff: 0.0, Sum: 0.0]
      [Code Root Scanning (ms): Min: 0.0, Avg: 0.0, Max: 0.0, Diff: 0.0, Sum: 0.0]
      [Object Copy (ms): Min: 0.2, Avg: 0.2, Max: 0.3, Diff: 0.1, Sum: 0.9]
      [Termination (ms): Min: 0.0, Avg: 0.0, Max: 0.0, Diff: 0.0, Sum: 0.0]
         [Termination Attempts: Min: 1, Avg: 1.0, Max: 1, Diff: 0, Sum: 4]
      [GC Worker Other (ms): Min: 0.0, Avg: 0.0, Max: 0.0, Diff: 0.0, Sum: 0.1]
      [GC Worker Total (ms): Min: 1.3, Avg: 1.3, Max: 1.4, Diff: 0.1, Sum: 5.2]
      [GC Worker End (ms): Min: 44532.8, Avg: 44532.8, Max: 44532.8, Diff: 0.0]
   [Code Root Fixup: 0.1 ms]
   [Code Root Purge: 0.0 ms]
   [Clear CT: 0.1 ms]
   [Other: 1.0 ms]
      [Choose CSet: 0.0 ms]
      [Ref Proc: 0.8 ms]
      [Ref Enq: 0.0 ms]
      [Redirty Cards: 0.0 ms]
      [Humongous Register: 0.0 ms]
      [Humongous Reclaim: 0.0 ms]
      [Free CSet: 0.0 ms]
   [Eden: 49.0M(49.0M)->0.0B(48.0M) Survivors: 1024.0K->1024.0K Heap: 88.2M(100.0M)->39.2M(100.0M)]
 [Times: user=0.00 sys=0.00, real=0.01 secs] 
44.608: [GC pause (G1 Evacuation Pause) (young), 0.0039258 secs]
   [Parallel Time: 2.8 ms, GC Workers: 4]
      [GC Worker Start (ms): Min: 44608.2, Avg: 44609.2, Max: 44610.8, Diff: 2.6]
      [Ext Root Scanning (ms): Min: 0.0, Avg: 0.6, Max: 1.2, Diff: 1.2, Sum: 2.5]
      [Update RS (ms): Min: 0.0, Avg: 0.3, Max: 0.5, Diff: 0.5, Sum: 1.4]
         [Processed Buffers: Min: 0, Avg: 27.8, Max: 42, Diff: 42, Sum: 111]
      [Scan RS (ms): Min: 0.0, Avg: 0.0, Max: 0.0, Diff: 0.0, Sum: 0.0]
      [Code Root Scanning (ms): Min: 0.0, Avg: 0.0, Max: 0.0, Diff: 0.0, Sum: 0.0]
      [Object Copy (ms): Min: 0.0, Avg: 0.2, Max: 0.3, Diff: 0.3, Sum: 0.8]
      [Termination (ms): Min: 0.0, Avg: 0.5, Max: 0.7, Diff: 0.7, Sum: 2.0]
         [Termination Attempts: Min: 1, Avg: 1.0, Max: 1, Diff: 0, Sum: 4]
      [GC Worker Other (ms): Min: 0.0, Avg: 0.0, Max: 0.0, Diff: 0.0, Sum: 0.0]
      [GC Worker Total (ms): Min: 0.0, Avg: 1.7, Max: 2.7, Diff: 2.7, Sum: 6.7]
      [GC Worker End (ms): Min: 44610.8, Avg: 44610.9, Max: 44610.9, Diff: 0.1]
   [Code Root Fixup: 0.2 ms]
   [Code Root Purge: 0.0 ms]
   [Clear CT: 0.1 ms]
   [Other: 0.9 ms]
      [Choose CSet: 0.0 ms]
      [Ref Proc: 0.7 ms]
      [Ref Enq: 0.0 ms]
      [Redirty Cards: 0.0 ms]
      [Humongous Register: 0.0 ms]
      [Humongous Reclaim: 0.0 ms]
      [Free CSet: 0.0 ms]
   [Eden: 48.0M(48.0M)->0.0B(48.0M) Survivors: 1024.0K->1024.0K Heap: 87.2M(100.0M)->39.2M(100.0M)]
 [Times: user=0.02 sys=0.01, real=0.00 secs] 
44.690: [GC pause (G1 Evacuation Pause) (young), 0.0058079 secs]
   [Parallel Time: 4.4 ms, GC Workers: 4]
      [GC Worker Start (ms): Min: 44690.3, Avg: 44692.1, Max: 44694.6, Diff: 4.3]
      [Ext Root Scanning (ms): Min: 0.0, Avg: 0.6, Max: 1.7, Diff: 1.7, Sum: 2.3]
      [Update RS (ms): Min: 0.0, Avg: 1.1, Max: 1.8, Diff: 1.8, Sum: 4.3]
         [Processed Buffers: Min: 0, Avg: 29.8, Max: 65, Diff: 65, Sum: 119]
      [Scan RS (ms): Min: 0.0, Avg: 0.0, Max: 0.0, Diff: 0.0, Sum: 0.0]
      [Code Root Scanning (ms): Min: 0.0, Avg: 0.0, Max: 0.0, Diff: 0.0, Sum: 0.0]
      [Object Copy (ms): Min: 0.0, Avg: 0.4, Max: 1.0, Diff: 1.0, Sum: 1.5]
      [Termination (ms): Min: 0.0, Avg: 0.5, Max: 0.7, Diff: 0.7, Sum: 1.9]
         [Termination Attempts: Min: 1, Avg: 1.0, Max: 1, Diff: 0, Sum: 4]
      [GC Worker Other (ms): Min: 0.0, Avg: 0.0, Max: 0.0, Diff: 0.0, Sum: 0.0]
      [GC Worker Total (ms): Min: 0.0, Avg: 2.6, Max: 4.4, Diff: 4.4, Sum: 10.2]
      [GC Worker End (ms): Min: 44694.6, Avg: 44694.7, Max: 44694.7, Diff: 0.1]
   [Code Root Fixup: 0.1 ms]
   [Code Root Purge: 0.0 ms]
   [Clear CT: 0.0 ms]
   [Other: 1.2 ms]
      [Choose CSet: 0.0 ms]
      [Ref Proc: 1.0 ms]
      [Ref Enq: 0.0 ms]
      [Redirty Cards: 0.0 ms]
      [Humongous Register: 0.0 ms]
      [Humongous Reclaim: 0.0 ms]
      [Free CSet: 0.0 ms]
   [Eden: 48.0M(48.0M)->0.0B(48.0M) Survivors: 1024.0K->1024.0K Heap: 87.2M(100.0M)->39.2M(100.0M)]
 [Times: user=0.02 sys=0.00, real=0.01 secs] 
44.776: [GC pause (G1 Evacuation Pause) (young), 0.0041326 secs]
   [Parallel Time: 2.6 ms, GC Workers: 4]
      [GC Worker Start (ms): Min: 44776.3, Avg: 44777.6, Max: 44778.7, Diff: 2.5]
      [Ext Root Scanning (ms): Min: 0.0, Avg: 0.5, Max: 1.2, Diff: 1.2, Sum: 2.1]
      [Update RS (ms): Min: 0.0, Avg: 0.3, Max: 0.5, Diff: 0.5, Sum: 1.1]
         [Processed Buffers: Min: 0, Avg: 27.2, Max: 66, Diff: 66, Sum: 109]
      [Scan RS (ms): Min: 0.0, Avg: 0.0, Max: 0.0, Diff: 0.0, Sum: 0.0]
      [Code Root Scanning (ms): Min: 0.0, Avg: 0.0, Max: 0.0, Diff: 0.0, Sum: 0.0]
      [Object Copy (ms): Min: 0.0, Avg: 0.1, Max: 0.3, Diff: 0.3, Sum: 0.5]
      [Termination (ms): Min: 0.0, Avg: 0.3, Max: 0.6, Diff: 0.6, Sum: 1.3]
         [Termination Attempts: Min: 1, Avg: 1.0, Max: 1, Diff: 0, Sum: 4]
      [GC Worker Other (ms): Min: 0.0, Avg: 0.0, Max: 0.0, Diff: 0.0, Sum: 0.0]
      [GC Worker Total (ms): Min: 0.0, Avg: 1.3, Max: 2.6, Diff: 2.6, Sum: 5.1]
      [GC Worker End (ms): Min: 44778.8, Avg: 44778.8, Max: 44778.9, Diff: 0.1]
   [Code Root Fixup: 0.1 ms]
   [Code Root Purge: 0.0 ms]
   [Clear CT: 0.0 ms]
   [Other: 1.4 ms]
      [Choose CSet: 0.0 ms]
      [Ref Proc: 1.2 ms]
      [Ref Enq: 0.0 ms]
      [Redirty Cards: 0.0 ms]
      [Humongous Register: 0.0 ms]
      [Humongous Reclaim: 0.0 ms]
      [Free CSet: 0.0 ms]
   [Eden: 48.0M(48.0M)->0.0B(48.0M) Survivors: 1024.0K->1024.0K Heap: 87.2M(100.0M)->39.2M(100.0M)]
 [Times: user=0.01 sys=0.00, real=0.00 secs] 
Heap
 garbage-first heap   total 102400K, used 57505K [0x00000007b9c00000, 0x00000007b9d00320, 0x00000007c0000000)
  region size 1024K, 19 young (19456K), 1 survivors (1024K)
 Metaspace       used 36438K, capacity 38182K, committed 38396K, reserved 1083392K
  class space    used 4538K, capacity 4858K, committed 4912K, reserved 1048576K
