Java HotSpot(TM) 64-Bit Server VM (25.131-b11) for bsd-amd64 JRE (1.8.0_131-b11), built on Mar 15 2017 01:32:22 by "java_re" with gcc 4.2.1 (Based on Apple Inc. build 5658) (LLVM build 2336.11.00)
Memory: 4k page, physical 8388608k(665412k free)

/proc/meminfo:

CommandLine flags: -XX:InitialHeapSize=1073741824 -XX:MaxHeapSize=1073741824 -XX:+PrintGC -XX:+PrintGCDetails -XX:+PrintGCTimeStamps -XX:+UseCompressedClassPointers -XX:+UseCompressedOops -XX:+UseG1GC 
0.567: [GC pause (G1 Evacuation Pause) (young), 0.0053657 secs]
   [Parallel Time: 3.5 ms, GC Workers: 4]
      [GC Worker Start (ms): Min: 567.0, Avg: 567.0, Max: 567.0, Diff: 0.0]
      [Ext Root Scanning (ms): Min: 0.2, Avg: 0.4, Max: 0.8, Diff: 0.6, Sum: 1.5]
      [Update RS (ms): Min: 0.0, Avg: 0.0, Max: 0.0, Diff: 0.0, Sum: 0.0]
         [Processed Buffers: Min: 0, Avg: 0.0, Max: 0, Diff: 0, Sum: 0]
      [Scan RS (ms): Min: 0.0, Avg: 0.0, Max: 0.0, Diff: 0.0, Sum: 0.0]
      [Code Root Scanning (ms): Min: 0.0, Avg: 0.5, Max: 1.8, Diff: 1.8, Sum: 2.1]
      [Object Copy (ms): Min: 1.0, Avg: 2.2, Max: 2.9, Diff: 1.9, Sum: 8.8]
      [Termination (ms): Min: 0.0, Avg: 0.2, Max: 0.4, Diff: 0.4, Sum: 0.9]
         [Termination Attempts: Min: 1, Avg: 1.5, Max: 3, Diff: 2, Sum: 6]
      [GC Worker Other (ms): Min: 0.0, Avg: 0.0, Max: 0.0, Diff: 0.0, Sum: 0.0]
      [GC Worker Total (ms): Min: 3.2, Avg: 3.4, Max: 3.4, Diff: 0.2, Sum: 13.4]
      [GC Worker End (ms): Min: 570.3, Avg: 570.3, Max: 570.4, Diff: 0.2]
   [Code Root Fixup: 0.2 ms]
   [Code Root Purge: 0.0 ms]
   [Clear CT: 0.0 ms]
   [Other: 1.6 ms]
      [Choose CSet: 0.0 ms]
      [Ref Proc: 1.3 ms]
      [Ref Enq: 0.0 ms]
      [Redirty Cards: 0.0 ms]
      [Humongous Register: 0.0 ms]
      [Humongous Reclaim: 0.0 ms]
      [Free CSet: 0.1 ms]
   [Eden: 51.0M(51.0M)->0.0B(54.0M) Survivors: 0.0B->4096.0K Heap: 51.0M(1024.0M)->3630.3K(1024.0M)]
 [Times: user=0.02 sys=0.00, real=0.01 secs] 
0.739: [GC pause (G1 Evacuation Pause) (young), 0.0048918 secs]
   [Parallel Time: 3.5 ms, GC Workers: 4]
      [GC Worker Start (ms): Min: 739.0, Avg: 739.0, Max: 739.0, Diff: 0.1]
      [Ext Root Scanning (ms): Min: 0.2, Avg: 0.5, Max: 1.0, Diff: 0.8, Sum: 2.0]
      [Update RS (ms): Min: 0.0, Avg: 0.0, Max: 0.0, Diff: 0.0, Sum: 0.0]
         [Processed Buffers: Min: 0, Avg: 0.0, Max: 0, Diff: 0, Sum: 0]
      [Scan RS (ms): Min: 0.0, Avg: 0.0, Max: 0.0, Diff: 0.0, Sum: 0.0]
      [Code Root Scanning (ms): Min: 0.0, Avg: 0.2, Max: 0.9, Diff: 0.9, Sum: 1.0]
      [Object Copy (ms): Min: 2.2, Avg: 2.7, Max: 3.2, Diff: 0.9, Sum: 10.7]
      [Termination (ms): Min: 0.0, Avg: 0.0, Max: 0.0, Diff: 0.0, Sum: 0.0]
         [Termination Attempts: Min: 1, Avg: 1.2, Max: 2, Diff: 1, Sum: 5]
      [GC Worker Other (ms): Min: 0.0, Avg: 0.0, Max: 0.0, Diff: 0.0, Sum: 0.0]
      [GC Worker Total (ms): Min: 3.4, Avg: 3.4, Max: 3.5, Diff: 0.1, Sum: 13.8]
      [GC Worker End (ms): Min: 742.5, Avg: 742.5, Max: 742.5, Diff: 0.0]
   [Code Root Fixup: 0.2 ms]
   [Code Root Purge: 0.0 ms]
   [Clear CT: 0.0 ms]
   [Other: 1.2 ms]
      [Choose CSet: 0.0 ms]
      [Ref Proc: 1.0 ms]
      [Ref Enq: 0.0 ms]
      [Redirty Cards: 0.0 ms]
      [Humongous Register: 0.0 ms]
      [Humongous Reclaim: 0.0 ms]
      [Free CSet: 0.1 ms]
   [Eden: 54.0M(54.0M)->0.0B(609.0M) Survivors: 4096.0K->5120.0K Heap: 57.5M(1024.0M)->5120.0K(1024.0M)]
 [Times: user=0.01 sys=0.00, real=0.01 secs] 
1.276: [GC pause (Metadata GC Threshold) (young) (initial-mark), 0.0130482 secs]
   [Parallel Time: 8.0 ms, GC Workers: 4]
      [GC Worker Start (ms): Min: 1276.2, Avg: 1276.2, Max: 1276.3, Diff: 0.0]
      [Ext Root Scanning (ms): Min: 1.5, Avg: 1.9, Max: 2.0, Diff: 0.5, Sum: 7.5]
      [Update RS (ms): Min: 0.0, Avg: 0.0, Max: 0.0, Diff: 0.0, Sum: 0.0]
         [Processed Buffers: Min: 0, Avg: 0.0, Max: 0, Diff: 0, Sum: 0]
      [Scan RS (ms): Min: 0.0, Avg: 0.0, Max: 0.0, Diff: 0.0, Sum: 0.1]
      [Code Root Scanning (ms): Min: 0.1, Avg: 0.4, Max: 0.7, Diff: 0.6, Sum: 1.6]
      [Object Copy (ms): Min: 4.8, Avg: 5.4, Max: 6.0, Diff: 1.2, Sum: 21.4]
      [Termination (ms): Min: 0.0, Avg: 0.2, Max: 0.4, Diff: 0.4, Sum: 0.9]
         [Termination Attempts: Min: 1, Avg: 4.0, Max: 8, Diff: 7, Sum: 16]
      [GC Worker Other (ms): Min: 0.0, Avg: 0.0, Max: 0.0, Diff: 0.0, Sum: 0.0]
      [GC Worker Total (ms): Min: 7.8, Avg: 7.9, Max: 8.0, Diff: 0.2, Sum: 31.6]
      [GC Worker End (ms): Min: 1284.1, Avg: 1284.2, Max: 1284.2, Diff: 0.2]
   [Code Root Fixup: 0.3 ms]
   [Code Root Purge: 0.0 ms]
   [Clear CT: 0.1 ms]
   [Other: 4.6 ms]
      [Choose CSet: 0.0 ms]
      [Ref Proc: 4.2 ms]
      [Ref Enq: 0.0 ms]
      [Redirty Cards: 0.1 ms]
      [Humongous Register: 0.0 ms]
      [Humongous Reclaim: 0.0 ms]
      [Free CSet: 0.1 ms]
   [Eden: 172.0M(609.0M)->0.0B(457.0M) Survivors: 5120.0K->12.0M Heap: 177.0M(1024.0M)->12.0M(1024.0M)]
 [Times: user=0.03 sys=0.00, real=0.01 secs] 
1.289: [GC concurrent-root-region-scan-start]
1.298: [GC concurrent-root-region-scan-end, 0.0083855 secs]
1.298: [GC concurrent-mark-start]
1.298: [GC concurrent-mark-end, 0.0001828 secs]
1.298: [GC remark 1.298: [Finalize Marking, 0.0000635 secs] 1.298: [GC ref-proc, 0.0000528 secs] 1.298: [Unloading, 0.0024684 secs], 0.0027533 secs]
 [Times: user=0.01 sys=0.00, real=0.01 secs] 
1.301: [GC cleanup 13M->13M(1024M), 0.0005905 secs]
 [Times: user=0.00 sys=0.00, real=0.00 secs] 
12.840: [GC pause (G1 Evacuation Pause) (young), 0.0270484 secs]
   [Parallel Time: 20.5 ms, GC Workers: 4]
      [GC Worker Start (ms): Min: 12840.4, Avg: 12840.4, Max: 12840.4, Diff: 0.0]
      [Ext Root Scanning (ms): Min: 1.0, Avg: 1.7, Max: 3.4, Diff: 2.3, Sum: 6.6]
      [Update RS (ms): Min: 0.0, Avg: 0.0, Max: 0.0, Diff: 0.0, Sum: 0.0]
         [Processed Buffers: Min: 0, Avg: 0.0, Max: 0, Diff: 0, Sum: 0]
      [Scan RS (ms): Min: 0.0, Avg: 0.1, Max: 0.1, Diff: 0.1, Sum: 0.3]
      [Code Root Scanning (ms): Min: 0.0, Avg: 1.2, Max: 2.1, Diff: 2.1, Sum: 4.9]
      [Object Copy (ms): Min: 16.4, Avg: 17.1, Max: 18.0, Diff: 1.6, Sum: 68.6]
      [Termination (ms): Min: 0.0, Avg: 0.3, Max: 0.6, Diff: 0.6, Sum: 1.2]
         [Termination Attempts: Min: 1, Avg: 13.2, Max: 22, Diff: 21, Sum: 53]
      [GC Worker Other (ms): Min: 0.0, Avg: 0.0, Max: 0.0, Diff: 0.0, Sum: 0.0]
      [GC Worker Total (ms): Min: 20.4, Avg: 20.4, Max: 20.4, Diff: 0.0, Sum: 81.7]
      [GC Worker End (ms): Min: 12860.8, Avg: 12860.8, Max: 12860.8, Diff: 0.0]
   [Code Root Fixup: 0.9 ms]
   [Code Root Purge: 0.0 ms]
   [Clear CT: 0.2 ms]
   [Other: 5.5 ms]
      [Choose CSet: 0.0 ms]
      [Ref Proc: 4.8 ms]
      [Ref Enq: 0.0 ms]
      [Redirty Cards: 0.0 ms]
      [Humongous Register: 0.0 ms]
      [Humongous Reclaim: 0.0 ms]
      [Free CSet: 0.4 ms]
   [Eden: 457.0M(457.0M)->0.0B(450.0M) Survivors: 12.0M->25.0M Heap: 469.0M(1024.0M)->25.0M(1024.0M)]
 [Times: user=0.07 sys=0.01, real=0.02 secs] 
12.947: [GC pause (Metadata GC Threshold) (young) (initial-mark), 0.0201926 secs]
   [Parallel Time: 17.7 ms, GC Workers: 4]
      [GC Worker Start (ms): Min: 12947.3, Avg: 12947.5, Max: 12947.8, Diff: 0.5]
      [Ext Root Scanning (ms): Min: 1.8, Avg: 2.2, Max: 2.5, Diff: 0.7, Sum: 8.9]
      [Update RS (ms): Min: 0.0, Avg: 0.0, Max: 0.0, Diff: 0.0, Sum: 0.0]
         [Processed Buffers: Min: 0, Avg: 0.0, Max: 0, Diff: 0, Sum: 0]
      [Scan RS (ms): Min: 0.0, Avg: 0.0, Max: 0.0, Diff: 0.0, Sum: 0.0]
      [Code Root Scanning (ms): Min: 0.0, Avg: 1.0, Max: 1.9, Diff: 1.9, Sum: 4.1]
      [Object Copy (ms): Min: 12.7, Avg: 13.8, Max: 14.7, Diff: 2.0, Sum: 55.1]
      [Termination (ms): Min: 0.0, Avg: 0.4, Max: 0.6, Diff: 0.6, Sum: 1.7]
         [Termination Attempts: Min: 1, Avg: 4.0, Max: 7, Diff: 6, Sum: 16]
      [GC Worker Other (ms): Min: 0.0, Avg: 0.0, Max: 0.0, Diff: 0.0, Sum: 0.0]
      [GC Worker Total (ms): Min: 17.1, Avg: 17.5, Max: 17.6, Diff: 0.5, Sum: 69.9]
      [GC Worker End (ms): Min: 12964.9, Avg: 12965.0, Max: 12965.0, Diff: 0.0]
   [Code Root Fixup: 1.0 ms]
   [Code Root Purge: 0.0 ms]
   [Clear CT: 0.1 ms]
   [Other: 1.4 ms]
      [Choose CSet: 0.0 ms]
      [Ref Proc: 0.9 ms]
      [Ref Enq: 0.0 ms]
      [Redirty Cards: 0.0 ms]
      [Humongous Register: 0.0 ms]
      [Humongous Reclaim: 0.0 ms]
      [Free CSet: 0.2 ms]
   [Eden: 47.0M(450.0M)->0.0B(246.0M) Survivors: 25.0M->28.0M Heap: 72.0M(1024.0M)->28.0M(1024.0M)]
 [Times: user=0.08 sys=0.00, real=0.02 secs] 
12.968: [GC concurrent-root-region-scan-start]
13.012: [GC concurrent-root-region-scan-end, 0.0446164 secs]
13.012: [GC concurrent-mark-start]
13.030: [GC concurrent-mark-end, 0.0178670 secs]
13.030: [GC remark 13.030: [Finalize Marking, 0.0006987 secs] 13.031: [GC ref-proc, 0.0000871 secs] 13.031: [Unloading, 0.0065150 secs], 0.0075002 secs]
 [Times: user=0.02 sys=0.00, real=0.00 secs] 
13.038: [GC cleanup 55M->55M(1024M), 0.0011377 secs]
 [Times: user=0.00 sys=0.00, real=0.01 secs] 
15.149: [GC pause (G1 Evacuation Pause) (young) (initial-mark), 0.0263494 secs]
   [Parallel Time: 24.4 ms, GC Workers: 4]
      [GC Worker Start (ms): Min: 15148.8, Avg: 15148.9, Max: 15148.9, Diff: 0.1]
      [Ext Root Scanning (ms): Min: 4.4, Avg: 4.5, Max: 4.5, Diff: 0.1, Sum: 17.9]
      [Update RS (ms): Min: 0.0, Avg: 0.0, Max: 0.0, Diff: 0.0, Sum: 0.0]
         [Processed Buffers: Min: 0, Avg: 0.0, Max: 0, Diff: 0, Sum: 0]
      [Scan RS (ms): Min: 0.0, Avg: 0.0, Max: 0.1, Diff: 0.1, Sum: 0.1]
      [Code Root Scanning (ms): Min: 0.0, Avg: 1.1, Max: 1.7, Diff: 1.7, Sum: 4.6]
      [Object Copy (ms): Min: 18.1, Avg: 18.6, Max: 19.7, Diff: 1.7, Sum: 74.6]
      [Termination (ms): Min: 0.0, Avg: 0.0, Max: 0.0, Diff: 0.0, Sum: 0.0]
         [Termination Attempts: Min: 1, Avg: 4.8, Max: 7, Diff: 6, Sum: 19]
      [GC Worker Other (ms): Min: 0.0, Avg: 0.0, Max: 0.0, Diff: 0.0, Sum: 0.1]
      [GC Worker Total (ms): Min: 24.3, Avg: 24.3, Max: 24.3, Diff: 0.1, Sum: 97.3]
      [GC Worker End (ms): Min: 15173.2, Avg: 15173.2, Max: 15173.2, Diff: 0.0]
   [Code Root Fixup: 0.8 ms]
   [Code Root Purge: 0.0 ms]
   [Clear CT: 0.1 ms]
   [Other: 1.0 ms]
      [Choose CSet: 0.0 ms]
      [Ref Proc: 0.4 ms]
      [Ref Enq: 0.0 ms]
      [Redirty Cards: 0.1 ms]
      [Humongous Register: 0.0 ms]
      [Humongous Reclaim: 0.0 ms]
      [Free CSet: 0.4 ms]
   [Eden: 246.0M(246.0M)->0.0B(410.0M) Survivors: 28.0M->11.0M Heap: 274.0M(1024.0M)->28.3M(1024.0M)]
 [Times: user=0.08 sys=0.02, real=0.03 secs] 
15.175: [GC concurrent-root-region-scan-start]
15.183: [GC concurrent-root-region-scan-end, 0.0079534 secs]
15.183: [GC concurrent-mark-start]
15.974: [GC concurrent-mark-end, 0.7903646 secs]
15.975: [GC remark 15.975: [Finalize Marking, 0.0003145 secs] 15.975: [GC ref-proc, 0.0001111 secs] 15.976: [Unloading, 0.0052579 secs], 0.0059904 secs]
 [Times: user=0.02 sys=0.00, real=0.01 secs] 
15.982: [GC cleanup 134M->134M(1024M), 0.0006103 secs]
 [Times: user=0.01 sys=0.00, real=0.00 secs] 
17.091: [GC pause (G1 Evacuation Pause) (young), 0.0064122 secs]
   [Parallel Time: 5.5 ms, GC Workers: 4]
      [GC Worker Start (ms): Min: 17091.0, Avg: 17091.0, Max: 17091.1, Diff: 0.1]
      [Ext Root Scanning (ms): Min: 2.2, Avg: 2.3, Max: 2.3, Diff: 0.2, Sum: 9.0]
      [Update RS (ms): Min: 0.4, Avg: 0.4, Max: 0.5, Diff: 0.0, Sum: 1.8]
         [Processed Buffers: Min: 2, Avg: 26.0, Max: 36, Diff: 34, Sum: 104]
      [Scan RS (ms): Min: 0.4, Avg: 0.4, Max: 0.5, Diff: 0.1, Sum: 1.6]
      [Code Root Scanning (ms): Min: 0.0, Avg: 0.1, Max: 0.2, Diff: 0.2, Sum: 0.3]
      [Object Copy (ms): Min: 2.2, Avg: 2.3, Max: 2.4, Diff: 0.2, Sum: 9.1]
      [Termination (ms): Min: 0.0, Avg: 0.0, Max: 0.0, Diff: 0.0, Sum: 0.0]
         [Termination Attempts: Min: 1, Avg: 1.0, Max: 1, Diff: 0, Sum: 4]
      [GC Worker Other (ms): Min: 0.0, Avg: 0.0, Max: 0.0, Diff: 0.0, Sum: 0.1]
      [GC Worker Total (ms): Min: 5.4, Avg: 5.5, Max: 5.5, Diff: 0.1, Sum: 21.9]
      [GC Worker End (ms): Min: 17096.5, Avg: 17096.5, Max: 17096.5, Diff: 0.0]
   [Code Root Fixup: 0.1 ms]
   [Code Root Purge: 0.0 ms]
   [Clear CT: 0.1 ms]
   [Other: 0.7 ms]
      [Choose CSet: 0.0 ms]
      [Ref Proc: 0.3 ms]
      [Ref Enq: 0.0 ms]
      [Redirty Cards: 0.0 ms]
      [Humongous Register: 0.0 ms]
      [Humongous Reclaim: 0.0 ms]
      [Free CSet: 0.1 ms]
   [Eden: 260.0M(260.0M)->0.0B(566.0M) Survivors: 11.0M->11.0M Heap: 288.3M(1024.0M)->27.8M(1024.0M)]
 [Times: user=0.03 sys=0.00, real=0.00 secs] 
20.976: [GC pause (G1 Evacuation Pause) (young), 0.0142516 secs]
   [Parallel Time: 12.6 ms, GC Workers: 4]
      [GC Worker Start (ms): Min: 20976.3, Avg: 20976.3, Max: 20976.3, Diff: 0.0]
      [Ext Root Scanning (ms): Min: 3.3, Avg: 3.4, Max: 3.5, Diff: 0.2, Sum: 13.6]
      [Update RS (ms): Min: 0.3, Avg: 0.4, Max: 0.5, Diff: 0.1, Sum: 1.6]
         [Processed Buffers: Min: 1, Avg: 4.8, Max: 15, Diff: 14, Sum: 19]
      [Scan RS (ms): Min: 0.0, Avg: 0.1, Max: 0.1, Diff: 0.1, Sum: 0.3]
      [Code Root Scanning (ms): Min: 0.1, Avg: 0.2, Max: 0.3, Diff: 0.2, Sum: 0.6]
      [Object Copy (ms): Min: 6.7, Avg: 7.0, Max: 7.5, Diff: 0.7, Sum: 28.1]
      [Termination (ms): Min: 0.0, Avg: 1.0, Max: 1.7, Diff: 1.7, Sum: 3.8]
         [Termination Attempts: Min: 1, Avg: 1.0, Max: 1, Diff: 0, Sum: 4]
      [GC Worker Other (ms): Min: 0.0, Avg: 0.0, Max: 0.0, Diff: 0.0, Sum: 0.1]
      [GC Worker Total (ms): Min: 11.5, Avg: 12.0, Max: 12.6, Diff: 1.1, Sum: 48.0]
      [GC Worker End (ms): Min: 20987.8, Avg: 20988.3, Max: 20988.9, Diff: 1.1]
   [Code Root Fixup: 0.2 ms]
   [Code Root Purge: 0.0 ms]
   [Clear CT: 0.1 ms]
   [Other: 1.3 ms]
      [Choose CSet: 0.0 ms]
      [Ref Proc: 0.8 ms]
      [Ref Enq: 0.0 ms]
      [Redirty Cards: 0.0 ms]
      [Humongous Register: 0.0 ms]
      [Humongous Reclaim: 0.0 ms]
      [Free CSet: 0.2 ms]
   [Eden: 566.0M(566.0M)->0.0B(603.0M) Survivors: 11.0M->11.0M Heap: 593.8M(1024.0M)->28.3M(1024.0M)]
 [Times: user=0.04 sys=0.00, real=0.02 secs] 
24.617: [GC pause (G1 Evacuation Pause) (young), 0.0138917 secs]
   [Parallel Time: 12.1 ms, GC Workers: 4]
      [GC Worker Start (ms): Min: 24617.4, Avg: 24617.4, Max: 24617.4, Diff: 0.0]
      [Ext Root Scanning (ms): Min: 2.3, Avg: 2.5, Max: 2.7, Diff: 0.5, Sum: 9.9]
      [Update RS (ms): Min: 0.3, Avg: 0.8, Max: 1.3, Diff: 1.0, Sum: 3.2]
         [Processed Buffers: Min: 1, Avg: 5.5, Max: 16, Diff: 15, Sum: 22]
      [Scan RS (ms): Min: 0.0, Avg: 0.1, Max: 0.2, Diff: 0.2, Sum: 0.4]
      [Code Root Scanning (ms): Min: 0.0, Avg: 0.6, Max: 1.8, Diff: 1.8, Sum: 2.4]
      [Object Copy (ms): Min: 7.1, Avg: 7.8, Max: 8.2, Diff: 1.1, Sum: 31.0]
      [Termination (ms): Min: 0.0, Avg: 0.3, Max: 0.6, Diff: 0.6, Sum: 1.2]
         [Termination Attempts: Min: 1, Avg: 1.0, Max: 1, Diff: 0, Sum: 4]
      [GC Worker Other (ms): Min: 0.0, Avg: 0.0, Max: 0.0, Diff: 0.0, Sum: 0.1]
      [GC Worker Total (ms): Min: 12.0, Avg: 12.0, Max: 12.1, Diff: 0.1, Sum: 48.1]
      [GC Worker End (ms): Min: 24629.4, Avg: 24629.4, Max: 24629.4, Diff: 0.0]
   [Code Root Fixup: 0.3 ms]
   [Code Root Purge: 0.0 ms]
   [Clear CT: 0.2 ms]
   [Other: 1.3 ms]
      [Choose CSet: 0.0 ms]
      [Ref Proc: 0.7 ms]
      [Ref Enq: 0.0 ms]
      [Redirty Cards: 0.0 ms]
      [Humongous Register: 0.1 ms]
      [Humongous Reclaim: 0.0 ms]
      [Free CSet: 0.3 ms]
   [Eden: 603.0M(603.0M)->0.0B(603.0M) Survivors: 11.0M->11.0M Heap: 631.3M(1024.0M)->28.3M(1024.0M)]
 [Times: user=0.03 sys=0.01, real=0.02 secs] 
28.037: [GC pause (G1 Evacuation Pause) (young), 0.0089746 secs]
   [Parallel Time: 8.0 ms, GC Workers: 4]
      [GC Worker Start (ms): Min: 28037.4, Avg: 28037.5, Max: 28038.0, Diff: 0.6]
      [Ext Root Scanning (ms): Min: 0.9, Avg: 1.3, Max: 1.6, Diff: 0.7, Sum: 5.2]
      [Update RS (ms): Min: 0.5, Avg: 0.5, Max: 0.6, Diff: 0.1, Sum: 2.2]
         [Processed Buffers: Min: 1, Avg: 4.8, Max: 12, Diff: 11, Sum: 19]
      [Scan RS (ms): Min: 0.1, Avg: 0.1, Max: 0.1, Diff: 0.0, Sum: 0.3]
      [Code Root Scanning (ms): Min: 0.0, Avg: 0.3, Max: 0.5, Diff: 0.5, Sum: 1.2]
      [Object Copy (ms): Min: 3.9, Avg: 4.5, Max: 5.4, Diff: 1.4, Sum: 18.1]
      [Termination (ms): Min: 0.0, Avg: 1.0, Max: 1.4, Diff: 1.4, Sum: 4.2]
         [Termination Attempts: Min: 1, Avg: 1.0, Max: 1, Diff: 0, Sum: 4]
      [GC Worker Other (ms): Min: 0.0, Avg: 0.0, Max: 0.0, Diff: 0.0, Sum: 0.1]
      [GC Worker Total (ms): Min: 7.4, Avg: 7.8, Max: 8.0, Diff: 0.6, Sum: 31.3]
      [GC Worker End (ms): Min: 28045.3, Avg: 28045.3, Max: 28045.4, Diff: 0.1]
   [Code Root Fixup: 0.3 ms]
   [Code Root Purge: 0.0 ms]
   [Clear CT: 0.1 ms]
   [Other: 0.5 ms]
      [Choose CSet: 0.0 ms]
      [Ref Proc: 0.1 ms]
      [Ref Enq: 0.0 ms]
      [Redirty Cards: 0.0 ms]
      [Humongous Register: 0.0 ms]
      [Humongous Reclaim: 0.0 ms]
      [Free CSet: 0.2 ms]
   [Eden: 603.0M(603.0M)->0.0B(603.0M) Survivors: 11.0M->11.0M Heap: 631.3M(1024.0M)->28.3M(1024.0M)]
 [Times: user=0.02 sys=0.00, real=0.01 secs] 
30.333: [GC pause (G1 Evacuation Pause) (young), 0.0056909 secs]
   [Parallel Time: 4.1 ms, GC Workers: 4]
      [GC Worker Start (ms): Min: 30333.5, Avg: 30333.5, Max: 30333.6, Diff: 0.0]
      [Ext Root Scanning (ms): Min: 0.7, Avg: 0.9, Max: 1.2, Diff: 0.5, Sum: 3.4]
      [Update RS (ms): Min: 0.2, Avg: 0.4, Max: 0.5, Diff: 0.4, Sum: 1.5]
         [Processed Buffers: Min: 1, Avg: 5.8, Max: 16, Diff: 15, Sum: 23]
      [Scan RS (ms): Min: 0.1, Avg: 0.1, Max: 0.1, Diff: 0.1, Sum: 0.3]
      [Code Root Scanning (ms): Min: 0.0, Avg: 0.4, Max: 0.7, Diff: 0.6, Sum: 1.5]
      [Object Copy (ms): Min: 1.9, Avg: 2.3, Max: 2.7, Diff: 0.8, Sum: 9.3]
      [Termination (ms): Min: 0.0, Avg: 0.0, Max: 0.0, Diff: 0.0, Sum: 0.0]
         [Termination Attempts: Min: 1, Avg: 1.5, Max: 2, Diff: 1, Sum: 6]
      [GC Worker Other (ms): Min: 0.0, Avg: 0.1, Max: 0.1, Diff: 0.0, Sum: 0.2]
      [GC Worker Total (ms): Min: 4.1, Avg: 4.1, Max: 4.1, Diff: 0.0, Sum: 16.3]
      [GC Worker End (ms): Min: 30337.6, Avg: 30337.6, Max: 30337.6, Diff: 0.0]
   [Code Root Fixup: 0.4 ms]
   [Code Root Purge: 0.0 ms]
   [Clear CT: 0.1 ms]
   [Other: 1.0 ms]
      [Choose CSet: 0.0 ms]
      [Ref Proc: 0.5 ms]
      [Ref Enq: 0.0 ms]
      [Redirty Cards: 0.0 ms]
      [Humongous Register: 0.0 ms]
      [Humongous Reclaim: 0.0 ms]
      [Free CSet: 0.3 ms]
   [Eden: 603.0M(603.0M)->0.0B(603.0M) Survivors: 11.0M->11.0M Heap: 631.3M(1024.0M)->27.8M(1024.0M)]
 [Times: user=0.02 sys=0.00, real=0.01 secs] 
32.032: [GC pause (G1 Evacuation Pause) (young), 0.0114106 secs]
   [Parallel Time: 8.2 ms, GC Workers: 4]
      [GC Worker Start (ms): Min: 32031.7, Avg: 32032.6, Max: 32035.4, Diff: 3.7]
      [Ext Root Scanning (ms): Min: 0.0, Avg: 2.0, Max: 3.1, Diff: 3.1, Sum: 8.0]
      [Update RS (ms): Min: 0.0, Avg: 0.4, Max: 1.1, Diff: 1.1, Sum: 1.7]
         [Processed Buffers: Min: 0, Avg: 4.0, Max: 14, Diff: 14, Sum: 16]
      [Scan RS (ms): Min: 0.0, Avg: 0.1, Max: 0.2, Diff: 0.1, Sum: 0.4]
      [Code Root Scanning (ms): Min: 0.0, Avg: 1.4, Max: 4.1, Diff: 4.1, Sum: 5.6]
      [Object Copy (ms): Min: 0.2, Avg: 2.9, Max: 4.2, Diff: 4.0, Sum: 11.7]
      [Termination (ms): Min: 0.0, Avg: 0.3, Max: 0.7, Diff: 0.7, Sum: 1.2]
         [Termination Attempts: Min: 1, Avg: 1.0, Max: 1, Diff: 0, Sum: 4]
      [GC Worker Other (ms): Min: 0.0, Avg: 0.0, Max: 0.0, Diff: 0.0, Sum: 0.1]
      [GC Worker Total (ms): Min: 4.4, Avg: 7.2, Max: 8.2, Diff: 3.8, Sum: 28.7]
      [GC Worker End (ms): Min: 32039.8, Avg: 32039.8, Max: 32039.9, Diff: 0.1]
   [Code Root Fixup: 0.4 ms]
   [Code Root Purge: 0.1 ms]
   [Clear CT: 0.2 ms]
   [Other: 2.5 ms]
      [Choose CSet: 0.0 ms]
      [Ref Proc: 2.1 ms]
      [Ref Enq: 0.0 ms]
      [Redirty Cards: 0.0 ms]
      [Humongous Register: 0.0 ms]
      [Humongous Reclaim: 0.0 ms]
      [Free CSet: 0.2 ms]
   [Eden: 603.0M(603.0M)->0.0B(603.0M) Survivors: 11.0M->11.0M Heap: 630.8M(1024.0M)->27.8M(1024.0M)]
 [Times: user=0.02 sys=0.00, real=0.01 secs] 
33.606: [GC pause (G1 Evacuation Pause) (young), 0.0049888 secs]
   [Parallel Time: 3.8 ms, GC Workers: 4]
      [GC Worker Start (ms): Min: 33605.9, Avg: 33605.9, Max: 33605.9, Diff: 0.0]
      [Ext Root Scanning (ms): Min: 0.5, Avg: 0.6, Max: 0.8, Diff: 0.3, Sum: 2.5]
      [Update RS (ms): Min: 0.3, Avg: 0.4, Max: 0.5, Diff: 0.2, Sum: 1.6]
         [Processed Buffers: Min: 1, Avg: 3.5, Max: 9, Diff: 8, Sum: 14]
      [Scan RS (ms): Min: 0.1, Avg: 0.1, Max: 0.2, Diff: 0.1, Sum: 0.5]
      [Code Root Scanning (ms): Min: 0.0, Avg: 0.5, Max: 1.1, Diff: 1.0, Sum: 2.1]
      [Object Copy (ms): Min: 1.6, Avg: 2.0, Max: 2.5, Diff: 1.0, Sum: 8.2]
      [Termination (ms): Min: 0.0, Avg: 0.0, Max: 0.0, Diff: 0.0, Sum: 0.0]
         [Termination Attempts: Min: 1, Avg: 1.0, Max: 1, Diff: 0, Sum: 4]
      [GC Worker Other (ms): Min: 0.0, Avg: 0.0, Max: 0.0, Diff: 0.0, Sum: 0.1]
      [GC Worker Total (ms): Min: 3.7, Avg: 3.7, Max: 3.7, Diff: 0.0, Sum: 14.9]
      [GC Worker End (ms): Min: 33609.6, Avg: 33609.6, Max: 33609.6, Diff: 0.0]
   [Code Root Fixup: 0.5 ms]
   [Code Root Purge: 0.0 ms]
   [Clear CT: 0.1 ms]
   [Other: 0.6 ms]
      [Choose CSet: 0.0 ms]
      [Ref Proc: 0.1 ms]
      [Ref Enq: 0.0 ms]
      [Redirty Cards: 0.0 ms]
      [Humongous Register: 0.0 ms]
      [Humongous Reclaim: 0.0 ms]
      [Free CSet: 0.2 ms]
   [Eden: 603.0M(603.0M)->0.0B(603.0M) Survivors: 11.0M->11.0M Heap: 630.8M(1024.0M)->28.3M(1024.0M)]
 [Times: user=0.02 sys=0.00, real=0.01 secs] 
34.667: [GC pause (G1 Evacuation Pause) (young), 0.0050167 secs]
   [Parallel Time: 3.9 ms, GC Workers: 4]
      [GC Worker Start (ms): Min: 34667.4, Avg: 34667.4, Max: 34667.4, Diff: 0.1]
      [Ext Root Scanning (ms): Min: 0.6, Avg: 0.8, Max: 1.2, Diff: 0.6, Sum: 3.0]
      [Update RS (ms): Min: 0.0, Avg: 0.4, Max: 0.6, Diff: 0.6, Sum: 1.8]
         [Processed Buffers: Min: 1, Avg: 4.0, Max: 10, Diff: 9, Sum: 16]
      [Scan RS (ms): Min: 0.0, Avg: 0.1, Max: 0.2, Diff: 0.2, Sum: 0.4]
      [Code Root Scanning (ms): Min: 0.0, Avg: 0.4, Max: 0.9, Diff: 0.9, Sum: 1.7]
      [Object Copy (ms): Min: 1.7, Avg: 2.1, Max: 2.6, Diff: 0.9, Sum: 8.5]
      [Termination (ms): Min: 0.0, Avg: 0.0, Max: 0.0, Diff: 0.0, Sum: 0.0]
         [Termination Attempts: Min: 1, Avg: 1.2, Max: 2, Diff: 1, Sum: 5]
      [GC Worker Other (ms): Min: 0.0, Avg: 0.0, Max: 0.0, Diff: 0.0, Sum: 0.1]
      [GC Worker Total (ms): Min: 3.8, Avg: 3.9, Max: 3.9, Diff: 0.1, Sum: 15.5]
      [GC Worker End (ms): Min: 34671.3, Avg: 34671.3, Max: 34671.3, Diff: 0.0]
   [Code Root Fixup: 0.5 ms]
   [Code Root Purge: 0.0 ms]
   [Clear CT: 0.1 ms]
   [Other: 0.4 ms]
      [Choose CSet: 0.0 ms]
      [Ref Proc: 0.1 ms]
      [Ref Enq: 0.0 ms]
      [Redirty Cards: 0.0 ms]
      [Humongous Register: 0.0 ms]
      [Humongous Reclaim: 0.0 ms]
      [Free CSet: 0.2 ms]
   [Eden: 603.0M(603.0M)->0.0B(603.0M) Survivors: 11.0M->11.0M Heap: 631.3M(1024.0M)->27.8M(1024.0M)]
 [Times: user=0.01 sys=0.01, real=0.01 secs] 
35.732: [GC pause (G1 Evacuation Pause) (young), 0.0047983 secs]
   [Parallel Time: 3.7 ms, GC Workers: 4]
      [GC Worker Start (ms): Min: 35731.8, Avg: 35731.9, Max: 35731.9, Diff: 0.0]
      [Ext Root Scanning (ms): Min: 0.5, Avg: 0.6, Max: 0.8, Diff: 0.3, Sum: 2.5]
      [Update RS (ms): Min: 0.3, Avg: 0.4, Max: 0.5, Diff: 0.2, Sum: 1.6]
         [Processed Buffers: Min: 1, Avg: 3.2, Max: 8, Diff: 7, Sum: 13]
      [Scan RS (ms): Min: 0.0, Avg: 0.1, Max: 0.1, Diff: 0.1, Sum: 0.3]
      [Code Root Scanning (ms): Min: 0.0, Avg: 0.4, Max: 0.9, Diff: 0.9, Sum: 1.7]
      [Object Copy (ms): Min: 1.6, Avg: 2.0, Max: 2.5, Diff: 0.9, Sum: 8.2]
      [Termination (ms): Min: 0.0, Avg: 0.0, Max: 0.0, Diff: 0.0, Sum: 0.0]
         [Termination Attempts: Min: 1, Avg: 1.0, Max: 1, Diff: 0, Sum: 4]
      [GC Worker Other (ms): Min: 0.0, Avg: 0.0, Max: 0.0, Diff: 0.0, Sum: 0.1]
      [GC Worker Total (ms): Min: 3.6, Avg: 3.6, Max: 3.6, Diff: 0.0, Sum: 14.5]
      [GC Worker End (ms): Min: 35735.5, Avg: 35735.5, Max: 35735.5, Diff: 0.0]
   [Code Root Fixup: 0.5 ms]
   [Code Root Purge: 0.0 ms]
   [Clear CT: 0.1 ms]
   [Other: 0.5 ms]
      [Choose CSet: 0.0 ms]
      [Ref Proc: 0.2 ms]
      [Ref Enq: 0.0 ms]
      [Redirty Cards: 0.0 ms]
      [Humongous Register: 0.0 ms]
      [Humongous Reclaim: 0.0 ms]
      [Free CSet: 0.2 ms]
   [Eden: 603.0M(603.0M)->0.0B(603.0M) Survivors: 11.0M->11.0M Heap: 630.8M(1024.0M)->27.8M(1024.0M)]
 [Times: user=0.02 sys=0.00, real=0.00 secs] 
36.848: [GC pause (G1 Evacuation Pause) (young), 0.0049593 secs]
   [Parallel Time: 3.7 ms, GC Workers: 4]
      [GC Worker Start (ms): Min: 36847.8, Avg: 36847.8, Max: 36847.8, Diff: 0.0]
      [Ext Root Scanning (ms): Min: 0.5, Avg: 0.6, Max: 0.8, Diff: 0.3, Sum: 2.5]
      [Update RS (ms): Min: 0.3, Avg: 0.4, Max: 0.5, Diff: 0.1, Sum: 1.6]
         [Processed Buffers: Min: 1, Avg: 3.5, Max: 10, Diff: 9, Sum: 14]
      [Scan RS (ms): Min: 0.1, Avg: 0.1, Max: 0.1, Diff: 0.1, Sum: 0.3]
      [Code Root Scanning (ms): Min: 0.0, Avg: 0.4, Max: 0.8, Diff: 0.8, Sum: 1.6]
      [Object Copy (ms): Min: 1.6, Avg: 2.1, Max: 2.5, Diff: 0.9, Sum: 8.4]
      [Termination (ms): Min: 0.0, Avg: 0.0, Max: 0.0, Diff: 0.0, Sum: 0.0]
         [Termination Attempts: Min: 1, Avg: 1.0, Max: 1, Diff: 0, Sum: 4]
      [GC Worker Other (ms): Min: 0.0, Avg: 0.0, Max: 0.1, Diff: 0.0, Sum: 0.1]
      [GC Worker Total (ms): Min: 3.6, Avg: 3.6, Max: 3.7, Diff: 0.0, Sum: 14.6]
      [GC Worker End (ms): Min: 36851.4, Avg: 36851.5, Max: 36851.5, Diff: 0.0]
   [Code Root Fixup: 0.5 ms]
   [Code Root Purge: 0.0 ms]
   [Clear CT: 0.1 ms]
   [Other: 0.6 ms]
      [Choose CSet: 0.0 ms]
      [Ref Proc: 0.2 ms]
      [Ref Enq: 0.0 ms]
      [Redirty Cards: 0.0 ms]
      [Humongous Register: 0.0 ms]
      [Humongous Reclaim: 0.0 ms]
      [Free CSet: 0.2 ms]
   [Eden: 603.0M(603.0M)->0.0B(603.0M) Survivors: 11.0M->11.0M Heap: 630.8M(1024.0M)->28.3M(1024.0M)]
 [Times: user=0.01 sys=0.00, real=0.01 secs] 
37.945: [GC pause (G1 Evacuation Pause) (young), 0.0049643 secs]
   [Parallel Time: 3.8 ms, GC Workers: 4]
      [GC Worker Start (ms): Min: 37945.1, Avg: 37945.1, Max: 37945.1, Diff: 0.0]
      [Ext Root Scanning (ms): Min: 0.6, Avg: 0.6, Max: 0.8, Diff: 0.2, Sum: 2.6]
      [Update RS (ms): Min: 0.3, Avg: 0.4, Max: 0.5, Diff: 0.2, Sum: 1.6]
         [Processed Buffers: Min: 1, Avg: 4.0, Max: 12, Diff: 11, Sum: 16]
      [Scan RS (ms): Min: 0.1, Avg: 0.1, Max: 0.1, Diff: 0.0, Sum: 0.3]
      [Code Root Scanning (ms): Min: 0.0, Avg: 0.4, Max: 0.9, Diff: 0.9, Sum: 1.7]
      [Object Copy (ms): Min: 1.7, Avg: 2.1, Max: 2.5, Diff: 0.8, Sum: 8.4]
      [Termination (ms): Min: 0.0, Avg: 0.0, Max: 0.0, Diff: 0.0, Sum: 0.0]
         [Termination Attempts: Min: 1, Avg: 1.0, Max: 1, Diff: 0, Sum: 4]
      [GC Worker Other (ms): Min: 0.0, Avg: 0.0, Max: 0.0, Diff: 0.0, Sum: 0.1]
      [GC Worker Total (ms): Min: 3.7, Avg: 3.7, Max: 3.7, Diff: 0.0, Sum: 14.8]
      [GC Worker End (ms): Min: 37948.8, Avg: 37948.8, Max: 37948.8, Diff: 0.0]
   [Code Root Fixup: 0.5 ms]
   [Code Root Purge: 0.0 ms]
   [Clear CT: 0.1 ms]
   [Other: 0.6 ms]
      [Choose CSet: 0.0 ms]
      [Ref Proc: 0.1 ms]
      [Ref Enq: 0.0 ms]
      [Redirty Cards: 0.0 ms]
      [Humongous Register: 0.0 ms]
      [Humongous Reclaim: 0.0 ms]
      [Free CSet: 0.2 ms]
   [Eden: 603.0M(603.0M)->0.0B(603.0M) Survivors: 11.0M->11.0M Heap: 631.3M(1024.0M)->27.8M(1024.0M)]
 [Times: user=0.02 sys=0.00, real=0.01 secs] 
39.066: [GC pause (G1 Evacuation Pause) (young), 0.0054320 secs]
   [Parallel Time: 4.4 ms, GC Workers: 4]
      [GC Worker Start (ms): Min: 39065.8, Avg: 39065.9, Max: 39065.9, Diff: 0.0]
      [Ext Root Scanning (ms): Min: 0.6, Avg: 0.6, Max: 0.8, Diff: 0.3, Sum: 2.5]
      [Update RS (ms): Min: 0.3, Avg: 0.7, Max: 1.6, Diff: 1.3, Sum: 2.7]
         [Processed Buffers: Min: 1, Avg: 3.2, Max: 8, Diff: 7, Sum: 13]
      [Scan RS (ms): Min: 0.0, Avg: 0.1, Max: 0.1, Diff: 0.1, Sum: 0.4]
      [Code Root Scanning (ms): Min: 0.0, Avg: 0.7, Max: 1.4, Diff: 1.4, Sum: 2.9]
      [Object Copy (ms): Min: 1.7, Avg: 2.2, Max: 3.2, Diff: 1.5, Sum: 9.0]
      [Termination (ms): Min: 0.0, Avg: 0.0, Max: 0.0, Diff: 0.0, Sum: 0.0]
         [Termination Attempts: Min: 1, Avg: 1.0, Max: 1, Diff: 0, Sum: 4]
      [GC Worker Other (ms): Min: 0.0, Avg: 0.0, Max: 0.0, Diff: 0.0, Sum: 0.1]
      [GC Worker Total (ms): Min: 4.4, Avg: 4.4, Max: 4.4, Diff: 0.0, Sum: 17.6]
      [GC Worker End (ms): Min: 39070.3, Avg: 39070.3, Max: 39070.3, Diff: 0.0]
   [Code Root Fixup: 0.4 ms]
   [Code Root Purge: 0.0 ms]
   [Clear CT: 0.1 ms]
   [Other: 0.4 ms]
      [Choose CSet: 0.0 ms]
      [Ref Proc: 0.1 ms]
      [Ref Enq: 0.0 ms]
      [Redirty Cards: 0.0 ms]
      [Humongous Register: 0.0 ms]
      [Humongous Reclaim: 0.0 ms]
      [Free CSet: 0.2 ms]
   [Eden: 603.0M(603.0M)->0.0B(603.0M) Survivors: 11.0M->11.0M Heap: 630.8M(1024.0M)->27.8M(1024.0M)]
 [Times: user=0.02 sys=0.00, real=0.01 secs] 
40.193: [GC pause (G1 Evacuation Pause) (young), 0.0056247 secs]
   [Parallel Time: 4.4 ms, GC Workers: 4]
      [GC Worker Start (ms): Min: 40193.3, Avg: 40193.3, Max: 40193.4, Diff: 0.1]
      [Ext Root Scanning (ms): Min: 1.2, Avg: 1.3, Max: 1.5, Diff: 0.3, Sum: 5.1]
      [Update RS (ms): Min: 0.3, Avg: 0.4, Max: 0.5, Diff: 0.2, Sum: 1.6]
         [Processed Buffers: Min: 1, Avg: 3.8, Max: 9, Diff: 8, Sum: 15]
      [Scan RS (ms): Min: 0.1, Avg: 0.1, Max: 0.1, Diff: 0.0, Sum: 0.4]
      [Code Root Scanning (ms): Min: 0.0, Avg: 0.5, Max: 0.9, Diff: 0.9, Sum: 1.8]
      [Object Copy (ms): Min: 1.5, Avg: 2.0, Max: 2.5, Diff: 1.0, Sum: 8.2]
      [Termination (ms): Min: 0.0, Avg: 0.0, Max: 0.0, Diff: 0.0, Sum: 0.0]
         [Termination Attempts: Min: 1, Avg: 1.0, Max: 1, Diff: 0, Sum: 4]
      [GC Worker Other (ms): Min: 0.0, Avg: 0.0, Max: 0.0, Diff: 0.0, Sum: 0.1]
      [GC Worker Total (ms): Min: 4.3, Avg: 4.3, Max: 4.3, Diff: 0.1, Sum: 17.3]
      [GC Worker End (ms): Min: 40197.6, Avg: 40197.7, Max: 40197.7, Diff: 0.0]
   [Code Root Fixup: 0.5 ms]
   [Code Root Purge: 0.0 ms]
   [Clear CT: 0.1 ms]
   [Other: 0.6 ms]
      [Choose CSet: 0.0 ms]
      [Ref Proc: 0.1 ms]
      [Ref Enq: 0.0 ms]
      [Redirty Cards: 0.0 ms]
      [Humongous Register: 0.0 ms]
      [Humongous Reclaim: 0.0 ms]
      [Free CSet: 0.2 ms]
   [Eden: 603.0M(603.0M)->0.0B(603.0M) Survivors: 11.0M->11.0M Heap: 630.8M(1024.0M)->27.8M(1024.0M)]
 [Times: user=0.01 sys=0.00, real=0.00 secs] 
41.309: [GC pause (G1 Evacuation Pause) (young), 0.0078818 secs]
   [Parallel Time: 6.8 ms, GC Workers: 4]
      [GC Worker Start (ms): Min: 41308.9, Avg: 41308.9, Max: 41309.0, Diff: 0.0]
      [Ext Root Scanning (ms): Min: 0.5, Avg: 0.6, Max: 0.8, Diff: 0.3, Sum: 2.5]
      [Update RS (ms): Min: 0.3, Avg: 0.4, Max: 0.5, Diff: 0.1, Sum: 1.6]
         [Processed Buffers: Min: 1, Avg: 3.5, Max: 7, Diff: 6, Sum: 14]
      [Scan RS (ms): Min: 0.1, Avg: 0.1, Max: 0.1, Diff: 0.0, Sum: 0.3]
      [Code Root Scanning (ms): Min: 0.0, Avg: 0.4, Max: 0.8, Diff: 0.8, Sum: 1.7]
      [Object Copy (ms): Min: 4.8, Avg: 5.2, Max: 5.6, Diff: 0.8, Sum: 20.7]
      [Termination (ms): Min: 0.0, Avg: 0.0, Max: 0.0, Diff: 0.0, Sum: 0.0]
         [Termination Attempts: Min: 1, Avg: 1.0, Max: 1, Diff: 0, Sum: 4]
      [GC Worker Other (ms): Min: 0.0, Avg: 0.0, Max: 0.0, Diff: 0.0, Sum: 0.1]
      [GC Worker Total (ms): Min: 6.7, Avg: 6.7, Max: 6.8, Diff: 0.0, Sum: 27.0]
      [GC Worker End (ms): Min: 41315.7, Avg: 41315.7, Max: 41315.7, Diff: 0.0]
   [Code Root Fixup: 0.5 ms]
   [Code Root Purge: 0.0 ms]
   [Clear CT: 0.1 ms]
   [Other: 0.5 ms]
      [Choose CSet: 0.0 ms]
      [Ref Proc: 0.1 ms]
      [Ref Enq: 0.0 ms]
      [Redirty Cards: 0.0 ms]
      [Humongous Register: 0.0 ms]
      [Humongous Reclaim: 0.0 ms]
      [Free CSet: 0.2 ms]
   [Eden: 603.0M(603.0M)->0.0B(612.0M) Survivors: 11.0M->2048.0K Heap: 630.8M(1024.0M)->27.6M(1024.0M)]
 [Times: user=0.02 sys=0.00, real=0.01 secs] 
42.467: [GC pause (G1 Evacuation Pause) (young), 0.0049551 secs]
   [Parallel Time: 3.8 ms, GC Workers: 4]
      [GC Worker Start (ms): Min: 42467.4, Avg: 42467.4, Max: 42467.4, Diff: 0.0]
      [Ext Root Scanning (ms): Min: 0.7, Avg: 0.7, Max: 0.8, Diff: 0.1, Sum: 2.8]
      [Update RS (ms): Min: 1.4, Avg: 1.4, Max: 1.4, Diff: 0.0, Sum: 5.5]
         [Processed Buffers: Min: 6, Avg: 8.5, Max: 11, Diff: 5, Sum: 34]
      [Scan RS (ms): Min: 0.1, Avg: 0.1, Max: 0.1, Diff: 0.0, Sum: 0.4]
      [Code Root Scanning (ms): Min: 0.0, Avg: 0.4, Max: 0.7, Diff: 0.7, Sum: 1.5]
      [Object Copy (ms): Min: 0.9, Avg: 1.2, Max: 1.6, Diff: 0.7, Sum: 4.8]
      [Termination (ms): Min: 0.0, Avg: 0.0, Max: 0.0, Diff: 0.0, Sum: 0.0]
         [Termination Attempts: Min: 1, Avg: 1.0, Max: 1, Diff: 0, Sum: 4]
      [GC Worker Other (ms): Min: 0.0, Avg: 0.0, Max: 0.0, Diff: 0.0, Sum: 0.1]
      [GC Worker Total (ms): Min: 3.8, Avg: 3.8, Max: 3.8, Diff: 0.0, Sum: 15.1]
      [GC Worker End (ms): Min: 42471.2, Avg: 42471.2, Max: 42471.2, Diff: 0.0]
   [Code Root Fixup: 0.5 ms]
   [Code Root Purge: 0.0 ms]
   [Clear CT: 0.1 ms]
   [Other: 0.5 ms]
      [Choose CSet: 0.0 ms]
      [Ref Proc: 0.1 ms]
      [Ref Enq: 0.0 ms]
      [Redirty Cards: 0.0 ms]
      [Humongous Register: 0.0 ms]
      [Humongous Reclaim: 0.0 ms]
      [Free CSet: 0.3 ms]
   [Eden: 612.0M(612.0M)->0.0B(612.0M) Survivors: 2048.0K->2048.0K Heap: 639.6M(1024.0M)->28.9M(1024.0M)]
 [Times: user=0.02 sys=0.00, real=0.01 secs] 
