Java HotSpot(TM) 64-Bit Server VM (25.131-b11) for bsd-amd64 JRE (1.8.0_131-b11), built on Mar 15 2017 01:32:22 by "java_re" with gcc 4.2.1 (Based on Apple Inc. build 5658) (LLVM build 2336.11.00)
Memory: 4k page, physical 8388608k(471556k free)

/proc/meminfo:

CommandLine flags: -XX:InitialHeapSize=524288000 -XX:MaxHeapSize=524288000 -XX:MaxNewSize=174764032 -XX:MaxTenuringThreshold=6 -XX:NewSize=174764032 -XX:OldPLABSize=16 -XX:OldSize=349523968 -XX:+PrintGC -XX:+PrintGCDetails -XX:+PrintGCTimeStamps -XX:+UseCompressedClassPointers -XX:+UseCompressedOops -XX:+UseConcMarkSweepGC -XX:+UseParNewGC 
0.210: [GC (Allocation Failure) 0.210: [ParNew: 136553K->17024K(153600K), 0.0182907 secs] 136553K->43577K(494976K), 0.0184179 secs] [Times: user=0.02 sys=0.03, real=0.02 secs] 
0.248: [GC (Allocation Failure) 0.248: [ParNew: 153600K->17023K(153600K), 0.0217155 secs] 180153K->88905K(494976K), 0.0218031 secs] [Times: user=0.03 sys=0.04, real=0.02 secs] 
0.286: [GC (Allocation Failure) 0.286: [ParNew: 153599K->17024K(153600K), 0.0276027 secs] 225481K->133952K(494976K), 0.0276871 secs] [Times: user=0.08 sys=0.02, real=0.02 secs] 
0.331: [GC (Allocation Failure) 0.331: [ParNew: 153600K->17024K(153600K), 0.0282227 secs] 270528K->173010K(494976K), 0.0283148 secs] [Times: user=0.09 sys=0.01, real=0.03 secs] 
0.374: [GC (Allocation Failure) 0.374: [ParNew: 153600K->17022K(153600K), 0.0268333 secs] 309586K->218573K(494976K), 0.0269277 secs] [Times: user=0.09 sys=0.01, real=0.02 secs] 
0.401: [GC (CMS Initial Mark) [1 CMS-initial-mark: 201551K(341376K)] 218609K(494976K), 0.0001697 secs] [Times: user=0.00 sys=0.00, real=0.00 secs] 
0.402: [CMS-concurrent-mark-start]
0.406: [CMS-concurrent-mark: 0.004/0.004 secs] [Times: user=0.00 sys=0.00, real=0.01 secs] 
0.406: [CMS-concurrent-preclean-start]
0.407: [CMS-concurrent-preclean: 0.001/0.001 secs] [Times: user=0.01 sys=0.00, real=0.00 secs] 
0.407: [CMS-concurrent-abortable-preclean-start]
0.418: [GC (Allocation Failure) 0.418: [ParNew: 153598K->17021K(153600K), 0.0256917 secs] 355149K->260693K(494976K), 0.0257740 secs] [Times: user=0.08 sys=0.02, real=0.02 secs] 
0.459: [GC (Allocation Failure) 0.459: [ParNew: 153597K->17024K(153600K), 0.0347045 secs] 397269K->305778K(494976K), 0.0348067 secs] [Times: user=0.08 sys=0.01, real=0.03 secs] 
0.518: [GC (Allocation Failure) 0.518: [ParNew: 153600K->17021K(153600K), 0.0761124 secs] 442354K->351378K(494976K), 0.0762297 secs] [Times: user=0.18 sys=0.02, real=0.08 secs] 
0.594: [CMS-concurrent-abortable-preclean: 0.003/0.188 secs] [Times: user=0.39 sys=0.05, real=0.19 secs] 
0.595: [GC (CMS Final Remark) [YG occupancy: 19840 K (153600 K)]0.595: [Rescan (parallel) , 0.0015171 secs]0.596: [weak refs processing, 0.0000187 secs]0.596: [class unloading, 0.0003334 secs]0.597: [scrub symbol table, 0.0004456 secs]0.597: [scrub string table, 0.0001252 secs][1 CMS-remark: 334357K(341376K)] 354197K(494976K), 0.0025404 secs] [Times: user=0.00 sys=0.00, real=0.00 secs] 
0.597: [CMS-concurrent-sweep-start]
0.598: [CMS-concurrent-sweep: 0.001/0.001 secs] [Times: user=0.00 sys=0.00, real=0.00 secs] 
0.598: [CMS-concurrent-reset-start]
0.599: [CMS-concurrent-reset: 0.000/0.000 secs] [Times: user=0.00 sys=0.00, real=0.00 secs] 
0.622: [GC (Allocation Failure) 0.622: [ParNew: 153591K->153591K(153600K), 0.0000205 secs]0.622: [CMS: 293633K->261603K(341376K), 0.0572799 secs] 447224K->261603K(494976K), [Metaspace: 3379K->3379K(1056768K)], 0.0574054 secs] [Times: user=0.06 sys=0.00, real=0.06 secs] 
0.680: [GC (CMS Initial Mark) [1 CMS-initial-mark: 261603K(341376K)] 261701K(494976K), 0.0001629 secs] [Times: user=0.00 sys=0.00, real=0.00 secs] 
0.680: [CMS-concurrent-mark-start]
0.682: [CMS-concurrent-mark: 0.002/0.002 secs] [Times: user=0.01 sys=0.00, real=0.00 secs] 
0.682: [CMS-concurrent-preclean-start]
0.683: [CMS-concurrent-preclean: 0.000/0.000 secs] [Times: user=0.00 sys=0.00, real=0.00 secs] 
0.683: [CMS-concurrent-abortable-preclean-start]
0.696: [GC (Allocation Failure) 0.696: [ParNew: 136576K->17019K(153600K), 0.0060910 secs] 398179K->303174K(494976K), 0.0061772 secs] [Times: user=0.03 sys=0.00, real=0.00 secs] 
0.719: [GC (Allocation Failure) 0.719: [ParNew: 153595K->17023K(153600K), 0.0075833 secs] 439750K->342692K(494976K), 0.0076607 secs] [Times: user=0.03 sys=0.00, real=0.01 secs] 
0.727: [CMS-concurrent-abortable-preclean: 0.002/0.044 secs] [Times: user=0.08 sys=0.00, real=0.05 secs] 
0.727: [GC (CMS Final Remark) [YG occupancy: 17311 K (153600 K)]0.727: [Rescan (parallel) , 0.0004261 secs]0.727: [weak refs processing, 0.0000451 secs]0.727: [class unloading, 0.0002373 secs]0.728: [scrub symbol table, 0.0003156 secs]0.728: [scrub string table, 0.0001067 secs][1 CMS-remark: 325669K(341376K)] 342980K(494976K), 0.0011882 secs] [Times: user=0.00 sys=0.00, real=0.00 secs] 
0.728: [CMS-concurrent-sweep-start]
0.729: [CMS-concurrent-sweep: 0.001/0.001 secs] [Times: user=0.01 sys=0.00, real=0.00 secs] 
0.729: [CMS-concurrent-reset-start]
0.729: [CMS-concurrent-reset: 0.000/0.000 secs] [Times: user=0.00 sys=0.00, real=0.00 secs] 
0.745: [GC (Allocation Failure) 0.745: [ParNew: 152987K->152987K(153600K), 0.0000182 secs]0.745: [CMS: 325028K->287823K(341376K), 0.0367277 secs] 478015K->287823K(494976K), [Metaspace: 3379K->3379K(1056768K)], 0.0368438 secs] [Times: user=0.04 sys=0.01, real=0.03 secs] 
0.782: [GC (CMS Initial Mark) [1 CMS-initial-mark: 287823K(341376K)] 288538K(494976K), 0.0001297 secs] [Times: user=0.00 sys=0.00, real=0.00 secs] 
0.782: [CMS-concurrent-mark-start]
0.784: [CMS-concurrent-mark: 0.002/0.002 secs] [Times: user=0.00 sys=0.00, real=0.01 secs] 
0.784: [CMS-concurrent-preclean-start]
0.785: [CMS-concurrent-preclean: 0.001/0.001 secs] [Times: user=0.00 sys=0.00, real=0.00 secs] 
0.785: [CMS-concurrent-abortable-preclean-start]
0.798: [GC (Allocation Failure) 0.798: [ParNew: 136576K->17021K(153600K), 0.0063491 secs] 424399K->335385K(494976K), 0.0064300 secs] [Times: user=0.02 sys=0.00, real=0.01 secs] 
0.821: [GC (Allocation Failure) 0.821: [ParNew: 153501K->153501K(153600K), 0.0000180 secs]0.821: [CMS0.821: [CMS-concurrent-abortable-preclean: 0.002/0.036 secs] [Times: user=0.06 sys=0.00, real=0.03 secs] 
 (concurrent mode failure): 318364K->315107K(341376K), 0.0394281 secs] 471866K->315107K(494976K), [Metaspace: 3379K->3379K(1056768K)], 0.0395480 secs] [Times: user=0.04 sys=0.00, real=0.04 secs] 
0.878: [GC (Allocation Failure) 0.878: [ParNew: 136483K->136483K(153600K), 0.0000192 secs]0.878: [CMS: 315107K->326902K(341376K), 0.0400382 secs] 451591K->326902K(494976K), [Metaspace: 3379K->3379K(1056768K)], 0.0401630 secs] [Times: user=0.04 sys=0.00, real=0.04 secs] 
0.918: [GC (CMS Initial Mark) [1 CMS-initial-mark: 326902K(341376K)] 327444K(494976K), 0.0001287 secs] [Times: user=0.00 sys=0.00, real=0.00 secs] 
0.918: [CMS-concurrent-mark-start]
0.921: [CMS-concurrent-mark: 0.003/0.003 secs] [Times: user=0.00 sys=0.00, real=0.00 secs] 
0.921: [CMS-concurrent-preclean-start]
0.922: [CMS-concurrent-preclean: 0.001/0.001 secs] [Times: user=0.00 sys=0.00, real=0.00 secs] 
0.922: [CMS-concurrent-abortable-preclean-start]
0.922: [CMS-concurrent-abortable-preclean: 0.000/0.000 secs] [Times: user=0.00 sys=0.00, real=0.00 secs] 
0.922: [GC (CMS Final Remark) [YG occupancy: 26659 K (153600 K)]0.922: [Rescan (parallel) , 0.0004452 secs]0.922: [weak refs processing, 0.0000093 secs]0.922: [class unloading, 0.0002563 secs]0.923: [scrub symbol table, 0.0003367 secs]0.923: [scrub string table, 0.0001186 secs][1 CMS-remark: 326902K(341376K)] 353561K(494976K), 0.0012301 secs] [Times: user=0.01 sys=0.00, real=0.00 secs] 
0.923: [CMS-concurrent-sweep-start]
0.924: [CMS-concurrent-sweep: 0.001/0.001 secs] [Times: user=0.00 sys=0.00, real=0.00 secs] 
0.924: [CMS-concurrent-reset-start]
0.924: [CMS-concurrent-reset: 0.000/0.000 secs] [Times: user=0.00 sys=0.00, real=0.00 secs] 
0.936: [GC (Allocation Failure) 0.936: [ParNew: 136576K->136576K(153600K), 0.0000187 secs]0.936: [CMS: 326805K->333307K(341376K), 0.0409487 secs] 463381K->333307K(494976K), [Metaspace: 3379K->3379K(1056768K)], 0.0410646 secs] [Times: user=0.04 sys=0.00, real=0.04 secs] 
0.977: [GC (CMS Initial Mark) [1 CMS-initial-mark: 333307K(341376K)] 333440K(494976K), 0.0001869 secs] [Times: user=0.00 sys=0.00, real=0.00 secs] 
0.978: [CMS-concurrent-mark-start]
0.980: [CMS-concurrent-mark: 0.002/0.002 secs] [Times: user=0.00 sys=0.00, real=0.00 secs] 
0.980: [CMS-concurrent-preclean-start]
0.981: [CMS-concurrent-preclean: 0.001/0.001 secs] [Times: user=0.00 sys=0.00, real=0.00 secs] 
0.981: [CMS-concurrent-abortable-preclean-start]
0.981: [CMS-concurrent-abortable-preclean: 0.000/0.000 secs] [Times: user=0.00 sys=0.00, real=0.00 secs] 
0.981: [GC (CMS Final Remark) [YG occupancy: 26398 K (153600 K)]0.981: [Rescan (parallel) , 0.0004349 secs]0.981: [weak refs processing, 0.0000100 secs]0.981: [class unloading, 0.0002573 secs]0.981: [scrub symbol table, 0.0003399 secs]0.982: [scrub string table, 0.0001185 secs][1 CMS-remark: 333307K(341376K)] 359706K(494976K), 0.0012189 secs] [Times: user=0.00 sys=0.00, real=0.00 secs] 
0.982: [CMS-concurrent-sweep-start]
0.983: [CMS-concurrent-sweep: 0.001/0.001 secs] [Times: user=0.00 sys=0.00, real=0.00 secs] 
0.983: [CMS-concurrent-reset-start]
0.983: [CMS-concurrent-reset: 0.000/0.000 secs] [Times: user=0.00 sys=0.00, real=0.00 secs] 
1.001: [GC (Allocation Failure) 1.001: [ParNew: 136576K->136576K(153600K), 0.0000199 secs]1.001: [CMS: 333124K->340952K(341376K), 0.0536013 secs] 469700K->340952K(494976K), [Metaspace: 3379K->3379K(1056768K)], 0.0537271 secs] [Times: user=0.05 sys=0.00, real=0.06 secs] 
1.055: [GC (CMS Initial Mark) [1 CMS-initial-mark: 340952K(341376K)] 346528K(494976K), 0.0002720 secs] [Times: user=0.00 sys=0.00, real=0.00 secs] 
1.055: [CMS-concurrent-mark-start]
1.060: [CMS-concurrent-mark: 0.005/0.005 secs] [Times: user=0.01 sys=0.00, real=0.00 secs] 
1.060: [CMS-concurrent-preclean-start]
1.061: [CMS-concurrent-preclean: 0.001/0.001 secs] [Times: user=0.00 sys=0.00, real=0.00 secs] 
1.061: [CMS-concurrent-abortable-preclean-start]
1.061: [CMS-concurrent-abortable-preclean: 0.000/0.000 secs] [Times: user=0.00 sys=0.00, real=0.00 secs] 
1.061: [GC (CMS Final Remark) [YG occupancy: 28433 K (153600 K)]1.061: [Rescan (parallel) , 0.0011388 secs]1.062: [weak refs processing, 0.0000139 secs]1.062: [class unloading, 0.0003473 secs]1.062: [scrub symbol table, 0.0004878 secs]1.063: [scrub string table, 0.0002707 secs][1 CMS-remark: 340952K(341376K)] 369385K(494976K), 0.0024267 secs] [Times: user=0.01 sys=0.00, real=0.00 secs] 
1.063: [CMS-concurrent-sweep-start]
1.065: [CMS-concurrent-sweep: 0.001/0.001 secs] [Times: user=0.00 sys=0.00, real=0.01 secs] 
1.065: [CMS-concurrent-reset-start]
1.066: [CMS-concurrent-reset: 0.001/0.001 secs] [Times: user=0.00 sys=0.00, real=0.00 secs] 
1.087: [GC (Allocation Failure) 1.087: [ParNew: 136576K->136576K(153600K), 0.0000243 secs]1.087: [CMS: 340742K->341322K(341376K), 0.0749117 secs] 477318K->349598K(494976K), [Metaspace: 3379K->3379K(1056768K)], 0.0750385 secs] [Times: user=0.07 sys=0.01, real=0.07 secs] 
1.163: [GC (CMS Initial Mark) [1 CMS-initial-mark: 341322K(341376K)] 355463K(494976K), 0.0016118 secs] [Times: user=0.00 sys=0.00, real=0.01 secs] 
1.165: [CMS-concurrent-mark-start]
Heap
 par new generation   total 153600K, used 16872K [0x00000007a0c00000, 0x00000007ab2a0000, 0x00000007ab2a0000)
  eden space 136576K,  12% used [0x00000007a0c00000, 0x00000007a1c7a338, 0x00000007a9160000)
  from space 17024K,   0% used [0x00000007aa200000, 0x00000007aa200000, 0x00000007ab2a0000)
  to   space 17024K,   0% used [0x00000007a9160000, 0x00000007a9160000, 0x00000007aa200000)
 concurrent mark-sweep generation total 341376K, used 341322K [0x00000007ab2a0000, 0x00000007c0000000, 0x00000007c0000000)
 Metaspace       used 3395K, capacity 4500K, committed 4864K, reserved 1056768K
  class space    used 380K, capacity 388K, committed 512K, reserved 1048576K
