Java HotSpot(TM) 64-Bit Server VM (25.131-b11) for bsd-amd64 JRE (1.8.0_131-b11), built on Mar 15 2017 01:32:22 by "java_re" with gcc 4.2.1 (Based on Apple Inc. build 5658) (LLVM build 2336.11.00)
Memory: 4k page, physical 8388608k(348516k free)

/proc/meminfo:

CommandLine flags: -XX:InitialHeapSize=314572800 -XX:MaxHeapSize=314572800 -XX:MaxNewSize=104857600 -XX:MaxTenuringThreshold=6 -XX:NewSize=104857600 -XX:OldPLABSize=16 -XX:OldSize=209715200 -XX:+PrintGC -XX:+PrintGCDetails -XX:+PrintGCTimeStamps -XX:+UseCompressedClassPointers -XX:+UseCompressedOops -XX:+UseConcMarkSweepGC -XX:+UseParNewGC 
0.319: [GC (Allocation Failure) 0.319: [ParNew: 81920K->10239K(92160K), 0.0148180 secs] 81920K->26424K(296960K), 0.0149732 secs] [Times: user=0.01 sys=0.02, real=0.01 secs] 
0.356: [GC (Allocation Failure) 0.356: [ParNew: 92159K->10240K(92160K), 0.0257038 secs] 108344K->51632K(296960K), 0.0258125 secs] [Times: user=0.03 sys=0.03, real=0.03 secs] 
0.405: [GC (Allocation Failure) 0.405: [ParNew: 92160K->10240K(92160K), 0.0203507 secs] 133552K->73586K(296960K), 0.0205584 secs] [Times: user=0.03 sys=0.02, real=0.02 secs] 
0.448: [GC (Allocation Failure) 0.448: [ParNew: 92160K->10240K(92160K), 0.0199342 secs] 155506K->98869K(296960K), 0.0200410 secs] [Times: user=0.03 sys=0.01, real=0.02 secs] 
0.485: [GC (Allocation Failure) 0.485: [ParNew: 92160K->10240K(92160K), 0.0178186 secs] 180789K->122542K(296960K), 0.0179243 secs] [Times: user=0.02 sys=0.01, real=0.02 secs] 
0.503: [GC (CMS Initial Mark) [1 CMS-initial-mark: 112302K(204800K)] 122664K(296960K), 0.0002753 secs] [Times: user=0.00 sys=0.00, real=0.00 secs] 
0.503: [CMS-concurrent-mark-start]
0.507: [CMS-concurrent-mark: 0.004/0.004 secs] [Times: user=0.01 sys=0.00, real=0.00 secs] 
0.507: [CMS-concurrent-preclean-start]
0.508: [CMS-concurrent-preclean: 0.000/0.000 secs] [Times: user=0.00 sys=0.00, real=0.00 secs] 
0.508: [CMS-concurrent-abortable-preclean-start]
0.517: [GC (Allocation Failure) 0.517: [ParNew: 92160K->10238K(92160K), 0.0246800 secs] 204462K->151471K(296960K), 0.0247873 secs] [Times: user=0.03 sys=0.01, real=0.03 secs] 
0.560: [GC (Allocation Failure) 0.560: [ParNew: 92158K->10239K(92160K), 0.0245234 secs] 233391K->176226K(296960K), 0.0246310 secs] [Times: user=0.03 sys=0.01, real=0.02 secs] 
0.600: [GC (Allocation Failure) 0.600: [ParNew: 91449K->10237K(92160K), 0.0506888 secs] 257437K->201144K(296960K), 0.0507949 secs] [Times: user=0.09 sys=0.01, real=0.05 secs] 
0.671: [GC (Allocation Failure) 0.671: [ParNew: 92157K->92157K(92160K), 0.0000285 secs]0.671: [CMS0.671: [CMS-concurrent-abortable-preclean: 0.004/0.163 secs] [Times: user=0.21 sys=0.03, real=0.16 secs] 
 (concurrent mode failure): 190907K->180779K(204800K), 0.0436599 secs] 283064K->180779K(296960K), [Metaspace: 3379K->3379K(1056768K)], 0.0438234 secs] [Times: user=0.04 sys=0.00, real=0.04 secs] 
0.747: [GC (Allocation Failure) 0.747: [ParNew: 81702K->10238K(92160K), 0.0127521 secs] 262481K->207602K(296960K), 0.0130422 secs] [Times: user=0.01 sys=0.00, real=0.02 secs] 
0.763: [GC (CMS Initial Mark) [1 CMS-initial-mark: 197363K(204800K)] 207939K(296960K), 0.0006358 secs] [Times: user=0.00 sys=0.00, real=0.00 secs] 
0.764: [CMS-concurrent-mark-start]
0.766: [CMS-concurrent-mark: 0.002/0.002 secs] [Times: user=0.00 sys=0.00, real=0.00 secs] 
0.768: [CMS-concurrent-preclean-start]
0.769: [CMS-concurrent-preclean: 0.001/0.001 secs] [Times: user=0.01 sys=0.00, real=0.01 secs] 
0.770: [GC (CMS Final Remark) [YG occupancy: 10575 K (92160 K)]0.770: [Rescan (parallel) , 0.0116758 secs]0.781: [weak refs processing, 0.0000237 secs]0.781: [class unloading, 0.0004304 secs]0.782: [scrub symbol table, 0.0006124 secs]0.782: [scrub string table, 0.0001407 secs][1 CMS-remark: 197363K(204800K)] 207939K(296960K), 0.0131165 secs] [Times: user=0.00 sys=0.00, real=0.01 secs] 
0.783: [CMS-concurrent-sweep-start]
0.783: [CMS-concurrent-sweep: 0.001/0.001 secs] [Times: user=0.00 sys=0.00, real=0.00 secs] 
0.783: [CMS-concurrent-reset-start]
0.784: [CMS-concurrent-reset: 0.000/0.000 secs] [Times: user=0.00 sys=0.00, real=0.00 secs] 
0.822: [GC (Allocation Failure) 0.822: [ParNew (promotion failed): 92158K->92158K(92160K), 0.0232730 secs]0.846: [CMS: 203969K->204513K(204800K), 0.0310214 secs] 278083K->211384K(296960K), [Metaspace: 3379K->3379K(1056768K)], 0.0544487 secs] [Times: user=0.05 sys=0.00, real=0.05 secs] 
0.877: [GC (CMS Initial Mark) [1 CMS-initial-mark: 204513K(204800K)] 211528K(296960K), 0.0002299 secs] [Times: user=0.00 sys=0.00, real=0.00 secs] 
0.877: [CMS-concurrent-mark-start]
0.880: [CMS-concurrent-mark: 0.002/0.002 secs] [Times: user=0.01 sys=0.00, real=0.01 secs] 
0.880: [CMS-concurrent-preclean-start]
0.881: [CMS-concurrent-preclean: 0.002/0.002 secs] [Times: user=0.00 sys=0.00, real=0.00 secs] 
0.881: [CMS-concurrent-abortable-preclean-start]
0.881: [CMS-concurrent-abortable-preclean: 0.000/0.000 secs] [Times: user=0.00 sys=0.00, real=0.00 secs] 
0.881: [GC (CMS Final Remark) [YG occupancy: 25093 K (92160 K)]0.881: [Rescan (parallel) , 0.0006499 secs]0.882: [weak refs processing, 0.0000145 secs]0.882: [class unloading, 0.0003532 secs]0.883: [scrub symbol table, 0.0005799 secs]0.883: [scrub string table, 0.0001302 secs][1 CMS-remark: 204513K(204800K)] 229607K(296960K), 0.0018351 secs] [Times: user=0.00 sys=0.00, real=0.00 secs] 
0.883: [CMS-concurrent-sweep-start]
0.884: [CMS-concurrent-sweep: 0.000/0.000 secs] [Times: user=0.00 sys=0.00, real=0.00 secs] 
0.884: [CMS-concurrent-reset-start]
0.884: [CMS-concurrent-reset: 0.000/0.000 secs] [Times: user=0.00 sys=0.00, real=0.00 secs] 
0.897: [GC (Allocation Failure) 0.897: [ParNew: 91744K->91744K(92160K), 0.0000234 secs]0.897: [CMS: 204441K->204757K(204800K), 0.0316171 secs] 296186K->223373K(296960K), [Metaspace: 3379K->3379K(1056768K)], 0.0317505 secs] [Times: user=0.03 sys=0.00, real=0.04 secs] 
0.928: [GC (CMS Initial Mark) [1 CMS-initial-mark: 204757K(204800K)] 224039K(296960K), 0.0002227 secs] [Times: user=0.00 sys=0.00, real=0.00 secs] 
0.929: [CMS-concurrent-mark-start]
0.931: [CMS-concurrent-mark: 0.002/0.002 secs] [Times: user=0.00 sys=0.00, real=0.00 secs] 
0.931: [CMS-concurrent-preclean-start]
0.933: [CMS-concurrent-preclean: 0.001/0.001 secs] [Times: user=0.00 sys=0.00, real=0.00 secs] 
0.933: [CMS-concurrent-abortable-preclean-start]
0.933: [CMS-concurrent-abortable-preclean: 0.000/0.000 secs] [Times: user=0.00 sys=0.00, real=0.00 secs] 
0.933: [GC (CMS Final Remark) [YG occupancy: 35748 K (92160 K)]0.933: [Rescan (parallel) , 0.0016784 secs]0.935: [weak refs processing, 0.0000122 secs]0.935: [class unloading, 0.0003418 secs]0.935: [scrub symbol table, 0.0005445 secs]0.936: [scrub string table, 0.0001304 secs][1 CMS-remark: 204757K(204800K)] 240505K(296960K), 0.0027959 secs] [Times: user=0.00 sys=0.00, real=0.00 secs] 
0.936: [CMS-concurrent-sweep-start]
0.936: [CMS-concurrent-sweep: 0.000/0.000 secs] [Times: user=0.00 sys=0.00, real=0.00 secs] 
0.936: [CMS-concurrent-reset-start]
0.937: [CMS-concurrent-reset: 0.000/0.000 secs] [Times: user=0.00 sys=0.00, real=0.00 secs] 
0.947: [GC (Allocation Failure) 0.947: [ParNew: 91763K->91763K(92160K), 0.0000218 secs]0.947: [CMS: 204757K->204619K(204800K), 0.0322474 secs] 296520K->236018K(296960K), [Metaspace: 3379K->3379K(1056768K)], 0.0323734 secs] [Times: user=0.03 sys=0.00, real=0.04 secs] 
0.980: [GC (CMS Initial Mark) [1 CMS-initial-mark: 204619K(204800K)] 236767K(296960K), 0.0001764 secs] [Times: user=0.00 sys=0.00, real=0.00 secs] 
0.980: [CMS-concurrent-mark-start]
0.983: [CMS-concurrent-mark: 0.002/0.002 secs] [Times: user=0.01 sys=0.00, real=0.00 secs] 
0.983: [CMS-concurrent-preclean-start]
0.984: [CMS-concurrent-preclean: 0.002/0.002 secs] [Times: user=0.00 sys=0.00, real=0.00 secs] 
0.984: [CMS-concurrent-abortable-preclean-start]
0.984: [CMS-concurrent-abortable-preclean: 0.000/0.000 secs] [Times: user=0.00 sys=0.00, real=0.00 secs] 
0.984: [GC (CMS Final Remark) [YG occupancy: 49888 K (92160 K)]0.984: [Rescan (parallel) , 0.0020906 secs]0.986: [weak refs processing, 0.0000127 secs]0.987: [class unloading, 0.0003678 secs]0.987: [scrub symbol table, 0.0005225 secs]0.987: [scrub string table, 0.0003839 secs][1 CMS-remark: 204619K(204800K)] 254508K(296960K), 0.0034770 secs] [Times: user=0.00 sys=0.00, real=0.01 secs] 
0.988: [CMS-concurrent-sweep-start]
0.989: [CMS-concurrent-sweep: 0.001/0.001 secs] [Times: user=0.00 sys=0.00, real=0.00 secs] 
0.989: [CMS-concurrent-reset-start]
0.989: [CMS-concurrent-reset: 0.000/0.000 secs] [Times: user=0.00 sys=0.00, real=0.00 secs] 
0.996: [GC (Allocation Failure) 0.996: [ParNew: 92147K->92147K(92160K), 0.0000217 secs]0.996: [CMS: 204619K->204773K(204800K), 0.0408626 secs] 296767K->244564K(296960K), [Metaspace: 3379K->3379K(1056768K)], 0.0409932 secs] [Times: user=0.04 sys=0.01, real=0.04 secs] 
1.039: [GC (CMS Initial Mark) [1 CMS-initial-mark: 204773K(204800K)] 247933K(296960K), 0.0012079 secs] [Times: user=0.00 sys=0.00, real=0.00 secs] 
1.040: [CMS-concurrent-mark-start]
1.042: [CMS-concurrent-mark: 0.002/0.002 secs] [Times: user=0.00 sys=0.00, real=0.00 secs] 
1.042: [CMS-concurrent-preclean-start]
1.046: [CMS-concurrent-preclean: 0.003/0.003 secs] [Times: user=0.01 sys=0.00, real=0.00 secs] 
1.046: [CMS-concurrent-abortable-preclean-start]
1.046: [CMS-concurrent-abortable-preclean: 0.000/0.000 secs] [Times: user=0.00 sys=0.00, real=0.00 secs] 
1.046: [GC (CMS Final Remark) [YG occupancy: 57675 K (92160 K)]1.046: [Rescan (parallel) , 0.0021835 secs]1.049: [weak refs processing, 0.0000146 secs]1.049: [class unloading, 0.0004113 secs]1.049: [scrub symbol table, 0.0006696 secs]1.050: [scrub string table, 0.0001304 secs][1 CMS-remark: 204773K(204800K)] 262448K(296960K), 0.0035376 secs] [Times: user=0.00 sys=0.00, real=0.01 secs] 
1.050: [CMS-concurrent-sweep-start]
1.050: [CMS-concurrent-sweep: 0.001/0.001 secs] [Times: user=0.00 sys=0.00, real=0.00 secs] 
1.051: [CMS-concurrent-reset-start]
1.051: [CMS-concurrent-reset: 0.000/0.000 secs] [Times: user=0.00 sys=0.00, real=0.00 secs] 
1.058: [GC (Allocation Failure) 1.058: [ParNew: 91873K->91873K(92160K), 0.0000246 secs]1.058: [CMS: 204773K->204093K(204800K), 0.0534317 secs] 296646K->251077K(296960K), [Metaspace: 3379K->3379K(1056768K)], 0.0537407 secs] [Times: user=0.05 sys=0.00, real=0.05 secs] 
1.113: [GC (CMS Initial Mark) [1 CMS-initial-mark: 204093K(204800K)] 252697K(296960K), 0.0002261 secs] [Times: user=0.00 sys=0.00, real=0.00 secs] 
1.114: [CMS-concurrent-mark-start]
1.116: [CMS-concurrent-mark: 0.002/0.002 secs] [Times: user=0.01 sys=0.00, real=0.00 secs] 
1.116: [CMS-concurrent-preclean-start]
1.119: [CMS-concurrent-preclean: 0.003/0.003 secs] [Times: user=0.00 sys=0.00, real=0.01 secs] 
1.119: [CMS-concurrent-abortable-preclean-start]
1.119: [CMS-concurrent-abortable-preclean: 0.000/0.000 secs] [Times: user=0.00 sys=0.00, real=0.00 secs] 
1.119: [GC (CMS Final Remark) [YG occupancy: 68476 K (92160 K)]1.119: [Rescan (parallel) , 0.0006432 secs]1.120: [weak refs processing, 0.0000228 secs]1.120: [class unloading, 0.0004431 secs]1.121: [scrub symbol table, 0.0005622 secs]1.121: [scrub string table, 0.0001312 secs][1 CMS-remark: 204093K(204800K)] 272570K(296960K), 0.0019398 secs] [Times: user=0.00 sys=0.00, real=0.00 secs] 
1.121: [CMS-concurrent-sweep-start]
1.122: [CMS-concurrent-sweep: 0.000/0.000 secs] [Times: user=0.00 sys=0.00, real=0.00 secs] 
1.122: [CMS-concurrent-reset-start]
1.122: [CMS-concurrent-reset: 0.000/0.000 secs] [Times: user=0.00 sys=0.00, real=0.00 secs] 
1.129: [GC (Allocation Failure) 1.129: [ParNew: 91741K->91741K(92160K), 0.0001104 secs]1.129: [CMS: 204048K->204466K(204800K), 0.0602023 secs] 295789K->256990K(296960K), [Metaspace: 3379K->3379K(1056768K)], 0.0606477 secs] [Times: user=0.05 sys=0.00, real=0.06 secs] 
1.190: [GC (CMS Initial Mark) [1 CMS-initial-mark: 204466K(204800K)] 259395K(296960K), 0.0002227 secs] [Times: user=0.00 sys=0.00, real=0.00 secs] 
1.190: [CMS-concurrent-mark-start]
Heap
 par new generation   total 92160K, used 57718K [0x00000007ad400000, 0x00000007b3800000, 0x00000007b3800000)
  eden space 81920K,  70% used [0x00000007ad400000, 0x00000007b0c5da10, 0x00000007b2400000)
  from space 10240K,   0% used [0x00000007b2400000, 0x00000007b2400000, 0x00000007b2e00000)
  to   space 10240K,   0% used [0x00000007b2e00000, 0x00000007b2e00000, 0x00000007b3800000)
 concurrent mark-sweep generation total 204800K, used 204466K [0x00000007b3800000, 0x00000007c0000000, 0x00000007c0000000)
 Metaspace       used 3389K, capacity 4500K, committed 4864K, reserved 1056768K
  class space    used 379K, capacity 388K, committed 512K, reserved 1048576K
