Java HotSpot(TM) 64-Bit Server VM (25.131-b11) for bsd-amd64 JRE (1.8.0_131-b11), built on Mar 15 2017 01:32:22 by "java_re" with gcc 4.2.1 (Based on Apple Inc. build 5658) (LLVM build 2336.11.00)
Memory: 4k page, physical 8388608k(729844k free)

/proc/meminfo:

CommandLine flags: -XX:InitialHeapSize=1073741824 -XX:MaxHeapSize=1073741824 -XX:MaxNewSize=348966912 -XX:MaxTenuringThreshold=6 -XX:NewSize=348966912 -XX:OldPLABSize=16 -XX:OldSize=697933824 -XX:+PrintGC -XX:+PrintGCDetails -XX:+PrintGCTimeStamps -XX:+UseCompressedClassPointers -XX:+UseCompressedOops -XX:+UseConcMarkSweepGC -XX:+UseParNewGC 
0.296: [GC (Allocation Failure) 0.296: [ParNew: 272640K->34048K(306688K), 0.0314281 secs] 272640K->89482K(1014528K), 0.0315544 secs] [Times: user=0.04 sys=0.07, real=0.03 secs] 
0.371: [GC (Allocation Failure) 0.371: [ParNew: 306688K->34047K(306688K), 0.0378370 secs] 362122K->175573K(1014528K), 0.0379281 secs] [Times: user=0.06 sys=0.08, real=0.03 secs] 
0.439: [GC (Allocation Failure) 0.439: [ParNew: 306687K->34048K(306688K), 0.0413520 secs] 448213K->247101K(1014528K), 0.0414491 secs] [Times: user=0.14 sys=0.02, real=0.04 secs] 
0.515: [GC (Allocation Failure) 0.515: [ParNew: 306688K->34048K(306688K), 0.0458246 secs] 519741K->327862K(1014528K), 0.0459401 secs] [Times: user=0.15 sys=0.02, real=0.05 secs] 
0.591: [GC (Allocation Failure) 0.591: [ParNew: 306688K->34048K(306688K), 0.0414337 secs] 600502K->396314K(1014528K), 0.0415443 secs] [Times: user=0.13 sys=0.03, real=0.04 secs] 
0.633: [GC (CMS Initial Mark) [1 CMS-initial-mark: 362266K(707840K)] 396730K(1014528K), 0.0003208 secs] [Times: user=0.00 sys=0.00, real=0.00 secs] 
0.633: [CMS-concurrent-mark-start]
0.645: [CMS-concurrent-mark: 0.011/0.011 secs] [Times: user=0.02 sys=0.00, real=0.01 secs] 
0.645: [CMS-concurrent-preclean-start]
0.646: [CMS-concurrent-preclean: 0.001/0.001 secs] [Times: user=0.00 sys=0.00, real=0.00 secs] 
0.646: [CMS-concurrent-abortable-preclean-start]
0.671: [GC (Allocation Failure) 0.671: [ParNew0.747: [CMS-concurrent-abortable-preclean: 0.001/0.101 secs] [Times: user=0.20 sys=0.03, real=0.10 secs] 
: 306688K->34048K(306688K), 0.0946146 secs] 668954K->474691K(1014528K), 0.0947035 secs] [Times: user=0.21 sys=0.03, real=0.09 secs] 
0.766: [GC (CMS Final Remark) [YG occupancy: 34777 K (306688 K)]0.766: [Rescan (parallel) , 0.0016086 secs]0.767: [weak refs processing, 0.0000137 secs]0.767: [class unloading, 0.0002851 secs]0.768: [scrub symbol table, 0.0003269 secs]0.768: [scrub string table, 0.0001093 secs][1 CMS-remark: 440643K(707840K)] 475421K(1014528K), 0.0024213 secs] [Times: user=0.01 sys=0.00, real=0.00 secs] 
0.768: [CMS-concurrent-sweep-start]
0.769: [CMS-concurrent-sweep: 0.001/0.001 secs] [Times: user=0.00 sys=0.00, real=0.01 secs] 
0.770: [CMS-concurrent-reset-start]
0.770: [CMS-concurrent-reset: 0.001/0.001 secs] [Times: user=0.00 sys=0.00, real=0.00 secs] 
0.800: [GC (Allocation Failure) 0.800: [ParNew: 306606K->34048K(306688K), 0.0173868 secs] 617380K->426131K(1014528K), 0.0174852 secs] [Times: user=0.06 sys=0.00, real=0.01 secs] 
0.848: [GC (Allocation Failure) 0.848: [ParNew: 306688K->34048K(306688K), 0.0457443 secs] 698771K->508712K(1014528K), 0.0458333 secs] [Times: user=0.11 sys=0.01, real=0.05 secs] 
0.894: [GC (CMS Initial Mark) [1 CMS-initial-mark: 474664K(707840K)] 509399K(1014528K), 0.0001700 secs] [Times: user=0.00 sys=0.00, real=0.00 secs] 
0.894: [CMS-concurrent-mark-start]
0.899: [CMS-concurrent-mark: 0.004/0.004 secs] [Times: user=0.01 sys=0.00, real=0.00 secs] 
0.899: [CMS-concurrent-preclean-start]
0.901: [CMS-concurrent-preclean: 0.002/0.002 secs] [Times: user=0.00 sys=0.00, real=0.01 secs] 
0.901: [CMS-concurrent-abortable-preclean-start]
0.933: [GC (Allocation Failure) 0.933: [ParNew1.002: [CMS-concurrent-abortable-preclean: 0.002/0.102 secs] [Times: user=0.17 sys=0.02, real=0.10 secs] 
: 306688K->34048K(306688K), 0.0826588 secs] 781352K->592457K(1014528K), 0.0827438 secs] [Times: user=0.17 sys=0.03, real=0.08 secs] 
1.016: [GC (CMS Final Remark) [YG occupancy: 34120 K (306688 K)]1.016: [Rescan (parallel) , 0.0024527 secs]1.018: [weak refs processing, 0.0000104 secs]1.018: [class unloading, 0.0003686 secs]1.019: [scrub symbol table, 0.0005057 secs]1.019: [scrub string table, 0.0001227 secs][1 CMS-remark: 558409K(707840K)] 592529K(1014528K), 0.0035690 secs] [Times: user=0.01 sys=0.00, real=0.01 secs] 
1.020: [CMS-concurrent-sweep-start]
1.021: [CMS-concurrent-sweep: 0.002/0.002 secs] [Times: user=0.00 sys=0.00, real=0.00 secs] 
1.021: [CMS-concurrent-reset-start]
1.022: [CMS-concurrent-reset: 0.000/0.000 secs] [Times: user=0.00 sys=0.00, real=0.00 secs] 
1.057: [GC (Allocation Failure) 1.058: [ParNew: 306688K->34048K(306688K), 0.0241934 secs] 689252K->492051K(1014528K), 0.0245329 secs] [Times: user=0.08 sys=0.00, real=0.03 secs] 
1.082: [GC (CMS Initial Mark) [1 CMS-initial-mark: 458003K(707840K)] 492382K(1014528K), 0.0006769 secs] [Times: user=0.00 sys=0.00, real=0.00 secs] 
1.083: [CMS-concurrent-mark-start]
1.088: [CMS-concurrent-mark: 0.005/0.005 secs] [Times: user=0.01 sys=0.00, real=0.00 secs] 
1.089: [CMS-concurrent-preclean-start]
1.090: [CMS-concurrent-preclean: 0.001/0.001 secs] [Times: user=0.00 sys=0.00, real=0.01 secs] 
1.090: [CMS-concurrent-abortable-preclean-start]
1.129: [GC (Allocation Failure) 1.129: [ParNew: 306688K->34048K(306688K), 0.0329461 secs] 764691K->575564K(1014528K), 0.0330523 secs] [Times: user=0.11 sys=0.01, real=0.03 secs] 
Heap
 par new generation   total 306688K, used 44927K [0x0000000780000000, 0x0000000794cc0000, 0x0000000794cc0000)
  eden space 272640K,   3% used [0x0000000780000000, 0x0000000780a9fd88, 0x0000000790a40000)
  from space 34048K, 100% used [0x0000000792b80000, 0x0000000794cc0000, 0x0000000794cc0000)
  to   space 34048K,   0% used [0x0000000790a40000, 0x0000000790a40000, 0x0000000792b80000)
 concurrent mark-sweep generation total 707840K, used 541516K [0x0000000794cc0000, 0x00000007c0000000, 0x00000007c0000000)
 Metaspace       used 3516K, capacity 4504K, committed 4864K, reserved 1056768K
  class space    used 389K, capacity 392K, committed 512K, reserved 1048576K
